Copyright 1986-2020 Xilinx, Inc. All Rights Reserved.
--------------------------------------------------------------------------------------------------------------------------------------------------------------------------------------------------------
| Tool Version : Vivado v.2020.1 (lin64) Build 2902540 Wed May 27 19:54:35 MDT 2020
| Date         : Wed Sep  9 14:22:00 2026
| Host         : donglong-P7xxTM-1 running 64-bit Ubuntu 22.04.5 LTS
| Command      : check_timing -verbose -file /home/donglong/Documents/Duy_prj/KECCAK_OPTIMIZE_POWER/OPTIMIZE_POWER/kyber_puf_fpga_delivery/build/fpga_split/arty35t_probe_20260909/puf/check_timing.rpt
| Design       : kp_puf_top
| Device       : 7a35ti-csg324
| Speed File   : -1L  PRODUCTION 1.23 2018-06-13
--------------------------------------------------------------------------------------------------------------------------------------------------------------------------------------------------------


check_timing report

Table of Contents
-----------------
1. checking no_clock (360)
2. checking constant_clock (0)
3. checking pulse_width_clock (0)
4. checking unconstrained_internal_endpoints (206)
5. checking no_input_delay (11)
6. checking no_output_delay (266)
7. checking multiple_clock (0)
8. checking generated_clocks (0)
9. checking loops (32)
10. checking partial_input_delay (0)
11. checking partial_output_delay (0)
12. checking latch_loops (0)

1. checking no_clock (360)
--------------------------
 There are 72 register/latch pins with no clock driven by root clock pin: ctrl_inst/FSM_onehot_state_reg[3]/Q (HIGH)

counter0/en_meta_reg/C
counter0/en_sync_reg/C
counter0/q_reg[0]/C
counter0/q_reg[10]/C
counter0/q_reg[11]/C
counter0/q_reg[12]/C
counter0/q_reg[13]/C
counter0/q_reg[14]/C
counter0/q_reg[15]/C
counter0/q_reg[16]/C
counter0/q_reg[17]/C
counter0/q_reg[18]/C
counter0/q_reg[19]/C
counter0/q_reg[1]/C
counter0/q_reg[20]/C
counter0/q_reg[21]/C
counter0/q_reg[22]/C
counter0/q_reg[23]/C
counter0/q_reg[24]/C
counter0/q_reg[25]/C
counter0/q_reg[26]/C
counter0/q_reg[27]/C
counter0/q_reg[28]/C
counter0/q_reg[29]/C
counter0/q_reg[2]/C
counter0/q_reg[30]/C
counter0/q_reg[31]/C
counter0/q_reg[3]/C
counter0/q_reg[4]/C
counter0/q_reg[5]/C
counter0/q_reg[6]/C
counter0/q_reg[7]/C
counter0/q_reg[8]/C
counter0/q_reg[9]/C
counter0/reset_release_reg[0]/C
counter0/reset_release_reg[1]/C
counter1/en_meta_reg/C
counter1/en_sync_reg/C
counter1/q_reg[0]/C
counter1/q_reg[10]/C
counter1/q_reg[11]/C
counter1/q_reg[12]/C
counter1/q_reg[13]/C
counter1/q_reg[14]/C
counter1/q_reg[15]/C
counter1/q_reg[16]/C
counter1/q_reg[17]/C
counter1/q_reg[18]/C
counter1/q_reg[19]/C
counter1/q_reg[1]/C
counter1/q_reg[20]/C
counter1/q_reg[21]/C
counter1/q_reg[22]/C
counter1/q_reg[23]/C
counter1/q_reg[24]/C
counter1/q_reg[25]/C
counter1/q_reg[26]/C
counter1/q_reg[27]/C
counter1/q_reg[28]/C
counter1/q_reg[29]/C
counter1/q_reg[2]/C
counter1/q_reg[30]/C
counter1/q_reg[31]/C
counter1/q_reg[3]/C
counter1/q_reg[4]/C
counter1/q_reg[5]/C
counter1/q_reg[6]/C
counter1/q_reg[7]/C
counter1/q_reg[8]/C
counter1/q_reg[9]/C
counter1/reset_release_reg[0]/C
counter1/reset_release_reg[1]/C

 There are 36 register/latch pins with no clock driven by root clock pin: lfsr_inst/r_lfsr_reg[1]/Q (HIGH)

counter0/en_meta_reg/C
counter0/en_sync_reg/C
counter0/q_reg[0]/C
counter0/q_reg[10]/C
counter0/q_reg[11]/C
counter0/q_reg[12]/C
counter0/q_reg[13]/C
counter0/q_reg[14]/C
counter0/q_reg[15]/C
counter0/q_reg[16]/C
counter0/q_reg[17]/C
counter0/q_reg[18]/C
counter0/q_reg[19]/C
counter0/q_reg[1]/C
counter0/q_reg[20]/C
counter0/q_reg[21]/C
counter0/q_reg[22]/C
counter0/q_reg[23]/C
counter0/q_reg[24]/C
counter0/q_reg[25]/C
counter0/q_reg[26]/C
counter0/q_reg[27]/C
counter0/q_reg[28]/C
counter0/q_reg[29]/C
counter0/q_reg[2]/C
counter0/q_reg[30]/C
counter0/q_reg[31]/C
counter0/q_reg[3]/C
counter0/q_reg[4]/C
counter0/q_reg[5]/C
counter0/q_reg[6]/C
counter0/q_reg[7]/C
counter0/q_reg[8]/C
counter0/q_reg[9]/C
counter0/reset_release_reg[0]/C
counter0/reset_release_reg[1]/C

 There are 36 register/latch pins with no clock driven by root clock pin: lfsr_inst/r_lfsr_reg[2]/Q (HIGH)

counter0/en_meta_reg/C
counter0/en_sync_reg/C
counter0/q_reg[0]/C
counter0/q_reg[10]/C
counter0/q_reg[11]/C
counter0/q_reg[12]/C
counter0/q_reg[13]/C
counter0/q_reg[14]/C
counter0/q_reg[15]/C
counter0/q_reg[16]/C
counter0/q_reg[17]/C
counter0/q_reg[18]/C
counter0/q_reg[19]/C
counter0/q_reg[1]/C
counter0/q_reg[20]/C
counter0/q_reg[21]/C
counter0/q_reg[22]/C
counter0/q_reg[23]/C
counter0/q_reg[24]/C
counter0/q_reg[25]/C
counter0/q_reg[26]/C
counter0/q_reg[27]/C
counter0/q_reg[28]/C
counter0/q_reg[29]/C
counter0/q_reg[2]/C
counter0/q_reg[30]/C
counter0/q_reg[31]/C
counter0/q_reg[3]/C
counter0/q_reg[4]/C
counter0/q_reg[5]/C
counter0/q_reg[6]/C
counter0/q_reg[7]/C
counter0/q_reg[8]/C
counter0/q_reg[9]/C
counter0/reset_release_reg[0]/C
counter0/reset_release_reg[1]/C

 There are 36 register/latch pins with no clock driven by root clock pin: lfsr_inst/r_lfsr_reg[3]/Q (HIGH)

counter0/en_meta_reg/C
counter0/en_sync_reg/C
counter0/q_reg[0]/C
counter0/q_reg[10]/C
counter0/q_reg[11]/C
counter0/q_reg[12]/C
counter0/q_reg[13]/C
counter0/q_reg[14]/C
counter0/q_reg[15]/C
counter0/q_reg[16]/C
counter0/q_reg[17]/C
counter0/q_reg[18]/C
counter0/q_reg[19]/C
counter0/q_reg[1]/C
counter0/q_reg[20]/C
counter0/q_reg[21]/C
counter0/q_reg[22]/C
counter0/q_reg[23]/C
counter0/q_reg[24]/C
counter0/q_reg[25]/C
counter0/q_reg[26]/C
counter0/q_reg[27]/C
counter0/q_reg[28]/C
counter0/q_reg[29]/C
counter0/q_reg[2]/C
counter0/q_reg[30]/C
counter0/q_reg[31]/C
counter0/q_reg[3]/C
counter0/q_reg[4]/C
counter0/q_reg[5]/C
counter0/q_reg[6]/C
counter0/q_reg[7]/C
counter0/q_reg[8]/C
counter0/q_reg[9]/C
counter0/reset_release_reg[0]/C
counter0/reset_release_reg[1]/C

 There are 36 register/latch pins with no clock driven by root clock pin: lfsr_inst/r_lfsr_reg[4]/Q (HIGH)

counter0/en_meta_reg/C
counter0/en_sync_reg/C
counter0/q_reg[0]/C
counter0/q_reg[10]/C
counter0/q_reg[11]/C
counter0/q_reg[12]/C
counter0/q_reg[13]/C
counter0/q_reg[14]/C
counter0/q_reg[15]/C
counter0/q_reg[16]/C
counter0/q_reg[17]/C
counter0/q_reg[18]/C
counter0/q_reg[19]/C
counter0/q_reg[1]/C
counter0/q_reg[20]/C
counter0/q_reg[21]/C
counter0/q_reg[22]/C
counter0/q_reg[23]/C
counter0/q_reg[24]/C
counter0/q_reg[25]/C
counter0/q_reg[26]/C
counter0/q_reg[27]/C
counter0/q_reg[28]/C
counter0/q_reg[29]/C
counter0/q_reg[2]/C
counter0/q_reg[30]/C
counter0/q_reg[31]/C
counter0/q_reg[3]/C
counter0/q_reg[4]/C
counter0/q_reg[5]/C
counter0/q_reg[6]/C
counter0/q_reg[7]/C
counter0/q_reg[8]/C
counter0/q_reg[9]/C
counter0/reset_release_reg[0]/C
counter0/reset_release_reg[1]/C

 There are 36 register/latch pins with no clock driven by root clock pin: lfsr_inst/r_lfsr_reg[5]/Q (HIGH)

counter1/en_meta_reg/C
counter1/en_sync_reg/C
counter1/q_reg[0]/C
counter1/q_reg[10]/C
counter1/q_reg[11]/C
counter1/q_reg[12]/C
counter1/q_reg[13]/C
counter1/q_reg[14]/C
counter1/q_reg[15]/C
counter1/q_reg[16]/C
counter1/q_reg[17]/C
counter1/q_reg[18]/C
counter1/q_reg[19]/C
counter1/q_reg[1]/C
counter1/q_reg[20]/C
counter1/q_reg[21]/C
counter1/q_reg[22]/C
counter1/q_reg[23]/C
counter1/q_reg[24]/C
counter1/q_reg[25]/C
counter1/q_reg[26]/C
counter1/q_reg[27]/C
counter1/q_reg[28]/C
counter1/q_reg[29]/C
counter1/q_reg[2]/C
counter1/q_reg[30]/C
counter1/q_reg[31]/C
counter1/q_reg[3]/C
counter1/q_reg[4]/C
counter1/q_reg[5]/C
counter1/q_reg[6]/C
counter1/q_reg[7]/C
counter1/q_reg[8]/C
counter1/q_reg[9]/C
counter1/reset_release_reg[0]/C
counter1/reset_release_reg[1]/C

 There are 36 register/latch pins with no clock driven by root clock pin: lfsr_inst/r_lfsr_reg[6]/Q (HIGH)

counter1/en_meta_reg/C
counter1/en_sync_reg/C
counter1/q_reg[0]/C
counter1/q_reg[10]/C
counter1/q_reg[11]/C
counter1/q_reg[12]/C
counter1/q_reg[13]/C
counter1/q_reg[14]/C
counter1/q_reg[15]/C
counter1/q_reg[16]/C
counter1/q_reg[17]/C
counter1/q_reg[18]/C
counter1/q_reg[19]/C
counter1/q_reg[1]/C
counter1/q_reg[20]/C
counter1/q_reg[21]/C
counter1/q_reg[22]/C
counter1/q_reg[23]/C
counter1/q_reg[24]/C
counter1/q_reg[25]/C
counter1/q_reg[26]/C
counter1/q_reg[27]/C
counter1/q_reg[28]/C
counter1/q_reg[29]/C
counter1/q_reg[2]/C
counter1/q_reg[30]/C
counter1/q_reg[31]/C
counter1/q_reg[3]/C
counter1/q_reg[4]/C
counter1/q_reg[5]/C
counter1/q_reg[6]/C
counter1/q_reg[7]/C
counter1/q_reg[8]/C
counter1/q_reg[9]/C
counter1/reset_release_reg[0]/C
counter1/reset_release_reg[1]/C

 There are 36 register/latch pins with no clock driven by root clock pin: lfsr_inst/r_lfsr_reg[7]/Q (HIGH)

counter1/en_meta_reg/C
counter1/en_sync_reg/C
counter1/q_reg[0]/C
counter1/q_reg[10]/C
counter1/q_reg[11]/C
counter1/q_reg[12]/C
counter1/q_reg[13]/C
counter1/q_reg[14]/C
counter1/q_reg[15]/C
counter1/q_reg[16]/C
counter1/q_reg[17]/C
counter1/q_reg[18]/C
counter1/q_reg[19]/C
counter1/q_reg[1]/C
counter1/q_reg[20]/C
counter1/q_reg[21]/C
counter1/q_reg[22]/C
counter1/q_reg[23]/C
counter1/q_reg[24]/C
counter1/q_reg[25]/C
counter1/q_reg[26]/C
counter1/q_reg[27]/C
counter1/q_reg[28]/C
counter1/q_reg[29]/C
counter1/q_reg[2]/C
counter1/q_reg[30]/C
counter1/q_reg[31]/C
counter1/q_reg[3]/C
counter1/q_reg[4]/C
counter1/q_reg[5]/C
counter1/q_reg[6]/C
counter1/q_reg[7]/C
counter1/q_reg[8]/C
counter1/q_reg[9]/C
counter1/reset_release_reg[0]/C
counter1/reset_release_reg[1]/C

 There are 36 register/latch pins with no clock driven by root clock pin: lfsr_inst/r_lfsr_reg[8]/Q (HIGH)

counter1/en_meta_reg/C
counter1/en_sync_reg/C
counter1/q_reg[0]/C
counter1/q_reg[10]/C
counter1/q_reg[11]/C
counter1/q_reg[12]/C
counter1/q_reg[13]/C
counter1/q_reg[14]/C
counter1/q_reg[15]/C
counter1/q_reg[16]/C
counter1/q_reg[17]/C
counter1/q_reg[18]/C
counter1/q_reg[19]/C
counter1/q_reg[1]/C
counter1/q_reg[20]/C
counter1/q_reg[21]/C
counter1/q_reg[22]/C
counter1/q_reg[23]/C
counter1/q_reg[24]/C
counter1/q_reg[25]/C
counter1/q_reg[26]/C
counter1/q_reg[27]/C
counter1/q_reg[28]/C
counter1/q_reg[29]/C
counter1/q_reg[2]/C
counter1/q_reg[30]/C
counter1/q_reg[31]/C
counter1/q_reg[3]/C
counter1/q_reg[4]/C
counter1/q_reg[5]/C
counter1/q_reg[6]/C
counter1/q_reg[7]/C
counter1/q_reg[8]/C
counter1/q_reg[9]/C
counter1/reset_release_reg[0]/C
counter1/reset_release_reg[1]/C


2. checking constant_clock (0)
------------------------------
 There are 0 register/latch pins with constant_clock.


3. checking pulse_width_clock (0)
---------------------------------
 There are 0 register/latch pins which need pulse_width check


4. checking unconstrained_internal_endpoints (206)
--------------------------------------------------
 There are 206 pins that are not constrained for maximum delay. (HIGH)

counter0/en_meta_reg/CLR
counter0/en_meta_reg/D
counter0/en_sync_reg/CLR
counter0/en_sync_reg/D
counter0/q_reg[0]/CE
counter0/q_reg[0]/CLR
counter0/q_reg[0]/D
counter0/q_reg[10]/CE
counter0/q_reg[10]/CLR
counter0/q_reg[10]/D
counter0/q_reg[11]/CE
counter0/q_reg[11]/CLR
counter0/q_reg[11]/D
counter0/q_reg[12]/CE
counter0/q_reg[12]/CLR
counter0/q_reg[12]/D
counter0/q_reg[13]/CE
counter0/q_reg[13]/CLR
counter0/q_reg[13]/D
counter0/q_reg[14]/CE
counter0/q_reg[14]/CLR
counter0/q_reg[14]/D
counter0/q_reg[15]/CE
counter0/q_reg[15]/CLR
counter0/q_reg[15]/D
counter0/q_reg[16]/CE
counter0/q_reg[16]/CLR
counter0/q_reg[16]/D
counter0/q_reg[17]/CE
counter0/q_reg[17]/CLR
counter0/q_reg[17]/D
counter0/q_reg[18]/CE
counter0/q_reg[18]/CLR
counter0/q_reg[18]/D
counter0/q_reg[19]/CE
counter0/q_reg[19]/CLR
counter0/q_reg[19]/D
counter0/q_reg[1]/CE
counter0/q_reg[1]/CLR
counter0/q_reg[1]/D
counter0/q_reg[20]/CE
counter0/q_reg[20]/CLR
counter0/q_reg[20]/D
counter0/q_reg[21]/CE
counter0/q_reg[21]/CLR
counter0/q_reg[21]/D
counter0/q_reg[22]/CE
counter0/q_reg[22]/CLR
counter0/q_reg[22]/D
counter0/q_reg[23]/CE
counter0/q_reg[23]/CLR
counter0/q_reg[23]/D
counter0/q_reg[24]/CE
counter0/q_reg[24]/CLR
counter0/q_reg[24]/D
counter0/q_reg[25]/CE
counter0/q_reg[25]/CLR
counter0/q_reg[25]/D
counter0/q_reg[26]/CE
counter0/q_reg[26]/CLR
counter0/q_reg[26]/D
counter0/q_reg[27]/CE
counter0/q_reg[27]/CLR
counter0/q_reg[27]/D
counter0/q_reg[28]/CE
counter0/q_reg[28]/CLR
counter0/q_reg[28]/D
counter0/q_reg[29]/CE
counter0/q_reg[29]/CLR
counter0/q_reg[29]/D
counter0/q_reg[2]/CE
counter0/q_reg[2]/CLR
counter0/q_reg[2]/D
counter0/q_reg[30]/CE
counter0/q_reg[30]/CLR
counter0/q_reg[30]/D
counter0/q_reg[31]/CE
counter0/q_reg[31]/CLR
counter0/q_reg[31]/D
counter0/q_reg[3]/CE
counter0/q_reg[3]/CLR
counter0/q_reg[3]/D
counter0/q_reg[4]/CE
counter0/q_reg[4]/CLR
counter0/q_reg[4]/D
counter0/q_reg[5]/CE
counter0/q_reg[5]/CLR
counter0/q_reg[5]/D
counter0/q_reg[6]/CE
counter0/q_reg[6]/CLR
counter0/q_reg[6]/D
counter0/q_reg[7]/CE
counter0/q_reg[7]/CLR
counter0/q_reg[7]/D
counter0/q_reg[8]/CE
counter0/q_reg[8]/CLR
counter0/q_reg[8]/D
counter0/q_reg[9]/CE
counter0/q_reg[9]/CLR
counter0/q_reg[9]/D
counter0/reset_release_reg[0]/CLR
counter0/reset_release_reg[1]/CLR
counter0/reset_release_reg[1]/D
counter1/en_meta_reg/CLR
counter1/en_meta_reg/D
counter1/en_sync_reg/CLR
counter1/en_sync_reg/D
counter1/q_reg[0]/CE
counter1/q_reg[0]/CLR
counter1/q_reg[0]/D
counter1/q_reg[10]/CE
counter1/q_reg[10]/CLR
counter1/q_reg[10]/D
counter1/q_reg[11]/CE
counter1/q_reg[11]/CLR
counter1/q_reg[11]/D
counter1/q_reg[12]/CE
counter1/q_reg[12]/CLR
counter1/q_reg[12]/D
counter1/q_reg[13]/CE
counter1/q_reg[13]/CLR
counter1/q_reg[13]/D
counter1/q_reg[14]/CE
counter1/q_reg[14]/CLR
counter1/q_reg[14]/D
counter1/q_reg[15]/CE
counter1/q_reg[15]/CLR
counter1/q_reg[15]/D
counter1/q_reg[16]/CE
counter1/q_reg[16]/CLR
counter1/q_reg[16]/D
counter1/q_reg[17]/CE
counter1/q_reg[17]/CLR
counter1/q_reg[17]/D
counter1/q_reg[18]/CE
counter1/q_reg[18]/CLR
counter1/q_reg[18]/D
counter1/q_reg[19]/CE
counter1/q_reg[19]/CLR
counter1/q_reg[19]/D
counter1/q_reg[1]/CE
counter1/q_reg[1]/CLR
counter1/q_reg[1]/D
counter1/q_reg[20]/CE
counter1/q_reg[20]/CLR
counter1/q_reg[20]/D
counter1/q_reg[21]/CE
counter1/q_reg[21]/CLR
counter1/q_reg[21]/D
counter1/q_reg[22]/CE
counter1/q_reg[22]/CLR
counter1/q_reg[22]/D
counter1/q_reg[23]/CE
counter1/q_reg[23]/CLR
counter1/q_reg[23]/D
counter1/q_reg[24]/CE
counter1/q_reg[24]/CLR
counter1/q_reg[24]/D
counter1/q_reg[25]/CE
counter1/q_reg[25]/CLR
counter1/q_reg[25]/D
counter1/q_reg[26]/CE
counter1/q_reg[26]/CLR
counter1/q_reg[26]/D
counter1/q_reg[27]/CE
counter1/q_reg[27]/CLR
counter1/q_reg[27]/D
counter1/q_reg[28]/CE
counter1/q_reg[28]/CLR
counter1/q_reg[28]/D
counter1/q_reg[29]/CE
counter1/q_reg[29]/CLR
counter1/q_reg[29]/D
counter1/q_reg[2]/CE
counter1/q_reg[2]/CLR
counter1/q_reg[2]/D
counter1/q_reg[30]/CE
counter1/q_reg[30]/CLR
counter1/q_reg[30]/D
counter1/q_reg[31]/CE
counter1/q_reg[31]/CLR
counter1/q_reg[31]/D
counter1/q_reg[3]/CE
counter1/q_reg[3]/CLR
counter1/q_reg[3]/D
counter1/q_reg[4]/CE
counter1/q_reg[4]/CLR
counter1/q_reg[4]/D
counter1/q_reg[5]/CE
counter1/q_reg[5]/CLR
counter1/q_reg[5]/D
counter1/q_reg[6]/CE
counter1/q_reg[6]/CLR
counter1/q_reg[6]/D
counter1/q_reg[7]/CE
counter1/q_reg[7]/CLR
counter1/q_reg[7]/D
counter1/q_reg[8]/CE
counter1/q_reg[8]/CLR
counter1/q_reg[8]/D
counter1/q_reg[9]/CE
counter1/q_reg[9]/CLR
counter1/q_reg[9]/D
counter1/reset_release_reg[0]/CLR
counter1/reset_release_reg[1]/CLR
counter1/reset_release_reg[1]/D

 There are 0 pins that are not constrained for maximum delay due to constant clock.


5. checking no_input_delay (11)
-------------------------------
 There are 11 input ports with no input delay specified. (HIGH)

rst_n
seed[0]
seed[1]
seed[2]
seed[3]
seed[4]
seed[5]
seed[6]
seed[7]
start
zeroize

 There are 0 input ports with no input delay but user has a false path constraint.


6. checking no_output_delay (266)
---------------------------------
 There are 266 ports with no output delay specified. (HIGH)

busy
done
response[0]
response[100]
response[101]
response[102]
response[103]
response[104]
response[105]
response[106]
response[107]
response[108]
response[109]
response[10]
response[110]
response[111]
response[112]
response[113]
response[114]
response[115]
response[116]
response[117]
response[118]
response[119]
response[11]
response[120]
response[121]
response[122]
response[123]
response[124]
response[125]
response[126]
response[127]
response[128]
response[129]
response[12]
response[130]
response[131]
response[132]
response[133]
response[134]
response[135]
response[136]
response[137]
response[138]
response[139]
response[13]
response[140]
response[141]
response[142]
response[143]
response[144]
response[145]
response[146]
response[147]
response[148]
response[149]
response[14]
response[150]
response[151]
response[152]
response[153]
response[154]
response[155]
response[156]
response[157]
response[158]
response[159]
response[15]
response[160]
response[161]
response[162]
response[163]
response[164]
response[165]
response[166]
response[167]
response[168]
response[169]
response[16]
response[170]
response[171]
response[172]
response[173]
response[174]
response[175]
response[176]
response[177]
response[178]
response[179]
response[17]
response[180]
response[181]
response[182]
response[183]
response[184]
response[185]
response[186]
response[187]
response[188]
response[189]
response[18]
response[190]
response[191]
response[192]
response[193]
response[194]
response[195]
response[196]
response[197]
response[198]
response[199]
response[19]
response[1]
response[200]
response[201]
response[202]
response[203]
response[204]
response[205]
response[206]
response[207]
response[208]
response[209]
response[20]
response[210]
response[211]
response[212]
response[213]
response[214]
response[215]
response[216]
response[217]
response[218]
response[219]
response[21]
response[220]
response[221]
response[222]
response[223]
response[224]
response[225]
response[226]
response[227]
response[228]
response[229]
response[22]
response[230]
response[231]
response[232]
response[233]
response[234]
response[235]
response[236]
response[237]
response[238]
response[239]
response[23]
response[240]
response[241]
response[242]
response[243]
response[244]
response[245]
response[246]
response[247]
response[248]
response[249]
response[24]
response[250]
response[251]
response[252]
response[253]
response[254]
response[255]
response[256]
response[257]
response[258]
response[259]
response[25]
response[260]
response[261]
response[262]
response[263]
response[26]
response[27]
response[28]
response[29]
response[2]
response[30]
response[31]
response[32]
response[33]
response[34]
response[35]
response[36]
response[37]
response[38]
response[39]
response[3]
response[40]
response[41]
response[42]
response[43]
response[44]
response[45]
response[46]
response[47]
response[48]
response[49]
response[4]
response[50]
response[51]
response[52]
response[53]
response[54]
response[55]
response[56]
response[57]
response[58]
response[59]
response[5]
response[60]
response[61]
response[62]
response[63]
response[64]
response[65]
response[66]
response[67]
response[68]
response[69]
response[6]
response[70]
response[71]
response[72]
response[73]
response[74]
response[75]
response[76]
response[77]
response[78]
response[79]
response[7]
response[80]
response[81]
response[82]
response[83]
response[84]
response[85]
response[86]
response[87]
response[88]
response[89]
response[8]
response[90]
response[91]
response[92]
response[93]
response[94]
response[95]
response[96]
response[97]
response[98]
response[99]
response[9]

 There are 0 ports with no output delay but user has a false path constraint

 There are 0 ports with no output delay but with a timing clock defined on it or propagating through it


7. checking multiple_clock (0)
------------------------------
 There are 0 register/latch pins with multiple clocks.


8. checking generated_clocks (0)
--------------------------------
 There are 0 generated clocks that are not connected to a clock source.


9. checking loops (32)
----------------------
 There are 32 combinational loops in the design. (HIGH)

ring1[9].ro1/u_backend/LUT6_NAND0/O
ring1[9].ro1/u_backend/LUT6_INV0/I0
ring1[9].ro1/u_backend/LUT6_INV0/O
ring1[9].ro1/u_backend/LUT6_INV1/I0
ring1[9].ro1/u_backend/LUT6_INV1/O
ring1[9].ro1/u_backend/LUT6_INV2/I0
ring1[9].ro1/u_backend/LUT6_INV2/O
ring1[9].ro1/u_backend/LUT6_NAND0/I1
ring1[9].ro1/u_backend/LUT6_NAND0/O


ring1[8].ro1/u_backend/LUT6_NAND0/O
ring1[8].ro1/u_backend/LUT6_INV0/I0
ring1[8].ro1/u_backend/LUT6_INV0/O
ring1[8].ro1/u_backend/LUT6_INV1/I0
ring1[8].ro1/u_backend/LUT6_INV1/O
ring1[8].ro1/u_backend/LUT6_INV2/I0
ring1[8].ro1/u_backend/LUT6_INV2/O
ring1[8].ro1/u_backend/LUT6_NAND0/I1
ring1[8].ro1/u_backend/LUT6_NAND0/O


ring1[7].ro1/u_backend/LUT6_NAND0/O
ring1[7].ro1/u_backend/LUT6_INV0/I0
ring1[7].ro1/u_backend/LUT6_INV0/O
ring1[7].ro1/u_backend/LUT6_INV1/I0
ring1[7].ro1/u_backend/LUT6_INV1/O
ring1[7].ro1/u_backend/LUT6_INV2/I0
ring1[7].ro1/u_backend/LUT6_INV2/O
ring1[7].ro1/u_backend/LUT6_NAND0/I1
ring1[7].ro1/u_backend/LUT6_NAND0/O


ring1[6].ro1/u_backend/LUT6_NAND0/O
ring1[6].ro1/u_backend/LUT6_INV0/I0
ring1[6].ro1/u_backend/LUT6_INV0/O
ring1[6].ro1/u_backend/LUT6_INV1/I0
ring1[6].ro1/u_backend/LUT6_INV1/O
ring1[6].ro1/u_backend/LUT6_INV2/I0
ring1[6].ro1/u_backend/LUT6_INV2/O
ring1[6].ro1/u_backend/LUT6_NAND0/I1
ring1[6].ro1/u_backend/LUT6_NAND0/O


ring1[5].ro1/u_backend/LUT6_NAND0/O
ring1[5].ro1/u_backend/LUT6_INV0/I0
ring1[5].ro1/u_backend/LUT6_INV0/O
ring1[5].ro1/u_backend/LUT6_INV1/I0
ring1[5].ro1/u_backend/LUT6_INV1/O
ring1[5].ro1/u_backend/LUT6_INV2/I0
ring1[5].ro1/u_backend/LUT6_INV2/O
ring1[5].ro1/u_backend/LUT6_NAND0/I1
ring1[5].ro1/u_backend/LUT6_NAND0/O


ring1[4].ro1/u_backend/LUT6_NAND0/O
ring1[4].ro1/u_backend/LUT6_INV0/I0
ring1[4].ro1/u_backend/LUT6_INV0/O
ring1[4].ro1/u_backend/LUT6_INV1/I0
ring1[4].ro1/u_backend/LUT6_INV1/O
ring1[4].ro1/u_backend/LUT6_INV2/I0
ring1[4].ro1/u_backend/LUT6_INV2/O
ring1[4].ro1/u_backend/LUT6_NAND0/I1
ring1[4].ro1/u_backend/LUT6_NAND0/O


ring1[3].ro1/u_backend/LUT6_NAND0/O
ring1[3].ro1/u_backend/LUT6_INV0/I0
ring1[3].ro1/u_backend/LUT6_INV0/O
ring1[3].ro1/u_backend/LUT6_INV1/I0
ring1[3].ro1/u_backend/LUT6_INV1/O
ring1[3].ro1/u_backend/LUT6_INV2/I0
ring1[3].ro1/u_backend/LUT6_INV2/O
ring1[3].ro1/u_backend/LUT6_NAND0/I1
ring1[3].ro1/u_backend/LUT6_NAND0/O


ring1[2].ro1/u_backend/LUT6_NAND0/O
ring1[2].ro1/u_backend/LUT6_INV0/I0
ring1[2].ro1/u_backend/LUT6_INV0/O
ring1[2].ro1/u_backend/LUT6_INV1/I0
ring1[2].ro1/u_backend/LUT6_INV1/O
ring1[2].ro1/u_backend/LUT6_INV2/I0
ring1[2].ro1/u_backend/LUT6_INV2/O
ring1[2].ro1/u_backend/LUT6_NAND0/I1
ring1[2].ro1/u_backend/LUT6_NAND0/O


ring1[1].ro1/u_backend/LUT6_NAND0/O
ring1[1].ro1/u_backend/LUT6_INV0/I0
ring1[1].ro1/u_backend/LUT6_INV0/O
ring1[1].ro1/u_backend/LUT6_INV1/I0
ring1[1].ro1/u_backend/LUT6_INV1/O
ring1[1].ro1/u_backend/LUT6_INV2/I0
ring1[1].ro1/u_backend/LUT6_INV2/O
ring1[1].ro1/u_backend/LUT6_NAND0/I1
ring1[1].ro1/u_backend/LUT6_NAND0/O


ring1[15].ro1/u_backend/LUT6_NAND0/O
ring1[15].ro1/u_backend/LUT6_INV0/I0
ring1[15].ro1/u_backend/LUT6_INV0/O
ring1[15].ro1/u_backend/LUT6_INV1/I0
ring1[15].ro1/u_backend/LUT6_INV1/O
ring1[15].ro1/u_backend/LUT6_INV2/I0
ring1[15].ro1/u_backend/LUT6_INV2/O
ring1[15].ro1/u_backend/LUT6_NAND0/I1
ring1[15].ro1/u_backend/LUT6_NAND0/O


ring1[14].ro1/u_backend/LUT6_NAND0/O
ring1[14].ro1/u_backend/LUT6_INV0/I0
ring1[14].ro1/u_backend/LUT6_INV0/O
ring1[14].ro1/u_backend/LUT6_INV1/I0
ring1[14].ro1/u_backend/LUT6_INV1/O
ring1[14].ro1/u_backend/LUT6_INV2/I0
ring1[14].ro1/u_backend/LUT6_INV2/O
ring1[14].ro1/u_backend/LUT6_NAND0/I1
ring1[14].ro1/u_backend/LUT6_NAND0/O


ring1[13].ro1/u_backend/LUT6_NAND0/O
ring1[13].ro1/u_backend/LUT6_INV0/I0
ring1[13].ro1/u_backend/LUT6_INV0/O
ring1[13].ro1/u_backend/LUT6_INV1/I0
ring1[13].ro1/u_backend/LUT6_INV1/O
ring1[13].ro1/u_backend/LUT6_INV2/I0
ring1[13].ro1/u_backend/LUT6_INV2/O
ring1[13].ro1/u_backend/LUT6_NAND0/I1
ring1[13].ro1/u_backend/LUT6_NAND0/O


ring1[12].ro1/u_backend/LUT6_NAND0/O
ring1[12].ro1/u_backend/LUT6_INV0/I0
ring1[12].ro1/u_backend/LUT6_INV0/O
ring1[12].ro1/u_backend/LUT6_INV1/I0
ring1[12].ro1/u_backend/LUT6_INV1/O
ring1[12].ro1/u_backend/LUT6_INV2/I0
ring1[12].ro1/u_backend/LUT6_INV2/O
ring1[12].ro1/u_backend/LUT6_NAND0/I1
ring1[12].ro1/u_backend/LUT6_NAND0/O


ring1[11].ro1/u_backend/LUT6_NAND0/O
ring1[11].ro1/u_backend/LUT6_INV0/I0
ring1[11].ro1/u_backend/LUT6_INV0/O
ring1[11].ro1/u_backend/LUT6_INV1/I0
ring1[11].ro1/u_backend/LUT6_INV1/O
ring1[11].ro1/u_backend/LUT6_INV2/I0
ring1[11].ro1/u_backend/LUT6_INV2/O
ring1[11].ro1/u_backend/LUT6_NAND0/I1
ring1[11].ro1/u_backend/LUT6_NAND0/O


ring1[10].ro1/u_backend/LUT6_NAND0/O
ring1[10].ro1/u_backend/LUT6_INV0/I0
ring1[10].ro1/u_backend/LUT6_INV0/O
ring1[10].ro1/u_backend/LUT6_INV1/I0
ring1[10].ro1/u_backend/LUT6_INV1/O
ring1[10].ro1/u_backend/LUT6_INV2/I0
ring1[10].ro1/u_backend/LUT6_INV2/O
ring1[10].ro1/u_backend/LUT6_NAND0/I1
ring1[10].ro1/u_backend/LUT6_NAND0/O


ring1[0].ro1/u_backend/LUT6_NAND0/O
ring1[0].ro1/u_backend/LUT6_INV0/I0
ring1[0].ro1/u_backend/LUT6_INV0/O
ring1[0].ro1/u_backend/LUT6_INV1/I0
ring1[0].ro1/u_backend/LUT6_INV1/O
ring1[0].ro1/u_backend/LUT6_INV2/I0
ring1[0].ro1/u_backend/LUT6_INV2/O
ring1[0].ro1/u_backend/LUT6_NAND0/I1
ring1[0].ro1/u_backend/LUT6_NAND0/O


ring0[9].ro0/u_backend/LUT6_NAND0/O
ring0[9].ro0/u_backend/LUT6_INV0/I0
ring0[9].ro0/u_backend/LUT6_INV0/O
ring0[9].ro0/u_backend/LUT6_INV1/I0
ring0[9].ro0/u_backend/LUT6_INV1/O
ring0[9].ro0/u_backend/LUT6_INV2/I0
ring0[9].ro0/u_backend/LUT6_INV2/O
ring0[9].ro0/u_backend/LUT6_NAND0/I1
ring0[9].ro0/u_backend/LUT6_NAND0/O


ring0[8].ro0/u_backend/LUT6_NAND0/O
ring0[8].ro0/u_backend/LUT6_INV0/I0
ring0[8].ro0/u_backend/LUT6_INV0/O
ring0[8].ro0/u_backend/LUT6_INV1/I0
ring0[8].ro0/u_backend/LUT6_INV1/O
ring0[8].ro0/u_backend/LUT6_INV2/I0
ring0[8].ro0/u_backend/LUT6_INV2/O
ring0[8].ro0/u_backend/LUT6_NAND0/I1
ring0[8].ro0/u_backend/LUT6_NAND0/O


ring0[7].ro0/u_backend/LUT6_NAND0/O
ring0[7].ro0/u_backend/LUT6_INV0/I0
ring0[7].ro0/u_backend/LUT6_INV0/O
ring0[7].ro0/u_backend/LUT6_INV1/I0
ring0[7].ro0/u_backend/LUT6_INV1/O
ring0[7].ro0/u_backend/LUT6_INV2/I0
ring0[7].ro0/u_backend/LUT6_INV2/O
ring0[7].ro0/u_backend/LUT6_NAND0/I1
ring0[7].ro0/u_backend/LUT6_NAND0/O


ring0[6].ro0/u_backend/LUT6_NAND0/O
ring0[6].ro0/u_backend/LUT6_INV0/I0
ring0[6].ro0/u_backend/LUT6_INV0/O
ring0[6].ro0/u_backend/LUT6_INV1/I0
ring0[6].ro0/u_backend/LUT6_INV1/O
ring0[6].ro0/u_backend/LUT6_INV2/I0
ring0[6].ro0/u_backend/LUT6_INV2/O
ring0[6].ro0/u_backend/LUT6_NAND0/I1
ring0[6].ro0/u_backend/LUT6_NAND0/O


ring0[5].ro0/u_backend/LUT6_NAND0/O
ring0[5].ro0/u_backend/LUT6_INV0/I0
ring0[5].ro0/u_backend/LUT6_INV0/O
ring0[5].ro0/u_backend/LUT6_INV1/I0
ring0[5].ro0/u_backend/LUT6_INV1/O
ring0[5].ro0/u_backend/LUT6_INV2/I0
ring0[5].ro0/u_backend/LUT6_INV2/O
ring0[5].ro0/u_backend/LUT6_NAND0/I1
ring0[5].ro0/u_backend/LUT6_NAND0/O


ring0[4].ro0/u_backend/LUT6_NAND0/O
ring0[4].ro0/u_backend/LUT6_INV0/I0
ring0[4].ro0/u_backend/LUT6_INV0/O
ring0[4].ro0/u_backend/LUT6_INV1/I0
ring0[4].ro0/u_backend/LUT6_INV1/O
ring0[4].ro0/u_backend/LUT6_INV2/I0
ring0[4].ro0/u_backend/LUT6_INV2/O
ring0[4].ro0/u_backend/LUT6_NAND0/I1
ring0[4].ro0/u_backend/LUT6_NAND0/O


ring0[3].ro0/u_backend/LUT6_NAND0/O
ring0[3].ro0/u_backend/LUT6_INV0/I0
ring0[3].ro0/u_backend/LUT6_INV0/O
ring0[3].ro0/u_backend/LUT6_INV1/I0
ring0[3].ro0/u_backend/LUT6_INV1/O
ring0[3].ro0/u_backend/LUT6_INV2/I0
ring0[3].ro0/u_backend/LUT6_INV2/O
ring0[3].ro0/u_backend/LUT6_NAND0/I1
ring0[3].ro0/u_backend/LUT6_NAND0/O


ring0[2].ro0/u_backend/LUT6_NAND0/O
ring0[2].ro0/u_backend/LUT6_INV0/I0
ring0[2].ro0/u_backend/LUT6_INV0/O
ring0[2].ro0/u_backend/LUT6_INV1/I0
ring0[2].ro0/u_backend/LUT6_INV1/O
ring0[2].ro0/u_backend/LUT6_INV2/I0
ring0[2].ro0/u_backend/LUT6_INV2/O
ring0[2].ro0/u_backend/LUT6_NAND0/I1
ring0[2].ro0/u_backend/LUT6_NAND0/O


ring0[1].ro0/u_backend/LUT6_NAND0/O
ring0[1].ro0/u_backend/LUT6_INV0/I0
ring0[1].ro0/u_backend/LUT6_INV0/O
ring0[1].ro0/u_backend/LUT6_INV1/I0
ring0[1].ro0/u_backend/LUT6_INV1/O
ring0[1].ro0/u_backend/LUT6_INV2/I0
ring0[1].ro0/u_backend/LUT6_INV2/O
ring0[1].ro0/u_backend/LUT6_NAND0/I1
ring0[1].ro0/u_backend/LUT6_NAND0/O


ring0[15].ro0/u_backend/LUT6_NAND0/O
ring0[15].ro0/u_backend/LUT6_INV0/I0
ring0[15].ro0/u_backend/LUT6_INV0/O
ring0[15].ro0/u_backend/LUT6_INV1/I0
ring0[15].ro0/u_backend/LUT6_INV1/O
ring0[15].ro0/u_backend/LUT6_INV2/I0
ring0[15].ro0/u_backend/LUT6_INV2/O
ring0[15].ro0/u_backend/LUT6_NAND0/I1
ring0[15].ro0/u_backend/LUT6_NAND0/O


ring0[14].ro0/u_backend/LUT6_NAND0/O
ring0[14].ro0/u_backend/LUT6_INV0/I0
ring0[14].ro0/u_backend/LUT6_INV0/O
ring0[14].ro0/u_backend/LUT6_INV1/I0
ring0[14].ro0/u_backend/LUT6_INV1/O
ring0[14].ro0/u_backend/LUT6_INV2/I0
ring0[14].ro0/u_backend/LUT6_INV2/O
ring0[14].ro0/u_backend/LUT6_NAND0/I1
ring0[14].ro0/u_backend/LUT6_NAND0/O


ring0[13].ro0/u_backend/LUT6_NAND0/O
ring0[13].ro0/u_backend/LUT6_INV0/I0
ring0[13].ro0/u_backend/LUT6_INV0/O
ring0[13].ro0/u_backend/LUT6_INV1/I0
ring0[13].ro0/u_backend/LUT6_INV1/O
ring0[13].ro0/u_backend/LUT6_INV2/I0
ring0[13].ro0/u_backend/LUT6_INV2/O
ring0[13].ro0/u_backend/LUT6_NAND0/I1
ring0[13].ro0/u_backend/LUT6_NAND0/O


ring0[12].ro0/u_backend/LUT6_NAND0/O
ring0[12].ro0/u_backend/LUT6_INV0/I0
ring0[12].ro0/u_backend/LUT6_INV0/O
ring0[12].ro0/u_backend/LUT6_INV1/I0
ring0[12].ro0/u_backend/LUT6_INV1/O
ring0[12].ro0/u_backend/LUT6_INV2/I0
ring0[12].ro0/u_backend/LUT6_INV2/O
ring0[12].ro0/u_backend/LUT6_NAND0/I1
ring0[12].ro0/u_backend/LUT6_NAND0/O


ring0[11].ro0/u_backend/LUT6_NAND0/O
ring0[11].ro0/u_backend/LUT6_INV0/I0
ring0[11].ro0/u_backend/LUT6_INV0/O
ring0[11].ro0/u_backend/LUT6_INV1/I0
ring0[11].ro0/u_backend/LUT6_INV1/O
ring0[11].ro0/u_backend/LUT6_INV2/I0
ring0[11].ro0/u_backend/LUT6_INV2/O
ring0[11].ro0/u_backend/LUT6_NAND0/I1
ring0[11].ro0/u_backend/LUT6_NAND0/O


ring0[10].ro0/u_backend/LUT6_NAND0/O
ring0[10].ro0/u_backend/LUT6_INV0/I0
ring0[10].ro0/u_backend/LUT6_INV0/O
ring0[10].ro0/u_backend/LUT6_INV1/I0
ring0[10].ro0/u_backend/LUT6_INV1/O
ring0[10].ro0/u_backend/LUT6_INV2/I0
ring0[10].ro0/u_backend/LUT6_INV2/O
ring0[10].ro0/u_backend/LUT6_NAND0/I1
ring0[10].ro0/u_backend/LUT6_NAND0/O


ring0[0].ro0/u_backend/LUT6_NAND0/O
ring0[0].ro0/u_backend/LUT6_INV0/I0
ring0[0].ro0/u_backend/LUT6_INV0/O
ring0[0].ro0/u_backend/LUT6_INV1/I0
ring0[0].ro0/u_backend/LUT6_INV1/O
ring0[0].ro0/u_backend/LUT6_INV2/I0
ring0[0].ro0/u_backend/LUT6_INV2/O
ring0[0].ro0/u_backend/LUT6_NAND0/I1
ring0[0].ro0/u_backend/LUT6_NAND0/O




10. checking partial_input_delay (0)
------------------------------------
 There are 0 input ports with partial input delay specified.


11. checking partial_output_delay (0)
-------------------------------------
 There are 0 ports with partial output delay specified.


12. checking latch_loops (0)
----------------------------
 There are 0 combinational latch loops in the design through latch input


