Copyright 1986-2020 Xilinx, Inc. All Rights Reserved.
--------------------------------------------------------------------------------------------------------------------------------------------------------------------------------------------------------------------------------------------------------
| Tool Version : Vivado v.2020.1 (lin64) Build 2902540 Wed May 27 19:54:35 MDT 2020
| Date         : Wed Sep  9 14:22:00 2026
| Host         : donglong-P7xxTM-1 running 64-bit Ubuntu 22.04.5 LTS
| Command      : report_timing_summary -delay_type min_max -report_unconstrained -file /home/donglong/Documents/Duy_prj/KECCAK_OPTIMIZE_POWER/OPTIMIZE_POWER/kyber_puf_fpga_delivery/build/fpga_split/arty35t_probe_20260909/puf/timing_preliminary.rpt
| Design       : kp_puf_top
| Device       : 7a35ti-csg324
| Speed File   : -1L  PRODUCTION 1.23 2018-06-13
--------------------------------------------------------------------------------------------------------------------------------------------------------------------------------------------------------------------------------------------------------

Timing Summary Report

------------------------------------------------------------------------------------------------
| Timer Settings
| --------------
------------------------------------------------------------------------------------------------

  Enable Multi Corner Analysis               :  Yes
  Enable Pessimism Removal                   :  Yes
  Pessimism Removal Resolution               :  Nearest Common Node
  Enable Input Delay Default Clock           :  No
  Enable Preset / Clear Arcs                 :  No
  Disable Flight Delays                      :  No
  Ignore I/O Paths                           :  No
  Timing Early Launch at Borrowing Latches   :  No
  Borrow Time for Max Delay Exceptions       :  Yes
  Merge Timing Exceptions                    :  Yes

  Corner  Analyze    Analyze    
  Name    Max Paths  Min Paths  
  ------  ---------  ---------  
  Slow    Yes        Yes        
  Fast    Yes        Yes        



check_timing report

Table of Contents
-----------------
1. checking no_clock (360)
2. checking constant_clock (0)
3. checking pulse_width_clock (0)
4. checking unconstrained_internal_endpoints (206)
5. checking no_input_delay (11)
6. checking no_output_delay (266)
7. checking multiple_clock (0)
8. checking generated_clocks (0)
9. checking loops (32)
10. checking partial_input_delay (0)
11. checking partial_output_delay (0)
12. checking latch_loops (0)

1. checking no_clock (360)
--------------------------
 There are 72 register/latch pins with no clock driven by root clock pin: ctrl_inst/FSM_onehot_state_reg[3]/Q (HIGH)

 There are 36 register/latch pins with no clock driven by root clock pin: lfsr_inst/r_lfsr_reg[1]/Q (HIGH)

 There are 36 register/latch pins with no clock driven by root clock pin: lfsr_inst/r_lfsr_reg[2]/Q (HIGH)

 There are 36 register/latch pins with no clock driven by root clock pin: lfsr_inst/r_lfsr_reg[3]/Q (HIGH)

 There are 36 register/latch pins with no clock driven by root clock pin: lfsr_inst/r_lfsr_reg[4]/Q (HIGH)

 There are 36 register/latch pins with no clock driven by root clock pin: lfsr_inst/r_lfsr_reg[5]/Q (HIGH)

 There are 36 register/latch pins with no clock driven by root clock pin: lfsr_inst/r_lfsr_reg[6]/Q (HIGH)

 There are 36 register/latch pins with no clock driven by root clock pin: lfsr_inst/r_lfsr_reg[7]/Q (HIGH)

 There are 36 register/latch pins with no clock driven by root clock pin: lfsr_inst/r_lfsr_reg[8]/Q (HIGH)


2. checking constant_clock (0)
------------------------------
 There are 0 register/latch pins with constant_clock.


3. checking pulse_width_clock (0)
---------------------------------
 There are 0 register/latch pins which need pulse_width check


4. checking unconstrained_internal_endpoints (206)
--------------------------------------------------
 There are 206 pins that are not constrained for maximum delay. (HIGH)

 There are 0 pins that are not constrained for maximum delay due to constant clock.


5. checking no_input_delay (11)
-------------------------------
 There are 11 input ports with no input delay specified. (HIGH)

 There are 0 input ports with no input delay but user has a false path constraint.


6. checking no_output_delay (266)
---------------------------------
 There are 266 ports with no output delay specified. (HIGH)

 There are 0 ports with no output delay but user has a false path constraint

 There are 0 ports with no output delay but with a timing clock defined on it or propagating through it


7. checking multiple_clock (0)
------------------------------
 There are 0 register/latch pins with multiple clocks.


8. checking generated_clocks (0)
--------------------------------
 There are 0 generated clocks that are not connected to a clock source.


9. checking loops (32)
----------------------
 There are 32 combinational loops in the design. (HIGH)


10. checking partial_input_delay (0)
------------------------------------
 There are 0 input ports with partial input delay specified.


11. checking partial_output_delay (0)
-------------------------------------
 There are 0 ports with partial output delay specified.


12. checking latch_loops (0)
----------------------------
 There are 0 combinational latch loops in the design through latch input



------------------------------------------------------------------------------------------------
| Design Timing Summary
| ---------------------
------------------------------------------------------------------------------------------------

    WNS(ns)      TNS(ns)  TNS Failing Endpoints  TNS Total Endpoints      WHS(ns)      THS(ns)  THS Failing Endpoints  THS Total Endpoints     WPWS(ns)     TPWS(ns)  TPWS Failing Endpoints  TPWS Total Endpoints  
    -------      -------  ---------------------  -------------------      -------      -------  ---------------------  -------------------     --------     --------  ----------------------  --------------------  
     15.880        0.000                      0                  613        0.130        0.000                      0                  613        9.500        0.000                       0                   310  


All user specified timing constraints are met.


------------------------------------------------------------------------------------------------
| Clock Summary
| -------------
------------------------------------------------------------------------------------------------

Clock    Waveform(ns)       Period(ns)      Frequency(MHz)
-----    ------------       ----------      --------------
sys_clk  {0.000 10.000}     20.000          50.000          


------------------------------------------------------------------------------------------------
| Intra Clock Table
| -----------------
------------------------------------------------------------------------------------------------

Clock             WNS(ns)      TNS(ns)  TNS Failing Endpoints  TNS Total Endpoints      WHS(ns)      THS(ns)  THS Failing Endpoints  THS Total Endpoints     WPWS(ns)     TPWS(ns)  TPWS Failing Endpoints  TPWS Total Endpoints  
-----             -------      -------  ---------------------  -------------------      -------      -------  ---------------------  -------------------     --------     --------  ----------------------  --------------------  
sys_clk            15.880        0.000                      0                  613        0.130        0.000                      0                  613        9.500        0.000                       0                   310  


------------------------------------------------------------------------------------------------
| Inter Clock Table
| -----------------
------------------------------------------------------------------------------------------------

From Clock    To Clock          WNS(ns)      TNS(ns)  TNS Failing Endpoints  TNS Total Endpoints      WHS(ns)      THS(ns)  THS Failing Endpoints  THS Total Endpoints  
----------    --------          -------      -------  ---------------------  -------------------      -------      -------  ---------------------  -------------------  


------------------------------------------------------------------------------------------------
| Other Path Groups Table
| -----------------------
------------------------------------------------------------------------------------------------

Path Group    From Clock    To Clock          WNS(ns)      TNS(ns)  TNS Failing Endpoints  TNS Total Endpoints      WHS(ns)      THS(ns)  THS Failing Endpoints  THS Total Endpoints  
----------    ----------    --------          -------      -------  ---------------------  -------------------      -------      -------  ---------------------  -------------------  


------------------------------------------------------------------------------------------------
| User Ignored Path Table
| -----------------------
------------------------------------------------------------------------------------------------

Path Group    From Clock    To Clock    
----------    ----------    --------    


------------------------------------------------------------------------------------------------
| Unconstrained Path Table
| ------------------------
------------------------------------------------------------------------------------------------

Path Group    From Clock    To Clock    
----------    ----------    --------    
(none)                                    
(none)        sys_clk                     
(none)                      sys_clk       


------------------------------------------------------------------------------------------------
| Timing Details
| --------------
------------------------------------------------------------------------------------------------


---------------------------------------------------------------------------------------------------
From Clock:  sys_clk
  To Clock:  sys_clk

Setup :            0  Failing Endpoints,  Worst Slack       15.880ns,  Total Violation        0.000ns
Hold  :            0  Failing Endpoints,  Worst Slack        0.130ns,  Total Violation        0.000ns
PW    :            0  Failing Endpoints,  Worst Slack        9.500ns,  Total Violation        0.000ns
---------------------------------------------------------------------------------------------------


Max Delay Paths
--------------------------------------------------------------------------------------
Slack (MET) :             15.880ns  (required time - arrival time)
  Source:                 ctrl_inst/ref_cycle_cnt_reg[13]/C
                            (rising edge-triggered cell FDCE clocked by sys_clk  {rise@0.000ns fall@10.000ns period=20.000ns})
  Destination:            ctrl_inst/FSM_onehot_state_reg[0]/CE
                            (rising edge-triggered cell FDPE clocked by sys_clk  {rise@0.000ns fall@10.000ns period=20.000ns})
  Path Group:             sys_clk
  Path Type:              Setup (Max at Slow Process Corner)
  Requirement:            20.000ns  (sys_clk rise@20.000ns - sys_clk rise@0.000ns)
  Data Path Delay:        3.834ns  (logic 0.999ns (26.056%)  route 2.835ns (73.944%))
  Logic Levels:           3  (LUT5=2 LUT6=1)
  Clock Path Skew:        -0.049ns (DCD - SCD + CPR)
    Destination Clock Delay (DCD):    0.924ns = ( 20.924 - 20.000 ) 
    Source Clock Delay      (SCD):    0.973ns
    Clock Pessimism Removal (CPR):    0.000ns
  Clock Uncertainty:      0.035ns  ((TSJ^2 + TIJ^2)^1/2 + DJ) / 2 + PE
    Total System Jitter     (TSJ):    0.071ns
    Total Input Jitter      (TIJ):    0.000ns
    Discrete Jitter          (DJ):    0.000ns
    Phase Error              (PE):    0.000ns

    Location             Delay type                Incr(ns)  Path(ns)    Netlist Resource(s)
  -------------------------------------------------------------------    -------------------
                         (clock sys_clk rise edge)    0.000     0.000 r  
                                                      0.000     0.000 r  clk (IN)
                         net (fo=341, unset)          0.973     0.973    ctrl_inst/clk
                         FDCE                                         r  ctrl_inst/ref_cycle_cnt_reg[13]/C
  -------------------------------------------------------------------    -------------------
                         FDCE (Prop_fdce_C_Q)         0.456     1.429 f  ctrl_inst/ref_cycle_cnt_reg[13]/Q
                         net (fo=2, unplaced)         0.976     2.405    ctrl_inst/ref_cycle_cnt[13]
                         LUT6 (Prop_lut6_I0_O)        0.295     2.700 r  ctrl_inst/FSM_onehot_state[6]_i_7/O
                         net (fo=1, unplaced)         0.902     3.602    ctrl_inst/FSM_onehot_state[6]_i_7_n_0
                         LUT5 (Prop_lut5_I2_O)        0.124     3.726 r  ctrl_inst/FSM_onehot_state[6]_i_4/O
                         net (fo=1, unplaced)         0.449     4.175    ctrl_inst/FSM_onehot_state[6]_i_4_n_0
                         LUT5 (Prop_lut5_I3_O)        0.124     4.299 r  ctrl_inst/FSM_onehot_state[6]_i_1/O
                         net (fo=7, unplaced)         0.508     4.807    ctrl_inst/FSM_onehot_state[6]_i_1_n_0
                         FDPE                                         r  ctrl_inst/FSM_onehot_state_reg[0]/CE
  -------------------------------------------------------------------    -------------------

                         (clock sys_clk rise edge)   20.000    20.000 r  
                                                      0.000    20.000 r  clk (IN)
                         net (fo=341, unset)          0.924    20.924    ctrl_inst/clk
                         FDPE                                         r  ctrl_inst/FSM_onehot_state_reg[0]/C
                         clock pessimism              0.000    20.924    
                         clock uncertainty           -0.035    20.889    
                         FDPE (Setup_fdpe_C_CE)      -0.202    20.687    ctrl_inst/FSM_onehot_state_reg[0]
  -------------------------------------------------------------------
                         required time                         20.687    
                         arrival time                          -4.807    
  -------------------------------------------------------------------
                         slack                                 15.880    





Min Delay Paths
--------------------------------------------------------------------------------------
Slack (MET) :             0.130ns  (arrival time - required time)
  Source:                 winner_meta_reg/C
                            (rising edge-triggered cell FDCE clocked by sys_clk  {rise@0.000ns fall@10.000ns period=20.000ns})
  Destination:            winner_sync_reg/D
                            (rising edge-triggered cell FDCE clocked by sys_clk  {rise@0.000ns fall@10.000ns period=20.000ns})
  Path Group:             sys_clk
  Path Type:              Hold (Min at Fast Process Corner)
  Requirement:            0.000ns  (sys_clk rise@0.000ns - sys_clk rise@0.000ns)
  Data Path Delay:        0.222ns  (logic 0.141ns (63.533%)  route 0.081ns (36.467%))
  Logic Levels:           0  
  Clock Path Skew:        0.022ns (DCD - SCD - CPR)
    Destination Clock Delay (DCD):    0.432ns
    Source Clock Delay      (SCD):    0.410ns
    Clock Pessimism Removal (CPR):    -0.000ns

    Location             Delay type                Incr(ns)  Path(ns)    Netlist Resource(s)
  -------------------------------------------------------------------    -------------------
                         (clock sys_clk rise edge)    0.000     0.000 r  
                                                      0.000     0.000 r  clk (IN)
                         net (fo=341, unset)          0.410     0.410    clk
                         FDCE                                         r  winner_meta_reg/C
  -------------------------------------------------------------------    -------------------
                         FDCE (Prop_fdce_C_Q)         0.141     0.551 r  winner_meta_reg/Q
                         net (fo=1, unplaced)         0.081     0.632    winner_meta
                         FDCE                                         r  winner_sync_reg/D
  -------------------------------------------------------------------    -------------------

                         (clock sys_clk rise edge)    0.000     0.000 r  
                                                      0.000     0.000 r  clk (IN)
                         net (fo=341, unset)          0.432     0.432    clk
                         FDCE                                         r  winner_sync_reg/C
                         clock pessimism              0.000     0.432    
                         FDCE (Hold_fdce_C_D)         0.070     0.502    winner_sync_reg
  -------------------------------------------------------------------
                         required time                         -0.502    
                         arrival time                           0.632    
  -------------------------------------------------------------------
                         slack                                  0.130    





Pulse Width Checks
--------------------------------------------------------------------------------------
Clock Name:         sys_clk
Waveform(ns):       { 0.000 10.000 }
Period(ns):         20.000
Sources:            { clk }

Check Type        Corner  Lib Pin  Reference Pin  Required(ns)  Actual(ns)  Slack(ns)  Location  Pin
Min Period        n/a     FDPE/C   n/a            1.000         20.000      19.000               ctrl_inst/FSM_onehot_state_reg[0]/C
Low Pulse Width   Slow    FDPE/C   n/a            0.500         10.000      9.500                ctrl_inst/FSM_onehot_state_reg[0]/C
High Pulse Width  Slow    FDPE/C   n/a            0.500         10.000      9.500                ctrl_inst/FSM_onehot_state_reg[0]/C



--------------------------------------------------------------------------------------
Path Group:  (none)
From Clock:  
  To Clock:  

Max Delay           204 Endpoints
Min Delay           204 Endpoints
--------------------------------------------------------------------------------------


Max Delay Paths
--------------------------------------------------------------------------------------
Slack:                    inf
  Source:                 counter0/q_reg[1]/C
                            (rising edge-triggered cell FDCE)
  Destination:            counter0/q_reg[29]/D
  Path Group:             (none)
  Path Type:              Max at Slow Process Corner
  Data Path Delay:        3.068ns  (logic 2.202ns (71.773%)  route 0.866ns (28.227%))
  Logic Levels:           9  (CARRY4=8 FDCE=1)

    Location             Delay type                Incr(ns)  Path(ns)    Netlist Resource(s)
  -------------------------------------------------------------------    -------------------
                         FDCE                         0.000     0.000 r  counter0/q_reg[1]/C
                         FDCE (Prop_fdce_C_Q)         0.496     0.496 r  counter0/q_reg[1]/Q
                         net (fo=3, unplaced)         0.857     1.353    counter0/q_reg[1]
                         CARRY4 (Prop_carry4_S[1]_CO[3])
                                                      0.674     2.027 r  counter0/q_reg[0]_i_1__0/CO[3]
                         net (fo=1, unplaced)         0.009     2.036    counter0/q_reg[0]_i_1__0_n_0
                         CARRY4 (Prop_carry4_CI_CO[3])
                                                      0.114     2.150 r  counter0/q_reg[4]_i_1__0/CO[3]
                         net (fo=1, unplaced)         0.000     2.150    counter0/q_reg[4]_i_1__0_n_0
                         CARRY4 (Prop_carry4_CI_CO[3])
                                                      0.114     2.264 r  counter0/q_reg[8]_i_1__0/CO[3]
                         net (fo=1, unplaced)         0.000     2.264    counter0/q_reg[8]_i_1__0_n_0
                         CARRY4 (Prop_carry4_CI_CO[3])
                                                      0.114     2.378 r  counter0/q_reg[12]_i_1__0/CO[3]
                         net (fo=1, unplaced)         0.000     2.378    counter0/q_reg[12]_i_1__0_n_0
                         CARRY4 (Prop_carry4_CI_CO[3])
                                                      0.114     2.492 r  counter0/q_reg[16]_i_1__0/CO[3]
                         net (fo=1, unplaced)         0.000     2.492    counter0/q_reg[16]_i_1__0_n_0
                         CARRY4 (Prop_carry4_CI_CO[3])
                                                      0.114     2.606 r  counter0/q_reg[20]_i_1__0/CO[3]
                         net (fo=1, unplaced)         0.000     2.606    counter0/q_reg[20]_i_1__0_n_0
                         CARRY4 (Prop_carry4_CI_CO[3])
                                                      0.114     2.720 r  counter0/q_reg[24]_i_1__0/CO[3]
                         net (fo=1, unplaced)         0.000     2.720    counter0/q_reg[24]_i_1__0_n_0
                         CARRY4 (Prop_carry4_CI_O[1])
                                                      0.348     3.068 r  counter0/q_reg[28]_i_1__0/O[1]
                         net (fo=1, unplaced)         0.000     3.068    counter0/q_reg[28]_i_1__0_n_6
                         FDCE                                         r  counter0/q_reg[29]/D
  -------------------------------------------------------------------    -------------------





Min Delay Paths
--------------------------------------------------------------------------------------
Slack:                    inf
  Source:                 counter0/en_meta_reg/C
                            (rising edge-triggered cell FDCE)
  Destination:            counter0/en_sync_reg/D
  Path Group:             (none)
  Path Type:              Min at Fast Process Corner
  Data Path Delay:        0.239ns  (logic 0.158ns (66.128%)  route 0.081ns (33.872%))
  Logic Levels:           1  (FDCE=1)

    Location             Delay type                Incr(ns)  Path(ns)    Netlist Resource(s)
  -------------------------------------------------------------------    -------------------
                         FDCE                         0.000     0.000 r  counter0/en_meta_reg/C
                         FDCE (Prop_fdce_C_Q)         0.158     0.158 r  counter0/en_meta_reg/Q
                         net (fo=1, unplaced)         0.081     0.239    counter0/en_meta
                         FDCE                                         r  counter0/en_sync_reg/D
  -------------------------------------------------------------------    -------------------





--------------------------------------------------------------------------------------
Path Group:  (none)
From Clock:  sys_clk
  To Clock:  

Max Delay           272 Endpoints
Min Delay           272 Endpoints
--------------------------------------------------------------------------------------


Max Delay Paths
--------------------------------------------------------------------------------------
Slack:                    inf
  Source:                 ctrl_inst/FSM_onehot_state_reg[4]/C
                            (rising edge-triggered cell FDCE clocked by sys_clk  {rise@0.000ns fall@10.000ns period=20.000ns})
  Destination:            busy
                            (output port)
  Path Group:             (none)
  Path Type:              Max at Slow Process Corner
  Data Path Delay:        2.554ns  (logic 0.751ns (29.405%)  route 1.803ns (70.595%))
  Logic Levels:           1  (LUT5=1)
  Clock Uncertainty:      0.025ns  ((TSJ^2 + TIJ^2)^1/2 + DJ) / 2 + PE
    Total System Jitter     (TSJ):    0.050ns
    Total Input Jitter      (TIJ):    0.000ns
    Discrete Jitter          (DJ):    0.000ns
    Phase Error              (PE):    0.000ns

    Location             Delay type                Incr(ns)  Path(ns)    Netlist Resource(s)
  -------------------------------------------------------------------    -------------------
                         (clock sys_clk rise edge)    0.000     0.000 r  
                                                      0.000     0.000 r  clk (IN)
                         net (fo=341, unset)          0.973     0.973    ctrl_inst/clk
                         FDCE                                         r  ctrl_inst/FSM_onehot_state_reg[4]/C
  -------------------------------------------------------------------    -------------------
                         FDCE (Prop_fdce_C_Q)         0.456     1.429 r  ctrl_inst/FSM_onehot_state_reg[4]/Q
                         net (fo=4, unplaced)         0.830     2.259    ctrl_inst/FSM_onehot_state_reg_n_0_[4]
                         LUT5 (Prop_lut5_I0_O)        0.295     2.554 r  ctrl_inst/busy_INST_0/O
                         net (fo=0)                   0.973     3.527    busy
                                                                      r  busy (OUT)
  -------------------------------------------------------------------    -------------------





Min Delay Paths
--------------------------------------------------------------------------------------
Slack:                    inf
  Source:                 ctrl_inst/FSM_onehot_state_reg[3]/C
                            (rising edge-triggered cell FDCE clocked by sys_clk  {rise@0.000ns fall@10.000ns period=20.000ns})
  Destination:            counter0/en_meta_reg/D
  Path Group:             (none)
  Path Type:              Min at Fast Process Corner
  Data Path Delay:        0.318ns  (logic 0.141ns (44.393%)  route 0.177ns (55.607%))
  Logic Levels:           0  
  Clock Uncertainty:      0.025ns  ((TSJ^2 + TIJ^2)^1/2 + DJ) / 2 + PE
    Total System Jitter     (TSJ):    0.050ns
    Total Input Jitter      (TIJ):    0.000ns
    Discrete Jitter          (DJ):    0.000ns
    Phase Error              (PE):    0.000ns

    Location             Delay type                Incr(ns)  Path(ns)    Netlist Resource(s)
  -------------------------------------------------------------------    -------------------
                         (clock sys_clk rise edge)    0.000     0.000 r  
                                                      0.000     0.000 r  clk (IN)
                         net (fo=341, unset)          0.410     0.410    ctrl_inst/clk
                         FDCE                                         r  ctrl_inst/FSM_onehot_state_reg[3]/C
  -------------------------------------------------------------------    -------------------
                         FDCE (Prop_fdce_C_Q)         0.141     0.551 r  ctrl_inst/FSM_onehot_state_reg[3]/Q
                         net (fo=55, unplaced)        0.177     0.728    counter0/Q[0]
                         FDCE                                         r  counter0/en_meta_reg/D
  -------------------------------------------------------------------    -------------------





--------------------------------------------------------------------------------------
Path Group:  (none)
From Clock:  
  To Clock:  sys_clk

Max Delay           326 Endpoints
Min Delay           326 Endpoints
--------------------------------------------------------------------------------------


Max Delay Paths
--------------------------------------------------------------------------------------
Slack:                    inf
  Source:                 counter1/q_reg[1]/C
                            (rising edge-triggered cell FDCE)
  Destination:            winner_meta_reg/D
                            (rising edge-triggered cell FDCE clocked by sys_clk  {rise@0.000ns fall@10.000ns period=20.000ns})
  Path Group:             (none)
  Path Type:              Setup (Max at Slow Process Corner)
  Data Path Delay:        3.049ns  (logic 1.947ns (63.857%)  route 1.102ns (36.143%))
  Logic Levels:           7  (CARRY4=5 FDCE=1 LUT4=1)
  Clock Uncertainty:      0.025ns  ((TSJ^2 + TIJ^2)^1/2 + DJ) / 2 + PE
    Total System Jitter     (TSJ):    0.050ns
    Total Input Jitter      (TIJ):    0.000ns
    Discrete Jitter          (DJ):    0.000ns
    Phase Error              (PE):    0.000ns

    Location             Delay type                Incr(ns)  Path(ns)    Netlist Resource(s)
  -------------------------------------------------------------------    -------------------
                         FDCE                         0.000     0.000 r  counter1/q_reg[1]/C
                         FDCE (Prop_fdce_C_Q)         0.496     0.496 f  counter1/q_reg[1]/Q
                         net (fo=3, unplaced)         0.759     1.255    counter0/q_reg_0[1]
                         LUT4 (Prop_lut4_I1_O)        0.321     1.576 r  counter0/winner1_carry_i_4/O
                         net (fo=1, unplaced)         0.000     1.576    comp_inst/DI[0]
                         CARRY4 (Prop_carry4_DI[0]_CO[3])
                                                      0.553     2.129 r  comp_inst/winner1_carry/CO[3]
                         net (fo=1, unplaced)         0.009     2.138    comp_inst/winner1_carry_n_0
                         CARRY4 (Prop_carry4_CI_CO[3])
                                                      0.114     2.252 r  comp_inst/winner1_carry__0/CO[3]
                         net (fo=1, unplaced)         0.000     2.252    comp_inst/winner1_carry__0_n_0
                         CARRY4 (Prop_carry4_CI_CO[3])
                                                      0.114     2.366 r  comp_inst/winner1_carry__1/CO[3]
                         net (fo=1, unplaced)         0.000     2.366    comp_inst/winner1_carry__1_n_0
                         CARRY4 (Prop_carry4_CI_CO[3])
                                                      0.114     2.480 r  comp_inst/winner1_carry__2/CO[3]
                         net (fo=1, unplaced)         0.000     2.480    comp_inst/winner1
                         CARRY4 (Prop_carry4_CI_O[0])
                                                      0.235     2.715 r  comp_inst/winner1_carry__3/O[0]
                         net (fo=1, unplaced)         0.334     3.049    winner
                         FDCE                                         r  winner_meta_reg/D
  -------------------------------------------------------------------    -------------------

                         (clock sys_clk rise edge)    0.000     0.000 r  
                                                      0.000     0.000 r  clk (IN)
                         net (fo=341, unset)          0.924     0.924    clk
                         FDCE                                         r  winner_meta_reg/C





Min Delay Paths
--------------------------------------------------------------------------------------
Slack:                    inf
  Source:                 seed[3]
                            (input port)
  Destination:            lfsr_inst/r_lfsr_reg[4]/D
                            (rising edge-triggered cell FDCE clocked by sys_clk  {rise@0.000ns fall@10.000ns period=20.000ns})
  Path Group:             (none)
  Path Type:              Hold (Min at Fast Process Corner)
  Data Path Delay:        0.452ns  (logic 0.042ns (9.289%)  route 0.410ns (90.711%))
  Logic Levels:           1  (LUT3=1)
  Clock Path Skew:        0.432ns (DCD - SCD - CPR)
    Destination Clock Delay (DCD):    0.432ns
    Source Clock Delay      (SCD):    0.000ns
    Clock Pessimism Removal (CPR):    -0.000ns

    Location             Delay type                Incr(ns)  Path(ns)    Netlist Resource(s)
  -------------------------------------------------------------------    -------------------
                                                      0.000     0.000 r  seed[3] (IN)
                         net (fo=0)                   0.410     0.410    ctrl_inst/seed[2]
                         LUT3 (Prop_lut3_I0_O)        0.042     0.452 r  ctrl_inst/r_lfsr[4]_i_1/O
                         net (fo=1, unplaced)         0.000     0.452    lfsr_inst/D[2]
                         FDCE                                         r  lfsr_inst/r_lfsr_reg[4]/D
  -------------------------------------------------------------------    -------------------

                         (clock sys_clk rise edge)    0.000     0.000 r  
                                                      0.000     0.000 r  clk (IN)
                         net (fo=341, unset)          0.432     0.432    lfsr_inst/clk
                         FDCE                                         r  lfsr_inst/r_lfsr_reg[4]/C





