Copyright 1986-2020 Xilinx, Inc. All Rights Reserved.
-------------------------------------------------------------------------------------------------------------------------------------------------------------------------------------------------------
| Tool Version : Vivado v.2020.1 (lin64) Build 2902540 Wed May 27 19:54:35 MDT 2020
| Date         : Wed Sep  9 14:21:10 2026
| Host         : donglong-P7xxTM-1 running 64-bit Ubuntu 22.04.5 LTS
| Command      : check_timing -verbose -file /home/donglong/Documents/Duy_prj/KECCAK_OPTIMIZE_POWER/OPTIMIZE_POWER/kyber_puf_fpga_delivery/build/fpga_split/arty35t_probe_20260909/fe/check_timing.rpt
| Design       : fuzzy_extractor
| Device       : 7a35ti-csg324
| Speed File   : -1L  PRODUCTION 1.23 2018-06-13
-------------------------------------------------------------------------------------------------------------------------------------------------------------------------------------------------------


check_timing report

Table of Contents
-----------------
1. checking no_clock (0)
2. checking constant_clock (0)
3. checking pulse_width_clock (0)
4. checking unconstrained_internal_endpoints (0)
5. checking no_input_delay (532)
6. checking no_output_delay (459)
7. checking multiple_clock (0)
8. checking generated_clocks (0)
9. checking loops (0)
10. checking partial_input_delay (0)
11. checking partial_output_delay (0)
12. checking latch_loops (0)

1. checking no_clock (0)
------------------------
 There are 0 register/latch pins with no clock.


2. checking constant_clock (0)
------------------------------
 There are 0 register/latch pins with constant_clock.


3. checking pulse_width_clock (0)
---------------------------------
 There are 0 register/latch pins which need pulse_width check


4. checking unconstrained_internal_endpoints (0)
------------------------------------------------
 There are 0 pins that are not constrained for maximum delay.

 There are 0 pins that are not constrained for maximum delay due to constant clock.


5. checking no_input_delay (532)
--------------------------------
 There are 532 input ports with no input delay specified. (HIGH)

helper_in[0]
helper_in[100]
helper_in[101]
helper_in[102]
helper_in[103]
helper_in[104]
helper_in[105]
helper_in[106]
helper_in[107]
helper_in[108]
helper_in[109]
helper_in[10]
helper_in[110]
helper_in[111]
helper_in[112]
helper_in[113]
helper_in[114]
helper_in[115]
helper_in[116]
helper_in[117]
helper_in[118]
helper_in[119]
helper_in[11]
helper_in[120]
helper_in[121]
helper_in[122]
helper_in[123]
helper_in[124]
helper_in[125]
helper_in[126]
helper_in[127]
helper_in[128]
helper_in[129]
helper_in[12]
helper_in[130]
helper_in[131]
helper_in[132]
helper_in[133]
helper_in[134]
helper_in[135]
helper_in[136]
helper_in[137]
helper_in[138]
helper_in[139]
helper_in[13]
helper_in[140]
helper_in[141]
helper_in[142]
helper_in[143]
helper_in[144]
helper_in[145]
helper_in[146]
helper_in[147]
helper_in[148]
helper_in[149]
helper_in[14]
helper_in[150]
helper_in[151]
helper_in[152]
helper_in[153]
helper_in[154]
helper_in[155]
helper_in[156]
helper_in[157]
helper_in[158]
helper_in[159]
helper_in[15]
helper_in[160]
helper_in[161]
helper_in[162]
helper_in[163]
helper_in[164]
helper_in[165]
helper_in[166]
helper_in[167]
helper_in[168]
helper_in[169]
helper_in[16]
helper_in[170]
helper_in[171]
helper_in[172]
helper_in[173]
helper_in[174]
helper_in[175]
helper_in[176]
helper_in[177]
helper_in[178]
helper_in[179]
helper_in[17]
helper_in[180]
helper_in[181]
helper_in[182]
helper_in[183]
helper_in[184]
helper_in[185]
helper_in[186]
helper_in[187]
helper_in[188]
helper_in[189]
helper_in[18]
helper_in[190]
helper_in[191]
helper_in[192]
helper_in[193]
helper_in[194]
helper_in[195]
helper_in[196]
helper_in[197]
helper_in[198]
helper_in[199]
helper_in[19]
helper_in[1]
helper_in[200]
helper_in[201]
helper_in[202]
helper_in[203]
helper_in[204]
helper_in[205]
helper_in[206]
helper_in[207]
helper_in[208]
helper_in[209]
helper_in[20]
helper_in[210]
helper_in[211]
helper_in[212]
helper_in[213]
helper_in[214]
helper_in[215]
helper_in[216]
helper_in[217]
helper_in[218]
helper_in[219]
helper_in[21]
helper_in[220]
helper_in[221]
helper_in[222]
helper_in[223]
helper_in[224]
helper_in[225]
helper_in[226]
helper_in[227]
helper_in[228]
helper_in[229]
helper_in[22]
helper_in[230]
helper_in[231]
helper_in[232]
helper_in[233]
helper_in[234]
helper_in[235]
helper_in[236]
helper_in[237]
helper_in[238]
helper_in[239]
helper_in[23]
helper_in[240]
helper_in[241]
helper_in[242]
helper_in[243]
helper_in[244]
helper_in[245]
helper_in[246]
helper_in[247]
helper_in[248]
helper_in[249]
helper_in[24]
helper_in[250]
helper_in[251]
helper_in[252]
helper_in[253]
helper_in[254]
helper_in[255]
helper_in[256]
helper_in[257]
helper_in[258]
helper_in[259]
helper_in[25]
helper_in[260]
helper_in[261]
helper_in[262]
helper_in[263]
helper_in[26]
helper_in[27]
helper_in[28]
helper_in[29]
helper_in[2]
helper_in[30]
helper_in[31]
helper_in[32]
helper_in[33]
helper_in[34]
helper_in[35]
helper_in[36]
helper_in[37]
helper_in[38]
helper_in[39]
helper_in[3]
helper_in[40]
helper_in[41]
helper_in[42]
helper_in[43]
helper_in[44]
helper_in[45]
helper_in[46]
helper_in[47]
helper_in[48]
helper_in[49]
helper_in[4]
helper_in[50]
helper_in[51]
helper_in[52]
helper_in[53]
helper_in[54]
helper_in[55]
helper_in[56]
helper_in[57]
helper_in[58]
helper_in[59]
helper_in[5]
helper_in[60]
helper_in[61]
helper_in[62]
helper_in[63]
helper_in[64]
helper_in[65]
helper_in[66]
helper_in[67]
helper_in[68]
helper_in[69]
helper_in[6]
helper_in[70]
helper_in[71]
helper_in[72]
helper_in[73]
helper_in[74]
helper_in[75]
helper_in[76]
helper_in[77]
helper_in[78]
helper_in[79]
helper_in[7]
helper_in[80]
helper_in[81]
helper_in[82]
helper_in[83]
helper_in[84]
helper_in[85]
helper_in[86]
helper_in[87]
helper_in[88]
helper_in[89]
helper_in[8]
helper_in[90]
helper_in[91]
helper_in[92]
helper_in[93]
helper_in[94]
helper_in[95]
helper_in[96]
helper_in[97]
helper_in[98]
helper_in[99]
helper_in[9]
mode
response_in[0]
response_in[100]
response_in[101]
response_in[102]
response_in[103]
response_in[104]
response_in[105]
response_in[106]
response_in[107]
response_in[108]
response_in[109]
response_in[10]
response_in[110]
response_in[111]
response_in[112]
response_in[113]
response_in[114]
response_in[115]
response_in[116]
response_in[117]
response_in[118]
response_in[119]
response_in[11]
response_in[120]
response_in[121]
response_in[122]
response_in[123]
response_in[124]
response_in[125]
response_in[126]
response_in[127]
response_in[128]
response_in[129]
response_in[12]
response_in[130]
response_in[131]
response_in[132]
response_in[133]
response_in[134]
response_in[135]
response_in[136]
response_in[137]
response_in[138]
response_in[139]
response_in[13]
response_in[140]
response_in[141]
response_in[142]
response_in[143]
response_in[144]
response_in[145]
response_in[146]
response_in[147]
response_in[148]
response_in[149]
response_in[14]
response_in[150]
response_in[151]
response_in[152]
response_in[153]
response_in[154]
response_in[155]
response_in[156]
response_in[157]
response_in[158]
response_in[159]
response_in[15]
response_in[160]
response_in[161]
response_in[162]
response_in[163]
response_in[164]
response_in[165]
response_in[166]
response_in[167]
response_in[168]
response_in[169]
response_in[16]
response_in[170]
response_in[171]
response_in[172]
response_in[173]
response_in[174]
response_in[175]
response_in[176]
response_in[177]
response_in[178]
response_in[179]
response_in[17]
response_in[180]
response_in[181]
response_in[182]
response_in[183]
response_in[184]
response_in[185]
response_in[186]
response_in[187]
response_in[188]
response_in[189]
response_in[18]
response_in[190]
response_in[191]
response_in[192]
response_in[193]
response_in[194]
response_in[195]
response_in[196]
response_in[197]
response_in[198]
response_in[199]
response_in[19]
response_in[1]
response_in[200]
response_in[201]
response_in[202]
response_in[203]
response_in[204]
response_in[205]
response_in[206]
response_in[207]
response_in[208]
response_in[209]
response_in[20]
response_in[210]
response_in[211]
response_in[212]
response_in[213]
response_in[214]
response_in[215]
response_in[216]
response_in[217]
response_in[218]
response_in[219]
response_in[21]
response_in[220]
response_in[221]
response_in[222]
response_in[223]
response_in[224]
response_in[225]
response_in[226]
response_in[227]
response_in[228]
response_in[229]
response_in[22]
response_in[230]
response_in[231]
response_in[232]
response_in[233]
response_in[234]
response_in[235]
response_in[236]
response_in[237]
response_in[238]
response_in[239]
response_in[23]
response_in[240]
response_in[241]
response_in[242]
response_in[243]
response_in[244]
response_in[245]
response_in[246]
response_in[247]
response_in[248]
response_in[249]
response_in[24]
response_in[250]
response_in[251]
response_in[252]
response_in[253]
response_in[254]
response_in[255]
response_in[256]
response_in[257]
response_in[258]
response_in[259]
response_in[25]
response_in[260]
response_in[261]
response_in[262]
response_in[263]
response_in[26]
response_in[27]
response_in[28]
response_in[29]
response_in[2]
response_in[30]
response_in[31]
response_in[32]
response_in[33]
response_in[34]
response_in[35]
response_in[36]
response_in[37]
response_in[38]
response_in[39]
response_in[3]
response_in[40]
response_in[41]
response_in[42]
response_in[43]
response_in[44]
response_in[45]
response_in[46]
response_in[47]
response_in[48]
response_in[49]
response_in[4]
response_in[50]
response_in[51]
response_in[52]
response_in[53]
response_in[54]
response_in[55]
response_in[56]
response_in[57]
response_in[58]
response_in[59]
response_in[5]
response_in[60]
response_in[61]
response_in[62]
response_in[63]
response_in[64]
response_in[65]
response_in[66]
response_in[67]
response_in[68]
response_in[69]
response_in[6]
response_in[70]
response_in[71]
response_in[72]
response_in[73]
response_in[74]
response_in[75]
response_in[76]
response_in[77]
response_in[78]
response_in[79]
response_in[7]
response_in[80]
response_in[81]
response_in[82]
response_in[83]
response_in[84]
response_in[85]
response_in[86]
response_in[87]
response_in[88]
response_in[89]
response_in[8]
response_in[90]
response_in[91]
response_in[92]
response_in[93]
response_in[94]
response_in[95]
response_in[96]
response_in[97]
response_in[98]
response_in[99]
response_in[9]
rst_n
start
zeroize

 There are 0 input ports with no input delay but user has a false path constraint.


6. checking no_output_delay (459)
---------------------------------
 There are 459 ports with no output delay specified. (HIGH)

busy
done
helper_out[0]
helper_out[100]
helper_out[101]
helper_out[102]
helper_out[103]
helper_out[104]
helper_out[105]
helper_out[106]
helper_out[107]
helper_out[108]
helper_out[109]
helper_out[10]
helper_out[110]
helper_out[111]
helper_out[112]
helper_out[113]
helper_out[114]
helper_out[115]
helper_out[116]
helper_out[117]
helper_out[118]
helper_out[119]
helper_out[11]
helper_out[120]
helper_out[121]
helper_out[122]
helper_out[123]
helper_out[124]
helper_out[125]
helper_out[126]
helper_out[127]
helper_out[128]
helper_out[129]
helper_out[12]
helper_out[130]
helper_out[131]
helper_out[132]
helper_out[133]
helper_out[134]
helper_out[135]
helper_out[136]
helper_out[137]
helper_out[138]
helper_out[139]
helper_out[13]
helper_out[140]
helper_out[141]
helper_out[142]
helper_out[143]
helper_out[144]
helper_out[145]
helper_out[146]
helper_out[147]
helper_out[148]
helper_out[149]
helper_out[14]
helper_out[150]
helper_out[151]
helper_out[152]
helper_out[153]
helper_out[154]
helper_out[155]
helper_out[156]
helper_out[157]
helper_out[158]
helper_out[159]
helper_out[15]
helper_out[160]
helper_out[161]
helper_out[162]
helper_out[163]
helper_out[164]
helper_out[165]
helper_out[166]
helper_out[167]
helper_out[168]
helper_out[169]
helper_out[16]
helper_out[170]
helper_out[171]
helper_out[172]
helper_out[173]
helper_out[174]
helper_out[175]
helper_out[176]
helper_out[177]
helper_out[178]
helper_out[179]
helper_out[17]
helper_out[180]
helper_out[181]
helper_out[182]
helper_out[183]
helper_out[184]
helper_out[185]
helper_out[186]
helper_out[187]
helper_out[188]
helper_out[189]
helper_out[18]
helper_out[190]
helper_out[191]
helper_out[192]
helper_out[193]
helper_out[194]
helper_out[195]
helper_out[196]
helper_out[197]
helper_out[198]
helper_out[199]
helper_out[19]
helper_out[1]
helper_out[200]
helper_out[201]
helper_out[202]
helper_out[203]
helper_out[204]
helper_out[205]
helper_out[206]
helper_out[207]
helper_out[208]
helper_out[209]
helper_out[20]
helper_out[210]
helper_out[211]
helper_out[212]
helper_out[213]
helper_out[214]
helper_out[215]
helper_out[216]
helper_out[217]
helper_out[218]
helper_out[219]
helper_out[21]
helper_out[220]
helper_out[221]
helper_out[222]
helper_out[223]
helper_out[224]
helper_out[225]
helper_out[226]
helper_out[227]
helper_out[228]
helper_out[229]
helper_out[22]
helper_out[230]
helper_out[231]
helper_out[232]
helper_out[233]
helper_out[234]
helper_out[235]
helper_out[236]
helper_out[237]
helper_out[238]
helper_out[239]
helper_out[23]
helper_out[240]
helper_out[241]
helper_out[242]
helper_out[243]
helper_out[244]
helper_out[245]
helper_out[246]
helper_out[247]
helper_out[248]
helper_out[249]
helper_out[24]
helper_out[250]
helper_out[251]
helper_out[252]
helper_out[253]
helper_out[254]
helper_out[255]
helper_out[256]
helper_out[257]
helper_out[258]
helper_out[259]
helper_out[25]
helper_out[260]
helper_out[261]
helper_out[262]
helper_out[263]
helper_out[26]
helper_out[27]
helper_out[28]
helper_out[29]
helper_out[2]
helper_out[30]
helper_out[31]
helper_out[32]
helper_out[33]
helper_out[34]
helper_out[35]
helper_out[36]
helper_out[37]
helper_out[38]
helper_out[39]
helper_out[3]
helper_out[40]
helper_out[41]
helper_out[42]
helper_out[43]
helper_out[44]
helper_out[45]
helper_out[46]
helper_out[47]
helper_out[48]
helper_out[49]
helper_out[4]
helper_out[50]
helper_out[51]
helper_out[52]
helper_out[53]
helper_out[54]
helper_out[55]
helper_out[56]
helper_out[57]
helper_out[58]
helper_out[59]
helper_out[5]
helper_out[60]
helper_out[61]
helper_out[62]
helper_out[63]
helper_out[64]
helper_out[65]
helper_out[66]
helper_out[67]
helper_out[68]
helper_out[69]
helper_out[6]
helper_out[70]
helper_out[71]
helper_out[72]
helper_out[73]
helper_out[74]
helper_out[75]
helper_out[76]
helper_out[77]
helper_out[78]
helper_out[79]
helper_out[7]
helper_out[80]
helper_out[81]
helper_out[82]
helper_out[83]
helper_out[84]
helper_out[85]
helper_out[86]
helper_out[87]
helper_out[88]
helper_out[89]
helper_out[8]
helper_out[90]
helper_out[91]
helper_out[92]
helper_out[93]
helper_out[94]
helper_out[95]
helper_out[96]
helper_out[97]
helper_out[98]
helper_out[99]
helper_out[9]
key_out[0]
key_out[100]
key_out[101]
key_out[102]
key_out[103]
key_out[104]
key_out[105]
key_out[106]
key_out[107]
key_out[108]
key_out[109]
key_out[10]
key_out[110]
key_out[111]
key_out[112]
key_out[113]
key_out[114]
key_out[115]
key_out[116]
key_out[117]
key_out[118]
key_out[119]
key_out[11]
key_out[120]
key_out[121]
key_out[122]
key_out[123]
key_out[124]
key_out[125]
key_out[126]
key_out[127]
key_out[128]
key_out[129]
key_out[12]
key_out[130]
key_out[131]
key_out[132]
key_out[133]
key_out[134]
key_out[135]
key_out[136]
key_out[137]
key_out[138]
key_out[139]
key_out[13]
key_out[140]
key_out[141]
key_out[142]
key_out[143]
key_out[144]
key_out[145]
key_out[146]
key_out[147]
key_out[148]
key_out[149]
key_out[14]
key_out[150]
key_out[151]
key_out[152]
key_out[153]
key_out[154]
key_out[155]
key_out[156]
key_out[157]
key_out[158]
key_out[159]
key_out[15]
key_out[160]
key_out[161]
key_out[162]
key_out[163]
key_out[164]
key_out[165]
key_out[166]
key_out[167]
key_out[168]
key_out[169]
key_out[16]
key_out[170]
key_out[171]
key_out[172]
key_out[173]
key_out[174]
key_out[175]
key_out[176]
key_out[177]
key_out[178]
key_out[179]
key_out[17]
key_out[180]
key_out[181]
key_out[182]
key_out[183]
key_out[184]
key_out[185]
key_out[186]
key_out[187]
key_out[188]
key_out[189]
key_out[18]
key_out[190]
key_out[191]
key_out[19]
key_out[1]
key_out[20]
key_out[21]
key_out[22]
key_out[23]
key_out[24]
key_out[25]
key_out[26]
key_out[27]
key_out[28]
key_out[29]
key_out[2]
key_out[30]
key_out[31]
key_out[32]
key_out[33]
key_out[34]
key_out[35]
key_out[36]
key_out[37]
key_out[38]
key_out[39]
key_out[3]
key_out[40]
key_out[41]
key_out[42]
key_out[43]
key_out[44]
key_out[45]
key_out[46]
key_out[47]
key_out[48]
key_out[49]
key_out[4]
key_out[50]
key_out[51]
key_out[52]
key_out[53]
key_out[54]
key_out[55]
key_out[56]
key_out[57]
key_out[58]
key_out[59]
key_out[5]
key_out[60]
key_out[61]
key_out[62]
key_out[63]
key_out[64]
key_out[65]
key_out[66]
key_out[67]
key_out[68]
key_out[69]
key_out[6]
key_out[70]
key_out[71]
key_out[72]
key_out[73]
key_out[74]
key_out[75]
key_out[76]
key_out[77]
key_out[78]
key_out[79]
key_out[7]
key_out[80]
key_out[81]
key_out[82]
key_out[83]
key_out[84]
key_out[85]
key_out[86]
key_out[87]
key_out[88]
key_out[89]
key_out[8]
key_out[90]
key_out[91]
key_out[92]
key_out[93]
key_out[94]
key_out[95]
key_out[96]
key_out[97]
key_out[98]
key_out[99]
key_out[9]
success

 There are 0 ports with no output delay but user has a false path constraint

 There are 0 ports with no output delay but with a timing clock defined on it or propagating through it


7. checking multiple_clock (0)
------------------------------
 There are 0 register/latch pins with multiple clocks.


8. checking generated_clocks (0)
--------------------------------
 There are 0 generated clocks that are not connected to a clock source.


9. checking loops (0)
---------------------
 There are 0 combinational loops in the design.


10. checking partial_input_delay (0)
------------------------------------
 There are 0 input ports with partial input delay specified.


11. checking partial_output_delay (0)
-------------------------------------
 There are 0 ports with partial output delay specified.


12. checking latch_loops (0)
----------------------------
 There are 0 combinational latch loops in the design through latch input


