Copyright 1986-2020 Xilinx, Inc. All Rights Reserved.
-------------------------------------------------------------------------------------------------------------------------------------------------------------------------------------------------------------------------------------------------------
| Tool Version : Vivado v.2020.1 (lin64) Build 2902540 Wed May 27 19:54:35 MDT 2020
| Date         : Wed Sep  9 14:21:10 2026
| Host         : donglong-P7xxTM-1 running 64-bit Ubuntu 22.04.5 LTS
| Command      : report_timing_summary -delay_type min_max -report_unconstrained -file /home/donglong/Documents/Duy_prj/KECCAK_OPTIMIZE_POWER/OPTIMIZE_POWER/kyber_puf_fpga_delivery/build/fpga_split/arty35t_probe_20260909/fe/timing_preliminary.rpt
| Design       : fuzzy_extractor
| Device       : 7a35ti-csg324
| Speed File   : -1L  PRODUCTION 1.23 2018-06-13
-------------------------------------------------------------------------------------------------------------------------------------------------------------------------------------------------------------------------------------------------------

Timing Summary Report

------------------------------------------------------------------------------------------------
| Timer Settings
| --------------
------------------------------------------------------------------------------------------------

  Enable Multi Corner Analysis               :  Yes
  Enable Pessimism Removal                   :  Yes
  Pessimism Removal Resolution               :  Nearest Common Node
  Enable Input Delay Default Clock           :  No
  Enable Preset / Clear Arcs                 :  No
  Disable Flight Delays                      :  No
  Ignore I/O Paths                           :  No
  Timing Early Launch at Borrowing Latches   :  No
  Borrow Time for Max Delay Exceptions       :  Yes
  Merge Timing Exceptions                    :  Yes

  Corner  Analyze    Analyze    
  Name    Max Paths  Min Paths  
  ------  ---------  ---------  
  Slow    Yes        Yes        
  Fast    Yes        Yes        



check_timing report

Table of Contents
-----------------
1. checking no_clock (0)
2. checking constant_clock (0)
3. checking pulse_width_clock (0)
4. checking unconstrained_internal_endpoints (0)
5. checking no_input_delay (532)
6. checking no_output_delay (459)
7. checking multiple_clock (0)
8. checking generated_clocks (0)
9. checking loops (0)
10. checking partial_input_delay (0)
11. checking partial_output_delay (0)
12. checking latch_loops (0)

1. checking no_clock (0)
------------------------
 There are 0 register/latch pins with no clock.


2. checking constant_clock (0)
------------------------------
 There are 0 register/latch pins with constant_clock.


3. checking pulse_width_clock (0)
---------------------------------
 There are 0 register/latch pins which need pulse_width check


4. checking unconstrained_internal_endpoints (0)
------------------------------------------------
 There are 0 pins that are not constrained for maximum delay.

 There are 0 pins that are not constrained for maximum delay due to constant clock.


5. checking no_input_delay (532)
--------------------------------
 There are 532 input ports with no input delay specified. (HIGH)

 There are 0 input ports with no input delay but user has a false path constraint.


6. checking no_output_delay (459)
---------------------------------
 There are 459 ports with no output delay specified. (HIGH)

 There are 0 ports with no output delay but user has a false path constraint

 There are 0 ports with no output delay but with a timing clock defined on it or propagating through it


7. checking multiple_clock (0)
------------------------------
 There are 0 register/latch pins with multiple clocks.


8. checking generated_clocks (0)
--------------------------------
 There are 0 generated clocks that are not connected to a clock source.


9. checking loops (0)
---------------------
 There are 0 combinational loops in the design.


10. checking partial_input_delay (0)
------------------------------------
 There are 0 input ports with partial input delay specified.


11. checking partial_output_delay (0)
-------------------------------------
 There are 0 ports with partial output delay specified.


12. checking latch_loops (0)
----------------------------
 There are 0 combinational latch loops in the design through latch input



------------------------------------------------------------------------------------------------
| Design Timing Summary
| ---------------------
------------------------------------------------------------------------------------------------

    WNS(ns)      TNS(ns)  TNS Failing Endpoints  TNS Total Endpoints      WHS(ns)      THS(ns)  THS Failing Endpoints  THS Total Endpoints     WPWS(ns)     TPWS(ns)  TPWS Failing Endpoints  TPWS Total Endpoints  
    -------      -------  ---------------------  -------------------      -------      -------  ---------------------  -------------------     --------     --------  ----------------------  --------------------  
     13.643        0.000                      0                 5995        0.258        0.000                      0                 5995        9.500        0.000                       0                  3568  


All user specified timing constraints are met.


------------------------------------------------------------------------------------------------
| Clock Summary
| -------------
------------------------------------------------------------------------------------------------

Clock    Waveform(ns)       Period(ns)      Frequency(MHz)
-----    ------------       ----------      --------------
sys_clk  {0.000 10.000}     20.000          50.000          


------------------------------------------------------------------------------------------------
| Intra Clock Table
| -----------------
------------------------------------------------------------------------------------------------

Clock             WNS(ns)      TNS(ns)  TNS Failing Endpoints  TNS Total Endpoints      WHS(ns)      THS(ns)  THS Failing Endpoints  THS Total Endpoints     WPWS(ns)     TPWS(ns)  TPWS Failing Endpoints  TPWS Total Endpoints  
-----             -------      -------  ---------------------  -------------------      -------      -------  ---------------------  -------------------     --------     --------  ----------------------  --------------------  
sys_clk            13.643        0.000                      0                 5995        0.258        0.000                      0                 5995        9.500        0.000                       0                  3568  


------------------------------------------------------------------------------------------------
| Inter Clock Table
| -----------------
------------------------------------------------------------------------------------------------

From Clock    To Clock          WNS(ns)      TNS(ns)  TNS Failing Endpoints  TNS Total Endpoints      WHS(ns)      THS(ns)  THS Failing Endpoints  THS Total Endpoints  
----------    --------          -------      -------  ---------------------  -------------------      -------      -------  ---------------------  -------------------  


------------------------------------------------------------------------------------------------
| Other Path Groups Table
| -----------------------
------------------------------------------------------------------------------------------------

Path Group    From Clock    To Clock          WNS(ns)      TNS(ns)  TNS Failing Endpoints  TNS Total Endpoints      WHS(ns)      THS(ns)  THS Failing Endpoints  THS Total Endpoints  
----------    ----------    --------          -------      -------  ---------------------  -------------------      -------      -------  ---------------------  -------------------  


------------------------------------------------------------------------------------------------
| User Ignored Path Table
| -----------------------
------------------------------------------------------------------------------------------------

Path Group    From Clock    To Clock    
----------    ----------    --------    


------------------------------------------------------------------------------------------------
| Unconstrained Path Table
| ------------------------
------------------------------------------------------------------------------------------------

Path Group    From Clock    To Clock    
----------    ----------    --------    
(none)        sys_clk                     
(none)                      sys_clk       


------------------------------------------------------------------------------------------------
| Timing Details
| --------------
------------------------------------------------------------------------------------------------


---------------------------------------------------------------------------------------------------
From Clock:  sys_clk
  To Clock:  sys_clk

Setup :            0  Failing Endpoints,  Worst Slack       13.643ns,  Total Violation        0.000ns
Hold  :            0  Failing Endpoints,  Worst Slack        0.258ns,  Total Violation        0.000ns
PW    :            0  Failing Endpoints,  Worst Slack        9.500ns,  Total Violation        0.000ns
---------------------------------------------------------------------------------------------------


Max Delay Paths
--------------------------------------------------------------------------------------
Slack (MET) :             13.643ns  (required time - arrival time)
  Source:                 cw_reg_reg[3]/C
                            (rising edge-triggered cell FDCE clocked by sys_clk  {rise@0.000ns fall@10.000ns period=20.000ns})
  Destination:            success_reg_reg/D
                            (rising edge-triggered cell FDCE clocked by sys_clk  {rise@0.000ns fall@10.000ns period=20.000ns})
  Path Group:             sys_clk
  Path Type:              Setup (Max at Slow Process Corner)
  Requirement:            20.000ns  (sys_clk rise@20.000ns - sys_clk rise@0.000ns)
  Data Path Delay:        6.302ns  (logic 3.943ns (62.567%)  route 2.359ns (37.433%))
  Logic Levels:           25  (CARRY4=22 LUT4=1 LUT6=2)
  Clock Path Skew:        -0.049ns (DCD - SCD + CPR)
    Destination Clock Delay (DCD):    0.924ns = ( 20.924 - 20.000 ) 
    Source Clock Delay      (SCD):    0.973ns
    Clock Pessimism Removal (CPR):    0.000ns
  Clock Uncertainty:      0.035ns  ((TSJ^2 + TIJ^2)^1/2 + DJ) / 2 + PE
    Total System Jitter     (TSJ):    0.071ns
    Total Input Jitter      (TIJ):    0.000ns
    Discrete Jitter          (DJ):    0.000ns
    Phase Error              (PE):    0.000ns

    Location             Delay type                Incr(ns)  Path(ns)    Netlist Resource(s)
  -------------------------------------------------------------------    -------------------
                         (clock sys_clk rise edge)    0.000     0.000 r  
                                                      0.000     0.000 r  clk (IN)
                         net (fo=3567, unset)         0.973     0.973    clk
                         FDCE                                         r  cw_reg_reg[3]/C
  -------------------------------------------------------------------    -------------------
                         FDCE (Prop_fdce_C_Q)         0.456     1.429 r  cw_reg_reg[3]/Q
                         net (fo=3, unplaced)         0.983     2.412    cw_reg_reg_n_0_[3]
                         LUT6 (Prop_lut6_I0_O)        0.295     2.707 r  success_reg_i_112/O
                         net (fo=1, unplaced)         0.000     2.707    success_reg_i_112_n_0
                         CARRY4 (Prop_carry4_S[1]_CO[3])
                                                      0.550     3.257 r  success_reg_reg_i_105/CO[3]
                         net (fo=1, unplaced)         0.009     3.266    success_reg_reg_i_105_n_0
                         CARRY4 (Prop_carry4_CI_CO[3])
                                                      0.114     3.380 r  success_reg_reg_i_100/CO[3]
                         net (fo=1, unplaced)         0.000     3.380    success_reg_reg_i_100_n_0
                         CARRY4 (Prop_carry4_CI_CO[3])
                                                      0.114     3.494 r  success_reg_reg_i_95/CO[3]
                         net (fo=1, unplaced)         0.000     3.494    success_reg_reg_i_95_n_0
                         CARRY4 (Prop_carry4_CI_CO[3])
                                                      0.114     3.608 r  success_reg_reg_i_90/CO[3]
                         net (fo=1, unplaced)         0.000     3.608    success_reg_reg_i_90_n_0
                         CARRY4 (Prop_carry4_CI_CO[3])
                                                      0.114     3.722 r  success_reg_reg_i_85/CO[3]
                         net (fo=1, unplaced)         0.000     3.722    success_reg_reg_i_85_n_0
                         CARRY4 (Prop_carry4_CI_CO[3])
                                                      0.114     3.836 r  success_reg_reg_i_80/CO[3]
                         net (fo=1, unplaced)         0.000     3.836    success_reg_reg_i_80_n_0
                         CARRY4 (Prop_carry4_CI_CO[3])
                                                      0.114     3.950 r  success_reg_reg_i_75/CO[3]
                         net (fo=1, unplaced)         0.000     3.950    success_reg_reg_i_75_n_0
                         CARRY4 (Prop_carry4_CI_CO[3])
                                                      0.114     4.064 r  success_reg_reg_i_70/CO[3]
                         net (fo=1, unplaced)         0.000     4.064    success_reg_reg_i_70_n_0
                         CARRY4 (Prop_carry4_CI_CO[3])
                                                      0.114     4.178 r  success_reg_reg_i_65/CO[3]
                         net (fo=1, unplaced)         0.000     4.178    success_reg_reg_i_65_n_0
                         CARRY4 (Prop_carry4_CI_CO[3])
                                                      0.114     4.292 r  success_reg_reg_i_60/CO[3]
                         net (fo=1, unplaced)         0.000     4.292    success_reg_reg_i_60_n_0
                         CARRY4 (Prop_carry4_CI_CO[3])
                                                      0.114     4.406 r  success_reg_reg_i_55/CO[3]
                         net (fo=1, unplaced)         0.000     4.406    success_reg_reg_i_55_n_0
                         CARRY4 (Prop_carry4_CI_CO[3])
                                                      0.114     4.520 r  success_reg_reg_i_50/CO[3]
                         net (fo=1, unplaced)         0.000     4.520    success_reg_reg_i_50_n_0
                         CARRY4 (Prop_carry4_CI_CO[3])
                                                      0.114     4.634 r  success_reg_reg_i_45/CO[3]
                         net (fo=1, unplaced)         0.000     4.634    success_reg_reg_i_45_n_0
                         CARRY4 (Prop_carry4_CI_CO[3])
                                                      0.114     4.748 r  success_reg_reg_i_40/CO[3]
                         net (fo=1, unplaced)         0.000     4.748    success_reg_reg_i_40_n_0
                         CARRY4 (Prop_carry4_CI_CO[3])
                                                      0.114     4.862 r  success_reg_reg_i_35/CO[3]
                         net (fo=1, unplaced)         0.000     4.862    success_reg_reg_i_35_n_0
                         CARRY4 (Prop_carry4_CI_CO[3])
                                                      0.114     4.976 r  success_reg_reg_i_30/CO[3]
                         net (fo=1, unplaced)         0.000     4.976    success_reg_reg_i_30_n_0
                         CARRY4 (Prop_carry4_CI_CO[3])
                                                      0.114     5.090 r  success_reg_reg_i_25/CO[3]
                         net (fo=1, unplaced)         0.000     5.090    success_reg_reg_i_25_n_0
                         CARRY4 (Prop_carry4_CI_CO[3])
                                                      0.114     5.204 r  success_reg_reg_i_20/CO[3]
                         net (fo=1, unplaced)         0.000     5.204    success_reg_reg_i_20_n_0
                         CARRY4 (Prop_carry4_CI_CO[3])
                                                      0.114     5.318 r  success_reg_reg_i_15/CO[3]
                         net (fo=1, unplaced)         0.000     5.318    success_reg_reg_i_15_n_0
                         CARRY4 (Prop_carry4_CI_CO[3])
                                                      0.114     5.432 r  success_reg_reg_i_10/CO[3]
                         net (fo=1, unplaced)         0.000     5.432    success_reg_reg_i_10_n_0
                         CARRY4 (Prop_carry4_CI_CO[3])
                                                      0.114     5.546 r  success_reg_reg_i_5/CO[3]
                         net (fo=1, unplaced)         0.000     5.546    success_reg_reg_i_5_n_0
                         CARRY4 (Prop_carry4_CI_CO[3])
                                                      0.114     5.660 r  success_reg_reg_i_4/CO[3]
                         net (fo=1, unplaced)         0.918     6.578    success_reg_reg_i_4_n_0
                         LUT6 (Prop_lut6_I2_O)        0.124     6.702 r  success_reg_i_2/O
                         net (fo=1, unplaced)         0.449     7.151    success_reg1_out
                         LUT4 (Prop_lut4_I0_O)        0.124     7.275 r  success_reg_i_1/O
                         net (fo=1, unplaced)         0.000     7.275    success_reg_i_1_n_0
                         FDCE                                         r  success_reg_reg/D
  -------------------------------------------------------------------    -------------------

                         (clock sys_clk rise edge)   20.000    20.000 r  
                                                      0.000    20.000 r  clk (IN)
                         net (fo=3567, unset)         0.924    20.924    clk
                         FDCE                                         r  success_reg_reg/C
                         clock pessimism              0.000    20.924    
                         clock uncertainty           -0.035    20.889    
                         FDCE (Setup_fdce_C_D)        0.029    20.918    success_reg_reg
  -------------------------------------------------------------------
                         required time                         20.918    
                         arrival time                          -7.275    
  -------------------------------------------------------------------
                         slack                                 13.643    





Min Delay Paths
--------------------------------------------------------------------------------------
Slack (MET) :             0.258ns  (arrival time - required time)
  Source:                 resp_reg_reg[0]/C
                            (rising edge-triggered cell FDCE clocked by sys_clk  {rise@0.000ns fall@10.000ns period=20.000ns})
  Destination:            helper_out_reg[0]/D
                            (rising edge-triggered cell FDCE clocked by sys_clk  {rise@0.000ns fall@10.000ns period=20.000ns})
  Path Group:             sys_clk
  Path Type:              Hold (Min at Fast Process Corner)
  Requirement:            0.000ns  (sys_clk rise@0.000ns - sys_clk rise@0.000ns)
  Data Path Delay:        0.370ns  (logic 0.239ns (64.578%)  route 0.131ns (35.422%))
  Logic Levels:           1  (LUT2=1)
  Clock Path Skew:        0.022ns (DCD - SCD - CPR)
    Destination Clock Delay (DCD):    0.432ns
    Source Clock Delay      (SCD):    0.410ns
    Clock Pessimism Removal (CPR):    -0.000ns

    Location             Delay type                Incr(ns)  Path(ns)    Netlist Resource(s)
  -------------------------------------------------------------------    -------------------
                         (clock sys_clk rise edge)    0.000     0.000 r  
                                                      0.000     0.000 r  clk (IN)
                         net (fo=3567, unset)         0.410     0.410    clk
                         FDCE                                         r  resp_reg_reg[0]/C
  -------------------------------------------------------------------    -------------------
                         FDCE (Prop_fdce_C_Q)         0.141     0.551 r  resp_reg_reg[0]/Q
                         net (fo=1, unplaced)         0.131     0.682    resp_reg_reg_n_0_[0]
                         LUT2 (Prop_lut2_I1_O)        0.098     0.780 r  helper_out[0]_i_1/O
                         net (fo=1, unplaced)         0.000     0.780    helper_out0[0]
                         FDCE                                         r  helper_out_reg[0]/D
  -------------------------------------------------------------------    -------------------

                         (clock sys_clk rise edge)    0.000     0.000 r  
                                                      0.000     0.000 r  clk (IN)
                         net (fo=3567, unset)         0.432     0.432    clk
                         FDCE                                         r  helper_out_reg[0]/C
                         clock pessimism              0.000     0.432    
                         FDCE (Hold_fdce_C_D)         0.091     0.523    helper_out_reg[0]
  -------------------------------------------------------------------
                         required time                         -0.523    
                         arrival time                           0.780    
  -------------------------------------------------------------------
                         slack                                  0.258    





Pulse Width Checks
--------------------------------------------------------------------------------------
Clock Name:         sys_clk
Waveform(ns):       { 0.000 10.000 }
Period(ns):         20.000
Sources:            { clk }

Check Type        Corner  Lib Pin  Reference Pin  Required(ns)  Actual(ns)  Slack(ns)  Location  Pin
Min Period        n/a     FDCE/C   n/a            1.000         20.000      19.000               FSM_sequential_state_reg[0]/C
Low Pulse Width   Slow    FDCE/C   n/a            0.500         10.000      9.500                FSM_sequential_state_reg[0]/C
High Pulse Width  Slow    FDCE/C   n/a            0.500         10.000      9.500                FSM_sequential_state_reg[0]/C



--------------------------------------------------------------------------------------
Path Group:  (none)
From Clock:  sys_clk
  To Clock:  

Max Delay           459 Endpoints
Min Delay           459 Endpoints
--------------------------------------------------------------------------------------


Max Delay Paths
--------------------------------------------------------------------------------------
Slack:                    inf
  Source:                 FSM_sequential_state_reg[3]/C
                            (rising edge-triggered cell FDCE clocked by sys_clk  {rise@0.000ns fall@10.000ns period=20.000ns})
  Destination:            busy
                            (output port)
  Path Group:             (none)
  Path Type:              Max at Slow Process Corner
  Data Path Delay:        2.518ns  (logic 0.751ns (29.825%)  route 1.767ns (70.175%))
  Logic Levels:           1  (LUT4=1)
  Clock Uncertainty:      0.025ns  ((TSJ^2 + TIJ^2)^1/2 + DJ) / 2 + PE
    Total System Jitter     (TSJ):    0.050ns
    Total Input Jitter      (TIJ):    0.000ns
    Discrete Jitter          (DJ):    0.000ns
    Phase Error              (PE):    0.000ns

    Location             Delay type                Incr(ns)  Path(ns)    Netlist Resource(s)
  -------------------------------------------------------------------    -------------------
                         (clock sys_clk rise edge)    0.000     0.000 r  
                                                      0.000     0.000 r  clk (IN)
                         net (fo=3567, unset)         0.973     0.973    clk
                         FDCE                                         r  FSM_sequential_state_reg[3]/C
  -------------------------------------------------------------------    -------------------
                         FDCE (Prop_fdce_C_Q)         0.456     1.429 r  FSM_sequential_state_reg[3]/Q
                         net (fo=15, unplaced)        0.794     2.223    state[3]
                         LUT4 (Prop_lut4_I1_O)        0.295     2.518 r  busy_INST_0/O
                         net (fo=0)                   0.973     3.491    busy
                                                                      r  busy (OUT)
  -------------------------------------------------------------------    -------------------





Min Delay Paths
--------------------------------------------------------------------------------------
Slack:                    inf
  Source:                 done_reg_reg/C
                            (rising edge-triggered cell FDCE clocked by sys_clk  {rise@0.000ns fall@10.000ns period=20.000ns})
  Destination:            done
                            (output port)
  Path Group:             (none)
  Path Type:              Min at Fast Process Corner
  Data Path Delay:        0.551ns  (logic 0.141ns (25.583%)  route 0.410ns (74.417%))
  Logic Levels:           0  
  Clock Uncertainty:      0.025ns  ((TSJ^2 + TIJ^2)^1/2 + DJ) / 2 + PE
    Total System Jitter     (TSJ):    0.050ns
    Total Input Jitter      (TIJ):    0.000ns
    Discrete Jitter          (DJ):    0.000ns
    Phase Error              (PE):    0.000ns

    Location             Delay type                Incr(ns)  Path(ns)    Netlist Resource(s)
  -------------------------------------------------------------------    -------------------
                         (clock sys_clk rise edge)    0.000     0.000 r  
                                                      0.000     0.000 r  clk (IN)
                         net (fo=3567, unset)         0.410     0.410    clk
                         FDCE                                         r  done_reg_reg/C
  -------------------------------------------------------------------    -------------------
                         FDCE (Prop_fdce_C_Q)         0.141     0.551 r  done_reg_reg/Q
                         net (fo=0)                   0.410     0.961    done
                                                                      r  done (OUT)
  -------------------------------------------------------------------    -------------------





--------------------------------------------------------------------------------------
Path Group:  (none)
From Clock:  
  To Clock:  sys_clk

Max Delay          7355 Endpoints
Min Delay          7355 Endpoints
--------------------------------------------------------------------------------------


Max Delay Paths
--------------------------------------------------------------------------------------
Slack:                    inf
  Source:                 rst_n
                            (input port)
  Destination:            u_decode/u_bma/msm_serial_standard_multiplier/out_reg[0]/R
                            (rising edge-triggered cell FDRE clocked by sys_clk  {rise@0.000ns fall@10.000ns period=20.000ns})
  Path Group:             (none)
  Path Type:              Setup (Max at Slow Process Corner)
  Data Path Delay:        3.080ns  (logic 0.248ns (8.052%)  route 2.832ns (91.948%))
  Logic Levels:           2  (LUT2=1 LUT3=1)
  Clock Path Skew:        0.924ns (DCD - SCD + CPR)
    Destination Clock Delay (DCD):    0.924ns
    Source Clock Delay      (SCD):    0.000ns
    Clock Pessimism Removal (CPR):    0.000ns

    Location             Delay type                Incr(ns)  Path(ns)    Netlist Resource(s)
  -------------------------------------------------------------------    -------------------
                                                      0.000     0.000 f  rst_n (IN)
                         net (fo=1, unset)            0.973     0.973    u_decode/u_error_tmec/u_chien/BIT[7].REG[2].ORIG.u_chien_reg/rst_n
                         LUT2 (Prop_lut2_I1_O)        0.124     1.097 r  u_decode/u_error_tmec/u_chien/BIT[7].REG[2].ORIG.u_chien_reg/REGISTERS.pipeline[1]_i_1/O
                         net (fo=1438, unplaced)      1.042     2.139    u_decode/u_bch_syndrome/synN_reg[8]_0
                         LUT3 (Prop_lut3_I1_O)        0.124     2.263 r  u_decode/u_bch_syndrome/out[8]_i_1/O
                         net (fo=9, unplaced)         0.817     3.080    u_decode/u_bma/msm_serial_standard_multiplier/SR[0]
                         FDRE                                         r  u_decode/u_bma/msm_serial_standard_multiplier/out_reg[0]/R
  -------------------------------------------------------------------    -------------------

                         (clock sys_clk rise edge)    0.000     0.000 r  
                                                      0.000     0.000 r  clk (IN)
                         net (fo=3567, unset)         0.924     0.924    u_decode/u_bma/msm_serial_standard_multiplier/clk
                         FDRE                                         r  u_decode/u_bma/msm_serial_standard_multiplier/out_reg[0]/C





Min Delay Paths
--------------------------------------------------------------------------------------
Slack:                    inf
  Source:                 zeroize
                            (input port)
  Destination:            FSM_sequential_state_reg[0]/D
                            (rising edge-triggered cell FDCE clocked by sys_clk  {rise@0.000ns fall@10.000ns period=20.000ns})
  Path Group:             (none)
  Path Type:              Hold (Min at Fast Process Corner)
  Data Path Delay:        0.455ns  (logic 0.045ns (9.887%)  route 0.410ns (90.113%))
  Logic Levels:           1  (LUT5=1)
  Clock Path Skew:        0.432ns (DCD - SCD - CPR)
    Destination Clock Delay (DCD):    0.432ns
    Source Clock Delay      (SCD):    0.000ns
    Clock Pessimism Removal (CPR):    -0.000ns

    Location             Delay type                Incr(ns)  Path(ns)    Netlist Resource(s)
  -------------------------------------------------------------------    -------------------
                                                      0.000     0.000 f  zeroize (IN)
                         net (fo=1280, unset)         0.410     0.410    zeroize
                         LUT5 (Prop_lut5_I4_O)        0.045     0.455 r  FSM_sequential_state[0]_i_1/O
                         net (fo=1, unplaced)         0.000     0.455    FSM_sequential_state[0]_i_1_n_0
                         FDCE                                         r  FSM_sequential_state_reg[0]/D
  -------------------------------------------------------------------    -------------------

                         (clock sys_clk rise edge)    0.000     0.000 r  
                                                      0.000     0.000 r  clk (IN)
                         net (fo=3567, unset)         0.432     0.432    clk
                         FDCE                                         r  FSM_sequential_state_reg[0]/C





