Copyright 1986-2020 Xilinx, Inc. All Rights Reserved.
-----------------------------------------------------------------------------------------------------------------------------------------------------------------------------------------------------------
| Tool Version : Vivado v.2020.1 (lin64) Build 2902540 Wed May 27 19:54:35 MDT 2020
| Date         : Wed Sep  9 14:16:49 2026
| Host         : donglong-P7xxTM-1 running 64-bit Ubuntu 22.04.5 LTS
| Command      : check_timing -verbose -file /home/donglong/Documents/Duy_prj/KECCAK_OPTIMIZE_POWER/OPTIMIZE_POWER/kyber_puf_fpga_delivery/build/fpga_split/arty35t_probe_20260909/server/check_timing.rpt
| Design       : fpga_split_server_k2
| Device       : 7a35ti-csg324
| Speed File   : -1L  PRODUCTION 1.23 2018-06-13
-----------------------------------------------------------------------------------------------------------------------------------------------------------------------------------------------------------


check_timing report

Table of Contents
-----------------
1. checking no_clock (0)
2. checking constant_clock (0)
3. checking pulse_width_clock (0)
4. checking unconstrained_internal_endpoints (0)
5. checking no_input_delay (561)
6. checking no_output_delay (293)
7. checking multiple_clock (0)
8. checking generated_clocks (0)
9. checking loops (0)
10. checking partial_input_delay (0)
11. checking partial_output_delay (0)
12. checking latch_loops (0)

1. checking no_clock (0)
------------------------
 There are 0 register/latch pins with no clock.


2. checking constant_clock (0)
------------------------------
 There are 0 register/latch pins with constant_clock.


3. checking pulse_width_clock (0)
---------------------------------
 There are 0 register/latch pins which need pulse_width check


4. checking unconstrained_internal_endpoints (0)
------------------------------------------------
 There are 0 pins that are not constrained for maximum delay.

 There are 0 pins that are not constrained for maximum delay due to constant clock.


5. checking no_input_delay (561)
--------------------------------
 There are 561 input ports with no input delay specified. (HIGH)

din[0]
din[10]
din[11]
din[12]
din[13]
din[14]
din[15]
din[16]
din[17]
din[18]
din[19]
din[1]
din[20]
din[21]
din[22]
din[23]
din[24]
din[25]
din[26]
din[27]
din[28]
din[29]
din[2]
din[30]
din[31]
din[3]
din[4]
din[5]
din[6]
din[7]
din[8]
din[9]
ready_c
req_pk
rst
scrub_addr[0]
scrub_addr[10]
scrub_addr[1]
scrub_addr[2]
scrub_addr[3]
scrub_addr[4]
scrub_addr[5]
scrub_addr[6]
scrub_addr[7]
scrub_addr[8]
scrub_addr[9]
scrub_en
seed_d[0]
seed_d[100]
seed_d[101]
seed_d[102]
seed_d[103]
seed_d[104]
seed_d[105]
seed_d[106]
seed_d[107]
seed_d[108]
seed_d[109]
seed_d[10]
seed_d[110]
seed_d[111]
seed_d[112]
seed_d[113]
seed_d[114]
seed_d[115]
seed_d[116]
seed_d[117]
seed_d[118]
seed_d[119]
seed_d[11]
seed_d[120]
seed_d[121]
seed_d[122]
seed_d[123]
seed_d[124]
seed_d[125]
seed_d[126]
seed_d[127]
seed_d[128]
seed_d[129]
seed_d[12]
seed_d[130]
seed_d[131]
seed_d[132]
seed_d[133]
seed_d[134]
seed_d[135]
seed_d[136]
seed_d[137]
seed_d[138]
seed_d[139]
seed_d[13]
seed_d[140]
seed_d[141]
seed_d[142]
seed_d[143]
seed_d[144]
seed_d[145]
seed_d[146]
seed_d[147]
seed_d[148]
seed_d[149]
seed_d[14]
seed_d[150]
seed_d[151]
seed_d[152]
seed_d[153]
seed_d[154]
seed_d[155]
seed_d[156]
seed_d[157]
seed_d[158]
seed_d[159]
seed_d[15]
seed_d[160]
seed_d[161]
seed_d[162]
seed_d[163]
seed_d[164]
seed_d[165]
seed_d[166]
seed_d[167]
seed_d[168]
seed_d[169]
seed_d[16]
seed_d[170]
seed_d[171]
seed_d[172]
seed_d[173]
seed_d[174]
seed_d[175]
seed_d[176]
seed_d[177]
seed_d[178]
seed_d[179]
seed_d[17]
seed_d[180]
seed_d[181]
seed_d[182]
seed_d[183]
seed_d[184]
seed_d[185]
seed_d[186]
seed_d[187]
seed_d[188]
seed_d[189]
seed_d[18]
seed_d[190]
seed_d[191]
seed_d[192]
seed_d[193]
seed_d[194]
seed_d[195]
seed_d[196]
seed_d[197]
seed_d[198]
seed_d[199]
seed_d[19]
seed_d[1]
seed_d[200]
seed_d[201]
seed_d[202]
seed_d[203]
seed_d[204]
seed_d[205]
seed_d[206]
seed_d[207]
seed_d[208]
seed_d[209]
seed_d[20]
seed_d[210]
seed_d[211]
seed_d[212]
seed_d[213]
seed_d[214]
seed_d[215]
seed_d[216]
seed_d[217]
seed_d[218]
seed_d[219]
seed_d[21]
seed_d[220]
seed_d[221]
seed_d[222]
seed_d[223]
seed_d[224]
seed_d[225]
seed_d[226]
seed_d[227]
seed_d[228]
seed_d[229]
seed_d[22]
seed_d[230]
seed_d[231]
seed_d[232]
seed_d[233]
seed_d[234]
seed_d[235]
seed_d[236]
seed_d[237]
seed_d[238]
seed_d[239]
seed_d[23]
seed_d[240]
seed_d[241]
seed_d[242]
seed_d[243]
seed_d[244]
seed_d[245]
seed_d[246]
seed_d[247]
seed_d[248]
seed_d[249]
seed_d[24]
seed_d[250]
seed_d[251]
seed_d[252]
seed_d[253]
seed_d[254]
seed_d[255]
seed_d[25]
seed_d[26]
seed_d[27]
seed_d[28]
seed_d[29]
seed_d[2]
seed_d[30]
seed_d[31]
seed_d[32]
seed_d[33]
seed_d[34]
seed_d[35]
seed_d[36]
seed_d[37]
seed_d[38]
seed_d[39]
seed_d[3]
seed_d[40]
seed_d[41]
seed_d[42]
seed_d[43]
seed_d[44]
seed_d[45]
seed_d[46]
seed_d[47]
seed_d[48]
seed_d[49]
seed_d[4]
seed_d[50]
seed_d[51]
seed_d[52]
seed_d[53]
seed_d[54]
seed_d[55]
seed_d[56]
seed_d[57]
seed_d[58]
seed_d[59]
seed_d[5]
seed_d[60]
seed_d[61]
seed_d[62]
seed_d[63]
seed_d[64]
seed_d[65]
seed_d[66]
seed_d[67]
seed_d[68]
seed_d[69]
seed_d[6]
seed_d[70]
seed_d[71]
seed_d[72]
seed_d[73]
seed_d[74]
seed_d[75]
seed_d[76]
seed_d[77]
seed_d[78]
seed_d[79]
seed_d[7]
seed_d[80]
seed_d[81]
seed_d[82]
seed_d[83]
seed_d[84]
seed_d[85]
seed_d[86]
seed_d[87]
seed_d[88]
seed_d[89]
seed_d[8]
seed_d[90]
seed_d[91]
seed_d[92]
seed_d[93]
seed_d[94]
seed_d[95]
seed_d[96]
seed_d[97]
seed_d[98]
seed_d[99]
seed_d[9]
seed_z[0]
seed_z[100]
seed_z[101]
seed_z[102]
seed_z[103]
seed_z[104]
seed_z[105]
seed_z[106]
seed_z[107]
seed_z[108]
seed_z[109]
seed_z[10]
seed_z[110]
seed_z[111]
seed_z[112]
seed_z[113]
seed_z[114]
seed_z[115]
seed_z[116]
seed_z[117]
seed_z[118]
seed_z[119]
seed_z[11]
seed_z[120]
seed_z[121]
seed_z[122]
seed_z[123]
seed_z[124]
seed_z[125]
seed_z[126]
seed_z[127]
seed_z[128]
seed_z[129]
seed_z[12]
seed_z[130]
seed_z[131]
seed_z[132]
seed_z[133]
seed_z[134]
seed_z[135]
seed_z[136]
seed_z[137]
seed_z[138]
seed_z[139]
seed_z[13]
seed_z[140]
seed_z[141]
seed_z[142]
seed_z[143]
seed_z[144]
seed_z[145]
seed_z[146]
seed_z[147]
seed_z[148]
seed_z[149]
seed_z[14]
seed_z[150]
seed_z[151]
seed_z[152]
seed_z[153]
seed_z[154]
seed_z[155]
seed_z[156]
seed_z[157]
seed_z[158]
seed_z[159]
seed_z[15]
seed_z[160]
seed_z[161]
seed_z[162]
seed_z[163]
seed_z[164]
seed_z[165]
seed_z[166]
seed_z[167]
seed_z[168]
seed_z[169]
seed_z[16]
seed_z[170]
seed_z[171]
seed_z[172]
seed_z[173]
seed_z[174]
seed_z[175]
seed_z[176]
seed_z[177]
seed_z[178]
seed_z[179]
seed_z[17]
seed_z[180]
seed_z[181]
seed_z[182]
seed_z[183]
seed_z[184]
seed_z[185]
seed_z[186]
seed_z[187]
seed_z[188]
seed_z[189]
seed_z[18]
seed_z[190]
seed_z[191]
seed_z[192]
seed_z[193]
seed_z[194]
seed_z[195]
seed_z[196]
seed_z[197]
seed_z[198]
seed_z[199]
seed_z[19]
seed_z[1]
seed_z[200]
seed_z[201]
seed_z[202]
seed_z[203]
seed_z[204]
seed_z[205]
seed_z[206]
seed_z[207]
seed_z[208]
seed_z[209]
seed_z[20]
seed_z[210]
seed_z[211]
seed_z[212]
seed_z[213]
seed_z[214]
seed_z[215]
seed_z[216]
seed_z[217]
seed_z[218]
seed_z[219]
seed_z[21]
seed_z[220]
seed_z[221]
seed_z[222]
seed_z[223]
seed_z[224]
seed_z[225]
seed_z[226]
seed_z[227]
seed_z[228]
seed_z[229]
seed_z[22]
seed_z[230]
seed_z[231]
seed_z[232]
seed_z[233]
seed_z[234]
seed_z[235]
seed_z[236]
seed_z[237]
seed_z[238]
seed_z[239]
seed_z[23]
seed_z[240]
seed_z[241]
seed_z[242]
seed_z[243]
seed_z[244]
seed_z[245]
seed_z[246]
seed_z[247]
seed_z[248]
seed_z[249]
seed_z[24]
seed_z[250]
seed_z[251]
seed_z[252]
seed_z[253]
seed_z[254]
seed_z[255]
seed_z[25]
seed_z[26]
seed_z[27]
seed_z[28]
seed_z[29]
seed_z[2]
seed_z[30]
seed_z[31]
seed_z[32]
seed_z[33]
seed_z[34]
seed_z[35]
seed_z[36]
seed_z[37]
seed_z[38]
seed_z[39]
seed_z[3]
seed_z[40]
seed_z[41]
seed_z[42]
seed_z[43]
seed_z[44]
seed_z[45]
seed_z[46]
seed_z[47]
seed_z[48]
seed_z[49]
seed_z[4]
seed_z[50]
seed_z[51]
seed_z[52]
seed_z[53]
seed_z[54]
seed_z[55]
seed_z[56]
seed_z[57]
seed_z[58]
seed_z[59]
seed_z[5]
seed_z[60]
seed_z[61]
seed_z[62]
seed_z[63]
seed_z[64]
seed_z[65]
seed_z[66]
seed_z[67]
seed_z[68]
seed_z[69]
seed_z[6]
seed_z[70]
seed_z[71]
seed_z[72]
seed_z[73]
seed_z[74]
seed_z[75]
seed_z[76]
seed_z[77]
seed_z[78]
seed_z[79]
seed_z[7]
seed_z[80]
seed_z[81]
seed_z[82]
seed_z[83]
seed_z[84]
seed_z[85]
seed_z[86]
seed_z[87]
seed_z[88]
seed_z[89]
seed_z[8]
seed_z[90]
seed_z[91]
seed_z[92]
seed_z[93]
seed_z[94]
seed_z[95]
seed_z[96]
seed_z[97]
seed_z[98]
seed_z[99]
seed_z[9]
start
wen

 There are 0 input ports with no input delay but user has a false path constraint.


6. checking no_output_delay (293)
---------------------------------
 There are 293 ports with no output delay specified. (HIGH)

K[0]
K[100]
K[101]
K[102]
K[103]
K[104]
K[105]
K[106]
K[107]
K[108]
K[109]
K[10]
K[110]
K[111]
K[112]
K[113]
K[114]
K[115]
K[116]
K[117]
K[118]
K[119]
K[11]
K[120]
K[121]
K[122]
K[123]
K[124]
K[125]
K[126]
K[127]
K[128]
K[129]
K[12]
K[130]
K[131]
K[132]
K[133]
K[134]
K[135]
K[136]
K[137]
K[138]
K[139]
K[13]
K[140]
K[141]
K[142]
K[143]
K[144]
K[145]
K[146]
K[147]
K[148]
K[149]
K[14]
K[150]
K[151]
K[152]
K[153]
K[154]
K[155]
K[156]
K[157]
K[158]
K[159]
K[15]
K[160]
K[161]
K[162]
K[163]
K[164]
K[165]
K[166]
K[167]
K[168]
K[169]
K[16]
K[170]
K[171]
K[172]
K[173]
K[174]
K[175]
K[176]
K[177]
K[178]
K[179]
K[17]
K[180]
K[181]
K[182]
K[183]
K[184]
K[185]
K[186]
K[187]
K[188]
K[189]
K[18]
K[190]
K[191]
K[192]
K[193]
K[194]
K[195]
K[196]
K[197]
K[198]
K[199]
K[19]
K[1]
K[200]
K[201]
K[202]
K[203]
K[204]
K[205]
K[206]
K[207]
K[208]
K[209]
K[20]
K[210]
K[211]
K[212]
K[213]
K[214]
K[215]
K[216]
K[217]
K[218]
K[219]
K[21]
K[220]
K[221]
K[222]
K[223]
K[224]
K[225]
K[226]
K[227]
K[228]
K[229]
K[22]
K[230]
K[231]
K[232]
K[233]
K[234]
K[235]
K[236]
K[237]
K[238]
K[239]
K[23]
K[240]
K[241]
K[242]
K[243]
K[244]
K[245]
K[246]
K[247]
K[248]
K[249]
K[24]
K[250]
K[251]
K[252]
K[253]
K[254]
K[255]
K[25]
K[26]
K[27]
K[28]
K[29]
K[2]
K[30]
K[31]
K[32]
K[33]
K[34]
K[35]
K[36]
K[37]
K[38]
K[39]
K[3]
K[40]
K[41]
K[42]
K[43]
K[44]
K[45]
K[46]
K[47]
K[48]
K[49]
K[4]
K[50]
K[51]
K[52]
K[53]
K[54]
K[55]
K[56]
K[57]
K[58]
K[59]
K[5]
K[60]
K[61]
K[62]
K[63]
K[64]
K[65]
K[66]
K[67]
K[68]
K[69]
K[6]
K[70]
K[71]
K[72]
K[73]
K[74]
K[75]
K[76]
K[77]
K[78]
K[79]
K[7]
K[80]
K[81]
K[82]
K[83]
K[84]
K[85]
K[86]
K[87]
K[88]
K[89]
K[8]
K[90]
K[91]
K[92]
K[93]
K[94]
K[95]
K[96]
K[97]
K[98]
K[99]
K[9]
done
dout[0]
dout[10]
dout[11]
dout[12]
dout[13]
dout[14]
dout[15]
dout[16]
dout[17]
dout[18]
dout[19]
dout[1]
dout[20]
dout[21]
dout[22]
dout[23]
dout[24]
dout[25]
dout[26]
dout[27]
dout[28]
dout[29]
dout[2]
dout[30]
dout[31]
dout[3]
dout[4]
dout[5]
dout[6]
dout[7]
dout[8]
dout[9]
ready_pk
req_c
valid
valid_out

 There are 0 ports with no output delay but user has a false path constraint

 There are 0 ports with no output delay but with a timing clock defined on it or propagating through it


7. checking multiple_clock (0)
------------------------------
 There are 0 register/latch pins with multiple clocks.


8. checking generated_clocks (0)
--------------------------------
 There are 0 generated clocks that are not connected to a clock source.


9. checking loops (0)
---------------------
 There are 0 combinational loops in the design.


10. checking partial_input_delay (0)
------------------------------------
 There are 0 input ports with partial input delay specified.


11. checking partial_output_delay (0)
-------------------------------------
 There are 0 ports with partial output delay specified.


12. checking latch_loops (0)
----------------------------
 There are 0 combinational latch loops in the design through latch input


