Copyright 1986-2020 Xilinx, Inc. All Rights Reserved.
-----------------------------------------------------------------------------------------------------------------------------------------------------------------------------------------------------------------------------------------------------------
| Tool Version : Vivado v.2020.1 (lin64) Build 2902540 Wed May 27 19:54:35 MDT 2020
| Date         : Wed Sep  9 14:16:49 2026
| Host         : donglong-P7xxTM-1 running 64-bit Ubuntu 22.04.5 LTS
| Command      : report_timing_summary -delay_type min_max -report_unconstrained -file /home/donglong/Documents/Duy_prj/KECCAK_OPTIMIZE_POWER/OPTIMIZE_POWER/kyber_puf_fpga_delivery/build/fpga_split/arty35t_probe_20260909/server/timing_preliminary.rpt
| Design       : fpga_split_server_k2
| Device       : 7a35ti-csg324
| Speed File   : -1L  PRODUCTION 1.23 2018-06-13
-----------------------------------------------------------------------------------------------------------------------------------------------------------------------------------------------------------------------------------------------------------

Timing Summary Report

------------------------------------------------------------------------------------------------
| Timer Settings
| --------------
------------------------------------------------------------------------------------------------

  Enable Multi Corner Analysis               :  Yes
  Enable Pessimism Removal                   :  Yes
  Pessimism Removal Resolution               :  Nearest Common Node
  Enable Input Delay Default Clock           :  No
  Enable Preset / Clear Arcs                 :  No
  Disable Flight Delays                      :  No
  Ignore I/O Paths                           :  No
  Timing Early Launch at Borrowing Latches   :  No
  Borrow Time for Max Delay Exceptions       :  Yes
  Merge Timing Exceptions                    :  Yes

  Corner  Analyze    Analyze    
  Name    Max Paths  Min Paths  
  ------  ---------  ---------  
  Slow    Yes        Yes        
  Fast    Yes        Yes        



check_timing report

Table of Contents
-----------------
1. checking no_clock (0)
2. checking constant_clock (0)
3. checking pulse_width_clock (0)
4. checking unconstrained_internal_endpoints (0)
5. checking no_input_delay (561)
6. checking no_output_delay (293)
7. checking multiple_clock (0)
8. checking generated_clocks (0)
9. checking loops (0)
10. checking partial_input_delay (0)
11. checking partial_output_delay (0)
12. checking latch_loops (0)

1. checking no_clock (0)
------------------------
 There are 0 register/latch pins with no clock.


2. checking constant_clock (0)
------------------------------
 There are 0 register/latch pins with constant_clock.


3. checking pulse_width_clock (0)
---------------------------------
 There are 0 register/latch pins which need pulse_width check


4. checking unconstrained_internal_endpoints (0)
------------------------------------------------
 There are 0 pins that are not constrained for maximum delay.

 There are 0 pins that are not constrained for maximum delay due to constant clock.


5. checking no_input_delay (561)
--------------------------------
 There are 561 input ports with no input delay specified. (HIGH)

 There are 0 input ports with no input delay but user has a false path constraint.


6. checking no_output_delay (293)
---------------------------------
 There are 293 ports with no output delay specified. (HIGH)

 There are 0 ports with no output delay but user has a false path constraint

 There are 0 ports with no output delay but with a timing clock defined on it or propagating through it


7. checking multiple_clock (0)
------------------------------
 There are 0 register/latch pins with multiple clocks.


8. checking generated_clocks (0)
--------------------------------
 There are 0 generated clocks that are not connected to a clock source.


9. checking loops (0)
---------------------
 There are 0 combinational loops in the design.


10. checking partial_input_delay (0)
------------------------------------
 There are 0 input ports with partial input delay specified.


11. checking partial_output_delay (0)
-------------------------------------
 There are 0 ports with partial output delay specified.


12. checking latch_loops (0)
----------------------------
 There are 0 combinational latch loops in the design through latch input



------------------------------------------------------------------------------------------------
| Design Timing Summary
| ---------------------
------------------------------------------------------------------------------------------------

    WNS(ns)      TNS(ns)  TNS Failing Endpoints  TNS Total Endpoints      WHS(ns)      THS(ns)  THS Failing Endpoints  THS Total Endpoints     WPWS(ns)     TPWS(ns)  TPWS Failing Endpoints  TPWS Total Endpoints  
    -------      -------  ---------------------  -------------------      -------      -------  ---------------------  -------------------     --------     --------  ----------------------  --------------------  
      9.905        0.000                      0                26899        0.196        0.000                      0                26899        9.020        0.000                       0                 11117  


All user specified timing constraints are met.


------------------------------------------------------------------------------------------------
| Clock Summary
| -------------
------------------------------------------------------------------------------------------------

Clock    Waveform(ns)       Period(ns)      Frequency(MHz)
-----    ------------       ----------      --------------
sys_clk  {0.000 10.000}     20.000          50.000          


------------------------------------------------------------------------------------------------
| Intra Clock Table
| -----------------
------------------------------------------------------------------------------------------------

Clock             WNS(ns)      TNS(ns)  TNS Failing Endpoints  TNS Total Endpoints      WHS(ns)      THS(ns)  THS Failing Endpoints  THS Total Endpoints     WPWS(ns)     TPWS(ns)  TPWS Failing Endpoints  TPWS Total Endpoints  
-----             -------      -------  ---------------------  -------------------      -------      -------  ---------------------  -------------------     --------     --------  ----------------------  --------------------  
sys_clk             9.905        0.000                      0                26899        0.196        0.000                      0                26899        9.020        0.000                       0                 11117  


------------------------------------------------------------------------------------------------
| Inter Clock Table
| -----------------
------------------------------------------------------------------------------------------------

From Clock    To Clock          WNS(ns)      TNS(ns)  TNS Failing Endpoints  TNS Total Endpoints      WHS(ns)      THS(ns)  THS Failing Endpoints  THS Total Endpoints  
----------    --------          -------      -------  ---------------------  -------------------      -------      -------  ---------------------  -------------------  


------------------------------------------------------------------------------------------------
| Other Path Groups Table
| -----------------------
------------------------------------------------------------------------------------------------

Path Group    From Clock    To Clock          WNS(ns)      TNS(ns)  TNS Failing Endpoints  TNS Total Endpoints      WHS(ns)      THS(ns)  THS Failing Endpoints  THS Total Endpoints  
----------    ----------    --------          -------      -------  ---------------------  -------------------      -------      -------  ---------------------  -------------------  


------------------------------------------------------------------------------------------------
| User Ignored Path Table
| -----------------------
------------------------------------------------------------------------------------------------

Path Group    From Clock    To Clock    
----------    ----------    --------    


------------------------------------------------------------------------------------------------
| Unconstrained Path Table
| ------------------------
------------------------------------------------------------------------------------------------

Path Group    From Clock    To Clock    
----------    ----------    --------    
(none)        sys_clk                     
(none)                      sys_clk       


------------------------------------------------------------------------------------------------
| Timing Details
| --------------
------------------------------------------------------------------------------------------------


---------------------------------------------------------------------------------------------------
From Clock:  sys_clk
  To Clock:  sys_clk

Setup :            0  Failing Endpoints,  Worst Slack        9.905ns,  Total Violation        0.000ns
Hold  :            0  Failing Endpoints,  Worst Slack        0.196ns,  Total Violation        0.000ns
PW    :            0  Failing Endpoints,  Worst Slack        9.020ns,  Total Violation        0.000ns
---------------------------------------------------------------------------------------------------


Max Delay Paths
--------------------------------------------------------------------------------------
Slack (MET) :             9.905ns  (required time - arrival time)
  Source:                 u_server/data_rnd_ctr_reg[3]/C
                            (rising edge-triggered cell FDRE clocked by sys_clk  {rise@0.000ns fall@10.000ns period=20.000ns})
  Destination:            u_server/hash/sponge/block_reg_reg[0]/CE
                            (rising edge-triggered cell FDRE clocked by sys_clk  {rise@0.000ns fall@10.000ns period=20.000ns})
  Path Group:             sys_clk
  Path Type:              Setup (Max at Slow Process Corner)
  Requirement:            20.000ns  (sys_clk rise@20.000ns - sys_clk rise@0.000ns)
  Data Path Delay:        9.809ns  (logic 1.991ns (20.298%)  route 7.818ns (79.702%))
  Logic Levels:           11  (LUT3=2 LUT4=1 LUT6=8)
  Clock Path Skew:        -0.049ns (DCD - SCD + CPR)
    Destination Clock Delay (DCD):    0.924ns = ( 20.924 - 20.000 ) 
    Source Clock Delay      (SCD):    0.973ns
    Clock Pessimism Removal (CPR):    0.000ns
  Clock Uncertainty:      0.035ns  ((TSJ^2 + TIJ^2)^1/2 + DJ) / 2 + PE
    Total System Jitter     (TSJ):    0.071ns
    Total Input Jitter      (TIJ):    0.000ns
    Discrete Jitter          (DJ):    0.000ns
    Phase Error              (PE):    0.000ns

    Location             Delay type                Incr(ns)  Path(ns)    Netlist Resource(s)
  -------------------------------------------------------------------    -------------------
                         (clock sys_clk rise edge)    0.000     0.000 r  
                                                      0.000     0.000 r  clk (IN)
                         net (fo=11116, unset)        0.973     0.973    u_server/clk
                         FDRE                                         r  u_server/data_rnd_ctr_reg[3]/C
  -------------------------------------------------------------------    -------------------
                         FDRE (Prop_fdre_C_Q)         0.456     1.429 r  u_server/data_rnd_ctr_reg[3]/Q
                         net (fo=4, unplaced)         0.989     2.418    u_server/hash/sponge/state[2]_i_16__0_0[3]
                         LUT6 (Prop_lut6_I0_O)        0.295     2.713 r  u_server/hash/sponge/state[2]_i_15/O
                         net (fo=1, unplaced)         0.449     3.162    u_server/hash/sponge/state[2]_i_15_n_0
                         LUT6 (Prop_lut6_I0_O)        0.124     3.286 f  u_server/hash/sponge/state[2]_i_7__0/O
                         net (fo=3, unplaced)         0.467     3.753    u_server/hash/sponge/state[2]_i_7__0_n_0
                         LUT6 (Prop_lut6_I0_O)        0.124     3.877 f  u_server/hash/sponge/state[0]_i_8__0/O
                         net (fo=1, unplaced)         0.902     4.779    u_server/hash/sponge/state[0]_i_8__0_n_0
                         LUT6 (Prop_lut6_I0_O)        0.124     4.903 f  u_server/hash/sponge/state[0]_i_2__1/O
                         net (fo=1, unplaced)         0.902     5.805    u_server/hash/ififo_inst/inst/state_reg[0]_6
                         LUT6 (Prop_lut6_I0_O)        0.124     5.929 r  u_server/hash/ififo_inst/inst/state[0]_i_1__2/O
                         net (fo=7, unplaced)         0.999     6.928    u_server/hash/ofifo0_inst/inst/ififo_mode_reg[1]_0
                         LUT6 (Prop_lut6_I0_O)        0.124     7.052 r  u_server/hash/ofifo0_inst/inst/squeeze_ctr[5]_i_7/O
                         net (fo=1, unplaced)         0.449     7.501    u_server/hash/ofifo0_inst/inst/squeeze_ctr[5]_i_7_n_0
                         LUT6 (Prop_lut6_I5_O)        0.124     7.625 f  u_server/hash/ofifo0_inst/inst/squeeze_ctr[5]_i_4/O
                         net (fo=4, unplaced)         0.473     8.098    u_server/hash/sponge/squeeze_init_early
                         LUT6 (Prop_lut6_I2_O)        0.124     8.222 r  u_server/hash/sponge/squeeze_reg[1599]_i_6/O
                         net (fo=814, unplaced)       0.589     8.811    u_server/hash/sponge/block_reg121_out
                         LUT3 (Prop_lut3_I2_O)        0.124     8.935 r  u_server/hash/sponge/block_reg[127]_i_5/O
                         net (fo=122, unplaced)       0.524     9.459    u_server/hash/sponge/block_reg[127]_i_5_n_0
                         LUT3 (Prop_lut3_I0_O)        0.124     9.583 r  u_server/hash/sponge/block_reg[1599]_i_3/O
                         net (fo=50, unplaced)        0.531    10.114    u_server/hash/sponge/block_reg[1599]_i_3_n_0
                         LUT4 (Prop_lut4_I1_O)        0.124    10.238 r  u_server/hash/sponge/block_reg[31]_i_1/O
                         net (fo=32, unplaced)        0.544    10.782    u_server/hash/sponge/block_reg[31]_i_1_n_0
                         FDRE                                         r  u_server/hash/sponge/block_reg_reg[0]/CE
  -------------------------------------------------------------------    -------------------

                         (clock sys_clk rise edge)   20.000    20.000 r  
                                                      0.000    20.000 r  clk (IN)
                         net (fo=11116, unset)        0.924    20.924    u_server/hash/sponge/clk
                         FDRE                                         r  u_server/hash/sponge/block_reg_reg[0]/C
                         clock pessimism              0.000    20.924    
                         clock uncertainty           -0.035    20.889    
                         FDRE (Setup_fdre_C_CE)      -0.202    20.687    u_server/hash/sponge/block_reg_reg[0]
  -------------------------------------------------------------------
                         required time                         20.687    
                         arrival time                         -10.782    
  -------------------------------------------------------------------
                         slack                                  9.905    





Min Delay Paths
--------------------------------------------------------------------------------------
Slack (MET) :             0.196ns  (arrival time - required time)
  Source:                 u_server/eta3_r_reg[54]/C
                            (rising edge-triggered cell FDRE clocked by sys_clk  {rise@0.000ns fall@10.000ns period=20.000ns})
  Destination:            u_server/eta3_r_reg[56]_srl2___u_server_endp_r_reg_r_0/D
                            (rising edge-triggered cell SRL16E clocked by sys_clk  {rise@0.000ns fall@10.000ns period=20.000ns})
  Path Group:             sys_clk
  Path Type:              Hold (Min at Fast Process Corner)
  Requirement:            0.000ns  (sys_clk rise@0.000ns - sys_clk rise@0.000ns)
  Data Path Delay:        0.282ns  (logic 0.141ns (50.038%)  route 0.141ns (49.962%))
  Logic Levels:           0  
  Clock Path Skew:        0.022ns (DCD - SCD - CPR)
    Destination Clock Delay (DCD):    0.432ns
    Source Clock Delay      (SCD):    0.410ns
    Clock Pessimism Removal (CPR):    -0.000ns

    Location             Delay type                Incr(ns)  Path(ns)    Netlist Resource(s)
  -------------------------------------------------------------------    -------------------
                         (clock sys_clk rise edge)    0.000     0.000 r  
                                                      0.000     0.000 r  clk (IN)
                         net (fo=11116, unset)        0.410     0.410    u_server/clk
                         FDRE                                         r  u_server/eta3_r_reg[54]/C
  -------------------------------------------------------------------    -------------------
                         FDRE (Prop_fdre_C_Q)         0.141     0.551 r  u_server/eta3_r_reg[54]/Q
                         net (fo=1, unplaced)         0.141     0.692    u_server/eta3_r_reg_n_0_[54]
                         SRL16E                                       r  u_server/eta3_r_reg[56]_srl2___u_server_endp_r_reg_r_0/D
  -------------------------------------------------------------------    -------------------

                         (clock sys_clk rise edge)    0.000     0.000 r  
                                                      0.000     0.000 r  clk (IN)
                         net (fo=11116, unset)        0.432     0.432    u_server/clk
                         SRL16E                                       r  u_server/eta3_r_reg[56]_srl2___u_server_endp_r_reg_r_0/CLK
                         clock pessimism              0.000     0.432    
                         SRL16E (Hold_srl16e_CLK_D)
                                                      0.064     0.496    u_server/eta3_r_reg[56]_srl2___u_server_endp_r_reg_r_0
  -------------------------------------------------------------------
                         required time                         -0.496    
                         arrival time                           0.692    
  -------------------------------------------------------------------
                         slack                                  0.196    





Pulse Width Checks
--------------------------------------------------------------------------------------
Clock Name:         sys_clk
Waveform(ns):       { 0.000 10.000 }
Period(ns):         20.000
Sources:            { clk }

Check Type        Corner  Lib Pin      Reference Pin  Required(ns)  Actual(ns)  Slack(ns)  Location  Pin
Min Period        n/a     DSP48E1/CLK  n/a            3.884         20.000      16.116               u_server/ntt/BU/M1/u_mult/product_reg_reg/CLK
Low Pulse Width   Slow    SRL16E/CLK   n/a            0.980         10.000      9.020                u_server/ntt/S10/inst/gen_depth_gt1.shift_reg_reg[7][0]_srl8/CLK
High Pulse Width  Slow    SRL16E/CLK   n/a            0.980         10.000      9.020                u_server/ntt/S10/inst/gen_depth_gt1.shift_reg_reg[7][0]_srl8/CLK



--------------------------------------------------------------------------------------
Path Group:  (none)
From Clock:  sys_clk
  To Clock:  

Max Delay           293 Endpoints
Min Delay           293 Endpoints
--------------------------------------------------------------------------------------


Max Delay Paths
--------------------------------------------------------------------------------------
Slack:                    inf
  Source:                 u_server/hash/ofifo0_inst/inst/wr_ptr_reg[3]/C
                            (rising edge-triggered cell FDRE clocked by sys_clk  {rise@0.000ns fall@10.000ns period=20.000ns})
  Destination:            done
                            (output port)
  Path Group:             (none)
  Path Type:              Max at Slow Process Corner
  Data Path Delay:        6.497ns  (logic 1.921ns (29.567%)  route 4.576ns (70.433%))
  Logic Levels:           7  (CARRY4=1 LUT2=1 LUT6=5)
  Clock Uncertainty:      0.025ns  ((TSJ^2 + TIJ^2)^1/2 + DJ) / 2 + PE
    Total System Jitter     (TSJ):    0.050ns
    Total Input Jitter      (TIJ):    0.000ns
    Discrete Jitter          (DJ):    0.000ns
    Phase Error              (PE):    0.000ns

    Location             Delay type                Incr(ns)  Path(ns)    Netlist Resource(s)
  -------------------------------------------------------------------    -------------------
                         (clock sys_clk rise edge)    0.000     0.000 r  
                                                      0.000     0.000 r  clk (IN)
                         net (fo=11116, unset)        0.973     0.973    u_server/hash/ofifo0_inst/inst/clk
                         FDRE                                         r  u_server/hash/ofifo0_inst/inst/wr_ptr_reg[3]/C
  -------------------------------------------------------------------    -------------------
                         FDRE (Prop_fdre_C_Q)         0.456     1.429 r  u_server/hash/ofifo0_inst/inst/wr_ptr_reg[3]/Q
                         net (fo=4, unplaced)         0.989     2.418    u_server/hash/ofifo0_inst/inst/wr_ptr_reg[3]
                         LUT6 (Prop_lut6_I0_O)        0.295     2.713 r  u_server/hash/ofifo0_inst/inst/wr_full0_carry_i_3/O
                         net (fo=1, unplaced)         0.000     2.713    u_server/hash/ofifo0_inst/inst/wr_full0_carry_i_3_n_0
                         CARRY4 (Prop_carry4_S[1]_CO[3])
                                                      0.550     3.263 r  u_server/hash/ofifo0_inst/inst/wr_full0_carry/CO[3]
                         net (fo=5, unplaced)         0.749     4.012    u_server/hash/ofifo0_inst/inst/wr_full0
                         LUT6 (Prop_lut6_I2_O)        0.124     4.136 f  u_server/hash/ofifo0_inst/inst/state[5]_i_14/O
                         net (fo=5, unplaced)         0.477     4.613    u_server/hash/ofifo0_inst/inst/wr_ptr_reg[11]_0
                         LUT6 (Prop_lut6_I0_O)        0.124     4.737 f  u_server/hash/ofifo0_inst/inst/state[3]_i_4__0/O
                         net (fo=1, unplaced)         0.449     5.186    u_server/hash/ofifo0_inst/inst/state[3]_i_4__0_n_0
                         LUT6 (Prop_lut6_I4_O)        0.124     5.310 f  u_server/hash/ofifo0_inst/inst/state[3]_i_1__2/O
                         net (fo=9, unplaced)         0.490     5.800    u_server/ntt/done_1
                         LUT2 (Prop_lut2_I1_O)        0.124     5.924 f  u_server/ntt/done_INST_0_i_2/O
                         net (fo=1, unplaced)         0.449     6.373    u_server/ntt/done_INST_0_i_2_n_0
                         LUT6 (Prop_lut6_I5_O)        0.124     6.497 r  u_server/ntt/done_INST_0/O
                         net (fo=0)                   0.973     7.470    done
                                                                      r  done (OUT)
  -------------------------------------------------------------------    -------------------





Min Delay Paths
--------------------------------------------------------------------------------------
Slack:                    inf
  Source:                 u_server/K_reg[0]/C
                            (rising edge-triggered cell FDRE clocked by sys_clk  {rise@0.000ns fall@10.000ns period=20.000ns})
  Destination:            K[0]
                            (output port)
  Path Group:             (none)
  Path Type:              Min at Fast Process Corner
  Data Path Delay:        0.551ns  (logic 0.141ns (25.583%)  route 0.410ns (74.417%))
  Logic Levels:           0  
  Clock Uncertainty:      0.025ns  ((TSJ^2 + TIJ^2)^1/2 + DJ) / 2 + PE
    Total System Jitter     (TSJ):    0.050ns
    Total Input Jitter      (TIJ):    0.000ns
    Discrete Jitter          (DJ):    0.000ns
    Phase Error              (PE):    0.000ns

    Location             Delay type                Incr(ns)  Path(ns)    Netlist Resource(s)
  -------------------------------------------------------------------    -------------------
                         (clock sys_clk rise edge)    0.000     0.000 r  
                                                      0.000     0.000 r  clk (IN)
                         net (fo=11116, unset)        0.410     0.410    u_server/clk
                         FDRE                                         r  u_server/K_reg[0]/C
  -------------------------------------------------------------------    -------------------
                         FDRE (Prop_fdre_C_Q)         0.141     0.551 r  u_server/K_reg[0]/Q
                         net (fo=2, unset)            0.410     0.961    K[0]
                                                                      r  K[0] (OUT)
  -------------------------------------------------------------------    -------------------





--------------------------------------------------------------------------------------
Path Group:  (none)
From Clock:  
  To Clock:  sys_clk

Max Delay         24288 Endpoints
Min Delay         24288 Endpoints
--------------------------------------------------------------------------------------


Max Delay Paths
--------------------------------------------------------------------------------------
Slack:                    inf
  Source:                 start
                            (input port)
  Destination:            u_server/hash/sponge/block_reg_reg[0]/CE
                            (rising edge-triggered cell FDRE clocked by sys_clk  {rise@0.000ns fall@10.000ns period=20.000ns})
  Path Group:             (none)
  Path Type:              Setup (Max at Slow Process Corner)
  Data Path Delay:        7.728ns  (logic 1.116ns (14.441%)  route 6.612ns (85.559%))
  Logic Levels:           9  (LUT3=2 LUT4=1 LUT6=6)
  Clock Path Skew:        0.924ns (DCD - SCD + CPR)
    Destination Clock Delay (DCD):    0.924ns
    Source Clock Delay      (SCD):    0.000ns
    Clock Pessimism Removal (CPR):    0.000ns

    Location             Delay type                Incr(ns)  Path(ns)    Netlist Resource(s)
  -------------------------------------------------------------------    -------------------
                                                      0.000     0.000 r  start (IN)
                         net (fo=13, unset)           0.973     0.973    u_server/hash/sponge/start
                         LUT6 (Prop_lut6_I5_O)        0.124     1.097 r  u_server/hash/sponge/state[0]_i_19/O
                         net (fo=1, unplaced)         0.419     1.516    u_server/hash/sponge/state[0]_i_19_n_0
                         LUT6 (Prop_lut6_I1_O)        0.124     1.640 f  u_server/hash/sponge/state[0]_i_5/O
                         net (fo=1, unplaced)         1.111     2.751    u_server/hash/ififo_inst/inst/state_reg[0]_8
                         LUT6 (Prop_lut6_I3_O)        0.124     2.875 r  u_server/hash/ififo_inst/inst/state[0]_i_1__2/O
                         net (fo=7, unplaced)         0.999     3.874    u_server/hash/ofifo0_inst/inst/ififo_mode_reg[1]_0
                         LUT6 (Prop_lut6_I0_O)        0.124     3.998 r  u_server/hash/ofifo0_inst/inst/squeeze_ctr[5]_i_7/O
                         net (fo=1, unplaced)         0.449     4.447    u_server/hash/ofifo0_inst/inst/squeeze_ctr[5]_i_7_n_0
                         LUT6 (Prop_lut6_I5_O)        0.124     4.571 f  u_server/hash/ofifo0_inst/inst/squeeze_ctr[5]_i_4/O
                         net (fo=4, unplaced)         0.473     5.044    u_server/hash/sponge/squeeze_init_early
                         LUT6 (Prop_lut6_I2_O)        0.124     5.168 r  u_server/hash/sponge/squeeze_reg[1599]_i_6/O
                         net (fo=814, unplaced)       0.589     5.757    u_server/hash/sponge/block_reg121_out
                         LUT3 (Prop_lut3_I2_O)        0.124     5.881 r  u_server/hash/sponge/block_reg[127]_i_5/O
                         net (fo=122, unplaced)       0.524     6.405    u_server/hash/sponge/block_reg[127]_i_5_n_0
                         LUT3 (Prop_lut3_I0_O)        0.124     6.529 r  u_server/hash/sponge/block_reg[1599]_i_3/O
                         net (fo=50, unplaced)        0.531     7.060    u_server/hash/sponge/block_reg[1599]_i_3_n_0
                         LUT4 (Prop_lut4_I1_O)        0.124     7.184 r  u_server/hash/sponge/block_reg[31]_i_1/O
                         net (fo=32, unplaced)        0.544     7.728    u_server/hash/sponge/block_reg[31]_i_1_n_0
                         FDRE                                         r  u_server/hash/sponge/block_reg_reg[0]/CE
  -------------------------------------------------------------------    -------------------

                         (clock sys_clk rise edge)    0.000     0.000 r  
                                                      0.000     0.000 r  clk (IN)
                         net (fo=11116, unset)        0.924     0.924    u_server/hash/sponge/clk
                         FDRE                                         r  u_server/hash/sponge/block_reg_reg[0]/C





Min Delay Paths
--------------------------------------------------------------------------------------
Slack:                    inf
  Source:                 rst
                            (input port)
  Destination:            u_server/K_reg[0]/R
                            (rising edge-triggered cell FDRE clocked by sys_clk  {rise@0.000ns fall@10.000ns period=20.000ns})
  Path Group:             (none)
  Path Type:              Hold (Min at Fast Process Corner)
  Data Path Delay:        0.410ns  (logic 0.000ns (0.000%)  route 0.410ns (100.000%))
  Logic Levels:           0  
  Clock Path Skew:        0.432ns (DCD - SCD - CPR)
    Destination Clock Delay (DCD):    0.432ns
    Source Clock Delay      (SCD):    0.000ns
    Clock Pessimism Removal (CPR):    -0.000ns

    Location             Delay type                Incr(ns)  Path(ns)    Netlist Resource(s)
  -------------------------------------------------------------------    -------------------
                                                      0.000     0.000 r  rst (IN)
                         net (fo=5841, unset)         0.410     0.410    u_server/rst
                         FDRE                                         r  u_server/K_reg[0]/R
  -------------------------------------------------------------------    -------------------

                         (clock sys_clk rise edge)    0.000     0.000 r  
                                                      0.000     0.000 r  clk (IN)
                         net (fo=11116, unset)        0.432     0.432    u_server/clk
                         FDRE                                         r  u_server/K_reg[0]/C





