Copyright 1986-2020 Xilinx, Inc. All Rights Reserved.
-----------------------------------------------------------------------------------------------------------------------------------------------------------------------------------------------------------
| Tool Version : Vivado v.2020.1 (lin64) Build 2902540 Wed May 27 19:54:35 MDT 2020
| Date         : Wed Sep  9 14:26:07 2026
| Host         : donglong-P7xxTM-1 running 64-bit Ubuntu 22.04.5 LTS
| Command      : check_timing -verbose -file /home/donglong/Documents/Duy_prj/KECCAK_OPTIMIZE_POWER/OPTIMIZE_POWER/kyber_puf_fpga_delivery/build/fpga_split/arty35t_probe_20260909/client/check_timing.rpt
| Design       : fpga_split_client_k2
| Device       : 7a35ti-csg324
| Speed File   : -1L  PRODUCTION 1.23 2018-06-13
-----------------------------------------------------------------------------------------------------------------------------------------------------------------------------------------------------------


check_timing report

Table of Contents
-----------------
1. checking no_clock (0)
2. checking constant_clock (0)
3. checking pulse_width_clock (0)
4. checking unconstrained_internal_endpoints (0)
5. checking no_input_delay (305)
6. checking no_output_delay (293)
7. checking multiple_clock (0)
8. checking generated_clocks (0)
9. checking loops (0)
10. checking partial_input_delay (0)
11. checking partial_output_delay (0)
12. checking latch_loops (0)

1. checking no_clock (0)
------------------------
 There are 0 register/latch pins with no clock.


2. checking constant_clock (0)
------------------------------
 There are 0 register/latch pins with constant_clock.


3. checking pulse_width_clock (0)
---------------------------------
 There are 0 register/latch pins which need pulse_width check


4. checking unconstrained_internal_endpoints (0)
------------------------------------------------
 There are 0 pins that are not constrained for maximum delay.

 There are 0 pins that are not constrained for maximum delay due to constant clock.


5. checking no_input_delay (305)
--------------------------------
 There are 305 input ports with no input delay specified. (HIGH)

din[0]
din[10]
din[11]
din[12]
din[13]
din[14]
din[15]
din[16]
din[17]
din[18]
din[19]
din[1]
din[20]
din[21]
din[22]
din[23]
din[24]
din[25]
din[26]
din[27]
din[28]
din[29]
din[2]
din[30]
din[31]
din[3]
din[4]
din[5]
din[6]
din[7]
din[8]
din[9]
ready_pk
req_c
rst
scrub_addr[0]
scrub_addr[10]
scrub_addr[1]
scrub_addr[2]
scrub_addr[3]
scrub_addr[4]
scrub_addr[5]
scrub_addr[6]
scrub_addr[7]
scrub_addr[8]
scrub_addr[9]
scrub_en
seed_m[0]
seed_m[100]
seed_m[101]
seed_m[102]
seed_m[103]
seed_m[104]
seed_m[105]
seed_m[106]
seed_m[107]
seed_m[108]
seed_m[109]
seed_m[10]
seed_m[110]
seed_m[111]
seed_m[112]
seed_m[113]
seed_m[114]
seed_m[115]
seed_m[116]
seed_m[117]
seed_m[118]
seed_m[119]
seed_m[11]
seed_m[120]
seed_m[121]
seed_m[122]
seed_m[123]
seed_m[124]
seed_m[125]
seed_m[126]
seed_m[127]
seed_m[128]
seed_m[129]
seed_m[12]
seed_m[130]
seed_m[131]
seed_m[132]
seed_m[133]
seed_m[134]
seed_m[135]
seed_m[136]
seed_m[137]
seed_m[138]
seed_m[139]
seed_m[13]
seed_m[140]
seed_m[141]
seed_m[142]
seed_m[143]
seed_m[144]
seed_m[145]
seed_m[146]
seed_m[147]
seed_m[148]
seed_m[149]
seed_m[14]
seed_m[150]
seed_m[151]
seed_m[152]
seed_m[153]
seed_m[154]
seed_m[155]
seed_m[156]
seed_m[157]
seed_m[158]
seed_m[159]
seed_m[15]
seed_m[160]
seed_m[161]
seed_m[162]
seed_m[163]
seed_m[164]
seed_m[165]
seed_m[166]
seed_m[167]
seed_m[168]
seed_m[169]
seed_m[16]
seed_m[170]
seed_m[171]
seed_m[172]
seed_m[173]
seed_m[174]
seed_m[175]
seed_m[176]
seed_m[177]
seed_m[178]
seed_m[179]
seed_m[17]
seed_m[180]
seed_m[181]
seed_m[182]
seed_m[183]
seed_m[184]
seed_m[185]
seed_m[186]
seed_m[187]
seed_m[188]
seed_m[189]
seed_m[18]
seed_m[190]
seed_m[191]
seed_m[192]
seed_m[193]
seed_m[194]
seed_m[195]
seed_m[196]
seed_m[197]
seed_m[198]
seed_m[199]
seed_m[19]
seed_m[1]
seed_m[200]
seed_m[201]
seed_m[202]
seed_m[203]
seed_m[204]
seed_m[205]
seed_m[206]
seed_m[207]
seed_m[208]
seed_m[209]
seed_m[20]
seed_m[210]
seed_m[211]
seed_m[212]
seed_m[213]
seed_m[214]
seed_m[215]
seed_m[216]
seed_m[217]
seed_m[218]
seed_m[219]
seed_m[21]
seed_m[220]
seed_m[221]
seed_m[222]
seed_m[223]
seed_m[224]
seed_m[225]
seed_m[226]
seed_m[227]
seed_m[228]
seed_m[229]
seed_m[22]
seed_m[230]
seed_m[231]
seed_m[232]
seed_m[233]
seed_m[234]
seed_m[235]
seed_m[236]
seed_m[237]
seed_m[238]
seed_m[239]
seed_m[23]
seed_m[240]
seed_m[241]
seed_m[242]
seed_m[243]
seed_m[244]
seed_m[245]
seed_m[246]
seed_m[247]
seed_m[248]
seed_m[249]
seed_m[24]
seed_m[250]
seed_m[251]
seed_m[252]
seed_m[253]
seed_m[254]
seed_m[255]
seed_m[25]
seed_m[26]
seed_m[27]
seed_m[28]
seed_m[29]
seed_m[2]
seed_m[30]
seed_m[31]
seed_m[32]
seed_m[33]
seed_m[34]
seed_m[35]
seed_m[36]
seed_m[37]
seed_m[38]
seed_m[39]
seed_m[3]
seed_m[40]
seed_m[41]
seed_m[42]
seed_m[43]
seed_m[44]
seed_m[45]
seed_m[46]
seed_m[47]
seed_m[48]
seed_m[49]
seed_m[4]
seed_m[50]
seed_m[51]
seed_m[52]
seed_m[53]
seed_m[54]
seed_m[55]
seed_m[56]
seed_m[57]
seed_m[58]
seed_m[59]
seed_m[5]
seed_m[60]
seed_m[61]
seed_m[62]
seed_m[63]
seed_m[64]
seed_m[65]
seed_m[66]
seed_m[67]
seed_m[68]
seed_m[69]
seed_m[6]
seed_m[70]
seed_m[71]
seed_m[72]
seed_m[73]
seed_m[74]
seed_m[75]
seed_m[76]
seed_m[77]
seed_m[78]
seed_m[79]
seed_m[7]
seed_m[80]
seed_m[81]
seed_m[82]
seed_m[83]
seed_m[84]
seed_m[85]
seed_m[86]
seed_m[87]
seed_m[88]
seed_m[89]
seed_m[8]
seed_m[90]
seed_m[91]
seed_m[92]
seed_m[93]
seed_m[94]
seed_m[95]
seed_m[96]
seed_m[97]
seed_m[98]
seed_m[99]
seed_m[9]
start
wen

 There are 0 input ports with no input delay but user has a false path constraint.


6. checking no_output_delay (293)
---------------------------------
 There are 293 ports with no output delay specified. (HIGH)

K[0]
K[100]
K[101]
K[102]
K[103]
K[104]
K[105]
K[106]
K[107]
K[108]
K[109]
K[10]
K[110]
K[111]
K[112]
K[113]
K[114]
K[115]
K[116]
K[117]
K[118]
K[119]
K[11]
K[120]
K[121]
K[122]
K[123]
K[124]
K[125]
K[126]
K[127]
K[128]
K[129]
K[12]
K[130]
K[131]
K[132]
K[133]
K[134]
K[135]
K[136]
K[137]
K[138]
K[139]
K[13]
K[140]
K[141]
K[142]
K[143]
K[144]
K[145]
K[146]
K[147]
K[148]
K[149]
K[14]
K[150]
K[151]
K[152]
K[153]
K[154]
K[155]
K[156]
K[157]
K[158]
K[159]
K[15]
K[160]
K[161]
K[162]
K[163]
K[164]
K[165]
K[166]
K[167]
K[168]
K[169]
K[16]
K[170]
K[171]
K[172]
K[173]
K[174]
K[175]
K[176]
K[177]
K[178]
K[179]
K[17]
K[180]
K[181]
K[182]
K[183]
K[184]
K[185]
K[186]
K[187]
K[188]
K[189]
K[18]
K[190]
K[191]
K[192]
K[193]
K[194]
K[195]
K[196]
K[197]
K[198]
K[199]
K[19]
K[1]
K[200]
K[201]
K[202]
K[203]
K[204]
K[205]
K[206]
K[207]
K[208]
K[209]
K[20]
K[210]
K[211]
K[212]
K[213]
K[214]
K[215]
K[216]
K[217]
K[218]
K[219]
K[21]
K[220]
K[221]
K[222]
K[223]
K[224]
K[225]
K[226]
K[227]
K[228]
K[229]
K[22]
K[230]
K[231]
K[232]
K[233]
K[234]
K[235]
K[236]
K[237]
K[238]
K[239]
K[23]
K[240]
K[241]
K[242]
K[243]
K[244]
K[245]
K[246]
K[247]
K[248]
K[249]
K[24]
K[250]
K[251]
K[252]
K[253]
K[254]
K[255]
K[25]
K[26]
K[27]
K[28]
K[29]
K[2]
K[30]
K[31]
K[32]
K[33]
K[34]
K[35]
K[36]
K[37]
K[38]
K[39]
K[3]
K[40]
K[41]
K[42]
K[43]
K[44]
K[45]
K[46]
K[47]
K[48]
K[49]
K[4]
K[50]
K[51]
K[52]
K[53]
K[54]
K[55]
K[56]
K[57]
K[58]
K[59]
K[5]
K[60]
K[61]
K[62]
K[63]
K[64]
K[65]
K[66]
K[67]
K[68]
K[69]
K[6]
K[70]
K[71]
K[72]
K[73]
K[74]
K[75]
K[76]
K[77]
K[78]
K[79]
K[7]
K[80]
K[81]
K[82]
K[83]
K[84]
K[85]
K[86]
K[87]
K[88]
K[89]
K[8]
K[90]
K[91]
K[92]
K[93]
K[94]
K[95]
K[96]
K[97]
K[98]
K[99]
K[9]
done
dout[0]
dout[10]
dout[11]
dout[12]
dout[13]
dout[14]
dout[15]
dout[16]
dout[17]
dout[18]
dout[19]
dout[1]
dout[20]
dout[21]
dout[22]
dout[23]
dout[24]
dout[25]
dout[26]
dout[27]
dout[28]
dout[29]
dout[2]
dout[30]
dout[31]
dout[3]
dout[4]
dout[5]
dout[6]
dout[7]
dout[8]
dout[9]
ready_c
req_pk
valid
valid_out

 There are 0 ports with no output delay but user has a false path constraint

 There are 0 ports with no output delay but with a timing clock defined on it or propagating through it


7. checking multiple_clock (0)
------------------------------
 There are 0 register/latch pins with multiple clocks.


8. checking generated_clocks (0)
--------------------------------
 There are 0 generated clocks that are not connected to a clock source.


9. checking loops (0)
---------------------
 There are 0 combinational loops in the design.


10. checking partial_input_delay (0)
------------------------------------
 There are 0 input ports with partial input delay specified.


11. checking partial_output_delay (0)
-------------------------------------
 There are 0 ports with partial output delay specified.


12. checking latch_loops (0)
----------------------------
 There are 0 combinational latch loops in the design through latch input


