Copyright 1986-2020 Xilinx, Inc. All Rights Reserved.
-----------------------------------------------------------------------------------------------------------------------------------------------------------------------------------------------------------------------------------------------------------
| Tool Version : Vivado v.2020.1 (lin64) Build 2902540 Wed May 27 19:54:35 MDT 2020
| Date         : Wed Sep  9 14:26:07 2026
| Host         : donglong-P7xxTM-1 running 64-bit Ubuntu 22.04.5 LTS
| Command      : report_timing_summary -delay_type min_max -report_unconstrained -file /home/donglong/Documents/Duy_prj/KECCAK_OPTIMIZE_POWER/OPTIMIZE_POWER/kyber_puf_fpga_delivery/build/fpga_split/arty35t_probe_20260909/client/timing_preliminary.rpt
| Design       : fpga_split_client_k2
| Device       : 7a35ti-csg324
| Speed File   : -1L  PRODUCTION 1.23 2018-06-13
-----------------------------------------------------------------------------------------------------------------------------------------------------------------------------------------------------------------------------------------------------------

Timing Summary Report

------------------------------------------------------------------------------------------------
| Timer Settings
| --------------
------------------------------------------------------------------------------------------------

  Enable Multi Corner Analysis               :  Yes
  Enable Pessimism Removal                   :  Yes
  Pessimism Removal Resolution               :  Nearest Common Node
  Enable Input Delay Default Clock           :  No
  Enable Preset / Clear Arcs                 :  No
  Disable Flight Delays                      :  No
  Ignore I/O Paths                           :  No
  Timing Early Launch at Borrowing Latches   :  No
  Borrow Time for Max Delay Exceptions       :  Yes
  Merge Timing Exceptions                    :  Yes

  Corner  Analyze    Analyze    
  Name    Max Paths  Min Paths  
  ------  ---------  ---------  
  Slow    Yes        Yes        
  Fast    Yes        Yes        



check_timing report

Table of Contents
-----------------
1. checking no_clock (0)
2. checking constant_clock (0)
3. checking pulse_width_clock (0)
4. checking unconstrained_internal_endpoints (0)
5. checking no_input_delay (305)
6. checking no_output_delay (293)
7. checking multiple_clock (0)
8. checking generated_clocks (0)
9. checking loops (0)
10. checking partial_input_delay (0)
11. checking partial_output_delay (0)
12. checking latch_loops (0)

1. checking no_clock (0)
------------------------
 There are 0 register/latch pins with no clock.


2. checking constant_clock (0)
------------------------------
 There are 0 register/latch pins with constant_clock.


3. checking pulse_width_clock (0)
---------------------------------
 There are 0 register/latch pins which need pulse_width check


4. checking unconstrained_internal_endpoints (0)
------------------------------------------------
 There are 0 pins that are not constrained for maximum delay.

 There are 0 pins that are not constrained for maximum delay due to constant clock.


5. checking no_input_delay (305)
--------------------------------
 There are 305 input ports with no input delay specified. (HIGH)

 There are 0 input ports with no input delay but user has a false path constraint.


6. checking no_output_delay (293)
---------------------------------
 There are 293 ports with no output delay specified. (HIGH)

 There are 0 ports with no output delay but user has a false path constraint

 There are 0 ports with no output delay but with a timing clock defined on it or propagating through it


7. checking multiple_clock (0)
------------------------------
 There are 0 register/latch pins with multiple clocks.


8. checking generated_clocks (0)
--------------------------------
 There are 0 generated clocks that are not connected to a clock source.


9. checking loops (0)
---------------------
 There are 0 combinational loops in the design.


10. checking partial_input_delay (0)
------------------------------------
 There are 0 input ports with partial input delay specified.


11. checking partial_output_delay (0)
-------------------------------------
 There are 0 ports with partial output delay specified.


12. checking latch_loops (0)
----------------------------
 There are 0 combinational latch loops in the design through latch input



------------------------------------------------------------------------------------------------
| Design Timing Summary
| ---------------------
------------------------------------------------------------------------------------------------

    WNS(ns)      TNS(ns)  TNS Failing Endpoints  TNS Total Endpoints      WHS(ns)      THS(ns)  THS Failing Endpoints  THS Total Endpoints     WPWS(ns)     TPWS(ns)  TPWS Failing Endpoints  TPWS Total Endpoints  
    -------      -------  ---------------------  -------------------      -------      -------  ---------------------  -------------------     --------     --------  ----------------------  --------------------  
     10.654        0.000                      0                25584        0.196        0.000                      0                25584        9.020        0.000                       0                 10523  


All user specified timing constraints are met.


------------------------------------------------------------------------------------------------
| Clock Summary
| -------------
------------------------------------------------------------------------------------------------

Clock    Waveform(ns)       Period(ns)      Frequency(MHz)
-----    ------------       ----------      --------------
sys_clk  {0.000 10.000}     20.000          50.000          


------------------------------------------------------------------------------------------------
| Intra Clock Table
| -----------------
------------------------------------------------------------------------------------------------

Clock             WNS(ns)      TNS(ns)  TNS Failing Endpoints  TNS Total Endpoints      WHS(ns)      THS(ns)  THS Failing Endpoints  THS Total Endpoints     WPWS(ns)     TPWS(ns)  TPWS Failing Endpoints  TPWS Total Endpoints  
-----             -------      -------  ---------------------  -------------------      -------      -------  ---------------------  -------------------     --------     --------  ----------------------  --------------------  
sys_clk            10.654        0.000                      0                25584        0.196        0.000                      0                25584        9.020        0.000                       0                 10523  


------------------------------------------------------------------------------------------------
| Inter Clock Table
| -----------------
------------------------------------------------------------------------------------------------

From Clock    To Clock          WNS(ns)      TNS(ns)  TNS Failing Endpoints  TNS Total Endpoints      WHS(ns)      THS(ns)  THS Failing Endpoints  THS Total Endpoints  
----------    --------          -------      -------  ---------------------  -------------------      -------      -------  ---------------------  -------------------  


------------------------------------------------------------------------------------------------
| Other Path Groups Table
| -----------------------
------------------------------------------------------------------------------------------------

Path Group    From Clock    To Clock          WNS(ns)      TNS(ns)  TNS Failing Endpoints  TNS Total Endpoints      WHS(ns)      THS(ns)  THS Failing Endpoints  THS Total Endpoints  
----------    ----------    --------          -------      -------  ---------------------  -------------------      -------      -------  ---------------------  -------------------  


------------------------------------------------------------------------------------------------
| User Ignored Path Table
| -----------------------
------------------------------------------------------------------------------------------------

Path Group    From Clock    To Clock    
----------    ----------    --------    


------------------------------------------------------------------------------------------------
| Unconstrained Path Table
| ------------------------
------------------------------------------------------------------------------------------------

Path Group    From Clock    To Clock    
----------    ----------    --------    
(none)                                    
(none)        sys_clk                     
(none)                      sys_clk       


------------------------------------------------------------------------------------------------
| Timing Details
| --------------
------------------------------------------------------------------------------------------------


---------------------------------------------------------------------------------------------------
From Clock:  sys_clk
  To Clock:  sys_clk

Setup :            0  Failing Endpoints,  Worst Slack       10.654ns,  Total Violation        0.000ns
Hold  :            0  Failing Endpoints,  Worst Slack        0.196ns,  Total Violation        0.000ns
PW    :            0  Failing Endpoints,  Worst Slack        9.020ns,  Total Violation        0.000ns
---------------------------------------------------------------------------------------------------


Max Delay Paths
--------------------------------------------------------------------------------------
Slack (MET) :             10.654ns  (required time - arrival time)
  Source:                 u_client/hash/squeeze_ctr_reg[5]/C
                            (rising edge-triggered cell FDRE clocked by sys_clk  {rise@0.000ns fall@10.000ns period=20.000ns})
  Destination:            u_client/hash/ofifo_inst/inst/mem_reg_0/ENARDEN
                            (rising edge-triggered cell RAMB36E1 clocked by sys_clk  {rise@0.000ns fall@10.000ns period=20.000ns})
  Path Group:             sys_clk
  Path Type:              Setup (Max at Slow Process Corner)
  Requirement:            20.000ns  (sys_clk rise@20.000ns - sys_clk rise@0.000ns)
  Data Path Delay:        8.819ns  (logic 1.743ns (19.765%)  route 7.076ns (80.235%))
  Logic Levels:           9  (LUT4=1 LUT6=8)
  Clock Path Skew:        -0.049ns (DCD - SCD + CPR)
    Destination Clock Delay (DCD):    0.924ns = ( 20.924 - 20.000 ) 
    Source Clock Delay      (SCD):    0.973ns
    Clock Pessimism Removal (CPR):    0.000ns
  Clock Uncertainty:      0.035ns  ((TSJ^2 + TIJ^2)^1/2 + DJ) / 2 + PE
    Total System Jitter     (TSJ):    0.071ns
    Total Input Jitter      (TIJ):    0.000ns
    Discrete Jitter          (DJ):    0.000ns
    Phase Error              (PE):    0.000ns

    Location             Delay type                Incr(ns)  Path(ns)    Netlist Resource(s)
  -------------------------------------------------------------------    -------------------
                         (clock sys_clk rise edge)    0.000     0.000 r  
                                                      0.000     0.000 r  clk (IN)
                         net (fo=10522, unset)        0.973     0.973    u_client/hash/clk
                         FDRE                                         r  u_client/hash/squeeze_ctr_reg[5]/C
  -------------------------------------------------------------------    -------------------
                         FDRE (Prop_fdre_C_Q)         0.456     1.429 f  u_client/hash/squeeze_ctr_reg[5]/Q
                         net (fo=8, unplaced)         1.003     2.432    u_client/hash/sponge/Q[5]
                         LUT6 (Prop_lut6_I0_O)        0.295     2.727 f  u_client/hash/sponge/state[3]_i_6/O
                         net (fo=7, unplaced)         0.484     3.211    u_client/hash/sponge/state[3]_i_6_n_0
                         LUT6 (Prop_lut6_I3_O)        0.124     3.335 f  u_client/hash/sponge/done_INST_0_i_19/O
                         net (fo=1, unplaced)         0.902     4.237    u_client/hash/sponge/done_INST_0_i_19_n_0
                         LUT6 (Prop_lut6_I0_O)        0.124     4.361 r  u_client/hash/sponge/done_INST_0_i_5/O
                         net (fo=1, unplaced)         0.902     5.263    u_client/hash/ififo_inst/inst/state_reg[2]_2
                         LUT6 (Prop_lut6_I0_O)        0.124     5.387 r  u_client/hash/ififo_inst/inst/done_INST_0_i_1/O
                         net (fo=6, unplaced)         1.143     6.530    u_client/hash/sponge/keccak_init_pulse_reg_0
                         LUT6 (Prop_lut6_I1_O)        0.124     6.654 f  u_client/hash/sponge/squeeze_ctr[5]_i_7/O
                         net (fo=4, unplaced)         0.473     7.127    u_client/hash/sponge/squeeze_ctr[5]_i_7_n_0
                         LUT4 (Prop_lut4_I2_O)        0.124     7.251 f  u_client/hash/sponge/squeeze_ctr[5]_i_4/O
                         net (fo=2, unplaced)         0.460     7.711    u_client/hash/sponge/squeeze_ctr[5]_i_4_n_0
                         LUT6 (Prop_lut6_I2_O)        0.124     7.835 f  u_client/hash/sponge/wr_ptr[10]_i_13/O
                         net (fo=1, unplaced)         0.449     8.284    u_client/hash/sponge/wr_ptr[10]_i_13_n_0
                         LUT6 (Prop_lut6_I5_O)        0.124     8.408 f  u_client/hash/sponge/wr_ptr[10]_i_5/O
                         net (fo=2, unplaced)         0.460     8.868    u_client/hash/sponge/tag_capture_pending_reg
                         LUT6 (Prop_lut6_I1_O)        0.124     8.992 r  u_client/hash/sponge/mem_reg_0_i_1/O
                         net (fo=2, unplaced)         0.800     9.792    u_client/hash/ofifo_inst/inst/mem_write_en
                         RAMB36E1                                     r  u_client/hash/ofifo_inst/inst/mem_reg_0/ENARDEN
  -------------------------------------------------------------------    -------------------

                         (clock sys_clk rise edge)   20.000    20.000 r  
                                                      0.000    20.000 r  clk (IN)
                         net (fo=10522, unset)        0.924    20.924    u_client/hash/ofifo_inst/inst/clk
                         RAMB36E1                                     r  u_client/hash/ofifo_inst/inst/mem_reg_0/CLKARDCLK
                         clock pessimism              0.000    20.924    
                         clock uncertainty           -0.035    20.889    
                         RAMB36E1 (Setup_ramb36e1_CLKARDCLK_ENARDEN)
                                                     -0.443    20.446    u_client/hash/ofifo_inst/inst/mem_reg_0
  -------------------------------------------------------------------
                         required time                         20.446    
                         arrival time                          -9.792    
  -------------------------------------------------------------------
                         slack                                 10.654    





Min Delay Paths
--------------------------------------------------------------------------------------
Slack (MET) :             0.196ns  (arrival time - required time)
  Source:                 u_client/eta3_r_reg[66]/C
                            (rising edge-triggered cell FDSE clocked by sys_clk  {rise@0.000ns fall@10.000ns period=20.000ns})
  Destination:            u_client/eta3_r_reg[68]_srl2___u_client_endp_r_reg_r_0/D
                            (rising edge-triggered cell SRL16E clocked by sys_clk  {rise@0.000ns fall@10.000ns period=20.000ns})
  Path Group:             sys_clk
  Path Type:              Hold (Min at Fast Process Corner)
  Requirement:            0.000ns  (sys_clk rise@0.000ns - sys_clk rise@0.000ns)
  Data Path Delay:        0.282ns  (logic 0.141ns (50.038%)  route 0.141ns (49.962%))
  Logic Levels:           0  
  Clock Path Skew:        0.022ns (DCD - SCD - CPR)
    Destination Clock Delay (DCD):    0.432ns
    Source Clock Delay      (SCD):    0.410ns
    Clock Pessimism Removal (CPR):    -0.000ns

    Location             Delay type                Incr(ns)  Path(ns)    Netlist Resource(s)
  -------------------------------------------------------------------    -------------------
                         (clock sys_clk rise edge)    0.000     0.000 r  
                                                      0.000     0.000 r  clk (IN)
                         net (fo=10522, unset)        0.410     0.410    u_client/clk
                         FDSE                                         r  u_client/eta3_r_reg[66]/C
  -------------------------------------------------------------------    -------------------
                         FDSE (Prop_fdse_C_Q)         0.141     0.551 r  u_client/eta3_r_reg[66]/Q
                         net (fo=1, unplaced)         0.141     0.692    u_client/eta3_r__0[66]
                         SRL16E                                       r  u_client/eta3_r_reg[68]_srl2___u_client_endp_r_reg_r_0/D
  -------------------------------------------------------------------    -------------------

                         (clock sys_clk rise edge)    0.000     0.000 r  
                                                      0.000     0.000 r  clk (IN)
                         net (fo=10522, unset)        0.432     0.432    u_client/clk
                         SRL16E                                       r  u_client/eta3_r_reg[68]_srl2___u_client_endp_r_reg_r_0/CLK
                         clock pessimism              0.000     0.432    
                         SRL16E (Hold_srl16e_CLK_D)
                                                      0.064     0.496    u_client/eta3_r_reg[68]_srl2___u_client_endp_r_reg_r_0
  -------------------------------------------------------------------
                         required time                         -0.496    
                         arrival time                           0.692    
  -------------------------------------------------------------------
                         slack                                  0.196    





Pulse Width Checks
--------------------------------------------------------------------------------------
Clock Name:         sys_clk
Waveform(ns):       { 0.000 10.000 }
Period(ns):         20.000
Sources:            { clk }

Check Type        Corner  Lib Pin      Reference Pin  Required(ns)  Actual(ns)  Slack(ns)  Location  Pin
Min Period        n/a     DSP48E1/CLK  n/a            3.884         20.000      16.116               u_client/ntt/BU/M1/u_mult/product_reg_reg/CLK
Low Pulse Width   Slow    SRL16E/CLK   n/a            0.980         10.000      9.020                u_client/ntt/S10/inst/gen_depth_gt1.shift_reg_reg[7][0]_srl8/CLK
High Pulse Width  Slow    SRL16E/CLK   n/a            0.980         10.000      9.020                u_client/ntt/S10/inst/gen_depth_gt1.shift_reg_reg[7][0]_srl8/CLK



--------------------------------------------------------------------------------------
Path Group:  (none)
From Clock:  
  To Clock:  

Max Delay             1 Endpoint
Min Delay             1 Endpoint
--------------------------------------------------------------------------------------


Max Delay Paths
--------------------------------------------------------------------------------------
Slack:                    inf
  Source:                 start
                            (input port)
  Destination:            done
                            (output port)
  Path Group:             (none)
  Path Type:              Max at Slow Process Corner
  Data Path Delay:        4.037ns  (logic 0.496ns (12.286%)  route 3.541ns (87.714%))
  Logic Levels:           4  (LUT3=1 LUT4=1 LUT6=2)

    Location             Delay type                Incr(ns)  Path(ns)    Netlist Resource(s)
  -------------------------------------------------------------------    -------------------
                                                      0.000     0.000 f  start (IN)
                         net (fo=8, unset)            0.973     0.973    u_client/hash/sponge/start
                         LUT6 (Prop_lut6_I5_O)        0.124     1.097 r  u_client/hash/sponge/done_INST_0_i_30/O
                         net (fo=1, unplaced)         0.449     1.546    u_client/hash/sponge/done_INST_0_i_30_n_0
                         LUT3 (Prop_lut3_I2_O)        0.124     1.670 f  u_client/hash/sponge/done_INST_0_i_15/O
                         net (fo=1, unplaced)         0.665     2.335    u_client/hash/sponge/done_INST_0_i_15_n_0
                         LUT6 (Prop_lut6_I0_O)        0.124     2.459 f  u_client/hash/sponge/done_INST_0_i_4/O
                         net (fo=6, unplaced)         0.481     2.940    u_client/hash/ififo_inst/inst/done_2
                         LUT4 (Prop_lut4_I3_O)        0.124     3.064 r  u_client/hash/ififo_inst/inst/done_INST_0/O
                         net (fo=0)                   0.973     4.037    done
                                                                      r  done (OUT)
  -------------------------------------------------------------------    -------------------





Min Delay Paths
--------------------------------------------------------------------------------------
Slack:                    inf
  Source:                 ready_pk
                            (input port)
  Destination:            done
                            (output port)
  Path Group:             (none)
  Path Type:              Min at Fast Process Corner
  Data Path Delay:        1.538ns  (logic 0.135ns (8.776%)  route 1.403ns (91.224%))
  Logic Levels:           3  (LUT4=1 LUT6=2)

    Location             Delay type                Incr(ns)  Path(ns)    Netlist Resource(s)
  -------------------------------------------------------------------    -------------------
                                                      0.000     0.000 r  ready_pk (IN)
                         net (fo=1, unset)            0.410     0.410    u_client/hash/ofifo1_inst/inst/ready_pk
                         LUT6 (Prop_lut6_I4_O)        0.045     0.455 r  u_client/hash/ofifo1_inst/inst/done_INST_0_i_7/O
                         net (fo=1, unplaced)         0.189     0.644    u_client/hash/ififo_inst/inst/state_reg[2]_3
                         LUT6 (Prop_lut6_I3_O)        0.045     0.689 f  u_client/hash/ififo_inst/inst/done_INST_0_i_1/O
                         net (fo=6, unplaced)         0.394     1.083    u_client/hash/ififo_inst/inst/state_reg[5]_rep
                         LUT4 (Prop_lut4_I0_O)        0.045     1.128 r  u_client/hash/ififo_inst/inst/done_INST_0/O
                         net (fo=0)                   0.410     1.538    done
                                                                      r  done (OUT)
  -------------------------------------------------------------------    -------------------





--------------------------------------------------------------------------------------
Path Group:  (none)
From Clock:  sys_clk
  To Clock:  

Max Delay           293 Endpoints
Min Delay           293 Endpoints
--------------------------------------------------------------------------------------


Max Delay Paths
--------------------------------------------------------------------------------------
Slack:                    inf
  Source:                 u_client/pad_ctr_reg[5]/C
                            (rising edge-triggered cell FDRE clocked by sys_clk  {rise@0.000ns fall@10.000ns period=20.000ns})
  Destination:            done
                            (output port)
  Path Group:             (none)
  Path Type:              Max at Slow Process Corner
  Data Path Delay:        6.515ns  (logic 1.365ns (20.952%)  route 5.150ns (79.048%))
  Logic Levels:           6  (LUT4=1 LUT5=1 LUT6=4)
  Clock Uncertainty:      0.025ns  ((TSJ^2 + TIJ^2)^1/2 + DJ) / 2 + PE
    Total System Jitter     (TSJ):    0.050ns
    Total Input Jitter      (TIJ):    0.000ns
    Discrete Jitter          (DJ):    0.000ns
    Phase Error              (PE):    0.000ns

    Location             Delay type                Incr(ns)  Path(ns)    Netlist Resource(s)
  -------------------------------------------------------------------    -------------------
                         (clock sys_clk rise edge)    0.000     0.000 r  
                                                      0.000     0.000 r  clk (IN)
                         net (fo=10522, unset)        0.973     0.973    u_client/clk
                         FDRE                                         r  u_client/pad_ctr_reg[5]/C
  -------------------------------------------------------------------    -------------------
                         FDRE (Prop_fdre_C_Q)         0.456     1.429 r  u_client/pad_ctr_reg[5]/Q
                         net (fo=2, unplaced)         0.976     2.405    u_client/hash/sponge/done_INST_0_i_36_0[5]
                         LUT6 (Prop_lut6_I0_O)        0.295     2.700 r  u_client/hash/sponge/done_INST_0_i_48/O
                         net (fo=3, unplaced)         0.467     3.167    u_client/hash/sponge/done_INST_0_i_48_n_0
                         LUT5 (Prop_lut5_I2_O)        0.118     3.285 f  u_client/hash/sponge/done_INST_0_i_42/O
                         net (fo=1, unplaced)         0.449     3.734    u_client/hash/sponge/done_INST_0_i_42_n_0
                         LUT6 (Prop_lut6_I0_O)        0.124     3.858 f  u_client/hash/sponge/done_INST_0_i_31/O
                         net (fo=1, unplaced)         0.902     4.760    u_client/hash/sponge/done_INST_0_i_31_n_0
                         LUT6 (Prop_lut6_I1_O)        0.124     4.884 f  u_client/hash/sponge/done_INST_0_i_16/O
                         net (fo=1, unplaced)         0.902     5.786    u_client/hash/sponge/done_INST_0_i_16_n_0
                         LUT6 (Prop_lut6_I1_O)        0.124     5.910 f  u_client/hash/sponge/done_INST_0_i_4/O
                         net (fo=6, unplaced)         0.481     6.391    u_client/hash/ififo_inst/inst/done_2
                         LUT4 (Prop_lut4_I3_O)        0.124     6.515 r  u_client/hash/ififo_inst/inst/done_INST_0/O
                         net (fo=0)                   0.973     7.488    done
                                                                      r  done (OUT)
  -------------------------------------------------------------------    -------------------





Min Delay Paths
--------------------------------------------------------------------------------------
Slack:                    inf
  Source:                 u_client/K_reg[0]/C
                            (rising edge-triggered cell FDRE clocked by sys_clk  {rise@0.000ns fall@10.000ns period=20.000ns})
  Destination:            K[0]
                            (output port)
  Path Group:             (none)
  Path Type:              Min at Fast Process Corner
  Data Path Delay:        0.551ns  (logic 0.141ns (25.583%)  route 0.410ns (74.417%))
  Logic Levels:           0  
  Clock Uncertainty:      0.025ns  ((TSJ^2 + TIJ^2)^1/2 + DJ) / 2 + PE
    Total System Jitter     (TSJ):    0.050ns
    Total Input Jitter      (TIJ):    0.000ns
    Discrete Jitter          (DJ):    0.000ns
    Phase Error              (PE):    0.000ns

    Location             Delay type                Incr(ns)  Path(ns)    Netlist Resource(s)
  -------------------------------------------------------------------    -------------------
                         (clock sys_clk rise edge)    0.000     0.000 r  
                                                      0.000     0.000 r  clk (IN)
                         net (fo=10522, unset)        0.410     0.410    u_client/clk
                         FDRE                                         r  u_client/K_reg[0]/C
  -------------------------------------------------------------------    -------------------
                         FDRE (Prop_fdre_C_Q)         0.141     0.551 r  u_client/K_reg[0]/Q
                         net (fo=2, unset)            0.410     0.961    K[0]
                                                                      r  K[0] (OUT)
  -------------------------------------------------------------------    -------------------





--------------------------------------------------------------------------------------
Path Group:  (none)
From Clock:  
  To Clock:  sys_clk

Max Delay         23564 Endpoints
Min Delay         23564 Endpoints
--------------------------------------------------------------------------------------


Max Delay Paths
--------------------------------------------------------------------------------------
Slack:                    inf
  Source:                 ready_pk
                            (input port)
  Destination:            u_client/hash/sponge/block_reg_reg[804]/D
                            (rising edge-triggered cell FDRE clocked by sys_clk  {rise@0.000ns fall@10.000ns period=20.000ns})
  Path Group:             (none)
  Path Type:              Setup (Max at Slow Process Corner)
  Data Path Delay:        6.373ns  (logic 1.018ns (15.974%)  route 5.355ns (84.026%))
  Logic Levels:           8  (LUT3=1 LUT4=2 LUT6=5)
  Clock Path Skew:        0.924ns (DCD - SCD + CPR)
    Destination Clock Delay (DCD):    0.924ns
    Source Clock Delay      (SCD):    0.000ns
    Clock Pessimism Removal (CPR):    0.000ns

    Location             Delay type                Incr(ns)  Path(ns)    Netlist Resource(s)
  -------------------------------------------------------------------    -------------------
                                                      0.000     0.000 r  ready_pk (IN)
                         net (fo=1, unset)            0.973     0.973    u_client/hash/ofifo1_inst/inst/ready_pk
                         LUT6 (Prop_lut6_I4_O)        0.124     1.097 f  u_client/hash/ofifo1_inst/inst/state[3]_i_4__0/O
                         net (fo=1, unplaced)         0.449     1.546    u_client/hash/sponge/state_reg[3]_4
                         LUT6 (Prop_lut6_I3_O)        0.124     1.670 r  u_client/hash/sponge/state[3]_i_1/O
                         net (fo=4, unplaced)         0.926     2.596    u_client/hash/sponge/state_reg[5]_rep
                         LUT6 (Prop_lut6_I0_O)        0.124     2.720 r  u_client/hash/sponge/squeeze_ctr[5]_i_5/O
                         net (fo=3, unplaced)         0.920     3.640    u_client/hash/sponge/squeeze_ctr[5]_i_5_n_0
                         LUT4 (Prop_lut4_I0_O)        0.150     3.790 r  u_client/hash/sponge/squeeze_reg[1599]_i_7/O
                         net (fo=2, unplaced)         0.460     4.250    u_client/hash/sponge/squeeze_reg[1599]_i_7_n_0
                         LUT6 (Prop_lut6_I5_O)        0.124     4.374 r  u_client/hash/sponge/squeeze_reg[1599]_i_5/O
                         net (fo=808, unplaced)       0.589     4.963    u_client/hash/sponge/block_reg121_out
                         LUT3 (Prop_lut3_I1_O)        0.124     5.087 r  u_client/hash/sponge/block_reg[1599]_i_6/O
                         net (fo=801, unplaced)       0.589     5.676    u_client/hash/sponge/algo_inst/STEP_MAPPING_5/block_reg_reg[1599]_1
                         LUT6 (Prop_lut6_I1_O)        0.124     5.800 r  u_client/hash/sponge/algo_inst/STEP_MAPPING_5/block_reg[804]_i_2/O
                         net (fo=1, unplaced)         0.449     6.249    u_client/hash/sponge/algo_inst/STEP_MAPPING_5/block_reg[804]_i_2_n_0
                         LUT4 (Prop_lut4_I2_O)        0.124     6.373 r  u_client/hash/sponge/algo_inst/STEP_MAPPING_5/block_reg[804]_i_1/O
                         net (fo=1, unplaced)         0.000     6.373    u_client/hash/sponge/algo_inst_n_1602
                         FDRE                                         r  u_client/hash/sponge/block_reg_reg[804]/D
  -------------------------------------------------------------------    -------------------

                         (clock sys_clk rise edge)    0.000     0.000 r  
                                                      0.000     0.000 r  clk (IN)
                         net (fo=10522, unset)        0.924     0.924    u_client/hash/sponge/clk
                         FDRE                                         r  u_client/hash/sponge/block_reg_reg[804]/C





Min Delay Paths
--------------------------------------------------------------------------------------
Slack:                    inf
  Source:                 rst
                            (input port)
  Destination:            u_client/K_reg[0]/R
                            (rising edge-triggered cell FDRE clocked by sys_clk  {rise@0.000ns fall@10.000ns period=20.000ns})
  Path Group:             (none)
  Path Type:              Hold (Min at Fast Process Corner)
  Data Path Delay:        0.410ns  (logic 0.000ns (0.000%)  route 0.410ns (100.000%))
  Logic Levels:           0  
  Clock Path Skew:        0.432ns (DCD - SCD - CPR)
    Destination Clock Delay (DCD):    0.432ns
    Source Clock Delay      (SCD):    0.000ns
    Clock Pessimism Removal (CPR):    -0.000ns

    Location             Delay type                Incr(ns)  Path(ns)    Netlist Resource(s)
  -------------------------------------------------------------------    -------------------
                                                      0.000     0.000 r  rst (IN)
                         net (fo=5687, unset)         0.410     0.410    u_client/rst
                         FDRE                                         r  u_client/K_reg[0]/R
  -------------------------------------------------------------------    -------------------

                         (clock sys_clk rise edge)    0.000     0.000 r  
                                                      0.000     0.000 r  clk (IN)
                         net (fo=10522, unset)        0.432     0.432    u_client/clk
                         FDRE                                         r  u_client/K_reg[0]/C





