Copyright 1986-2020 Xilinx, Inc. All Rights Reserved.
--------------------------------------------------------------------------------------------------------------------------------------------------------------------------------------------------------
| Tool Version : Vivado v.2020.1 (lin64) Build 2902540 Wed May 27 19:54:35 MDT 2020
| Date         : Wed Sep  9 14:18:51 2026
| Host         : donglong-P7xxTM-1 running 64-bit Ubuntu 22.04.5 LTS
| Command      : check_timing -verbose -file /home/donglong/Documents/Duy_prj/KECCAK_OPTIMIZE_POWER/OPTIMIZE_POWER/kyber_puf_fpga_delivery/build/fpga_split/arty35t_probe_20260909/kdf/check_timing.rpt
| Design       : kdf_keccak
| Device       : 7a35ti-csg324
| Speed File   : -1L  PRODUCTION 1.23 2018-06-13
--------------------------------------------------------------------------------------------------------------------------------------------------------------------------------------------------------


check_timing report

Table of Contents
-----------------
1. checking no_clock (0)
2. checking constant_clock (0)
3. checking pulse_width_clock (0)
4. checking unconstrained_internal_endpoints (0)
5. checking no_input_delay (195)
6. checking no_output_delay (513)
7. checking multiple_clock (0)
8. checking generated_clocks (0)
9. checking loops (0)
10. checking partial_input_delay (0)
11. checking partial_output_delay (0)
12. checking latch_loops (0)

1. checking no_clock (0)
------------------------
 There are 0 register/latch pins with no clock.


2. checking constant_clock (0)
------------------------------
 There are 0 register/latch pins with constant_clock.


3. checking pulse_width_clock (0)
---------------------------------
 There are 0 register/latch pins which need pulse_width check


4. checking unconstrained_internal_endpoints (0)
------------------------------------------------
 There are 0 pins that are not constrained for maximum delay.

 There are 0 pins that are not constrained for maximum delay due to constant clock.


5. checking no_input_delay (195)
--------------------------------
 There are 195 input ports with no input delay specified. (HIGH)

key_in[0]
key_in[100]
key_in[101]
key_in[102]
key_in[103]
key_in[104]
key_in[105]
key_in[106]
key_in[107]
key_in[108]
key_in[109]
key_in[10]
key_in[110]
key_in[111]
key_in[112]
key_in[113]
key_in[114]
key_in[115]
key_in[116]
key_in[117]
key_in[118]
key_in[119]
key_in[11]
key_in[120]
key_in[121]
key_in[122]
key_in[123]
key_in[124]
key_in[125]
key_in[126]
key_in[127]
key_in[128]
key_in[129]
key_in[12]
key_in[130]
key_in[131]
key_in[132]
key_in[133]
key_in[134]
key_in[135]
key_in[136]
key_in[137]
key_in[138]
key_in[139]
key_in[13]
key_in[140]
key_in[141]
key_in[142]
key_in[143]
key_in[144]
key_in[145]
key_in[146]
key_in[147]
key_in[148]
key_in[149]
key_in[14]
key_in[150]
key_in[151]
key_in[152]
key_in[153]
key_in[154]
key_in[155]
key_in[156]
key_in[157]
key_in[158]
key_in[159]
key_in[15]
key_in[160]
key_in[161]
key_in[162]
key_in[163]
key_in[164]
key_in[165]
key_in[166]
key_in[167]
key_in[168]
key_in[169]
key_in[16]
key_in[170]
key_in[171]
key_in[172]
key_in[173]
key_in[174]
key_in[175]
key_in[176]
key_in[177]
key_in[178]
key_in[179]
key_in[17]
key_in[180]
key_in[181]
key_in[182]
key_in[183]
key_in[184]
key_in[185]
key_in[186]
key_in[187]
key_in[188]
key_in[189]
key_in[18]
key_in[190]
key_in[191]
key_in[19]
key_in[1]
key_in[20]
key_in[21]
key_in[22]
key_in[23]
key_in[24]
key_in[25]
key_in[26]
key_in[27]
key_in[28]
key_in[29]
key_in[2]
key_in[30]
key_in[31]
key_in[32]
key_in[33]
key_in[34]
key_in[35]
key_in[36]
key_in[37]
key_in[38]
key_in[39]
key_in[3]
key_in[40]
key_in[41]
key_in[42]
key_in[43]
key_in[44]
key_in[45]
key_in[46]
key_in[47]
key_in[48]
key_in[49]
key_in[4]
key_in[50]
key_in[51]
key_in[52]
key_in[53]
key_in[54]
key_in[55]
key_in[56]
key_in[57]
key_in[58]
key_in[59]
key_in[5]
key_in[60]
key_in[61]
key_in[62]
key_in[63]
key_in[64]
key_in[65]
key_in[66]
key_in[67]
key_in[68]
key_in[69]
key_in[6]
key_in[70]
key_in[71]
key_in[72]
key_in[73]
key_in[74]
key_in[75]
key_in[76]
key_in[77]
key_in[78]
key_in[79]
key_in[7]
key_in[80]
key_in[81]
key_in[82]
key_in[83]
key_in[84]
key_in[85]
key_in[86]
key_in[87]
key_in[88]
key_in[89]
key_in[8]
key_in[90]
key_in[91]
key_in[92]
key_in[93]
key_in[94]
key_in[95]
key_in[96]
key_in[97]
key_in[98]
key_in[99]
key_in[9]
rst_n
start
zeroize

 There are 0 input ports with no input delay but user has a false path constraint.


6. checking no_output_delay (513)
---------------------------------
 There are 513 ports with no output delay specified. (HIGH)

done
seed_out[0]
seed_out[100]
seed_out[101]
seed_out[102]
seed_out[103]
seed_out[104]
seed_out[105]
seed_out[106]
seed_out[107]
seed_out[108]
seed_out[109]
seed_out[10]
seed_out[110]
seed_out[111]
seed_out[112]
seed_out[113]
seed_out[114]
seed_out[115]
seed_out[116]
seed_out[117]
seed_out[118]
seed_out[119]
seed_out[11]
seed_out[120]
seed_out[121]
seed_out[122]
seed_out[123]
seed_out[124]
seed_out[125]
seed_out[126]
seed_out[127]
seed_out[128]
seed_out[129]
seed_out[12]
seed_out[130]
seed_out[131]
seed_out[132]
seed_out[133]
seed_out[134]
seed_out[135]
seed_out[136]
seed_out[137]
seed_out[138]
seed_out[139]
seed_out[13]
seed_out[140]
seed_out[141]
seed_out[142]
seed_out[143]
seed_out[144]
seed_out[145]
seed_out[146]
seed_out[147]
seed_out[148]
seed_out[149]
seed_out[14]
seed_out[150]
seed_out[151]
seed_out[152]
seed_out[153]
seed_out[154]
seed_out[155]
seed_out[156]
seed_out[157]
seed_out[158]
seed_out[159]
seed_out[15]
seed_out[160]
seed_out[161]
seed_out[162]
seed_out[163]
seed_out[164]
seed_out[165]
seed_out[166]
seed_out[167]
seed_out[168]
seed_out[169]
seed_out[16]
seed_out[170]
seed_out[171]
seed_out[172]
seed_out[173]
seed_out[174]
seed_out[175]
seed_out[176]
seed_out[177]
seed_out[178]
seed_out[179]
seed_out[17]
seed_out[180]
seed_out[181]
seed_out[182]
seed_out[183]
seed_out[184]
seed_out[185]
seed_out[186]
seed_out[187]
seed_out[188]
seed_out[189]
seed_out[18]
seed_out[190]
seed_out[191]
seed_out[192]
seed_out[193]
seed_out[194]
seed_out[195]
seed_out[196]
seed_out[197]
seed_out[198]
seed_out[199]
seed_out[19]
seed_out[1]
seed_out[200]
seed_out[201]
seed_out[202]
seed_out[203]
seed_out[204]
seed_out[205]
seed_out[206]
seed_out[207]
seed_out[208]
seed_out[209]
seed_out[20]
seed_out[210]
seed_out[211]
seed_out[212]
seed_out[213]
seed_out[214]
seed_out[215]
seed_out[216]
seed_out[217]
seed_out[218]
seed_out[219]
seed_out[21]
seed_out[220]
seed_out[221]
seed_out[222]
seed_out[223]
seed_out[224]
seed_out[225]
seed_out[226]
seed_out[227]
seed_out[228]
seed_out[229]
seed_out[22]
seed_out[230]
seed_out[231]
seed_out[232]
seed_out[233]
seed_out[234]
seed_out[235]
seed_out[236]
seed_out[237]
seed_out[238]
seed_out[239]
seed_out[23]
seed_out[240]
seed_out[241]
seed_out[242]
seed_out[243]
seed_out[244]
seed_out[245]
seed_out[246]
seed_out[247]
seed_out[248]
seed_out[249]
seed_out[24]
seed_out[250]
seed_out[251]
seed_out[252]
seed_out[253]
seed_out[254]
seed_out[255]
seed_out[256]
seed_out[257]
seed_out[258]
seed_out[259]
seed_out[25]
seed_out[260]
seed_out[261]
seed_out[262]
seed_out[263]
seed_out[264]
seed_out[265]
seed_out[266]
seed_out[267]
seed_out[268]
seed_out[269]
seed_out[26]
seed_out[270]
seed_out[271]
seed_out[272]
seed_out[273]
seed_out[274]
seed_out[275]
seed_out[276]
seed_out[277]
seed_out[278]
seed_out[279]
seed_out[27]
seed_out[280]
seed_out[281]
seed_out[282]
seed_out[283]
seed_out[284]
seed_out[285]
seed_out[286]
seed_out[287]
seed_out[288]
seed_out[289]
seed_out[28]
seed_out[290]
seed_out[291]
seed_out[292]
seed_out[293]
seed_out[294]
seed_out[295]
seed_out[296]
seed_out[297]
seed_out[298]
seed_out[299]
seed_out[29]
seed_out[2]
seed_out[300]
seed_out[301]
seed_out[302]
seed_out[303]
seed_out[304]
seed_out[305]
seed_out[306]
seed_out[307]
seed_out[308]
seed_out[309]
seed_out[30]
seed_out[310]
seed_out[311]
seed_out[312]
seed_out[313]
seed_out[314]
seed_out[315]
seed_out[316]
seed_out[317]
seed_out[318]
seed_out[319]
seed_out[31]
seed_out[320]
seed_out[321]
seed_out[322]
seed_out[323]
seed_out[324]
seed_out[325]
seed_out[326]
seed_out[327]
seed_out[328]
seed_out[329]
seed_out[32]
seed_out[330]
seed_out[331]
seed_out[332]
seed_out[333]
seed_out[334]
seed_out[335]
seed_out[336]
seed_out[337]
seed_out[338]
seed_out[339]
seed_out[33]
seed_out[340]
seed_out[341]
seed_out[342]
seed_out[343]
seed_out[344]
seed_out[345]
seed_out[346]
seed_out[347]
seed_out[348]
seed_out[349]
seed_out[34]
seed_out[350]
seed_out[351]
seed_out[352]
seed_out[353]
seed_out[354]
seed_out[355]
seed_out[356]
seed_out[357]
seed_out[358]
seed_out[359]
seed_out[35]
seed_out[360]
seed_out[361]
seed_out[362]
seed_out[363]
seed_out[364]
seed_out[365]
seed_out[366]
seed_out[367]
seed_out[368]
seed_out[369]
seed_out[36]
seed_out[370]
seed_out[371]
seed_out[372]
seed_out[373]
seed_out[374]
seed_out[375]
seed_out[376]
seed_out[377]
seed_out[378]
seed_out[379]
seed_out[37]
seed_out[380]
seed_out[381]
seed_out[382]
seed_out[383]
seed_out[384]
seed_out[385]
seed_out[386]
seed_out[387]
seed_out[388]
seed_out[389]
seed_out[38]
seed_out[390]
seed_out[391]
seed_out[392]
seed_out[393]
seed_out[394]
seed_out[395]
seed_out[396]
seed_out[397]
seed_out[398]
seed_out[399]
seed_out[39]
seed_out[3]
seed_out[400]
seed_out[401]
seed_out[402]
seed_out[403]
seed_out[404]
seed_out[405]
seed_out[406]
seed_out[407]
seed_out[408]
seed_out[409]
seed_out[40]
seed_out[410]
seed_out[411]
seed_out[412]
seed_out[413]
seed_out[414]
seed_out[415]
seed_out[416]
seed_out[417]
seed_out[418]
seed_out[419]
seed_out[41]
seed_out[420]
seed_out[421]
seed_out[422]
seed_out[423]
seed_out[424]
seed_out[425]
seed_out[426]
seed_out[427]
seed_out[428]
seed_out[429]
seed_out[42]
seed_out[430]
seed_out[431]
seed_out[432]
seed_out[433]
seed_out[434]
seed_out[435]
seed_out[436]
seed_out[437]
seed_out[438]
seed_out[439]
seed_out[43]
seed_out[440]
seed_out[441]
seed_out[442]
seed_out[443]
seed_out[444]
seed_out[445]
seed_out[446]
seed_out[447]
seed_out[448]
seed_out[449]
seed_out[44]
seed_out[450]
seed_out[451]
seed_out[452]
seed_out[453]
seed_out[454]
seed_out[455]
seed_out[456]
seed_out[457]
seed_out[458]
seed_out[459]
seed_out[45]
seed_out[460]
seed_out[461]
seed_out[462]
seed_out[463]
seed_out[464]
seed_out[465]
seed_out[466]
seed_out[467]
seed_out[468]
seed_out[469]
seed_out[46]
seed_out[470]
seed_out[471]
seed_out[472]
seed_out[473]
seed_out[474]
seed_out[475]
seed_out[476]
seed_out[477]
seed_out[478]
seed_out[479]
seed_out[47]
seed_out[480]
seed_out[481]
seed_out[482]
seed_out[483]
seed_out[484]
seed_out[485]
seed_out[486]
seed_out[487]
seed_out[488]
seed_out[489]
seed_out[48]
seed_out[490]
seed_out[491]
seed_out[492]
seed_out[493]
seed_out[494]
seed_out[495]
seed_out[496]
seed_out[497]
seed_out[498]
seed_out[499]
seed_out[49]
seed_out[4]
seed_out[500]
seed_out[501]
seed_out[502]
seed_out[503]
seed_out[504]
seed_out[505]
seed_out[506]
seed_out[507]
seed_out[508]
seed_out[509]
seed_out[50]
seed_out[510]
seed_out[511]
seed_out[51]
seed_out[52]
seed_out[53]
seed_out[54]
seed_out[55]
seed_out[56]
seed_out[57]
seed_out[58]
seed_out[59]
seed_out[5]
seed_out[60]
seed_out[61]
seed_out[62]
seed_out[63]
seed_out[64]
seed_out[65]
seed_out[66]
seed_out[67]
seed_out[68]
seed_out[69]
seed_out[6]
seed_out[70]
seed_out[71]
seed_out[72]
seed_out[73]
seed_out[74]
seed_out[75]
seed_out[76]
seed_out[77]
seed_out[78]
seed_out[79]
seed_out[7]
seed_out[80]
seed_out[81]
seed_out[82]
seed_out[83]
seed_out[84]
seed_out[85]
seed_out[86]
seed_out[87]
seed_out[88]
seed_out[89]
seed_out[8]
seed_out[90]
seed_out[91]
seed_out[92]
seed_out[93]
seed_out[94]
seed_out[95]
seed_out[96]
seed_out[97]
seed_out[98]
seed_out[99]
seed_out[9]

 There are 0 ports with no output delay but user has a false path constraint

 There are 0 ports with no output delay but with a timing clock defined on it or propagating through it


7. checking multiple_clock (0)
------------------------------
 There are 0 register/latch pins with multiple clocks.


8. checking generated_clocks (0)
--------------------------------
 There are 0 generated clocks that are not connected to a clock source.


9. checking loops (0)
---------------------
 There are 0 combinational loops in the design.


10. checking partial_input_delay (0)
------------------------------------
 There are 0 input ports with partial input delay specified.


11. checking partial_output_delay (0)
-------------------------------------
 There are 0 ports with partial output delay specified.


12. checking latch_loops (0)
----------------------------
 There are 0 combinational latch loops in the design through latch input


