Copyright 1986-2020 Xilinx, Inc. All Rights Reserved.
--------------------------------------------------------------------------------------------------------------------------------------------------------------------------------------------------------------------------------------------------------
| Tool Version : Vivado v.2020.1 (lin64) Build 2902540 Wed May 27 19:54:35 MDT 2020
| Date         : Wed Sep  9 14:18:50 2026
| Host         : donglong-P7xxTM-1 running 64-bit Ubuntu 22.04.5 LTS
| Command      : report_timing_summary -delay_type min_max -report_unconstrained -file /home/donglong/Documents/Duy_prj/KECCAK_OPTIMIZE_POWER/OPTIMIZE_POWER/kyber_puf_fpga_delivery/build/fpga_split/arty35t_probe_20260909/kdf/timing_preliminary.rpt
| Design       : kdf_keccak
| Device       : 7a35ti-csg324
| Speed File   : -1L  PRODUCTION 1.23 2018-06-13
--------------------------------------------------------------------------------------------------------------------------------------------------------------------------------------------------------------------------------------------------------

Timing Summary Report

------------------------------------------------------------------------------------------------
| Timer Settings
| --------------
------------------------------------------------------------------------------------------------

  Enable Multi Corner Analysis               :  Yes
  Enable Pessimism Removal                   :  Yes
  Pessimism Removal Resolution               :  Nearest Common Node
  Enable Input Delay Default Clock           :  No
  Enable Preset / Clear Arcs                 :  No
  Disable Flight Delays                      :  No
  Ignore I/O Paths                           :  No
  Timing Early Launch at Borrowing Latches   :  No
  Borrow Time for Max Delay Exceptions       :  Yes
  Merge Timing Exceptions                    :  Yes

  Corner  Analyze    Analyze    
  Name    Max Paths  Min Paths  
  ------  ---------  ---------  
  Slow    Yes        Yes        
  Fast    Yes        Yes        



check_timing report

Table of Contents
-----------------
1. checking no_clock (0)
2. checking constant_clock (0)
3. checking pulse_width_clock (0)
4. checking unconstrained_internal_endpoints (0)
5. checking no_input_delay (195)
6. checking no_output_delay (513)
7. checking multiple_clock (0)
8. checking generated_clocks (0)
9. checking loops (0)
10. checking partial_input_delay (0)
11. checking partial_output_delay (0)
12. checking latch_loops (0)

1. checking no_clock (0)
------------------------
 There are 0 register/latch pins with no clock.


2. checking constant_clock (0)
------------------------------
 There are 0 register/latch pins with constant_clock.


3. checking pulse_width_clock (0)
---------------------------------
 There are 0 register/latch pins which need pulse_width check


4. checking unconstrained_internal_endpoints (0)
------------------------------------------------
 There are 0 pins that are not constrained for maximum delay.

 There are 0 pins that are not constrained for maximum delay due to constant clock.


5. checking no_input_delay (195)
--------------------------------
 There are 195 input ports with no input delay specified. (HIGH)

 There are 0 input ports with no input delay but user has a false path constraint.


6. checking no_output_delay (513)
---------------------------------
 There are 513 ports with no output delay specified. (HIGH)

 There are 0 ports with no output delay but user has a false path constraint

 There are 0 ports with no output delay but with a timing clock defined on it or propagating through it


7. checking multiple_clock (0)
------------------------------
 There are 0 register/latch pins with multiple clocks.


8. checking generated_clocks (0)
--------------------------------
 There are 0 generated clocks that are not connected to a clock source.


9. checking loops (0)
---------------------
 There are 0 combinational loops in the design.


10. checking partial_input_delay (0)
------------------------------------
 There are 0 input ports with partial input delay specified.


11. checking partial_output_delay (0)
-------------------------------------
 There are 0 ports with partial output delay specified.


12. checking latch_loops (0)
----------------------------
 There are 0 combinational latch loops in the design through latch input



------------------------------------------------------------------------------------------------
| Design Timing Summary
| ---------------------
------------------------------------------------------------------------------------------------

    WNS(ns)      TNS(ns)  TNS Failing Endpoints  TNS Total Endpoints      WHS(ns)      THS(ns)  THS Failing Endpoints  THS Total Endpoints     WPWS(ns)     TPWS(ns)  TPWS Failing Endpoints  TPWS Total Endpoints  
    -------      -------  ---------------------  -------------------      -------      -------  ---------------------  -------------------     --------     --------  ----------------------  --------------------  
     14.175        0.000                      0                 7935        0.262        0.000                      0                 7935        9.500        0.000                       0                  3999  


All user specified timing constraints are met.


------------------------------------------------------------------------------------------------
| Clock Summary
| -------------
------------------------------------------------------------------------------------------------

Clock    Waveform(ns)       Period(ns)      Frequency(MHz)
-----    ------------       ----------      --------------
sys_clk  {0.000 10.000}     20.000          50.000          


------------------------------------------------------------------------------------------------
| Intra Clock Table
| -----------------
------------------------------------------------------------------------------------------------

Clock             WNS(ns)      TNS(ns)  TNS Failing Endpoints  TNS Total Endpoints      WHS(ns)      THS(ns)  THS Failing Endpoints  THS Total Endpoints     WPWS(ns)     TPWS(ns)  TPWS Failing Endpoints  TPWS Total Endpoints  
-----             -------      -------  ---------------------  -------------------      -------      -------  ---------------------  -------------------     --------     --------  ----------------------  --------------------  
sys_clk            14.175        0.000                      0                 7935        0.262        0.000                      0                 7935        9.500        0.000                       0                  3999  


------------------------------------------------------------------------------------------------
| Inter Clock Table
| -----------------
------------------------------------------------------------------------------------------------

From Clock    To Clock          WNS(ns)      TNS(ns)  TNS Failing Endpoints  TNS Total Endpoints      WHS(ns)      THS(ns)  THS Failing Endpoints  THS Total Endpoints  
----------    --------          -------      -------  ---------------------  -------------------      -------      -------  ---------------------  -------------------  


------------------------------------------------------------------------------------------------
| Other Path Groups Table
| -----------------------
------------------------------------------------------------------------------------------------

Path Group    From Clock    To Clock          WNS(ns)      TNS(ns)  TNS Failing Endpoints  TNS Total Endpoints      WHS(ns)      THS(ns)  THS Failing Endpoints  THS Total Endpoints  
----------    ----------    --------          -------      -------  ---------------------  -------------------      -------      -------  ---------------------  -------------------  


------------------------------------------------------------------------------------------------
| User Ignored Path Table
| -----------------------
------------------------------------------------------------------------------------------------

Path Group    From Clock    To Clock    
----------    ----------    --------    


------------------------------------------------------------------------------------------------
| Unconstrained Path Table
| ------------------------
------------------------------------------------------------------------------------------------

Path Group    From Clock    To Clock    
----------    ----------    --------    
(none)        sys_clk                     
(none)                      sys_clk       


------------------------------------------------------------------------------------------------
| Timing Details
| --------------
------------------------------------------------------------------------------------------------


---------------------------------------------------------------------------------------------------
From Clock:  sys_clk
  To Clock:  sys_clk

Setup :            0  Failing Endpoints,  Worst Slack       14.175ns,  Total Violation        0.000ns
Hold  :            0  Failing Endpoints,  Worst Slack        0.262ns,  Total Violation        0.000ns
PW    :            0  Failing Endpoints,  Worst Slack        9.500ns,  Total Violation        0.000ns
---------------------------------------------------------------------------------------------------


Max Delay Paths
--------------------------------------------------------------------------------------
Slack (MET) :             14.175ns  (required time - arrival time)
  Source:                 keccak_inst/round_count_reg[2]/C
                            (rising edge-triggered cell FDCE clocked by sys_clk  {rise@0.000ns fall@10.000ns period=20.000ns})
  Destination:            keccak_inst/algo_inst/STEP_MAPPING_5/Str_out_reg[1000]/D
                            (rising edge-triggered cell FDCE clocked by sys_clk  {rise@0.000ns fall@10.000ns period=20.000ns})
  Path Group:             sys_clk
  Path Type:              Setup (Max at Slow Process Corner)
  Requirement:            20.000ns  (sys_clk rise@20.000ns - sys_clk rise@0.000ns)
  Data Path Delay:        5.770ns  (logic 1.371ns (23.761%)  route 4.399ns (76.239%))
  Logic Levels:           6  (LUT3=1 LUT4=1 LUT5=1 LUT6=3)
  Clock Path Skew:        -0.049ns (DCD - SCD + CPR)
    Destination Clock Delay (DCD):    0.924ns = ( 20.924 - 20.000 ) 
    Source Clock Delay      (SCD):    0.973ns
    Clock Pessimism Removal (CPR):    0.000ns
  Clock Uncertainty:      0.035ns  ((TSJ^2 + TIJ^2)^1/2 + DJ) / 2 + PE
    Total System Jitter     (TSJ):    0.071ns
    Total Input Jitter      (TIJ):    0.000ns
    Discrete Jitter          (DJ):    0.000ns
    Phase Error              (PE):    0.000ns

    Location             Delay type                Incr(ns)  Path(ns)    Netlist Resource(s)
  -------------------------------------------------------------------    -------------------
                         (clock sys_clk rise edge)    0.000     0.000 r  
                                                      0.000     0.000 r  clk (IN)
                         net (fo=3998, unset)         0.973     0.973    keccak_inst/clk
                         FDCE                                         r  keccak_inst/round_count_reg[2]/C
  -------------------------------------------------------------------    -------------------
                         FDCE (Prop_fdce_C_Q)         0.456     1.429 r  keccak_inst/round_count_reg[2]/Q
                         net (fo=22, unplaced)        0.803     2.232    keccak_inst/algo_inst/STEP_MAPPING_5/Q[2]
                         LUT3 (Prop_lut3_I0_O)        0.295     2.527 r  keccak_inst/algo_inst/STEP_MAPPING_5/Str_out[1599]_i_35/O
                         net (fo=800, unplaced)       0.589     3.116    keccak_inst/algo_inst/STEP_MAPPING_5/Str_out[1599]_i_35_n_0
                         LUT6 (Prop_lut6_I4_O)        0.124     3.240 r  keccak_inst/algo_inst/STEP_MAPPING_5/Str_out[303]_i_7/O
                         net (fo=3, unplaced)         1.129     4.369    keccak_inst/algo_inst/STEP_MAPPING_1/algo_in[387]
                         LUT5 (Prop_lut5_I0_O)        0.124     4.493 r  keccak_inst/algo_inst/STEP_MAPPING_1/i_/Str_out[1537]_i_15/O
                         net (fo=6, unplaced)         0.481     4.974    keccak_inst/algo_inst/STEP_MAPPING_5/C[67]
                         LUT4 (Prop_lut4_I3_O)        0.124     5.098 r  keccak_inst/algo_inst/STEP_MAPPING_5/Str_out[1517]_i_3/O
                         net (fo=5, unplaced)         0.477     5.575    keccak_inst/algo_inst/STEP_MAPPING_3/Thta1_blk_tmp[4]
                         LUT6 (Prop_lut6_I0_O)        0.124     5.699 r  keccak_inst/algo_inst/STEP_MAPPING_3/i_/Str_out[1256]_i_3/O
                         net (fo=3, unplaced)         0.920     6.619    keccak_inst/algo_inst/STEP_MAPPING_5/Chi1_str_tmp[616]
                         LUT6 (Prop_lut6_I1_O)        0.124     6.743 r  keccak_inst/algo_inst/STEP_MAPPING_5/Str_out[1000]_i_1/O
                         net (fo=1, unplaced)         0.000     6.743    keccak_inst/algo_inst/STEP_MAPPING_5/Str_out[1000]_i_1_n_0
                         FDCE                                         r  keccak_inst/algo_inst/STEP_MAPPING_5/Str_out_reg[1000]/D
  -------------------------------------------------------------------    -------------------

                         (clock sys_clk rise edge)   20.000    20.000 r  
                                                      0.000    20.000 r  clk (IN)
                         net (fo=3998, unset)         0.924    20.924    keccak_inst/algo_inst/STEP_MAPPING_5/clk
                         FDCE                                         r  keccak_inst/algo_inst/STEP_MAPPING_5/Str_out_reg[1000]/C
                         clock pessimism              0.000    20.924    
                         clock uncertainty           -0.035    20.889    
                         FDCE (Setup_fdce_C_D)        0.029    20.918    keccak_inst/algo_inst/STEP_MAPPING_5/Str_out_reg[1000]
  -------------------------------------------------------------------
                         required time                         20.918    
                         arrival time                          -6.743    
  -------------------------------------------------------------------
                         slack                                 14.175    





Min Delay Paths
--------------------------------------------------------------------------------------
Slack (MET) :             0.262ns  (arrival time - required time)
  Source:                 keccak_inst/state_reg_reg[32]/C
                            (rising edge-triggered cell FDCE clocked by sys_clk  {rise@0.000ns fall@10.000ns period=20.000ns})
  Destination:            keccak_inst/state_reg_reg[0]/D
                            (rising edge-triggered cell FDCE clocked by sys_clk  {rise@0.000ns fall@10.000ns period=20.000ns})
  Path Group:             sys_clk
  Path Type:              Hold (Min at Fast Process Corner)
  Requirement:            0.000ns  (sys_clk rise@0.000ns - sys_clk rise@0.000ns)
  Data Path Delay:        0.375ns  (logic 0.239ns (63.779%)  route 0.136ns (36.221%))
  Logic Levels:           1  (LUT5=1)
  Clock Path Skew:        0.022ns (DCD - SCD - CPR)
    Destination Clock Delay (DCD):    0.432ns
    Source Clock Delay      (SCD):    0.410ns
    Clock Pessimism Removal (CPR):    -0.000ns

    Location             Delay type                Incr(ns)  Path(ns)    Netlist Resource(s)
  -------------------------------------------------------------------    -------------------
                         (clock sys_clk rise edge)    0.000     0.000 r  
                                                      0.000     0.000 r  clk (IN)
                         net (fo=3998, unset)         0.410     0.410    keccak_inst/clk
                         FDCE                                         r  keccak_inst/state_reg_reg[32]/C
  -------------------------------------------------------------------    -------------------
                         FDCE (Prop_fdce_C_Q)         0.141     0.551 r  keccak_inst/state_reg_reg[32]/Q
                         net (fo=2, unplaced)         0.136     0.687    keccak_inst/algo_inst/STEP_MAPPING_5/state_reg_reg[1567]_0[32]
                         LUT5 (Prop_lut5_I4_O)        0.098     0.785 r  keccak_inst/algo_inst/STEP_MAPPING_5/state_reg[0]_i_1/O
                         net (fo=1, unplaced)         0.000     0.785    keccak_inst/algo_inst_n_1600
                         FDCE                                         r  keccak_inst/state_reg_reg[0]/D
  -------------------------------------------------------------------    -------------------

                         (clock sys_clk rise edge)    0.000     0.000 r  
                                                      0.000     0.000 r  clk (IN)
                         net (fo=3998, unset)         0.432     0.432    keccak_inst/clk
                         FDCE                                         r  keccak_inst/state_reg_reg[0]/C
                         clock pessimism              0.000     0.432    
                         FDCE (Hold_fdce_C_D)         0.091     0.523    keccak_inst/state_reg_reg[0]
  -------------------------------------------------------------------
                         required time                         -0.523    
                         arrival time                           0.785    
  -------------------------------------------------------------------
                         slack                                  0.262    





Pulse Width Checks
--------------------------------------------------------------------------------------
Clock Name:         sys_clk
Waveform(ns):       { 0.000 10.000 }
Period(ns):         20.000
Sources:            { clk }

Check Type        Corner  Lib Pin  Reference Pin  Required(ns)  Actual(ns)  Slack(ns)  Location  Pin
Min Period        n/a     FDCE/C   n/a            1.000         20.000      19.000               FSM_sequential_state_reg[0]/C
Low Pulse Width   Slow    FDCE/C   n/a            0.500         10.000      9.500                FSM_sequential_state_reg[0]/C
High Pulse Width  Slow    FDCE/C   n/a            0.500         10.000      9.500                FSM_sequential_state_reg[0]/C



--------------------------------------------------------------------------------------
Path Group:  (none)
From Clock:  sys_clk
  To Clock:  

Max Delay           513 Endpoints
Min Delay           513 Endpoints
--------------------------------------------------------------------------------------


Max Delay Paths
--------------------------------------------------------------------------------------
Slack:                    inf
  Source:                 done_reg/C
                            (rising edge-triggered cell FDCE clocked by sys_clk  {rise@0.000ns fall@10.000ns period=20.000ns})
  Destination:            done
                            (output port)
  Path Group:             (none)
  Path Type:              Max at Slow Process Corner
  Data Path Delay:        1.429ns  (logic 0.456ns (31.910%)  route 0.973ns (68.090%))
  Logic Levels:           0  
  Clock Uncertainty:      0.025ns  ((TSJ^2 + TIJ^2)^1/2 + DJ) / 2 + PE
    Total System Jitter     (TSJ):    0.050ns
    Total Input Jitter      (TIJ):    0.000ns
    Discrete Jitter          (DJ):    0.000ns
    Phase Error              (PE):    0.000ns

    Location             Delay type                Incr(ns)  Path(ns)    Netlist Resource(s)
  -------------------------------------------------------------------    -------------------
                         (clock sys_clk rise edge)    0.000     0.000 r  
                                                      0.000     0.000 r  clk (IN)
                         net (fo=3998, unset)         0.973     0.973    clk
                         FDCE                                         r  done_reg/C
  -------------------------------------------------------------------    -------------------
                         FDCE (Prop_fdce_C_Q)         0.456     1.429 r  done_reg/Q
                         net (fo=0)                   0.973     2.402    done
                                                                      r  done (OUT)
  -------------------------------------------------------------------    -------------------





Min Delay Paths
--------------------------------------------------------------------------------------
Slack:                    inf
  Source:                 done_reg/C
                            (rising edge-triggered cell FDCE clocked by sys_clk  {rise@0.000ns fall@10.000ns period=20.000ns})
  Destination:            done
                            (output port)
  Path Group:             (none)
  Path Type:              Min at Fast Process Corner
  Data Path Delay:        0.551ns  (logic 0.141ns (25.583%)  route 0.410ns (74.417%))
  Logic Levels:           0  
  Clock Uncertainty:      0.025ns  ((TSJ^2 + TIJ^2)^1/2 + DJ) / 2 + PE
    Total System Jitter     (TSJ):    0.050ns
    Total Input Jitter      (TIJ):    0.000ns
    Discrete Jitter          (DJ):    0.000ns
    Phase Error              (PE):    0.000ns

    Location             Delay type                Incr(ns)  Path(ns)    Netlist Resource(s)
  -------------------------------------------------------------------    -------------------
                         (clock sys_clk rise edge)    0.000     0.000 r  
                                                      0.000     0.000 r  clk (IN)
                         net (fo=3998, unset)         0.410     0.410    clk
                         FDCE                                         r  done_reg/C
  -------------------------------------------------------------------    -------------------
                         FDCE (Prop_fdce_C_Q)         0.141     0.551 r  done_reg/Q
                         net (fo=0)                   0.410     0.961    done
                                                                      r  done (OUT)
  -------------------------------------------------------------------    -------------------





--------------------------------------------------------------------------------------
Path Group:  (none)
From Clock:  
  To Clock:  sys_clk

Max Delay         10348 Endpoints
Min Delay         10348 Endpoints
--------------------------------------------------------------------------------------


Max Delay Paths
--------------------------------------------------------------------------------------
Slack:                    inf
  Source:                 rst_n
                            (input port)
  Destination:            keccak_inst/algo_inst/STEP_MAPPING_5/Str_out_reg[1000]/D
                            (rising edge-triggered cell FDCE clocked by sys_clk  {rise@0.000ns fall@10.000ns period=20.000ns})
  Path Group:             (none)
  Path Type:              Setup (Max at Slow Process Corner)
  Data Path Delay:        4.703ns  (logic 0.620ns (13.183%)  route 4.083ns (86.817%))
  Logic Levels:           5  (LUT2=3 LUT6=2)
  Clock Path Skew:        0.924ns (DCD - SCD + CPR)
    Destination Clock Delay (DCD):    0.924ns
    Source Clock Delay      (SCD):    0.000ns
    Clock Pessimism Removal (CPR):    0.000ns

    Location             Delay type                Incr(ns)  Path(ns)    Netlist Resource(s)
  -------------------------------------------------------------------    -------------------
                                                      0.000     0.000 r  rst_n (IN)
                         net (fo=5, unset)            0.973     0.973    keccak_inst/algo_inst/STEP_MAPPING_5/rst_n
                         LUT2 (Prop_lut2_I1_O)        0.124     1.097 f  keccak_inst/algo_inst/STEP_MAPPING_5/Str_out[1599]_i_21/O
                         net (fo=1047, unplaced)      0.559     1.656    keccak_inst/algo_inst/STEP_MAPPING_5/Str_out[1599]_i_21_n_0
                         LUT2 (Prop_lut2_I0_O)        0.124     1.780 f  keccak_inst/algo_inst/STEP_MAPPING_5/Str_out[639]_i_7/O
                         net (fo=763, unplaced)       0.589     2.369    keccak_inst/algo_inst/STEP_MAPPING_5/perm_active_reg_0
                         LUT2 (Prop_lut2_I1_O)        0.124     2.493 r  keccak_inst/algo_inst/STEP_MAPPING_5/Str_out[1599]_i_15/O
                         net (fo=865, unplaced)       1.042     3.535    keccak_inst/algo_inst/STEP_MAPPING_3/Str_out_reg[927]
                         LUT6 (Prop_lut6_I4_O)        0.124     3.659 r  keccak_inst/algo_inst/STEP_MAPPING_3/i_/Str_out[1256]_i_3/O
                         net (fo=3, unplaced)         0.920     4.579    keccak_inst/algo_inst/STEP_MAPPING_5/Chi1_str_tmp[616]
                         LUT6 (Prop_lut6_I1_O)        0.124     4.703 r  keccak_inst/algo_inst/STEP_MAPPING_5/Str_out[1000]_i_1/O
                         net (fo=1, unplaced)         0.000     4.703    keccak_inst/algo_inst/STEP_MAPPING_5/Str_out[1000]_i_1_n_0
                         FDCE                                         r  keccak_inst/algo_inst/STEP_MAPPING_5/Str_out_reg[1000]/D
  -------------------------------------------------------------------    -------------------

                         (clock sys_clk rise edge)    0.000     0.000 r  
                                                      0.000     0.000 r  clk (IN)
                         net (fo=3998, unset)         0.924     0.924    keccak_inst/algo_inst/STEP_MAPPING_5/clk
                         FDCE                                         r  keccak_inst/algo_inst/STEP_MAPPING_5/Str_out_reg[1000]/C





Min Delay Paths
--------------------------------------------------------------------------------------
Slack:                    inf
  Source:                 zeroize
                            (input port)
  Destination:            word_count_reg[5]/D
                            (rising edge-triggered cell FDCE clocked by sys_clk  {rise@0.000ns fall@10.000ns period=20.000ns})
  Path Group:             (none)
  Path Type:              Hold (Min at Fast Process Corner)
  Data Path Delay:        0.452ns  (logic 0.042ns (9.289%)  route 0.410ns (90.711%))
  Logic Levels:           1  (LUT5=1)
  Clock Path Skew:        0.432ns (DCD - SCD - CPR)
    Destination Clock Delay (DCD):    0.432ns
    Source Clock Delay      (SCD):    0.000ns
    Clock Pessimism Removal (CPR):    -0.000ns

    Location             Delay type                Incr(ns)  Path(ns)    Netlist Resource(s)
  -------------------------------------------------------------------    -------------------
                                                      0.000     0.000 f  zeroize (IN)
                         net (fo=766, unset)          0.410     0.410    zeroize
                         LUT5 (Prop_lut5_I4_O)        0.042     0.452 r  word_count[5]_i_2/O
                         net (fo=1, unplaced)         0.000     0.452    word_count[5]_i_2_n_0
                         FDCE                                         r  word_count_reg[5]/D
  -------------------------------------------------------------------    -------------------

                         (clock sys_clk rise edge)    0.000     0.000 r  
                                                      0.000     0.000 r  clk (IN)
                         net (fo=3998, unset)         0.432     0.432    clk
                         FDCE                                         r  word_count_reg[5]/C





