Copyright 1986-2020 Xilinx, Inc. All Rights Reserved.
-------------------------------------------------------------------------------------------------------------------------------------------------------------------------------------------------------
| Tool Version : Vivado v.2020.1 (lin64) Build 2902540 Wed May 27 19:54:35 MDT 2020
| Date         : Wed Sep 16 15:34:31 2026
| Host         : donglong-P7xxTM-1 running 64-bit Ubuntu 22.04.5 LTS
| Command      : report_timing_summary -file /home/donglong/Documents/Duy_prj/KECCAK_OPTIMIZE_POWER/OPTIMIZE_POWER/kyber_puf_mlkem_novelty/reports/puf_allpairs_characterization/post_route_timing.rpt
| Design       : Puf_AllPairs_Characterization_Top
| Device       : 7z020-clg400
| Speed File   : -2  PRODUCTION 1.12 2019-11-22
-------------------------------------------------------------------------------------------------------------------------------------------------------------------------------------------------------

Timing Summary Report

------------------------------------------------------------------------------------------------
| Timer Settings
| --------------
------------------------------------------------------------------------------------------------

  Enable Multi Corner Analysis               :  Yes
  Enable Pessimism Removal                   :  Yes
  Pessimism Removal Resolution               :  Nearest Common Node
  Enable Input Delay Default Clock           :  No
  Enable Preset / Clear Arcs                 :  No
  Disable Flight Delays                      :  No
  Ignore I/O Paths                           :  No
  Timing Early Launch at Borrowing Latches   :  No
  Borrow Time for Max Delay Exceptions       :  Yes
  Merge Timing Exceptions                    :  Yes

  Corner  Analyze    Analyze    
  Name    Max Paths  Min Paths  
  ------  ---------  ---------  
  Slow    Yes        Yes        
  Fast    Yes        Yes        



check_timing report

Table of Contents
-----------------
1. checking no_clock (432)
2. checking constant_clock (0)
3. checking pulse_width_clock (0)
4. checking unconstrained_internal_endpoints (206)
5. checking no_input_delay (1)
6. checking no_output_delay (3)
7. checking multiple_clock (0)
8. checking generated_clocks (0)
9. checking loops (32)
10. checking partial_input_delay (0)
11. checking partial_output_delay (0)
12. checking latch_loops (0)

1. checking no_clock (432)
--------------------------
 There are 72 register/latch pins with no clock driven by root clock pin: u_puf/ctrl_inst/FSM_onehot_state_reg[3]/Q (HIGH)

 There are 36 register/latch pins with no clock driven by root clock pin: u_puf/pair_a_reg[0]/Q (HIGH)

 There are 36 register/latch pins with no clock driven by root clock pin: u_puf/pair_a_reg[1]/Q (HIGH)

 There are 36 register/latch pins with no clock driven by root clock pin: u_puf/pair_a_reg[2]/Q (HIGH)

 There are 36 register/latch pins with no clock driven by root clock pin: u_puf/pair_a_reg[3]/Q (HIGH)

 There are 36 register/latch pins with no clock driven by root clock pin: u_puf/pair_a_reg[4]/Q (HIGH)

 There are 36 register/latch pins with no clock driven by root clock pin: u_puf/pair_b_reg[0]/Q (HIGH)

 There are 36 register/latch pins with no clock driven by root clock pin: u_puf/pair_b_reg[1]/Q (HIGH)

 There are 36 register/latch pins with no clock driven by root clock pin: u_puf/pair_b_reg[2]/Q (HIGH)

 There are 36 register/latch pins with no clock driven by root clock pin: u_puf/pair_b_reg[3]/Q (HIGH)

 There are 36 register/latch pins with no clock driven by root clock pin: u_puf/pair_b_reg[4]/Q (HIGH)


2. checking constant_clock (0)
------------------------------
 There are 0 register/latch pins with constant_clock.


3. checking pulse_width_clock (0)
---------------------------------
 There are 0 register/latch pins which need pulse_width check


4. checking unconstrained_internal_endpoints (206)
--------------------------------------------------
 There are 206 pins that are not constrained for maximum delay. (HIGH)

 There are 0 pins that are not constrained for maximum delay due to constant clock.


5. checking no_input_delay (1)
------------------------------
 There is 1 input port with no input delay specified. (HIGH)

 There are 0 input ports with no input delay but user has a false path constraint.


6. checking no_output_delay (3)
-------------------------------
 There are 3 ports with no output delay specified. (HIGH)

 There are 0 ports with no output delay but user has a false path constraint

 There are 0 ports with no output delay but with a timing clock defined on it or propagating through it


7. checking multiple_clock (0)
------------------------------
 There are 0 register/latch pins with multiple clocks.


8. checking generated_clocks (0)
--------------------------------
 There are 0 generated clocks that are not connected to a clock source.


9. checking loops (32)
----------------------
 There are 32 combinational loops in the design. (HIGH)


10. checking partial_input_delay (0)
------------------------------------
 There are 0 input ports with partial input delay specified.


11. checking partial_output_delay (0)
-------------------------------------
 There are 0 ports with partial output delay specified.


12. checking latch_loops (0)
----------------------------
 There are 0 combinational latch loops in the design through latch input



------------------------------------------------------------------------------------------------
| Design Timing Summary
| ---------------------
------------------------------------------------------------------------------------------------

    WNS(ns)      TNS(ns)  TNS Failing Endpoints  TNS Total Endpoints      WHS(ns)      THS(ns)  THS Failing Endpoints  THS Total Endpoints     WPWS(ns)     TPWS(ns)  TPWS Failing Endpoints  TPWS Total Endpoints  
    -------      -------  ---------------------  -------------------      -------      -------  ---------------------  -------------------     --------     --------  ----------------------  --------------------  
     11.186        0.000                      0                 5595        0.065        0.000                      0                 5595        9.500        0.000                       0                  1915  


All user specified timing constraints are met.


------------------------------------------------------------------------------------------------
| Clock Summary
| -------------
------------------------------------------------------------------------------------------------

Clock      Waveform(ns)       Period(ns)      Frequency(MHz)
-----      ------------       ----------      --------------
CLK100MHZ  {0.000 10.000}     20.000          50.000          


------------------------------------------------------------------------------------------------
| Intra Clock Table
| -----------------
------------------------------------------------------------------------------------------------

Clock             WNS(ns)      TNS(ns)  TNS Failing Endpoints  TNS Total Endpoints      WHS(ns)      THS(ns)  THS Failing Endpoints  THS Total Endpoints     WPWS(ns)     TPWS(ns)  TPWS Failing Endpoints  TPWS Total Endpoints  
-----             -------      -------  ---------------------  -------------------      -------      -------  ---------------------  -------------------     --------     --------  ----------------------  --------------------  
CLK100MHZ          11.186        0.000                      0                 4923        0.065        0.000                      0                 4923        9.500        0.000                       0                  1915  


------------------------------------------------------------------------------------------------
| Inter Clock Table
| -----------------
------------------------------------------------------------------------------------------------

From Clock    To Clock          WNS(ns)      TNS(ns)  TNS Failing Endpoints  TNS Total Endpoints      WHS(ns)      THS(ns)  THS Failing Endpoints  THS Total Endpoints  
----------    --------          -------      -------  ---------------------  -------------------      -------      -------  ---------------------  -------------------  


------------------------------------------------------------------------------------------------
| Other Path Groups Table
| -----------------------
------------------------------------------------------------------------------------------------

Path Group         From Clock         To Clock               WNS(ns)      TNS(ns)  TNS Failing Endpoints  TNS Total Endpoints      WHS(ns)      THS(ns)  THS Failing Endpoints  THS Total Endpoints  
----------         ----------         --------               -------      -------  ---------------------  -------------------      -------      -------  ---------------------  -------------------  
**async_default**  CLK100MHZ          CLK100MHZ               11.289        0.000                      0                  672        0.807        0.000                      0                  672  


------------------------------------------------------------------------------------------------
| Timing Details
| --------------
------------------------------------------------------------------------------------------------


---------------------------------------------------------------------------------------------------
From Clock:  CLK100MHZ
  To Clock:  CLK100MHZ

Setup :            0  Failing Endpoints,  Worst Slack       11.186ns,  Total Violation        0.000ns
Hold  :            0  Failing Endpoints,  Worst Slack        0.065ns,  Total Violation        0.000ns
PW    :            0  Failing Endpoints,  Worst Slack        9.500ns,  Total Violation        0.000ns
---------------------------------------------------------------------------------------------------


Max Delay Paths
--------------------------------------------------------------------------------------
Slack (MET) :             11.186ns  (required time - arrival time)
  Source:                 u_uart/telemetry_mem_reg_0/CLKARDCLK
                            (rising edge-triggered cell RAMB36E1 clocked by CLK100MHZ  {rise@0.000ns fall@10.000ns period=20.000ns})
  Destination:            u_uart/tx_byte_reg[7]/D
                            (rising edge-triggered cell FDRE clocked by CLK100MHZ  {rise@0.000ns fall@10.000ns period=20.000ns})
  Path Group:             CLK100MHZ
  Path Type:              Setup (Max at Slow Process Corner)
  Requirement:            20.000ns  (CLK100MHZ rise@20.000ns - CLK100MHZ rise@0.000ns)
  Data Path Delay:        8.713ns  (logic 4.332ns (49.721%)  route 4.381ns (50.279%))
  Logic Levels:           12  (CARRY4=7 LUT3=1 LUT4=2 LUT6=2)
  Clock Path Skew:        -0.098ns (DCD - SCD + CPR)
    Destination Clock Delay (DCD):    4.465ns = ( 24.465 - 20.000 ) 
    Source Clock Delay      (SCD):    4.905ns
    Clock Pessimism Removal (CPR):    0.342ns
  Clock Uncertainty:      0.035ns  ((TSJ^2 + TIJ^2)^1/2 + DJ) / 2 + PE
    Total System Jitter     (TSJ):    0.071ns
    Total Input Jitter      (TIJ):    0.000ns
    Discrete Jitter          (DJ):    0.000ns
    Phase Error              (PE):    0.000ns

    Location             Delay type                Incr(ns)  Path(ns)    Netlist Resource(s)
  -------------------------------------------------------------------    -------------------
                         (clock CLK100MHZ rise edge)
                                                      0.000     0.000 r  
    N18                                               0.000     0.000 r  CLK100MHZ (IN)
                         net (fo=0)                   0.000     0.000    CLK100MHZ
    N18                  IBUF (Prop_ibuf_I_O)         1.392     1.392 r  CLK100MHZ_IBUF_inst/O
                         net (fo=1, routed)           1.873     3.265    CLK100MHZ_IBUF
    BUFGCTRL_X0Y16       BUFG (Prop_bufg_I_O)         0.085     3.350 r  CLK100MHZ_IBUF_BUFG_inst/O
                         net (fo=1914, routed)        1.555     4.905    u_uart/CLK100MHZ_IBUF_BUFG
    RAMB36_X5Y3          RAMB36E1                                     r  u_uart/telemetry_mem_reg_0/CLKARDCLK
  -------------------------------------------------------------------    -------------------
    RAMB36_X5Y3          RAMB36E1 (Prop_ramb36e1_CLKARDCLK_DOADO[13])
                                                      2.125     7.030 r  u_uart/telemetry_mem_reg_0/DOADO[13]
                         net (fo=6, routed)           1.148     8.178    u_uart/current_count0[3]
    SLICE_X105Y15        LUT4 (Prop_lut4_I3_O)        0.105     8.283 r  u_uart/current_margin1_carry_i_7/O
                         net (fo=1, routed)           0.000     8.283    u_uart/current_margin1_carry_i_7_n_1
    SLICE_X105Y15        CARRY4 (Prop_carry4_S[1]_CO[3])
                                                      0.457     8.740 r  u_uart/current_margin1_carry/CO[3]
                         net (fo=1, routed)           0.000     8.740    u_uart/current_margin1_carry_n_1
    SLICE_X105Y16        CARRY4 (Prop_carry4_CI_CO[3])
                                                      0.098     8.838 r  u_uart/current_margin1_carry__0/CO[3]
                         net (fo=1, routed)           0.000     8.838    u_uart/current_margin1_carry__0_n_1
    SLICE_X105Y17        CARRY4 (Prop_carry4_CI_CO[3])
                                                      0.098     8.936 r  u_uart/current_margin1_carry__1/CO[3]
                         net (fo=1, routed)           0.000     8.936    u_uart/current_margin1_carry__1_n_1
    SLICE_X105Y18        CARRY4 (Prop_carry4_CI_CO[3])
                                                      0.098     9.034 r  u_uart/current_margin1_carry__2/CO[3]
                         net (fo=31, routed)          1.161    10.196    u_uart/current_margin1
    SLICE_X106Y14        LUT3 (Prop_lut3_I2_O)        0.126    10.322 r  u_uart/tx_byte0_carry__0_i_4/O
                         net (fo=1, routed)           0.000    10.322    u_uart/p_1_in[4]
    SLICE_X106Y14        CARRY4 (Prop_carry4_DI[0]_CO[3])
                                                      0.400    10.722 r  u_uart/tx_byte0_carry__0/CO[3]
                         net (fo=1, routed)           0.000    10.722    u_uart/tx_byte0_carry__0_n_1
    SLICE_X106Y15        CARRY4 (Prop_carry4_CI_CO[3])
                                                      0.098    10.820 r  u_uart/tx_byte0_carry__1/CO[3]
                         net (fo=1, routed)           0.000    10.820    u_uart/tx_byte0_carry__1_n_1
    SLICE_X106Y16        CARRY4 (Prop_carry4_CI_O[3])
                                                      0.260    11.080 r  u_uart/tx_byte0_carry__2/O[3]
                         net (fo=1, routed)           0.988    12.068    u_uart/data13[7]
    SLICE_X105Y19        LUT6 (Prop_lut6_I3_O)        0.257    12.325 r  u_uart/tx_byte[7]_i_8/O
                         net (fo=1, routed)           0.466    12.791    u_uart/tx_byte[7]_i_8_n_1
    SLICE_X104Y19        LUT4 (Prop_lut4_I3_O)        0.105    12.896 f  u_uart/tx_byte[7]_i_5/O
                         net (fo=1, routed)           0.617    13.513    u_uart/tx_byte[7]_i_5_n_1
    SLICE_X103Y15        LUT6 (Prop_lut6_I3_O)        0.105    13.618 r  u_uart/tx_byte[7]_i_2/O
                         net (fo=1, routed)           0.000    13.618    u_uart/tx_byte[7]_i_2_n_1
    SLICE_X103Y15        FDRE                                         r  u_uart/tx_byte_reg[7]/D
  -------------------------------------------------------------------    -------------------

                         (clock CLK100MHZ rise edge)
                                                     20.000    20.000 r  
    N18                                               0.000    20.000 r  CLK100MHZ (IN)
                         net (fo=0)                   0.000    20.000    CLK100MHZ
    N18                  IBUF (Prop_ibuf_I_O)         1.327    21.327 r  CLK100MHZ_IBUF_inst/O
                         net (fo=1, routed)           1.701    23.028    CLK100MHZ_IBUF
    BUFGCTRL_X0Y16       BUFG (Prop_bufg_I_O)         0.077    23.105 r  CLK100MHZ_IBUF_BUFG_inst/O
                         net (fo=1914, routed)        1.361    24.465    u_uart/CLK100MHZ_IBUF_BUFG
    SLICE_X103Y15        FDRE                                         r  u_uart/tx_byte_reg[7]/C
                         clock pessimism              0.342    24.807    
                         clock uncertainty           -0.035    24.772    
    SLICE_X103Y15        FDRE (Setup_fdre_C_D)        0.032    24.804    u_uart/tx_byte_reg[7]
  -------------------------------------------------------------------
                         required time                         24.804    
                         arrival time                         -13.618    
  -------------------------------------------------------------------
                         slack                                 11.186    





Min Delay Paths
--------------------------------------------------------------------------------------
Slack (MET) :             0.065ns  (arrival time - required time)
  Source:                 u_puf/telemetry_count1_reg[24]/C
                            (rising edge-triggered cell FDRE clocked by CLK100MHZ  {rise@0.000ns fall@10.000ns period=20.000ns})
  Destination:            u_uart/telemetry_mem_reg_0/DIPADIP[2]
                            (rising edge-triggered cell RAMB36E1 clocked by CLK100MHZ  {rise@0.000ns fall@10.000ns period=20.000ns})
  Path Group:             CLK100MHZ
  Path Type:              Hold (Min at Fast Process Corner)
  Requirement:            0.000ns  (CLK100MHZ rise@0.000ns - CLK100MHZ rise@0.000ns)
  Data Path Delay:        0.272ns  (logic 0.141ns (51.848%)  route 0.131ns (48.152%))
  Logic Levels:           0  
  Clock Path Skew:        0.052ns (DCD - SCD - CPR)
    Destination Clock Delay (DCD):    2.093ns
    Source Clock Delay      (SCD):    1.539ns
    Clock Pessimism Removal (CPR):    0.502ns

    Location             Delay type                Incr(ns)  Path(ns)    Netlist Resource(s)
  -------------------------------------------------------------------    -------------------
                         (clock CLK100MHZ rise edge)
                                                      0.000     0.000 r  
    N18                                               0.000     0.000 r  CLK100MHZ (IN)
                         net (fo=0)                   0.000     0.000    CLK100MHZ
    N18                  IBUF (Prop_ibuf_I_O)         0.229     0.229 r  CLK100MHZ_IBUF_inst/O
                         net (fo=1, routed)           0.674     0.903    CLK100MHZ_IBUF
    BUFGCTRL_X0Y16       BUFG (Prop_bufg_I_O)         0.026     0.929 r  CLK100MHZ_IBUF_BUFG_inst/O
                         net (fo=1914, routed)        0.610     1.539    u_puf/CLK100MHZ_IBUF_BUFG
    SLICE_X105Y15        FDRE                                         r  u_puf/telemetry_count1_reg[24]/C
  -------------------------------------------------------------------    -------------------
    SLICE_X105Y15        FDRE (Prop_fdre_C_Q)         0.141     1.680 r  u_puf/telemetry_count1_reg[24]/Q
                         net (fo=1, routed)           0.131     1.811    u_uart/p_0_in[66]
    RAMB36_X5Y3          RAMB36E1                                     r  u_uart/telemetry_mem_reg_0/DIPADIP[2]
  -------------------------------------------------------------------    -------------------

                         (clock CLK100MHZ rise edge)
                                                      0.000     0.000 r  
    N18                                               0.000     0.000 r  CLK100MHZ (IN)
                         net (fo=0)                   0.000     0.000    CLK100MHZ
    N18                  IBUF (Prop_ibuf_I_O)         0.417     0.417 r  CLK100MHZ_IBUF_inst/O
                         net (fo=1, routed)           0.731     1.148    CLK100MHZ_IBUF
    BUFGCTRL_X0Y16       BUFG (Prop_bufg_I_O)         0.029     1.177 r  CLK100MHZ_IBUF_BUFG_inst/O
                         net (fo=1914, routed)        0.916     2.093    u_uart/CLK100MHZ_IBUF_BUFG
    RAMB36_X5Y3          RAMB36E1                                     r  u_uart/telemetry_mem_reg_0/CLKBWRCLK
                         clock pessimism             -0.502     1.591    
    RAMB36_X5Y3          RAMB36E1 (Hold_ramb36e1_CLKBWRCLK_DIPADIP[2])
                                                      0.155     1.746    u_uart/telemetry_mem_reg_0
  -------------------------------------------------------------------
                         required time                         -1.746    
                         arrival time                           1.811    
  -------------------------------------------------------------------
                         slack                                  0.065    





Pulse Width Checks
--------------------------------------------------------------------------------------
Clock Name:         CLK100MHZ
Waveform(ns):       { 0.000 10.000 }
Period(ns):         20.000
Sources:            { CLK100MHZ }

Check Type        Corner  Lib Pin             Reference Pin  Required(ns)  Actual(ns)  Slack(ns)  Location       Pin
Min Period        n/a     RAMB18E1/CLKARDCLK  n/a            2.472         20.000      17.528     RAMB18_X5Y8    u_uart/telemetry_mem_reg_1/CLKARDCLK
Low Pulse Width   Fast    FDRE/C              n/a            0.500         10.000      9.500      SLICE_X113Y13  por_cnt_reg[0]/C
High Pulse Width  Slow    FDRE/C              n/a            0.500         10.000      9.500      SLICE_X113Y13  por_cnt_reg[0]/C



---------------------------------------------------------------------------------------------------
Path Group:  **async_default**
From Clock:  CLK100MHZ
  To Clock:  CLK100MHZ

Setup :            0  Failing Endpoints,  Worst Slack       11.289ns,  Total Violation        0.000ns
Hold  :            0  Failing Endpoints,  Worst Slack        0.807ns,  Total Violation        0.000ns
---------------------------------------------------------------------------------------------------


Max Delay Paths
--------------------------------------------------------------------------------------
Slack (MET) :             11.289ns  (required time - arrival time)
  Source:                 por_done_reg/C
                            (rising edge-triggered cell FDRE clocked by CLK100MHZ  {rise@0.000ns fall@10.000ns period=20.000ns})
  Destination:            u_puf/shiftreg_inst/p_out_reg[370]/CLR
                            (recovery check against rising-edge clock CLK100MHZ  {rise@0.000ns fall@10.000ns period=20.000ns})
  Path Group:             **async_default**
  Path Type:              Recovery (Max at Slow Process Corner)
  Requirement:            20.000ns  (CLK100MHZ rise@20.000ns - CLK100MHZ rise@0.000ns)
  Data Path Delay:        8.254ns  (logic 0.538ns (6.518%)  route 7.716ns (93.482%))
  Logic Levels:           1  (LUT1=1)
  Clock Path Skew:        -0.130ns (DCD - SCD + CPR)
    Destination Clock Delay (DCD):    4.465ns = ( 24.465 - 20.000 ) 
    Source Clock Delay      (SCD):    4.937ns
    Clock Pessimism Removal (CPR):    0.342ns
  Clock Uncertainty:      0.035ns  ((TSJ^2 + TIJ^2)^1/2 + DJ) / 2 + PE
    Total System Jitter     (TSJ):    0.071ns
    Total Input Jitter      (TIJ):    0.000ns
    Discrete Jitter          (DJ):    0.000ns
    Phase Error              (PE):    0.000ns

    Location             Delay type                Incr(ns)  Path(ns)    Netlist Resource(s)
  -------------------------------------------------------------------    -------------------
                         (clock CLK100MHZ rise edge)
                                                      0.000     0.000 r  
    N18                                               0.000     0.000 r  CLK100MHZ (IN)
                         net (fo=0)                   0.000     0.000    CLK100MHZ
    N18                  IBUF (Prop_ibuf_I_O)         1.392     1.392 r  CLK100MHZ_IBUF_inst/O
                         net (fo=1, routed)           1.873     3.265    CLK100MHZ_IBUF
    BUFGCTRL_X0Y16       BUFG (Prop_bufg_I_O)         0.085     3.350 r  CLK100MHZ_IBUF_BUFG_inst/O
                         net (fo=1914, routed)        1.587     4.937    CLK100MHZ_IBUF_BUFG
    SLICE_X112Y15        FDRE                                         r  por_done_reg/C
  -------------------------------------------------------------------    -------------------
    SLICE_X112Y15        FDRE (Prop_fdre_C_Q)         0.433     5.370 r  por_done_reg/Q
                         net (fo=4, routed)           0.868     6.238    u_uart/u_rx/por_done
    SLICE_X107Y22        LUT1 (Prop_lut1_I0_O)        0.105     6.343 f  u_uart/u_rx/FSM_onehot_state[6]_i_3/O
                         net (fo=1900, routed)        6.848    13.191    u_puf/shiftreg_inst/p_out_reg[0]_0
    SLICE_X90Y10         FDCE                                         f  u_puf/shiftreg_inst/p_out_reg[370]/CLR
  -------------------------------------------------------------------    -------------------

                         (clock CLK100MHZ rise edge)
                                                     20.000    20.000 r  
    N18                                               0.000    20.000 r  CLK100MHZ (IN)
                         net (fo=0)                   0.000    20.000    CLK100MHZ
    N18                  IBUF (Prop_ibuf_I_O)         1.327    21.327 r  CLK100MHZ_IBUF_inst/O
                         net (fo=1, routed)           1.701    23.028    CLK100MHZ_IBUF
    BUFGCTRL_X0Y16       BUFG (Prop_bufg_I_O)         0.077    23.105 r  CLK100MHZ_IBUF_BUFG_inst/O
                         net (fo=1914, routed)        1.361    24.465    u_puf/shiftreg_inst/CLK100MHZ_IBUF_BUFG
    SLICE_X90Y10         FDCE                                         r  u_puf/shiftreg_inst/p_out_reg[370]/C
                         clock pessimism              0.342    24.807    
                         clock uncertainty           -0.035    24.772    
    SLICE_X90Y10         FDCE (Recov_fdce_C_CLR)     -0.292    24.480    u_puf/shiftreg_inst/p_out_reg[370]
  -------------------------------------------------------------------
                         required time                         24.480    
                         arrival time                         -13.191    
  -------------------------------------------------------------------
                         slack                                 11.289    





Min Delay Paths
--------------------------------------------------------------------------------------
Slack (MET) :             0.807ns  (arrival time - required time)
  Source:                 por_done_reg/C
                            (rising edge-triggered cell FDRE clocked by CLK100MHZ  {rise@0.000ns fall@10.000ns period=20.000ns})
  Destination:            u_puf/ctrl_inst/ref_cycle_cnt_reg[6]/CLR
                            (removal check against rising-edge clock CLK100MHZ  {rise@0.000ns fall@10.000ns period=20.000ns})
  Path Group:             **async_default**
  Path Type:              Removal (Min at Fast Process Corner)
  Requirement:            0.000ns  (CLK100MHZ rise@0.000ns - CLK100MHZ rise@0.000ns)
  Data Path Delay:        0.741ns  (logic 0.209ns (28.199%)  route 0.532ns (71.801%))
  Logic Levels:           1  (LUT1=1)
  Clock Path Skew:        0.026ns (DCD - SCD - CPR)
    Destination Clock Delay (DCD):    2.074ns
    Source Clock Delay      (SCD):    1.567ns
    Clock Pessimism Removal (CPR):    0.481ns

    Location             Delay type                Incr(ns)  Path(ns)    Netlist Resource(s)
  -------------------------------------------------------------------    -------------------
                         (clock CLK100MHZ rise edge)
                                                      0.000     0.000 r  
    N18                                               0.000     0.000 r  CLK100MHZ (IN)
                         net (fo=0)                   0.000     0.000    CLK100MHZ
    N18                  IBUF (Prop_ibuf_I_O)         0.229     0.229 r  CLK100MHZ_IBUF_inst/O
                         net (fo=1, routed)           0.674     0.903    CLK100MHZ_IBUF
    BUFGCTRL_X0Y16       BUFG (Prop_bufg_I_O)         0.026     0.929 r  CLK100MHZ_IBUF_BUFG_inst/O
                         net (fo=1914, routed)        0.638     1.567    CLK100MHZ_IBUF_BUFG
    SLICE_X112Y15        FDRE                                         r  por_done_reg/C
  -------------------------------------------------------------------    -------------------
    SLICE_X112Y15        FDRE (Prop_fdre_C_Q)         0.164     1.731 r  por_done_reg/Q
                         net (fo=4, routed)           0.382     2.113    u_uart/u_rx/por_done
    SLICE_X107Y22        LUT1 (Prop_lut1_I0_O)        0.045     2.158 f  u_uart/u_rx/FSM_onehot_state[6]_i_3/O
                         net (fo=1900, routed)        0.150     2.308    u_puf/ctrl_inst/FSM_onehot_state_reg[1]_1
    SLICE_X107Y23        FDCE                                         f  u_puf/ctrl_inst/ref_cycle_cnt_reg[6]/CLR
  -------------------------------------------------------------------    -------------------

                         (clock CLK100MHZ rise edge)
                                                      0.000     0.000 r  
    N18                                               0.000     0.000 r  CLK100MHZ (IN)
                         net (fo=0)                   0.000     0.000    CLK100MHZ
    N18                  IBUF (Prop_ibuf_I_O)         0.417     0.417 r  CLK100MHZ_IBUF_inst/O
                         net (fo=1, routed)           0.731     1.148    CLK100MHZ_IBUF
    BUFGCTRL_X0Y16       BUFG (Prop_bufg_I_O)         0.029     1.177 r  CLK100MHZ_IBUF_BUFG_inst/O
                         net (fo=1914, routed)        0.897     2.074    u_puf/ctrl_inst/CLK100MHZ_IBUF_BUFG
    SLICE_X107Y23        FDCE                                         r  u_puf/ctrl_inst/ref_cycle_cnt_reg[6]/C
                         clock pessimism             -0.481     1.593    
    SLICE_X107Y23        FDCE (Remov_fdce_C_CLR)     -0.092     1.501    u_puf/ctrl_inst/ref_cycle_cnt_reg[6]
  -------------------------------------------------------------------
                         required time                         -1.501    
                         arrival time                           2.308    
  -------------------------------------------------------------------
                         slack                                  0.807    





