Copyright 1986-2020 Xilinx, Inc. All Rights Reserved.
--------------------------------------------------------------------------------------------------------------------------------------------------------------------------------------------------------------------------------
| Tool Version : Vivado v.2020.1 (lin64) Build 2902540 Wed May 27 19:54:35 MDT 2020
| Date         : Thu Sep 10 13:51:38 2026
| Host         : donglong-P7xxTM-1 running 64-bit Ubuntu 22.04.5 LTS
| Command      : check_timing -verbose -file /home/donglong/Documents/Duy_prj/KECCAK_OPTIMIZE_POWER/OPTIMIZE_POWER/kyber_puf_fpga_delivery/build/fpga_split/arty35t_edgefull_compact_handoff_20260910/edgefull/check_timing.rpt
| Design       : edge_puf_mlkem_core
| Device       : 7a35ti-csg324
| Speed File   : -1L  PRODUCTION 1.23 2018-06-13
--------------------------------------------------------------------------------------------------------------------------------------------------------------------------------------------------------------------------------


check_timing report

Table of Contents
-----------------
1. checking no_clock (360)
2. checking constant_clock (0)
3. checking pulse_width_clock (0)
4. checking unconstrained_internal_endpoints (206)
5. checking no_input_delay (311)
6. checking no_output_delay (561)
7. checking multiple_clock (0)
8. checking generated_clocks (0)
9. checking loops (32)
10. checking partial_input_delay (0)
11. checking partial_output_delay (0)
12. checking latch_loops (0)

1. checking no_clock (360)
--------------------------
 There are 72 register/latch pins with no clock driven by root clock pin: u_puf/ctrl_inst/FSM_onehot_state_reg[3]/Q (HIGH)

u_puf/counter0/en_meta_reg/C
u_puf/counter0/en_sync_reg/C
u_puf/counter0/q_reg[0]/C
u_puf/counter0/q_reg[10]/C
u_puf/counter0/q_reg[11]/C
u_puf/counter0/q_reg[12]/C
u_puf/counter0/q_reg[13]/C
u_puf/counter0/q_reg[14]/C
u_puf/counter0/q_reg[15]/C
u_puf/counter0/q_reg[16]/C
u_puf/counter0/q_reg[17]/C
u_puf/counter0/q_reg[18]/C
u_puf/counter0/q_reg[19]/C
u_puf/counter0/q_reg[1]/C
u_puf/counter0/q_reg[20]/C
u_puf/counter0/q_reg[21]/C
u_puf/counter0/q_reg[22]/C
u_puf/counter0/q_reg[23]/C
u_puf/counter0/q_reg[24]/C
u_puf/counter0/q_reg[25]/C
u_puf/counter0/q_reg[26]/C
u_puf/counter0/q_reg[27]/C
u_puf/counter0/q_reg[28]/C
u_puf/counter0/q_reg[29]/C
u_puf/counter0/q_reg[2]/C
u_puf/counter0/q_reg[30]/C
u_puf/counter0/q_reg[31]/C
u_puf/counter0/q_reg[3]/C
u_puf/counter0/q_reg[4]/C
u_puf/counter0/q_reg[5]/C
u_puf/counter0/q_reg[6]/C
u_puf/counter0/q_reg[7]/C
u_puf/counter0/q_reg[8]/C
u_puf/counter0/q_reg[9]/C
u_puf/counter0/reset_release_reg[0]/C
u_puf/counter0/reset_release_reg[1]/C
u_puf/counter1/en_meta_reg/C
u_puf/counter1/en_sync_reg/C
u_puf/counter1/q_reg[0]/C
u_puf/counter1/q_reg[10]/C
u_puf/counter1/q_reg[11]/C
u_puf/counter1/q_reg[12]/C
u_puf/counter1/q_reg[13]/C
u_puf/counter1/q_reg[14]/C
u_puf/counter1/q_reg[15]/C
u_puf/counter1/q_reg[16]/C
u_puf/counter1/q_reg[17]/C
u_puf/counter1/q_reg[18]/C
u_puf/counter1/q_reg[19]/C
u_puf/counter1/q_reg[1]/C
u_puf/counter1/q_reg[20]/C
u_puf/counter1/q_reg[21]/C
u_puf/counter1/q_reg[22]/C
u_puf/counter1/q_reg[23]/C
u_puf/counter1/q_reg[24]/C
u_puf/counter1/q_reg[25]/C
u_puf/counter1/q_reg[26]/C
u_puf/counter1/q_reg[27]/C
u_puf/counter1/q_reg[28]/C
u_puf/counter1/q_reg[29]/C
u_puf/counter1/q_reg[2]/C
u_puf/counter1/q_reg[30]/C
u_puf/counter1/q_reg[31]/C
u_puf/counter1/q_reg[3]/C
u_puf/counter1/q_reg[4]/C
u_puf/counter1/q_reg[5]/C
u_puf/counter1/q_reg[6]/C
u_puf/counter1/q_reg[7]/C
u_puf/counter1/q_reg[8]/C
u_puf/counter1/q_reg[9]/C
u_puf/counter1/reset_release_reg[0]/C
u_puf/counter1/reset_release_reg[1]/C

 There are 36 register/latch pins with no clock driven by root clock pin: u_puf/lfsr_inst/r_lfsr_reg[1]/Q (HIGH)

u_puf/counter0/en_meta_reg/C
u_puf/counter0/en_sync_reg/C
u_puf/counter0/q_reg[0]/C
u_puf/counter0/q_reg[10]/C
u_puf/counter0/q_reg[11]/C
u_puf/counter0/q_reg[12]/C
u_puf/counter0/q_reg[13]/C
u_puf/counter0/q_reg[14]/C
u_puf/counter0/q_reg[15]/C
u_puf/counter0/q_reg[16]/C
u_puf/counter0/q_reg[17]/C
u_puf/counter0/q_reg[18]/C
u_puf/counter0/q_reg[19]/C
u_puf/counter0/q_reg[1]/C
u_puf/counter0/q_reg[20]/C
u_puf/counter0/q_reg[21]/C
u_puf/counter0/q_reg[22]/C
u_puf/counter0/q_reg[23]/C
u_puf/counter0/q_reg[24]/C
u_puf/counter0/q_reg[25]/C
u_puf/counter0/q_reg[26]/C
u_puf/counter0/q_reg[27]/C
u_puf/counter0/q_reg[28]/C
u_puf/counter0/q_reg[29]/C
u_puf/counter0/q_reg[2]/C
u_puf/counter0/q_reg[30]/C
u_puf/counter0/q_reg[31]/C
u_puf/counter0/q_reg[3]/C
u_puf/counter0/q_reg[4]/C
u_puf/counter0/q_reg[5]/C
u_puf/counter0/q_reg[6]/C
u_puf/counter0/q_reg[7]/C
u_puf/counter0/q_reg[8]/C
u_puf/counter0/q_reg[9]/C
u_puf/counter0/reset_release_reg[0]/C
u_puf/counter0/reset_release_reg[1]/C

 There are 36 register/latch pins with no clock driven by root clock pin: u_puf/lfsr_inst/r_lfsr_reg[2]/Q (HIGH)

u_puf/counter0/en_meta_reg/C
u_puf/counter0/en_sync_reg/C
u_puf/counter0/q_reg[0]/C
u_puf/counter0/q_reg[10]/C
u_puf/counter0/q_reg[11]/C
u_puf/counter0/q_reg[12]/C
u_puf/counter0/q_reg[13]/C
u_puf/counter0/q_reg[14]/C
u_puf/counter0/q_reg[15]/C
u_puf/counter0/q_reg[16]/C
u_puf/counter0/q_reg[17]/C
u_puf/counter0/q_reg[18]/C
u_puf/counter0/q_reg[19]/C
u_puf/counter0/q_reg[1]/C
u_puf/counter0/q_reg[20]/C
u_puf/counter0/q_reg[21]/C
u_puf/counter0/q_reg[22]/C
u_puf/counter0/q_reg[23]/C
u_puf/counter0/q_reg[24]/C
u_puf/counter0/q_reg[25]/C
u_puf/counter0/q_reg[26]/C
u_puf/counter0/q_reg[27]/C
u_puf/counter0/q_reg[28]/C
u_puf/counter0/q_reg[29]/C
u_puf/counter0/q_reg[2]/C
u_puf/counter0/q_reg[30]/C
u_puf/counter0/q_reg[31]/C
u_puf/counter0/q_reg[3]/C
u_puf/counter0/q_reg[4]/C
u_puf/counter0/q_reg[5]/C
u_puf/counter0/q_reg[6]/C
u_puf/counter0/q_reg[7]/C
u_puf/counter0/q_reg[8]/C
u_puf/counter0/q_reg[9]/C
u_puf/counter0/reset_release_reg[0]/C
u_puf/counter0/reset_release_reg[1]/C

 There are 36 register/latch pins with no clock driven by root clock pin: u_puf/lfsr_inst/r_lfsr_reg[3]/Q (HIGH)

u_puf/counter0/en_meta_reg/C
u_puf/counter0/en_sync_reg/C
u_puf/counter0/q_reg[0]/C
u_puf/counter0/q_reg[10]/C
u_puf/counter0/q_reg[11]/C
u_puf/counter0/q_reg[12]/C
u_puf/counter0/q_reg[13]/C
u_puf/counter0/q_reg[14]/C
u_puf/counter0/q_reg[15]/C
u_puf/counter0/q_reg[16]/C
u_puf/counter0/q_reg[17]/C
u_puf/counter0/q_reg[18]/C
u_puf/counter0/q_reg[19]/C
u_puf/counter0/q_reg[1]/C
u_puf/counter0/q_reg[20]/C
u_puf/counter0/q_reg[21]/C
u_puf/counter0/q_reg[22]/C
u_puf/counter0/q_reg[23]/C
u_puf/counter0/q_reg[24]/C
u_puf/counter0/q_reg[25]/C
u_puf/counter0/q_reg[26]/C
u_puf/counter0/q_reg[27]/C
u_puf/counter0/q_reg[28]/C
u_puf/counter0/q_reg[29]/C
u_puf/counter0/q_reg[2]/C
u_puf/counter0/q_reg[30]/C
u_puf/counter0/q_reg[31]/C
u_puf/counter0/q_reg[3]/C
u_puf/counter0/q_reg[4]/C
u_puf/counter0/q_reg[5]/C
u_puf/counter0/q_reg[6]/C
u_puf/counter0/q_reg[7]/C
u_puf/counter0/q_reg[8]/C
u_puf/counter0/q_reg[9]/C
u_puf/counter0/reset_release_reg[0]/C
u_puf/counter0/reset_release_reg[1]/C

 There are 36 register/latch pins with no clock driven by root clock pin: u_puf/lfsr_inst/r_lfsr_reg[4]/Q (HIGH)

u_puf/counter0/en_meta_reg/C
u_puf/counter0/en_sync_reg/C
u_puf/counter0/q_reg[0]/C
u_puf/counter0/q_reg[10]/C
u_puf/counter0/q_reg[11]/C
u_puf/counter0/q_reg[12]/C
u_puf/counter0/q_reg[13]/C
u_puf/counter0/q_reg[14]/C
u_puf/counter0/q_reg[15]/C
u_puf/counter0/q_reg[16]/C
u_puf/counter0/q_reg[17]/C
u_puf/counter0/q_reg[18]/C
u_puf/counter0/q_reg[19]/C
u_puf/counter0/q_reg[1]/C
u_puf/counter0/q_reg[20]/C
u_puf/counter0/q_reg[21]/C
u_puf/counter0/q_reg[22]/C
u_puf/counter0/q_reg[23]/C
u_puf/counter0/q_reg[24]/C
u_puf/counter0/q_reg[25]/C
u_puf/counter0/q_reg[26]/C
u_puf/counter0/q_reg[27]/C
u_puf/counter0/q_reg[28]/C
u_puf/counter0/q_reg[29]/C
u_puf/counter0/q_reg[2]/C
u_puf/counter0/q_reg[30]/C
u_puf/counter0/q_reg[31]/C
u_puf/counter0/q_reg[3]/C
u_puf/counter0/q_reg[4]/C
u_puf/counter0/q_reg[5]/C
u_puf/counter0/q_reg[6]/C
u_puf/counter0/q_reg[7]/C
u_puf/counter0/q_reg[8]/C
u_puf/counter0/q_reg[9]/C
u_puf/counter0/reset_release_reg[0]/C
u_puf/counter0/reset_release_reg[1]/C

 There are 36 register/latch pins with no clock driven by root clock pin: u_puf/lfsr_inst/r_lfsr_reg[5]/Q (HIGH)

u_puf/counter1/en_meta_reg/C
u_puf/counter1/en_sync_reg/C
u_puf/counter1/q_reg[0]/C
u_puf/counter1/q_reg[10]/C
u_puf/counter1/q_reg[11]/C
u_puf/counter1/q_reg[12]/C
u_puf/counter1/q_reg[13]/C
u_puf/counter1/q_reg[14]/C
u_puf/counter1/q_reg[15]/C
u_puf/counter1/q_reg[16]/C
u_puf/counter1/q_reg[17]/C
u_puf/counter1/q_reg[18]/C
u_puf/counter1/q_reg[19]/C
u_puf/counter1/q_reg[1]/C
u_puf/counter1/q_reg[20]/C
u_puf/counter1/q_reg[21]/C
u_puf/counter1/q_reg[22]/C
u_puf/counter1/q_reg[23]/C
u_puf/counter1/q_reg[24]/C
u_puf/counter1/q_reg[25]/C
u_puf/counter1/q_reg[26]/C
u_puf/counter1/q_reg[27]/C
u_puf/counter1/q_reg[28]/C
u_puf/counter1/q_reg[29]/C
u_puf/counter1/q_reg[2]/C
u_puf/counter1/q_reg[30]/C
u_puf/counter1/q_reg[31]/C
u_puf/counter1/q_reg[3]/C
u_puf/counter1/q_reg[4]/C
u_puf/counter1/q_reg[5]/C
u_puf/counter1/q_reg[6]/C
u_puf/counter1/q_reg[7]/C
u_puf/counter1/q_reg[8]/C
u_puf/counter1/q_reg[9]/C
u_puf/counter1/reset_release_reg[0]/C
u_puf/counter1/reset_release_reg[1]/C

 There are 36 register/latch pins with no clock driven by root clock pin: u_puf/lfsr_inst/r_lfsr_reg[6]/Q (HIGH)

u_puf/counter1/en_meta_reg/C
u_puf/counter1/en_sync_reg/C
u_puf/counter1/q_reg[0]/C
u_puf/counter1/q_reg[10]/C
u_puf/counter1/q_reg[11]/C
u_puf/counter1/q_reg[12]/C
u_puf/counter1/q_reg[13]/C
u_puf/counter1/q_reg[14]/C
u_puf/counter1/q_reg[15]/C
u_puf/counter1/q_reg[16]/C
u_puf/counter1/q_reg[17]/C
u_puf/counter1/q_reg[18]/C
u_puf/counter1/q_reg[19]/C
u_puf/counter1/q_reg[1]/C
u_puf/counter1/q_reg[20]/C
u_puf/counter1/q_reg[21]/C
u_puf/counter1/q_reg[22]/C
u_puf/counter1/q_reg[23]/C
u_puf/counter1/q_reg[24]/C
u_puf/counter1/q_reg[25]/C
u_puf/counter1/q_reg[26]/C
u_puf/counter1/q_reg[27]/C
u_puf/counter1/q_reg[28]/C
u_puf/counter1/q_reg[29]/C
u_puf/counter1/q_reg[2]/C
u_puf/counter1/q_reg[30]/C
u_puf/counter1/q_reg[31]/C
u_puf/counter1/q_reg[3]/C
u_puf/counter1/q_reg[4]/C
u_puf/counter1/q_reg[5]/C
u_puf/counter1/q_reg[6]/C
u_puf/counter1/q_reg[7]/C
u_puf/counter1/q_reg[8]/C
u_puf/counter1/q_reg[9]/C
u_puf/counter1/reset_release_reg[0]/C
u_puf/counter1/reset_release_reg[1]/C

 There are 36 register/latch pins with no clock driven by root clock pin: u_puf/lfsr_inst/r_lfsr_reg[7]/Q (HIGH)

u_puf/counter1/en_meta_reg/C
u_puf/counter1/en_sync_reg/C
u_puf/counter1/q_reg[0]/C
u_puf/counter1/q_reg[10]/C
u_puf/counter1/q_reg[11]/C
u_puf/counter1/q_reg[12]/C
u_puf/counter1/q_reg[13]/C
u_puf/counter1/q_reg[14]/C
u_puf/counter1/q_reg[15]/C
u_puf/counter1/q_reg[16]/C
u_puf/counter1/q_reg[17]/C
u_puf/counter1/q_reg[18]/C
u_puf/counter1/q_reg[19]/C
u_puf/counter1/q_reg[1]/C
u_puf/counter1/q_reg[20]/C
u_puf/counter1/q_reg[21]/C
u_puf/counter1/q_reg[22]/C
u_puf/counter1/q_reg[23]/C
u_puf/counter1/q_reg[24]/C
u_puf/counter1/q_reg[25]/C
u_puf/counter1/q_reg[26]/C
u_puf/counter1/q_reg[27]/C
u_puf/counter1/q_reg[28]/C
u_puf/counter1/q_reg[29]/C
u_puf/counter1/q_reg[2]/C
u_puf/counter1/q_reg[30]/C
u_puf/counter1/q_reg[31]/C
u_puf/counter1/q_reg[3]/C
u_puf/counter1/q_reg[4]/C
u_puf/counter1/q_reg[5]/C
u_puf/counter1/q_reg[6]/C
u_puf/counter1/q_reg[7]/C
u_puf/counter1/q_reg[8]/C
u_puf/counter1/q_reg[9]/C
u_puf/counter1/reset_release_reg[0]/C
u_puf/counter1/reset_release_reg[1]/C

 There are 36 register/latch pins with no clock driven by root clock pin: u_puf/lfsr_inst/r_lfsr_reg[8]/Q (HIGH)

u_puf/counter1/en_meta_reg/C
u_puf/counter1/en_sync_reg/C
u_puf/counter1/q_reg[0]/C
u_puf/counter1/q_reg[10]/C
u_puf/counter1/q_reg[11]/C
u_puf/counter1/q_reg[12]/C
u_puf/counter1/q_reg[13]/C
u_puf/counter1/q_reg[14]/C
u_puf/counter1/q_reg[15]/C
u_puf/counter1/q_reg[16]/C
u_puf/counter1/q_reg[17]/C
u_puf/counter1/q_reg[18]/C
u_puf/counter1/q_reg[19]/C
u_puf/counter1/q_reg[1]/C
u_puf/counter1/q_reg[20]/C
u_puf/counter1/q_reg[21]/C
u_puf/counter1/q_reg[22]/C
u_puf/counter1/q_reg[23]/C
u_puf/counter1/q_reg[24]/C
u_puf/counter1/q_reg[25]/C
u_puf/counter1/q_reg[26]/C
u_puf/counter1/q_reg[27]/C
u_puf/counter1/q_reg[28]/C
u_puf/counter1/q_reg[29]/C
u_puf/counter1/q_reg[2]/C
u_puf/counter1/q_reg[30]/C
u_puf/counter1/q_reg[31]/C
u_puf/counter1/q_reg[3]/C
u_puf/counter1/q_reg[4]/C
u_puf/counter1/q_reg[5]/C
u_puf/counter1/q_reg[6]/C
u_puf/counter1/q_reg[7]/C
u_puf/counter1/q_reg[8]/C
u_puf/counter1/q_reg[9]/C
u_puf/counter1/reset_release_reg[0]/C
u_puf/counter1/reset_release_reg[1]/C


2. checking constant_clock (0)
------------------------------
 There are 0 register/latch pins with constant_clock.


3. checking pulse_width_clock (0)
---------------------------------
 There are 0 register/latch pins which need pulse_width check


4. checking unconstrained_internal_endpoints (206)
--------------------------------------------------
 There are 206 pins that are not constrained for maximum delay. (HIGH)

u_puf/counter0/en_meta_reg/CLR
u_puf/counter0/en_meta_reg/D
u_puf/counter0/en_sync_reg/CLR
u_puf/counter0/en_sync_reg/D
u_puf/counter0/q_reg[0]/CE
u_puf/counter0/q_reg[0]/CLR
u_puf/counter0/q_reg[0]/D
u_puf/counter0/q_reg[10]/CE
u_puf/counter0/q_reg[10]/CLR
u_puf/counter0/q_reg[10]/D
u_puf/counter0/q_reg[11]/CE
u_puf/counter0/q_reg[11]/CLR
u_puf/counter0/q_reg[11]/D
u_puf/counter0/q_reg[12]/CE
u_puf/counter0/q_reg[12]/CLR
u_puf/counter0/q_reg[12]/D
u_puf/counter0/q_reg[13]/CE
u_puf/counter0/q_reg[13]/CLR
u_puf/counter0/q_reg[13]/D
u_puf/counter0/q_reg[14]/CE
u_puf/counter0/q_reg[14]/CLR
u_puf/counter0/q_reg[14]/D
u_puf/counter0/q_reg[15]/CE
u_puf/counter0/q_reg[15]/CLR
u_puf/counter0/q_reg[15]/D
u_puf/counter0/q_reg[16]/CE
u_puf/counter0/q_reg[16]/CLR
u_puf/counter0/q_reg[16]/D
u_puf/counter0/q_reg[17]/CE
u_puf/counter0/q_reg[17]/CLR
u_puf/counter0/q_reg[17]/D
u_puf/counter0/q_reg[18]/CE
u_puf/counter0/q_reg[18]/CLR
u_puf/counter0/q_reg[18]/D
u_puf/counter0/q_reg[19]/CE
u_puf/counter0/q_reg[19]/CLR
u_puf/counter0/q_reg[19]/D
u_puf/counter0/q_reg[1]/CE
u_puf/counter0/q_reg[1]/CLR
u_puf/counter0/q_reg[1]/D
u_puf/counter0/q_reg[20]/CE
u_puf/counter0/q_reg[20]/CLR
u_puf/counter0/q_reg[20]/D
u_puf/counter0/q_reg[21]/CE
u_puf/counter0/q_reg[21]/CLR
u_puf/counter0/q_reg[21]/D
u_puf/counter0/q_reg[22]/CE
u_puf/counter0/q_reg[22]/CLR
u_puf/counter0/q_reg[22]/D
u_puf/counter0/q_reg[23]/CE
u_puf/counter0/q_reg[23]/CLR
u_puf/counter0/q_reg[23]/D
u_puf/counter0/q_reg[24]/CE
u_puf/counter0/q_reg[24]/CLR
u_puf/counter0/q_reg[24]/D
u_puf/counter0/q_reg[25]/CE
u_puf/counter0/q_reg[25]/CLR
u_puf/counter0/q_reg[25]/D
u_puf/counter0/q_reg[26]/CE
u_puf/counter0/q_reg[26]/CLR
u_puf/counter0/q_reg[26]/D
u_puf/counter0/q_reg[27]/CE
u_puf/counter0/q_reg[27]/CLR
u_puf/counter0/q_reg[27]/D
u_puf/counter0/q_reg[28]/CE
u_puf/counter0/q_reg[28]/CLR
u_puf/counter0/q_reg[28]/D
u_puf/counter0/q_reg[29]/CE
u_puf/counter0/q_reg[29]/CLR
u_puf/counter0/q_reg[29]/D
u_puf/counter0/q_reg[2]/CE
u_puf/counter0/q_reg[2]/CLR
u_puf/counter0/q_reg[2]/D
u_puf/counter0/q_reg[30]/CE
u_puf/counter0/q_reg[30]/CLR
u_puf/counter0/q_reg[30]/D
u_puf/counter0/q_reg[31]/CE
u_puf/counter0/q_reg[31]/CLR
u_puf/counter0/q_reg[31]/D
u_puf/counter0/q_reg[3]/CE
u_puf/counter0/q_reg[3]/CLR
u_puf/counter0/q_reg[3]/D
u_puf/counter0/q_reg[4]/CE
u_puf/counter0/q_reg[4]/CLR
u_puf/counter0/q_reg[4]/D
u_puf/counter0/q_reg[5]/CE
u_puf/counter0/q_reg[5]/CLR
u_puf/counter0/q_reg[5]/D
u_puf/counter0/q_reg[6]/CE
u_puf/counter0/q_reg[6]/CLR
u_puf/counter0/q_reg[6]/D
u_puf/counter0/q_reg[7]/CE
u_puf/counter0/q_reg[7]/CLR
u_puf/counter0/q_reg[7]/D
u_puf/counter0/q_reg[8]/CE
u_puf/counter0/q_reg[8]/CLR
u_puf/counter0/q_reg[8]/D
u_puf/counter0/q_reg[9]/CE
u_puf/counter0/q_reg[9]/CLR
u_puf/counter0/q_reg[9]/D
u_puf/counter0/reset_release_reg[0]/CLR
u_puf/counter0/reset_release_reg[1]/CLR
u_puf/counter0/reset_release_reg[1]/D
u_puf/counter1/en_meta_reg/CLR
u_puf/counter1/en_meta_reg/D
u_puf/counter1/en_sync_reg/CLR
u_puf/counter1/en_sync_reg/D
u_puf/counter1/q_reg[0]/CE
u_puf/counter1/q_reg[0]/CLR
u_puf/counter1/q_reg[0]/D
u_puf/counter1/q_reg[10]/CE
u_puf/counter1/q_reg[10]/CLR
u_puf/counter1/q_reg[10]/D
u_puf/counter1/q_reg[11]/CE
u_puf/counter1/q_reg[11]/CLR
u_puf/counter1/q_reg[11]/D
u_puf/counter1/q_reg[12]/CE
u_puf/counter1/q_reg[12]/CLR
u_puf/counter1/q_reg[12]/D
u_puf/counter1/q_reg[13]/CE
u_puf/counter1/q_reg[13]/CLR
u_puf/counter1/q_reg[13]/D
u_puf/counter1/q_reg[14]/CE
u_puf/counter1/q_reg[14]/CLR
u_puf/counter1/q_reg[14]/D
u_puf/counter1/q_reg[15]/CE
u_puf/counter1/q_reg[15]/CLR
u_puf/counter1/q_reg[15]/D
u_puf/counter1/q_reg[16]/CE
u_puf/counter1/q_reg[16]/CLR
u_puf/counter1/q_reg[16]/D
u_puf/counter1/q_reg[17]/CE
u_puf/counter1/q_reg[17]/CLR
u_puf/counter1/q_reg[17]/D
u_puf/counter1/q_reg[18]/CE
u_puf/counter1/q_reg[18]/CLR
u_puf/counter1/q_reg[18]/D
u_puf/counter1/q_reg[19]/CE
u_puf/counter1/q_reg[19]/CLR
u_puf/counter1/q_reg[19]/D
u_puf/counter1/q_reg[1]/CE
u_puf/counter1/q_reg[1]/CLR
u_puf/counter1/q_reg[1]/D
u_puf/counter1/q_reg[20]/CE
u_puf/counter1/q_reg[20]/CLR
u_puf/counter1/q_reg[20]/D
u_puf/counter1/q_reg[21]/CE
u_puf/counter1/q_reg[21]/CLR
u_puf/counter1/q_reg[21]/D
u_puf/counter1/q_reg[22]/CE
u_puf/counter1/q_reg[22]/CLR
u_puf/counter1/q_reg[22]/D
u_puf/counter1/q_reg[23]/CE
u_puf/counter1/q_reg[23]/CLR
u_puf/counter1/q_reg[23]/D
u_puf/counter1/q_reg[24]/CE
u_puf/counter1/q_reg[24]/CLR
u_puf/counter1/q_reg[24]/D
u_puf/counter1/q_reg[25]/CE
u_puf/counter1/q_reg[25]/CLR
u_puf/counter1/q_reg[25]/D
u_puf/counter1/q_reg[26]/CE
u_puf/counter1/q_reg[26]/CLR
u_puf/counter1/q_reg[26]/D
u_puf/counter1/q_reg[27]/CE
u_puf/counter1/q_reg[27]/CLR
u_puf/counter1/q_reg[27]/D
u_puf/counter1/q_reg[28]/CE
u_puf/counter1/q_reg[28]/CLR
u_puf/counter1/q_reg[28]/D
u_puf/counter1/q_reg[29]/CE
u_puf/counter1/q_reg[29]/CLR
u_puf/counter1/q_reg[29]/D
u_puf/counter1/q_reg[2]/CE
u_puf/counter1/q_reg[2]/CLR
u_puf/counter1/q_reg[2]/D
u_puf/counter1/q_reg[30]/CE
u_puf/counter1/q_reg[30]/CLR
u_puf/counter1/q_reg[30]/D
u_puf/counter1/q_reg[31]/CE
u_puf/counter1/q_reg[31]/CLR
u_puf/counter1/q_reg[31]/D
u_puf/counter1/q_reg[3]/CE
u_puf/counter1/q_reg[3]/CLR
u_puf/counter1/q_reg[3]/D
u_puf/counter1/q_reg[4]/CE
u_puf/counter1/q_reg[4]/CLR
u_puf/counter1/q_reg[4]/D
u_puf/counter1/q_reg[5]/CE
u_puf/counter1/q_reg[5]/CLR
u_puf/counter1/q_reg[5]/D
u_puf/counter1/q_reg[6]/CE
u_puf/counter1/q_reg[6]/CLR
u_puf/counter1/q_reg[6]/D
u_puf/counter1/q_reg[7]/CE
u_puf/counter1/q_reg[7]/CLR
u_puf/counter1/q_reg[7]/D
u_puf/counter1/q_reg[8]/CE
u_puf/counter1/q_reg[8]/CLR
u_puf/counter1/q_reg[8]/D
u_puf/counter1/q_reg[9]/CE
u_puf/counter1/q_reg[9]/CLR
u_puf/counter1/q_reg[9]/D
u_puf/counter1/reset_release_reg[0]/CLR
u_puf/counter1/reset_release_reg[1]/CLR
u_puf/counter1/reset_release_reg[1]/D

 There are 0 pins that are not constrained for maximum delay due to constant clock.


5. checking no_input_delay (311)
--------------------------------
 There are 311 input ports with no input delay specified. (HIGH)

enroll
helper_in[0]
helper_in[100]
helper_in[101]
helper_in[102]
helper_in[103]
helper_in[104]
helper_in[105]
helper_in[106]
helper_in[107]
helper_in[108]
helper_in[109]
helper_in[10]
helper_in[110]
helper_in[111]
helper_in[112]
helper_in[113]
helper_in[114]
helper_in[115]
helper_in[116]
helper_in[117]
helper_in[118]
helper_in[119]
helper_in[11]
helper_in[120]
helper_in[121]
helper_in[122]
helper_in[123]
helper_in[124]
helper_in[125]
helper_in[126]
helper_in[127]
helper_in[128]
helper_in[129]
helper_in[12]
helper_in[130]
helper_in[131]
helper_in[132]
helper_in[133]
helper_in[134]
helper_in[135]
helper_in[136]
helper_in[137]
helper_in[138]
helper_in[139]
helper_in[13]
helper_in[140]
helper_in[141]
helper_in[142]
helper_in[143]
helper_in[144]
helper_in[145]
helper_in[146]
helper_in[147]
helper_in[148]
helper_in[149]
helper_in[14]
helper_in[150]
helper_in[151]
helper_in[152]
helper_in[153]
helper_in[154]
helper_in[155]
helper_in[156]
helper_in[157]
helper_in[158]
helper_in[159]
helper_in[15]
helper_in[160]
helper_in[161]
helper_in[162]
helper_in[163]
helper_in[164]
helper_in[165]
helper_in[166]
helper_in[167]
helper_in[168]
helper_in[169]
helper_in[16]
helper_in[170]
helper_in[171]
helper_in[172]
helper_in[173]
helper_in[174]
helper_in[175]
helper_in[176]
helper_in[177]
helper_in[178]
helper_in[179]
helper_in[17]
helper_in[180]
helper_in[181]
helper_in[182]
helper_in[183]
helper_in[184]
helper_in[185]
helper_in[186]
helper_in[187]
helper_in[188]
helper_in[189]
helper_in[18]
helper_in[190]
helper_in[191]
helper_in[192]
helper_in[193]
helper_in[194]
helper_in[195]
helper_in[196]
helper_in[197]
helper_in[198]
helper_in[199]
helper_in[19]
helper_in[1]
helper_in[200]
helper_in[201]
helper_in[202]
helper_in[203]
helper_in[204]
helper_in[205]
helper_in[206]
helper_in[207]
helper_in[208]
helper_in[209]
helper_in[20]
helper_in[210]
helper_in[211]
helper_in[212]
helper_in[213]
helper_in[214]
helper_in[215]
helper_in[216]
helper_in[217]
helper_in[218]
helper_in[219]
helper_in[21]
helper_in[220]
helper_in[221]
helper_in[222]
helper_in[223]
helper_in[224]
helper_in[225]
helper_in[226]
helper_in[227]
helper_in[228]
helper_in[229]
helper_in[22]
helper_in[230]
helper_in[231]
helper_in[232]
helper_in[233]
helper_in[234]
helper_in[235]
helper_in[236]
helper_in[237]
helper_in[238]
helper_in[239]
helper_in[23]
helper_in[240]
helper_in[241]
helper_in[242]
helper_in[243]
helper_in[244]
helper_in[245]
helper_in[246]
helper_in[247]
helper_in[248]
helper_in[249]
helper_in[24]
helper_in[250]
helper_in[251]
helper_in[252]
helper_in[253]
helper_in[254]
helper_in[255]
helper_in[256]
helper_in[257]
helper_in[258]
helper_in[259]
helper_in[25]
helper_in[260]
helper_in[261]
helper_in[262]
helper_in[263]
helper_in[26]
helper_in[27]
helper_in[28]
helper_in[29]
helper_in[2]
helper_in[30]
helper_in[31]
helper_in[32]
helper_in[33]
helper_in[34]
helper_in[35]
helper_in[36]
helper_in[37]
helper_in[38]
helper_in[39]
helper_in[3]
helper_in[40]
helper_in[41]
helper_in[42]
helper_in[43]
helper_in[44]
helper_in[45]
helper_in[46]
helper_in[47]
helper_in[48]
helper_in[49]
helper_in[4]
helper_in[50]
helper_in[51]
helper_in[52]
helper_in[53]
helper_in[54]
helper_in[55]
helper_in[56]
helper_in[57]
helper_in[58]
helper_in[59]
helper_in[5]
helper_in[60]
helper_in[61]
helper_in[62]
helper_in[63]
helper_in[64]
helper_in[65]
helper_in[66]
helper_in[67]
helper_in[68]
helper_in[69]
helper_in[6]
helper_in[70]
helper_in[71]
helper_in[72]
helper_in[73]
helper_in[74]
helper_in[75]
helper_in[76]
helper_in[77]
helper_in[78]
helper_in[79]
helper_in[7]
helper_in[80]
helper_in[81]
helper_in[82]
helper_in[83]
helper_in[84]
helper_in[85]
helper_in[86]
helper_in[87]
helper_in[88]
helper_in[89]
helper_in[8]
helper_in[90]
helper_in[91]
helper_in[92]
helper_in[93]
helper_in[94]
helper_in[95]
helper_in[96]
helper_in[97]
helper_in[98]
helper_in[99]
helper_in[9]
peer_ready_c
peer_req_pk
puf_seed[0]
puf_seed[1]
puf_seed[2]
puf_seed[3]
puf_seed[4]
puf_seed[5]
puf_seed[6]
puf_seed[7]
rst_n
start
stream_in_data[0]
stream_in_data[10]
stream_in_data[11]
stream_in_data[12]
stream_in_data[13]
stream_in_data[14]
stream_in_data[15]
stream_in_data[16]
stream_in_data[17]
stream_in_data[18]
stream_in_data[19]
stream_in_data[1]
stream_in_data[20]
stream_in_data[21]
stream_in_data[22]
stream_in_data[23]
stream_in_data[24]
stream_in_data[25]
stream_in_data[26]
stream_in_data[27]
stream_in_data[28]
stream_in_data[29]
stream_in_data[2]
stream_in_data[30]
stream_in_data[31]
stream_in_data[3]
stream_in_data[4]
stream_in_data[5]
stream_in_data[6]
stream_in_data[7]
stream_in_data[8]
stream_in_data[9]
stream_in_valid
zeroize

 There are 0 input ports with no input delay but user has a false path constraint.


6. checking no_output_delay (561)
---------------------------------
 There are 561 ports with no output delay specified. (HIGH)

busy
done
fe_success
helper_out[0]
helper_out[100]
helper_out[101]
helper_out[102]
helper_out[103]
helper_out[104]
helper_out[105]
helper_out[106]
helper_out[107]
helper_out[108]
helper_out[109]
helper_out[10]
helper_out[110]
helper_out[111]
helper_out[112]
helper_out[113]
helper_out[114]
helper_out[115]
helper_out[116]
helper_out[117]
helper_out[118]
helper_out[119]
helper_out[11]
helper_out[120]
helper_out[121]
helper_out[122]
helper_out[123]
helper_out[124]
helper_out[125]
helper_out[126]
helper_out[127]
helper_out[128]
helper_out[129]
helper_out[12]
helper_out[130]
helper_out[131]
helper_out[132]
helper_out[133]
helper_out[134]
helper_out[135]
helper_out[136]
helper_out[137]
helper_out[138]
helper_out[139]
helper_out[13]
helper_out[140]
helper_out[141]
helper_out[142]
helper_out[143]
helper_out[144]
helper_out[145]
helper_out[146]
helper_out[147]
helper_out[148]
helper_out[149]
helper_out[14]
helper_out[150]
helper_out[151]
helper_out[152]
helper_out[153]
helper_out[154]
helper_out[155]
helper_out[156]
helper_out[157]
helper_out[158]
helper_out[159]
helper_out[15]
helper_out[160]
helper_out[161]
helper_out[162]
helper_out[163]
helper_out[164]
helper_out[165]
helper_out[166]
helper_out[167]
helper_out[168]
helper_out[169]
helper_out[16]
helper_out[170]
helper_out[171]
helper_out[172]
helper_out[173]
helper_out[174]
helper_out[175]
helper_out[176]
helper_out[177]
helper_out[178]
helper_out[179]
helper_out[17]
helper_out[180]
helper_out[181]
helper_out[182]
helper_out[183]
helper_out[184]
helper_out[185]
helper_out[186]
helper_out[187]
helper_out[188]
helper_out[189]
helper_out[18]
helper_out[190]
helper_out[191]
helper_out[192]
helper_out[193]
helper_out[194]
helper_out[195]
helper_out[196]
helper_out[197]
helper_out[198]
helper_out[199]
helper_out[19]
helper_out[1]
helper_out[200]
helper_out[201]
helper_out[202]
helper_out[203]
helper_out[204]
helper_out[205]
helper_out[206]
helper_out[207]
helper_out[208]
helper_out[209]
helper_out[20]
helper_out[210]
helper_out[211]
helper_out[212]
helper_out[213]
helper_out[214]
helper_out[215]
helper_out[216]
helper_out[217]
helper_out[218]
helper_out[219]
helper_out[21]
helper_out[220]
helper_out[221]
helper_out[222]
helper_out[223]
helper_out[224]
helper_out[225]
helper_out[226]
helper_out[227]
helper_out[228]
helper_out[229]
helper_out[22]
helper_out[230]
helper_out[231]
helper_out[232]
helper_out[233]
helper_out[234]
helper_out[235]
helper_out[236]
helper_out[237]
helper_out[238]
helper_out[239]
helper_out[23]
helper_out[240]
helper_out[241]
helper_out[242]
helper_out[243]
helper_out[244]
helper_out[245]
helper_out[246]
helper_out[247]
helper_out[248]
helper_out[249]
helper_out[24]
helper_out[250]
helper_out[251]
helper_out[252]
helper_out[253]
helper_out[254]
helper_out[255]
helper_out[256]
helper_out[257]
helper_out[258]
helper_out[259]
helper_out[25]
helper_out[260]
helper_out[261]
helper_out[262]
helper_out[263]
helper_out[26]
helper_out[27]
helper_out[28]
helper_out[29]
helper_out[2]
helper_out[30]
helper_out[31]
helper_out[32]
helper_out[33]
helper_out[34]
helper_out[35]
helper_out[36]
helper_out[37]
helper_out[38]
helper_out[39]
helper_out[3]
helper_out[40]
helper_out[41]
helper_out[42]
helper_out[43]
helper_out[44]
helper_out[45]
helper_out[46]
helper_out[47]
helper_out[48]
helper_out[49]
helper_out[4]
helper_out[50]
helper_out[51]
helper_out[52]
helper_out[53]
helper_out[54]
helper_out[55]
helper_out[56]
helper_out[57]
helper_out[58]
helper_out[59]
helper_out[5]
helper_out[60]
helper_out[61]
helper_out[62]
helper_out[63]
helper_out[64]
helper_out[65]
helper_out[66]
helper_out[67]
helper_out[68]
helper_out[69]
helper_out[6]
helper_out[70]
helper_out[71]
helper_out[72]
helper_out[73]
helper_out[74]
helper_out[75]
helper_out[76]
helper_out[77]
helper_out[78]
helper_out[79]
helper_out[7]
helper_out[80]
helper_out[81]
helper_out[82]
helper_out[83]
helper_out[84]
helper_out[85]
helper_out[86]
helper_out[87]
helper_out[88]
helper_out[89]
helper_out[8]
helper_out[90]
helper_out[91]
helper_out[92]
helper_out[93]
helper_out[94]
helper_out[95]
helper_out[96]
helper_out[97]
helper_out[98]
helper_out[99]
helper_out[9]
protocol_start
ready_pk
req_c
scrub_done
secret_valid
shared_secret[0]
shared_secret[100]
shared_secret[101]
shared_secret[102]
shared_secret[103]
shared_secret[104]
shared_secret[105]
shared_secret[106]
shared_secret[107]
shared_secret[108]
shared_secret[109]
shared_secret[10]
shared_secret[110]
shared_secret[111]
shared_secret[112]
shared_secret[113]
shared_secret[114]
shared_secret[115]
shared_secret[116]
shared_secret[117]
shared_secret[118]
shared_secret[119]
shared_secret[11]
shared_secret[120]
shared_secret[121]
shared_secret[122]
shared_secret[123]
shared_secret[124]
shared_secret[125]
shared_secret[126]
shared_secret[127]
shared_secret[128]
shared_secret[129]
shared_secret[12]
shared_secret[130]
shared_secret[131]
shared_secret[132]
shared_secret[133]
shared_secret[134]
shared_secret[135]
shared_secret[136]
shared_secret[137]
shared_secret[138]
shared_secret[139]
shared_secret[13]
shared_secret[140]
shared_secret[141]
shared_secret[142]
shared_secret[143]
shared_secret[144]
shared_secret[145]
shared_secret[146]
shared_secret[147]
shared_secret[148]
shared_secret[149]
shared_secret[14]
shared_secret[150]
shared_secret[151]
shared_secret[152]
shared_secret[153]
shared_secret[154]
shared_secret[155]
shared_secret[156]
shared_secret[157]
shared_secret[158]
shared_secret[159]
shared_secret[15]
shared_secret[160]
shared_secret[161]
shared_secret[162]
shared_secret[163]
shared_secret[164]
shared_secret[165]
shared_secret[166]
shared_secret[167]
shared_secret[168]
shared_secret[169]
shared_secret[16]
shared_secret[170]
shared_secret[171]
shared_secret[172]
shared_secret[173]
shared_secret[174]
shared_secret[175]
shared_secret[176]
shared_secret[177]
shared_secret[178]
shared_secret[179]
shared_secret[17]
shared_secret[180]
shared_secret[181]
shared_secret[182]
shared_secret[183]
shared_secret[184]
shared_secret[185]
shared_secret[186]
shared_secret[187]
shared_secret[188]
shared_secret[189]
shared_secret[18]
shared_secret[190]
shared_secret[191]
shared_secret[192]
shared_secret[193]
shared_secret[194]
shared_secret[195]
shared_secret[196]
shared_secret[197]
shared_secret[198]
shared_secret[199]
shared_secret[19]
shared_secret[1]
shared_secret[200]
shared_secret[201]
shared_secret[202]
shared_secret[203]
shared_secret[204]
shared_secret[205]
shared_secret[206]
shared_secret[207]
shared_secret[208]
shared_secret[209]
shared_secret[20]
shared_secret[210]
shared_secret[211]
shared_secret[212]
shared_secret[213]
shared_secret[214]
shared_secret[215]
shared_secret[216]
shared_secret[217]
shared_secret[218]
shared_secret[219]
shared_secret[21]
shared_secret[220]
shared_secret[221]
shared_secret[222]
shared_secret[223]
shared_secret[224]
shared_secret[225]
shared_secret[226]
shared_secret[227]
shared_secret[228]
shared_secret[229]
shared_secret[22]
shared_secret[230]
shared_secret[231]
shared_secret[232]
shared_secret[233]
shared_secret[234]
shared_secret[235]
shared_secret[236]
shared_secret[237]
shared_secret[238]
shared_secret[239]
shared_secret[23]
shared_secret[240]
shared_secret[241]
shared_secret[242]
shared_secret[243]
shared_secret[244]
shared_secret[245]
shared_secret[246]
shared_secret[247]
shared_secret[248]
shared_secret[249]
shared_secret[24]
shared_secret[250]
shared_secret[251]
shared_secret[252]
shared_secret[253]
shared_secret[254]
shared_secret[255]
shared_secret[25]
shared_secret[26]
shared_secret[27]
shared_secret[28]
shared_secret[29]
shared_secret[2]
shared_secret[30]
shared_secret[31]
shared_secret[32]
shared_secret[33]
shared_secret[34]
shared_secret[35]
shared_secret[36]
shared_secret[37]
shared_secret[38]
shared_secret[39]
shared_secret[3]
shared_secret[40]
shared_secret[41]
shared_secret[42]
shared_secret[43]
shared_secret[44]
shared_secret[45]
shared_secret[46]
shared_secret[47]
shared_secret[48]
shared_secret[49]
shared_secret[4]
shared_secret[50]
shared_secret[51]
shared_secret[52]
shared_secret[53]
shared_secret[54]
shared_secret[55]
shared_secret[56]
shared_secret[57]
shared_secret[58]
shared_secret[59]
shared_secret[5]
shared_secret[60]
shared_secret[61]
shared_secret[62]
shared_secret[63]
shared_secret[64]
shared_secret[65]
shared_secret[66]
shared_secret[67]
shared_secret[68]
shared_secret[69]
shared_secret[6]
shared_secret[70]
shared_secret[71]
shared_secret[72]
shared_secret[73]
shared_secret[74]
shared_secret[75]
shared_secret[76]
shared_secret[77]
shared_secret[78]
shared_secret[79]
shared_secret[7]
shared_secret[80]
shared_secret[81]
shared_secret[82]
shared_secret[83]
shared_secret[84]
shared_secret[85]
shared_secret[86]
shared_secret[87]
shared_secret[88]
shared_secret[89]
shared_secret[8]
shared_secret[90]
shared_secret[91]
shared_secret[92]
shared_secret[93]
shared_secret[94]
shared_secret[95]
shared_secret[96]
shared_secret[97]
shared_secret[98]
shared_secret[99]
shared_secret[9]
stream_out_data[0]
stream_out_data[10]
stream_out_data[11]
stream_out_data[12]
stream_out_data[13]
stream_out_data[14]
stream_out_data[15]
stream_out_data[16]
stream_out_data[17]
stream_out_data[18]
stream_out_data[19]
stream_out_data[1]
stream_out_data[20]
stream_out_data[21]
stream_out_data[22]
stream_out_data[23]
stream_out_data[24]
stream_out_data[25]
stream_out_data[26]
stream_out_data[27]
stream_out_data[28]
stream_out_data[29]
stream_out_data[2]
stream_out_data[30]
stream_out_data[31]
stream_out_data[3]
stream_out_data[4]
stream_out_data[5]
stream_out_data[6]
stream_out_data[7]
stream_out_data[8]
stream_out_data[9]
stream_out_valid

 There are 0 ports with no output delay but user has a false path constraint

 There are 0 ports with no output delay but with a timing clock defined on it or propagating through it


7. checking multiple_clock (0)
------------------------------
 There are 0 register/latch pins with multiple clocks.


8. checking generated_clocks (0)
--------------------------------
 There are 0 generated clocks that are not connected to a clock source.


9. checking loops (32)
----------------------
 There are 32 combinational loops in the design. (HIGH)

u_puf/ring1[9].ro1/u_backend/LUT6_NAND0/O
u_puf/ring1[9].ro1/u_backend/LUT6_INV0/I0
u_puf/ring1[9].ro1/u_backend/LUT6_INV0/O
u_puf/ring1[9].ro1/u_backend/LUT6_INV1/I0
u_puf/ring1[9].ro1/u_backend/LUT6_INV1/O
u_puf/ring1[9].ro1/u_backend/LUT6_INV2/I0
u_puf/ring1[9].ro1/u_backend/LUT6_INV2/O
u_puf/ring1[9].ro1/u_backend/LUT6_NAND0/I1
u_puf/ring1[9].ro1/u_backend/LUT6_NAND0/O


u_puf/ring1[8].ro1/u_backend/LUT6_NAND0/O
u_puf/ring1[8].ro1/u_backend/LUT6_INV0/I0
u_puf/ring1[8].ro1/u_backend/LUT6_INV0/O
u_puf/ring1[8].ro1/u_backend/LUT6_INV1/I0
u_puf/ring1[8].ro1/u_backend/LUT6_INV1/O
u_puf/ring1[8].ro1/u_backend/LUT6_INV2/I0
u_puf/ring1[8].ro1/u_backend/LUT6_INV2/O
u_puf/ring1[8].ro1/u_backend/LUT6_NAND0/I1
u_puf/ring1[8].ro1/u_backend/LUT6_NAND0/O


u_puf/ring1[7].ro1/u_backend/LUT6_NAND0/O
u_puf/ring1[7].ro1/u_backend/LUT6_INV0/I0
u_puf/ring1[7].ro1/u_backend/LUT6_INV0/O
u_puf/ring1[7].ro1/u_backend/LUT6_INV1/I0
u_puf/ring1[7].ro1/u_backend/LUT6_INV1/O
u_puf/ring1[7].ro1/u_backend/LUT6_INV2/I0
u_puf/ring1[7].ro1/u_backend/LUT6_INV2/O
u_puf/ring1[7].ro1/u_backend/LUT6_NAND0/I1
u_puf/ring1[7].ro1/u_backend/LUT6_NAND0/O


u_puf/ring1[6].ro1/u_backend/LUT6_NAND0/O
u_puf/ring1[6].ro1/u_backend/LUT6_INV0/I0
u_puf/ring1[6].ro1/u_backend/LUT6_INV0/O
u_puf/ring1[6].ro1/u_backend/LUT6_INV1/I0
u_puf/ring1[6].ro1/u_backend/LUT6_INV1/O
u_puf/ring1[6].ro1/u_backend/LUT6_INV2/I0
u_puf/ring1[6].ro1/u_backend/LUT6_INV2/O
u_puf/ring1[6].ro1/u_backend/LUT6_NAND0/I1
u_puf/ring1[6].ro1/u_backend/LUT6_NAND0/O


u_puf/ring1[5].ro1/u_backend/LUT6_NAND0/O
u_puf/ring1[5].ro1/u_backend/LUT6_INV0/I0
u_puf/ring1[5].ro1/u_backend/LUT6_INV0/O
u_puf/ring1[5].ro1/u_backend/LUT6_INV1/I0
u_puf/ring1[5].ro1/u_backend/LUT6_INV1/O
u_puf/ring1[5].ro1/u_backend/LUT6_INV2/I0
u_puf/ring1[5].ro1/u_backend/LUT6_INV2/O
u_puf/ring1[5].ro1/u_backend/LUT6_NAND0/I1
u_puf/ring1[5].ro1/u_backend/LUT6_NAND0/O


u_puf/ring1[4].ro1/u_backend/LUT6_NAND0/O
u_puf/ring1[4].ro1/u_backend/LUT6_INV0/I0
u_puf/ring1[4].ro1/u_backend/LUT6_INV0/O
u_puf/ring1[4].ro1/u_backend/LUT6_INV1/I0
u_puf/ring1[4].ro1/u_backend/LUT6_INV1/O
u_puf/ring1[4].ro1/u_backend/LUT6_INV2/I0
u_puf/ring1[4].ro1/u_backend/LUT6_INV2/O
u_puf/ring1[4].ro1/u_backend/LUT6_NAND0/I1
u_puf/ring1[4].ro1/u_backend/LUT6_NAND0/O


u_puf/ring1[3].ro1/u_backend/LUT6_NAND0/O
u_puf/ring1[3].ro1/u_backend/LUT6_INV0/I0
u_puf/ring1[3].ro1/u_backend/LUT6_INV0/O
u_puf/ring1[3].ro1/u_backend/LUT6_INV1/I0
u_puf/ring1[3].ro1/u_backend/LUT6_INV1/O
u_puf/ring1[3].ro1/u_backend/LUT6_INV2/I0
u_puf/ring1[3].ro1/u_backend/LUT6_INV2/O
u_puf/ring1[3].ro1/u_backend/LUT6_NAND0/I1
u_puf/ring1[3].ro1/u_backend/LUT6_NAND0/O


u_puf/ring1[2].ro1/u_backend/LUT6_NAND0/O
u_puf/ring1[2].ro1/u_backend/LUT6_INV0/I0
u_puf/ring1[2].ro1/u_backend/LUT6_INV0/O
u_puf/ring1[2].ro1/u_backend/LUT6_INV1/I0
u_puf/ring1[2].ro1/u_backend/LUT6_INV1/O
u_puf/ring1[2].ro1/u_backend/LUT6_INV2/I0
u_puf/ring1[2].ro1/u_backend/LUT6_INV2/O
u_puf/ring1[2].ro1/u_backend/LUT6_NAND0/I1
u_puf/ring1[2].ro1/u_backend/LUT6_NAND0/O


u_puf/ring1[1].ro1/u_backend/LUT6_NAND0/O
u_puf/ring1[1].ro1/u_backend/LUT6_INV0/I0
u_puf/ring1[1].ro1/u_backend/LUT6_INV0/O
u_puf/ring1[1].ro1/u_backend/LUT6_INV1/I0
u_puf/ring1[1].ro1/u_backend/LUT6_INV1/O
u_puf/ring1[1].ro1/u_backend/LUT6_INV2/I0
u_puf/ring1[1].ro1/u_backend/LUT6_INV2/O
u_puf/ring1[1].ro1/u_backend/LUT6_NAND0/I1
u_puf/ring1[1].ro1/u_backend/LUT6_NAND0/O


u_puf/ring1[15].ro1/u_backend/LUT6_NAND0/O
u_puf/ring1[15].ro1/u_backend/LUT6_INV0/I0
u_puf/ring1[15].ro1/u_backend/LUT6_INV0/O
u_puf/ring1[15].ro1/u_backend/LUT6_INV1/I0
u_puf/ring1[15].ro1/u_backend/LUT6_INV1/O
u_puf/ring1[15].ro1/u_backend/LUT6_INV2/I0
u_puf/ring1[15].ro1/u_backend/LUT6_INV2/O
u_puf/ring1[15].ro1/u_backend/LUT6_NAND0/I1
u_puf/ring1[15].ro1/u_backend/LUT6_NAND0/O


u_puf/ring1[14].ro1/u_backend/LUT6_NAND0/O
u_puf/ring1[14].ro1/u_backend/LUT6_INV0/I0
u_puf/ring1[14].ro1/u_backend/LUT6_INV0/O
u_puf/ring1[14].ro1/u_backend/LUT6_INV1/I0
u_puf/ring1[14].ro1/u_backend/LUT6_INV1/O
u_puf/ring1[14].ro1/u_backend/LUT6_INV2/I0
u_puf/ring1[14].ro1/u_backend/LUT6_INV2/O
u_puf/ring1[14].ro1/u_backend/LUT6_NAND0/I1
u_puf/ring1[14].ro1/u_backend/LUT6_NAND0/O


u_puf/ring1[13].ro1/u_backend/LUT6_NAND0/O
u_puf/ring1[13].ro1/u_backend/LUT6_INV0/I0
u_puf/ring1[13].ro1/u_backend/LUT6_INV0/O
u_puf/ring1[13].ro1/u_backend/LUT6_INV1/I0
u_puf/ring1[13].ro1/u_backend/LUT6_INV1/O
u_puf/ring1[13].ro1/u_backend/LUT6_INV2/I0
u_puf/ring1[13].ro1/u_backend/LUT6_INV2/O
u_puf/ring1[13].ro1/u_backend/LUT6_NAND0/I1
u_puf/ring1[13].ro1/u_backend/LUT6_NAND0/O


u_puf/ring1[12].ro1/u_backend/LUT6_NAND0/O
u_puf/ring1[12].ro1/u_backend/LUT6_INV0/I0
u_puf/ring1[12].ro1/u_backend/LUT6_INV0/O
u_puf/ring1[12].ro1/u_backend/LUT6_INV1/I0
u_puf/ring1[12].ro1/u_backend/LUT6_INV1/O
u_puf/ring1[12].ro1/u_backend/LUT6_INV2/I0
u_puf/ring1[12].ro1/u_backend/LUT6_INV2/O
u_puf/ring1[12].ro1/u_backend/LUT6_NAND0/I1
u_puf/ring1[12].ro1/u_backend/LUT6_NAND0/O


u_puf/ring1[11].ro1/u_backend/LUT6_NAND0/O
u_puf/ring1[11].ro1/u_backend/LUT6_INV0/I0
u_puf/ring1[11].ro1/u_backend/LUT6_INV0/O
u_puf/ring1[11].ro1/u_backend/LUT6_INV1/I0
u_puf/ring1[11].ro1/u_backend/LUT6_INV1/O
u_puf/ring1[11].ro1/u_backend/LUT6_INV2/I0
u_puf/ring1[11].ro1/u_backend/LUT6_INV2/O
u_puf/ring1[11].ro1/u_backend/LUT6_NAND0/I1
u_puf/ring1[11].ro1/u_backend/LUT6_NAND0/O


u_puf/ring1[10].ro1/u_backend/LUT6_NAND0/O
u_puf/ring1[10].ro1/u_backend/LUT6_INV0/I0
u_puf/ring1[10].ro1/u_backend/LUT6_INV0/O
u_puf/ring1[10].ro1/u_backend/LUT6_INV1/I0
u_puf/ring1[10].ro1/u_backend/LUT6_INV1/O
u_puf/ring1[10].ro1/u_backend/LUT6_INV2/I0
u_puf/ring1[10].ro1/u_backend/LUT6_INV2/O
u_puf/ring1[10].ro1/u_backend/LUT6_NAND0/I1
u_puf/ring1[10].ro1/u_backend/LUT6_NAND0/O


u_puf/ring1[0].ro1/u_backend/LUT6_NAND0/O
u_puf/ring1[0].ro1/u_backend/LUT6_INV0/I0
u_puf/ring1[0].ro1/u_backend/LUT6_INV0/O
u_puf/ring1[0].ro1/u_backend/LUT6_INV1/I0
u_puf/ring1[0].ro1/u_backend/LUT6_INV1/O
u_puf/ring1[0].ro1/u_backend/LUT6_INV2/I0
u_puf/ring1[0].ro1/u_backend/LUT6_INV2/O
u_puf/ring1[0].ro1/u_backend/LUT6_NAND0/I1
u_puf/ring1[0].ro1/u_backend/LUT6_NAND0/O


u_puf/ring0[9].ro0/u_backend/LUT6_NAND0/O
u_puf/ring0[9].ro0/u_backend/LUT6_INV0/I0
u_puf/ring0[9].ro0/u_backend/LUT6_INV0/O
u_puf/ring0[9].ro0/u_backend/LUT6_INV1/I0
u_puf/ring0[9].ro0/u_backend/LUT6_INV1/O
u_puf/ring0[9].ro0/u_backend/LUT6_INV2/I0
u_puf/ring0[9].ro0/u_backend/LUT6_INV2/O
u_puf/ring0[9].ro0/u_backend/LUT6_NAND0/I1
u_puf/ring0[9].ro0/u_backend/LUT6_NAND0/O


u_puf/ring0[8].ro0/u_backend/LUT6_NAND0/O
u_puf/ring0[8].ro0/u_backend/LUT6_INV0/I0
u_puf/ring0[8].ro0/u_backend/LUT6_INV0/O
u_puf/ring0[8].ro0/u_backend/LUT6_INV1/I0
u_puf/ring0[8].ro0/u_backend/LUT6_INV1/O
u_puf/ring0[8].ro0/u_backend/LUT6_INV2/I0
u_puf/ring0[8].ro0/u_backend/LUT6_INV2/O
u_puf/ring0[8].ro0/u_backend/LUT6_NAND0/I1
u_puf/ring0[8].ro0/u_backend/LUT6_NAND0/O


u_puf/ring0[7].ro0/u_backend/LUT6_NAND0/O
u_puf/ring0[7].ro0/u_backend/LUT6_INV0/I0
u_puf/ring0[7].ro0/u_backend/LUT6_INV0/O
u_puf/ring0[7].ro0/u_backend/LUT6_INV1/I0
u_puf/ring0[7].ro0/u_backend/LUT6_INV1/O
u_puf/ring0[7].ro0/u_backend/LUT6_INV2/I0
u_puf/ring0[7].ro0/u_backend/LUT6_INV2/O
u_puf/ring0[7].ro0/u_backend/LUT6_NAND0/I1
u_puf/ring0[7].ro0/u_backend/LUT6_NAND0/O


u_puf/ring0[6].ro0/u_backend/LUT6_NAND0/O
u_puf/ring0[6].ro0/u_backend/LUT6_INV0/I0
u_puf/ring0[6].ro0/u_backend/LUT6_INV0/O
u_puf/ring0[6].ro0/u_backend/LUT6_INV1/I0
u_puf/ring0[6].ro0/u_backend/LUT6_INV1/O
u_puf/ring0[6].ro0/u_backend/LUT6_INV2/I0
u_puf/ring0[6].ro0/u_backend/LUT6_INV2/O
u_puf/ring0[6].ro0/u_backend/LUT6_NAND0/I1
u_puf/ring0[6].ro0/u_backend/LUT6_NAND0/O


u_puf/ring0[5].ro0/u_backend/LUT6_NAND0/O
u_puf/ring0[5].ro0/u_backend/LUT6_INV0/I0
u_puf/ring0[5].ro0/u_backend/LUT6_INV0/O
u_puf/ring0[5].ro0/u_backend/LUT6_INV1/I0
u_puf/ring0[5].ro0/u_backend/LUT6_INV1/O
u_puf/ring0[5].ro0/u_backend/LUT6_INV2/I0
u_puf/ring0[5].ro0/u_backend/LUT6_INV2/O
u_puf/ring0[5].ro0/u_backend/LUT6_NAND0/I1
u_puf/ring0[5].ro0/u_backend/LUT6_NAND0/O


u_puf/ring0[4].ro0/u_backend/LUT6_NAND0/O
u_puf/ring0[4].ro0/u_backend/LUT6_INV0/I0
u_puf/ring0[4].ro0/u_backend/LUT6_INV0/O
u_puf/ring0[4].ro0/u_backend/LUT6_INV1/I0
u_puf/ring0[4].ro0/u_backend/LUT6_INV1/O
u_puf/ring0[4].ro0/u_backend/LUT6_INV2/I0
u_puf/ring0[4].ro0/u_backend/LUT6_INV2/O
u_puf/ring0[4].ro0/u_backend/LUT6_NAND0/I1
u_puf/ring0[4].ro0/u_backend/LUT6_NAND0/O


u_puf/ring0[3].ro0/u_backend/LUT6_NAND0/O
u_puf/ring0[3].ro0/u_backend/LUT6_INV0/I0
u_puf/ring0[3].ro0/u_backend/LUT6_INV0/O
u_puf/ring0[3].ro0/u_backend/LUT6_INV1/I0
u_puf/ring0[3].ro0/u_backend/LUT6_INV1/O
u_puf/ring0[3].ro0/u_backend/LUT6_INV2/I0
u_puf/ring0[3].ro0/u_backend/LUT6_INV2/O
u_puf/ring0[3].ro0/u_backend/LUT6_NAND0/I1
u_puf/ring0[3].ro0/u_backend/LUT6_NAND0/O


u_puf/ring0[2].ro0/u_backend/LUT6_NAND0/O
u_puf/ring0[2].ro0/u_backend/LUT6_INV0/I0
u_puf/ring0[2].ro0/u_backend/LUT6_INV0/O
u_puf/ring0[2].ro0/u_backend/LUT6_INV1/I0
u_puf/ring0[2].ro0/u_backend/LUT6_INV1/O
u_puf/ring0[2].ro0/u_backend/LUT6_INV2/I0
u_puf/ring0[2].ro0/u_backend/LUT6_INV2/O
u_puf/ring0[2].ro0/u_backend/LUT6_NAND0/I1
u_puf/ring0[2].ro0/u_backend/LUT6_NAND0/O


u_puf/ring0[1].ro0/u_backend/LUT6_NAND0/O
u_puf/ring0[1].ro0/u_backend/LUT6_INV0/I0
u_puf/ring0[1].ro0/u_backend/LUT6_INV0/O
u_puf/ring0[1].ro0/u_backend/LUT6_INV1/I0
u_puf/ring0[1].ro0/u_backend/LUT6_INV1/O
u_puf/ring0[1].ro0/u_backend/LUT6_INV2/I0
u_puf/ring0[1].ro0/u_backend/LUT6_INV2/O
u_puf/ring0[1].ro0/u_backend/LUT6_NAND0/I1
u_puf/ring0[1].ro0/u_backend/LUT6_NAND0/O


u_puf/ring0[15].ro0/u_backend/LUT6_NAND0/O
u_puf/ring0[15].ro0/u_backend/LUT6_INV0/I0
u_puf/ring0[15].ro0/u_backend/LUT6_INV0/O
u_puf/ring0[15].ro0/u_backend/LUT6_INV1/I0
u_puf/ring0[15].ro0/u_backend/LUT6_INV1/O
u_puf/ring0[15].ro0/u_backend/LUT6_INV2/I0
u_puf/ring0[15].ro0/u_backend/LUT6_INV2/O
u_puf/ring0[15].ro0/u_backend/LUT6_NAND0/I1
u_puf/ring0[15].ro0/u_backend/LUT6_NAND0/O


u_puf/ring0[14].ro0/u_backend/LUT6_NAND0/O
u_puf/ring0[14].ro0/u_backend/LUT6_INV0/I0
u_puf/ring0[14].ro0/u_backend/LUT6_INV0/O
u_puf/ring0[14].ro0/u_backend/LUT6_INV1/I0
u_puf/ring0[14].ro0/u_backend/LUT6_INV1/O
u_puf/ring0[14].ro0/u_backend/LUT6_INV2/I0
u_puf/ring0[14].ro0/u_backend/LUT6_INV2/O
u_puf/ring0[14].ro0/u_backend/LUT6_NAND0/I1
u_puf/ring0[14].ro0/u_backend/LUT6_NAND0/O


u_puf/ring0[13].ro0/u_backend/LUT6_NAND0/O
u_puf/ring0[13].ro0/u_backend/LUT6_INV0/I0
u_puf/ring0[13].ro0/u_backend/LUT6_INV0/O
u_puf/ring0[13].ro0/u_backend/LUT6_INV1/I0
u_puf/ring0[13].ro0/u_backend/LUT6_INV1/O
u_puf/ring0[13].ro0/u_backend/LUT6_INV2/I0
u_puf/ring0[13].ro0/u_backend/LUT6_INV2/O
u_puf/ring0[13].ro0/u_backend/LUT6_NAND0/I1
u_puf/ring0[13].ro0/u_backend/LUT6_NAND0/O


u_puf/ring0[12].ro0/u_backend/LUT6_NAND0/O
u_puf/ring0[12].ro0/u_backend/LUT6_INV0/I0
u_puf/ring0[12].ro0/u_backend/LUT6_INV0/O
u_puf/ring0[12].ro0/u_backend/LUT6_INV1/I0
u_puf/ring0[12].ro0/u_backend/LUT6_INV1/O
u_puf/ring0[12].ro0/u_backend/LUT6_INV2/I0
u_puf/ring0[12].ro0/u_backend/LUT6_INV2/O
u_puf/ring0[12].ro0/u_backend/LUT6_NAND0/I1
u_puf/ring0[12].ro0/u_backend/LUT6_NAND0/O


u_puf/ring0[11].ro0/u_backend/LUT6_NAND0/O
u_puf/ring0[11].ro0/u_backend/LUT6_INV0/I0
u_puf/ring0[11].ro0/u_backend/LUT6_INV0/O
u_puf/ring0[11].ro0/u_backend/LUT6_INV1/I0
u_puf/ring0[11].ro0/u_backend/LUT6_INV1/O
u_puf/ring0[11].ro0/u_backend/LUT6_INV2/I0
u_puf/ring0[11].ro0/u_backend/LUT6_INV2/O
u_puf/ring0[11].ro0/u_backend/LUT6_NAND0/I1
u_puf/ring0[11].ro0/u_backend/LUT6_NAND0/O


u_puf/ring0[10].ro0/u_backend/LUT6_NAND0/O
u_puf/ring0[10].ro0/u_backend/LUT6_INV0/I0
u_puf/ring0[10].ro0/u_backend/LUT6_INV0/O
u_puf/ring0[10].ro0/u_backend/LUT6_INV1/I0
u_puf/ring0[10].ro0/u_backend/LUT6_INV1/O
u_puf/ring0[10].ro0/u_backend/LUT6_INV2/I0
u_puf/ring0[10].ro0/u_backend/LUT6_INV2/O
u_puf/ring0[10].ro0/u_backend/LUT6_NAND0/I1
u_puf/ring0[10].ro0/u_backend/LUT6_NAND0/O


u_puf/ring0[0].ro0/u_backend/LUT6_NAND0/O
u_puf/ring0[0].ro0/u_backend/LUT6_INV0/I0
u_puf/ring0[0].ro0/u_backend/LUT6_INV0/O
u_puf/ring0[0].ro0/u_backend/LUT6_INV1/I0
u_puf/ring0[0].ro0/u_backend/LUT6_INV1/O
u_puf/ring0[0].ro0/u_backend/LUT6_INV2/I0
u_puf/ring0[0].ro0/u_backend/LUT6_INV2/O
u_puf/ring0[0].ro0/u_backend/LUT6_NAND0/I1
u_puf/ring0[0].ro0/u_backend/LUT6_NAND0/O




10. checking partial_input_delay (0)
------------------------------------
 There are 0 input ports with partial input delay specified.


11. checking partial_output_delay (0)
-------------------------------------
 There are 0 ports with partial output delay specified.


12. checking latch_loops (0)
----------------------------
 There are 0 combinational latch loops in the design through latch input


