Copyright 1986-2020 Xilinx, Inc. All Rights Reserved.
--------------------------------------------------------------------------------------------------------------------------------------------------------------------------------------------------------------------------------------------------------------
| Tool Version : Vivado v.2020.1 (lin64) Build 2902540 Wed May 27 19:54:35 MDT 2020
| Date         : Thu Sep 10 13:51:28 2026
| Host         : donglong-P7xxTM-1 running 64-bit Ubuntu 22.04.5 LTS
| Command      : report_utilization -hierarchical -hierarchical_depth 8 -file /home/donglong/Documents/Duy_prj/KECCAK_OPTIMIZE_POWER/OPTIMIZE_POWER/kyber_puf_fpga_delivery/build/fpga_split/arty35t_edgefull_compact_handoff_20260910/edgefull/hierarchy.rpt
| Design       : edge_puf_mlkem_core
| Device       : 7a35ticsg324-1L
| Design State : Synthesized
--------------------------------------------------------------------------------------------------------------------------------------------------------------------------------------------------------------------------------------------------------------

Utilization Design Information

Table of Contents
-----------------
1. Utilization by Hierarchy

1. Utilization by Hierarchy
---------------------------

+----------------------------------------------+------------------------------------------------------+------------+------------+---------+------+-------+--------+--------+------------+
|                   Instance                   |                        Module                        | Total LUTs | Logic LUTs | LUTRAMs | SRLs |  FFs  | RAMB36 | RAMB18 | DSP Blocks |
+----------------------------------------------+------------------------------------------------------+------------+------------+---------+------+-------+--------+--------+------------+
| edge_puf_mlkem_core                          |                                                (top) |      19566 |      19329 |       0 |  237 | 19403 |      8 |     12 |          2 |
|   (edge_puf_mlkem_core)                      |                                                (top) |         14 |         14 |       0 |    0 |     7 |      0 |      0 |          0 |
|   u_edge                                     |                                      edge_mlkem_core |      15267 |      15030 |       0 |  237 | 15446 |      8 |     12 |          2 |
|     u_control                                |                                   edge_control_plane |       4347 |       4347 |       0 |    0 |  4607 |      0 |      0 |          0 |
|       (u_control)                            |                                   edge_control_plane |        634 |        634 |       0 |    0 |     0 |      0 |      0 |          0 |
|       u_scrub                                |                            edge_kem_scrub_controller |        157 |        157 |       0 |    0 |    16 |      0 |      0 |          0 |
|       u_seed                                 |                                 edge_seed_controller |       3556 |       3556 |       0 |    0 |  4591 |      0 |      0 |          0 |
|         (u_seed)                             |                                 edge_seed_controller |          1 |          1 |       0 |    0 |   516 |      0 |      0 |          0 |
|         u_kdf                                |                                   kdf_keccak_compact |       3555 |       3555 |       0 |    0 |  4075 |      0 |      0 |          0 |
|     u_server                                 |                                         Kyber_Server |      10920 |      10683 |       0 |  237 | 10839 |      8 |     12 |          2 |
|       (u_server)                             |                                         Kyber_Server |        483 |        381 |       0 |  102 |  1407 |      0 |      0 |          0 |
|       DFIFO0                                 |                   fifo_wrapper_24_16__parameterized0 |         58 |         58 |       0 |    0 |    20 |      0 |      1 |          0 |
|         inst                                 |                    generic_fifo_sync__parameterized5 |         58 |         58 |       0 |    0 |    20 |      0 |      1 |          0 |
|       DFIFO1                                 |                                   fifo_wrapper_10_16 |         49 |         49 |       0 |    0 |    16 |      0 |      1 |          0 |
|         inst                                 |                    generic_fifo_sync__parameterized6 |         49 |         49 |       0 |    0 |    16 |      0 |      1 |          0 |
|       IFIFO                                  |                                   fifo_wrapper_32_16 |         40 |         40 |       0 |    0 |    16 |      0 |      1 |          0 |
|         inst                                 |                    generic_fifo_sync__parameterized3 |         40 |         40 |       0 |    0 |    16 |      0 |      1 |          0 |
|       OFIFO                                  |                                   fifo_wrapper_34_16 |        168 |        168 |       0 |    0 |    20 |      0 |      1 |          0 |
|         inst                                 |                    generic_fifo_sync__parameterized4 |        168 |        168 |       0 |    0 |    20 |      0 |      1 |          0 |
|       ciphertext_store                       |                                         generic_bram |         82 |         82 |       0 |    0 |     0 |      1 |      0 |          0 |
|       decode                                 |                                        decode_Server |        214 |        214 |       0 |    0 |    99 |      0 |      0 |          0 |
|       encode                                 |                                        encode_Server |         37 |         37 |       0 |    0 |    53 |      0 |      0 |          0 |
|       hash                                   |                                     hash_core_Server |       8106 |       8106 |       0 |    0 |  8292 |      2 |      4 |          0 |
|         (hash)                               |                                     hash_core_Server |         16 |         16 |       0 |    0 |    43 |      0 |      0 |          0 |
|         decode                               |                                        decode_keccak |        138 |        138 |       0 |    0 |   106 |      0 |      0 |          0 |
|         ififo_inst                           |                                   fifo_wrapper_36_32 |         72 |         72 |       0 |    0 |    18 |      0 |      1 |          0 |
|           inst                               |                                    generic_fifo_sync |         72 |         72 |       0 |    0 |    18 |      0 |      1 |          0 |
|         ofifo0_inst                          |                                   fifo_wrapper_24_16 |         90 |         90 |       0 |    0 |    35 |      1 |      1 |          0 |
|           inst                               |                    generic_fifo_sync__parameterized0 |         90 |         90 |       0 |    0 |    35 |      1 |      1 |          0 |
|         ofifo1_inst                          |                                   fifo_wrapper_25_16 |         37 |         37 |       0 |    0 |    18 |      0 |      1 |          0 |
|           (ofifo1_inst)                      |                                   fifo_wrapper_25_16 |          0 |          0 |       0 |    0 |     0 |      0 |      0 |          0 |
|           inst                               |                    generic_fifo_sync__parameterized1 |         37 |         37 |       0 |    0 |    18 |      0 |      1 |          0 |
|         ofifo_inst                           |                                   fifo_wrapper_40_32 |         30 |         30 |       0 |    0 |    22 |      1 |      1 |          0 |
|           inst                               |                    generic_fifo_sync__parameterized2 |         30 |         30 |       0 |    0 |    22 |      1 |      1 |          0 |
|         sponge                               |                                      sha3_shake_core |       7723 |       7723 |       0 |    0 |  8050 |      0 |      0 |          0 |
|           (sponge)                           |                                      sha3_shake_core |        992 |        992 |       0 |    0 |  6450 |      0 |      0 |          0 |
|           algo_inst                          |                                            ALGORITHM |       6731 |       6731 |       0 |    0 |  1600 |      0 |      0 |          0 |
|             STEP_MAPPING_1                   |                                               THETA1 |        320 |        320 |       0 |    0 |     0 |      0 |      0 |          0 |
|             STEP_MAPPING_2                   |                                        THETA2_RHO_PI |       3203 |       3203 |       0 |    0 |     0 |      0 |      0 |          0 |
|             STEP_MAPPING_5                   |                                                 IOTA |       3208 |       3208 |       0 |    0 |  1600 |      0 |      0 |          0 |
|       ntt                                    |                                      NTT_core_Server |       1683 |       1548 |       0 |  135 |   916 |      5 |      4 |          2 |
|         (ntt)                                |                                      NTT_core_Server |        417 |        417 |       0 |    0 |   440 |      0 |      3 |          0 |
|         BU                                   |                                        butterfly_Ser |        659 |        580 |       0 |   79 |   420 |      0 |      0 |          2 |
|           (BU)                               |                                        butterfly_Ser |        323 |        322 |       0 |    1 |   198 |      0 |      0 |          0 |
|           M0                                 |                                       ntt_mult_12x12 |         34 |         34 |       0 |    0 |     0 |      0 |      0 |          1 |
|             u_mult                           |                                      generic_mult_94 |         34 |         34 |       0 |    0 |     0 |      0 |      0 |          1 |
|           M1                                 |                                    ntt_mult_12x12_85 |         34 |         34 |       0 |    0 |     0 |      0 |      0 |          1 |
|             u_mult                           |                                         generic_mult |         34 |         34 |       0 |    0 |     0 |      0 |      0 |          1 |
|           R0                                 |                                                reduc |        102 |         91 |       0 |   11 |    96 |      0 |      0 |          0 |
|           R1                                 |                                             reduc_86 |        102 |         91 |       0 |   11 |    96 |      0 |      0 |          0 |
|           S0                                 |                                        c_shift_ram_0 |         14 |          2 |       0 |   12 |    12 |      0 |      0 |          0 |
|             inst                             |                                       generic_srl_93 |         14 |          2 |       0 |   12 |    12 |      0 |      0 |          0 |
|           S1                                 |                                     c_shift_ram_0_87 |         13 |          1 |       0 |   12 |    12 |      0 |      0 |          0 |
|             inst                             |                                       generic_srl_92 |         13 |          1 |       0 |   12 |    12 |      0 |      0 |          0 |
|           S12                                |                                        c_shift_ram_9 |         12 |          0 |       0 |   12 |     0 |      0 |      0 |          0 |
|             inst                             |                                       generic_srl_91 |         12 |          0 |       0 |   12 |     0 |      0 |      0 |          0 |
|           S13                                |                                     c_shift_ram_9_88 |         12 |          0 |       0 |   12 |     0 |      0 |      0 |          0 |
|             inst                             |                                          generic_srl |         12 |          0 |       0 |   12 |     0 |      0 |      0 |          0 |
|           S2                                 |                                        c_shift_ram_1 |         11 |          7 |       0 |    4 |     2 |      0 |      0 |          0 |
|             inst                             |                       generic_srl__parameterized0_90 |         11 |          7 |       0 |    4 |     2 |      0 |      0 |          0 |
|           S3                                 |                                     c_shift_ram_1_89 |          4 |          0 |       0 |    4 |     4 |      0 |      0 |          0 |
|             inst                             |                          generic_srl__parameterized0 |          4 |          0 |       0 |    4 |     4 |      0 |      0 |          0 |
|         RAM0                                 |                                        blk_mem_gen_0 |          0 |          0 |       0 |    0 |     0 |      1 |      0 |          0 |
|           inst                               |                      generic_bram__parameterized0_84 |          0 |          0 |       0 |    0 |     0 |      1 |      0 |          0 |
|         RAM1                                 |                                     blk_mem_gen_0_79 |         80 |         80 |       0 |    0 |     0 |      1 |      0 |          0 |
|           inst                               |                         generic_bram__parameterized0 |         80 |         80 |       0 |    0 |     0 |      1 |      0 |          0 |
|         RAM2                                 |                                        blk_mem_gen_2 |         12 |         12 |       0 |    0 |     0 |      1 |      0 |          0 |
|           inst                               |                      generic_bram__parameterized1_83 |         12 |         12 |       0 |    0 |     0 |      1 |      0 |          0 |
|         RAM3                                 |                                     blk_mem_gen_2_80 |         54 |         54 |       0 |    0 |     0 |      1 |      0 |          0 |
|           inst                               |                         generic_bram__parameterized1 |         54 |         54 |       0 |    0 |     0 |      1 |      0 |          0 |
|         RAM4                                 |                                        blk_mem_gen_1 |         31 |         31 |       0 |    0 |     0 |      1 |      1 |          0 |
|           inst                               |                         generic_bram__parameterized2 |         31 |         31 |       0 |    0 |     0 |      1 |      1 |          0 |
|         S10                                  |                                        c_shift_ram_8 |          4 |          3 |       0 |    1 |     1 |      0 |      0 |          0 |
|           inst                               |                       generic_srl__parameterized7_82 |          4 |          3 |       0 |    1 |     1 |      0 |      0 |          0 |
|         S10N                                 |                                     c_shift_ram_8_81 |          3 |          2 |       0 |    1 |     1 |      0 |      0 |          0 |
|           inst                               |                          generic_srl__parameterized7 |          3 |          2 |       0 |    1 |     1 |      0 |      0 |          0 |
|         S11                                  |                                       c_shift_ram_11 |          1 |          0 |       0 |    1 |     1 |      0 |      0 |          0 |
|           inst                               |                          generic_srl__parameterized8 |          1 |          0 |       0 |    1 |     1 |      0 |      0 |          0 |
|         S3                                   |                                        c_shift_ram_2 |          3 |          1 |       0 |    2 |     2 |      0 |      0 |          0 |
|           inst                               |                          generic_srl__parameterized1 |          3 |          1 |       0 |    2 |     2 |      0 |      0 |          0 |
|         S4                                   |                                        c_shift_ram_3 |        371 |        365 |       0 |    6 |     6 |      0 |      0 |          0 |
|           inst                               |                          generic_srl__parameterized2 |        371 |        365 |       0 |    6 |     6 |      0 |      0 |          0 |
|         S5                                   |                                        c_shift_ram_4 |          8 |          0 |       0 |    8 |     8 |      0 |      0 |          0 |
|           inst                               |                          generic_srl__parameterized3 |          8 |          0 |       0 |    8 |     8 |      0 |      0 |          0 |
|         S6                                   |                                      c_shift_ram_4_6 |          6 |          0 |       0 |    6 |     6 |      0 |      0 |          0 |
|           inst                               |                          generic_srl__parameterized4 |          6 |          0 |       0 |    6 |     6 |      0 |      0 |          0 |
|         S7                                   |                                        c_shift_ram_5 |          7 |          0 |       0 |    7 |     7 |      0 |      0 |          0 |
|           inst                               |                          generic_srl__parameterized5 |          7 |          0 |       0 |    7 |     7 |      0 |      0 |          0 |
|         S9                                   |                                        c_shift_ram_6 |         27 |          3 |       0 |   24 |    24 |      0 |      0 |          0 |
|           inst                               |                          generic_srl__parameterized6 |         27 |          3 |       0 |   24 |    24 |      0 |      0 |          0 |
|   u_fe                                       |                                      fuzzy_extractor |       3823 |       3823 |       0 |    0 |  3568 |      0 |      0 |          0 |
|     (u_fe)                                   |                                      fuzzy_extractor |       1162 |       1162 |       0 |    0 |  1989 |      0 |      0 |          0 |
|     u_decode                                 |                                       xilinx_decoder |       2448 |       2448 |       0 |    0 |  1455 |      0 |      0 |          0 |
|       (u_decode)                             |                                       xilinx_decoder |          9 |          9 |       0 |    0 |     0 |      0 |      0 |          0 |
|       u_bch_syndrome                         |                                         bch_syndrome |        491 |        491 |       0 |    0 |   371 |      0 |      0 |          0 |
|         (u_bch_syndrome)                     |                                         bch_syndrome |          8 |          8 |       0 |    0 |     2 |      0 |      0 |          0 |
|         COUNTER.u_counter                    |                                      lfsr_counter_75 |          4 |          4 |       0 |    0 |     9 |      0 |      0 |          0 |
|         SYNDROMES[0].METHOD2.u_syn2a         |                                        dsynN_method2 |         43 |         43 |       0 |    0 |     9 |      0 |      0 |          0 |
|         SYNDROMES[1].METHOD2.u_syn2a         |                        dsynN_method2__parameterized0 |         37 |         37 |       0 |    0 |     9 |      0 |      0 |          0 |
|           (SYNDROMES[1].METHOD2.u_syn2a)     |                        dsynN_method2__parameterized0 |         35 |         35 |       0 |    0 |     9 |      0 |      0 |          0 |
|           u_lfsr_term                        |                            lfsr_term__parameterized1 |          2 |          2 |       0 |    0 |     0 |      0 |      0 |          0 |
|         SYNDROMES[2].METHOD2.u_syn2a         |                        dsynN_method2__parameterized1 |         29 |         29 |       0 |    0 |     9 |      0 |      0 |          0 |
|           (SYNDROMES[2].METHOD2.u_syn2a)     |                        dsynN_method2__parameterized1 |         27 |         27 |       0 |    0 |     9 |      0 |      0 |          0 |
|           u_lfsr_term                        |                            lfsr_term__parameterized2 |          2 |          2 |       0 |    0 |     0 |      0 |      0 |          0 |
|         SYNDROMES[3].METHOD2.u_syn2a         |                        dsynN_method2__parameterized2 |         29 |         29 |       0 |    0 |     9 |      0 |      0 |          0 |
|           (SYNDROMES[3].METHOD2.u_syn2a)     |                        dsynN_method2__parameterized2 |         28 |         28 |       0 |    0 |     9 |      0 |      0 |          0 |
|           u_lfsr_term                        |                            lfsr_term__parameterized3 |          1 |          1 |       0 |    0 |     0 |      0 |      0 |          0 |
|         SYNDROMES[4].METHOD1.u_syn1a         |                                        dsynN_method1 |         86 |         86 |       0 |    0 |    81 |      0 |      0 |          0 |
|           (SYNDROMES[4].METHOD1.u_syn1a)     |                                        dsynN_method1 |         77 |         77 |       0 |    0 |    81 |      0 |      0 |          0 |
|           u_adder                            |             finite_parallel_adder__parameterized1_78 |          9 |          9 |       0 |    0 |     0 |      0 |      0 |          0 |
|         SYNDROMES[5].METHOD1.u_syn1a         |                        dsynN_method1__parameterized0 |         66 |         66 |       0 |    0 |    81 |      0 |      0 |          0 |
|           (SYNDROMES[5].METHOD1.u_syn1a)     |                        dsynN_method1__parameterized0 |         57 |         57 |       0 |    0 |    81 |      0 |      0 |          0 |
|           u_adder                            |             finite_parallel_adder__parameterized1_77 |          9 |          9 |       0 |    0 |     0 |      0 |      0 |          0 |
|         SYNDROMES[6].METHOD1.u_syn1a         |                        dsynN_method1__parameterized1 |         94 |         94 |       0 |    0 |    81 |      0 |      0 |          0 |
|           (SYNDROMES[6].METHOD1.u_syn1a)     |                        dsynN_method1__parameterized1 |         85 |         85 |       0 |    0 |    81 |      0 |      0 |          0 |
|           u_adder                            |             finite_parallel_adder__parameterized1_76 |          9 |          9 |       0 |    0 |     0 |      0 |      0 |          0 |
|         SYNDROMES[7].METHOD1.u_syn1a         |                        dsynN_method1__parameterized2 |         95 |         95 |       0 |    0 |    81 |      0 |      0 |          0 |
|           (SYNDROMES[7].METHOD1.u_syn1a)     |                        dsynN_method1__parameterized2 |         86 |         86 |       0 |    0 |    81 |      0 |      0 |          0 |
|           u_adder                            |                finite_parallel_adder__parameterized1 |          9 |          9 |       0 |    0 |     0 |      0 |      0 |          0 |
|       u_bma                                  |                                 bch_sigma_bma_serial |        375 |        375 |       0 |    0 |   410 |      0 |      0 |          0 |
|         (u_bma)                              |                                 bch_sigma_bma_serial |        149 |        149 |       0 |    0 |   133 |      0 |      0 |          0 |
|         msm_serial_standard_multiplier       |                           serial_standard_multiplier |         17 |         17 |       0 |    0 |     9 |      0 |      0 |          0 |
|           (msm_serial_standard_multiplier)   |                           serial_standard_multiplier |          8 |          8 |       0 |    0 |     9 |      0 |      0 |          0 |
|           u_adder                            |                finite_parallel_adder__parameterized3 |          9 |          9 |       0 |    0 |     0 |      0 |      0 |          0 |
|         u_bch_n_counter                      |                                              counter |         13 |         13 |       0 |    0 |     4 |      0 |      0 |          0 |
|         u_bch_syndrome_shuffle               |                                 bch_syndrome_shuffle |          0 |          0 |       0 |    0 |   135 |      0 |      0 |          0 |
|         u_cN[0]                              |                                  finite_serial_adder |          9 |          9 |       0 |    0 |     9 |      0 |      0 |          0 |
|         u_cN[1]                              |                               finite_serial_adder_67 |          6 |          6 |       0 |    0 |     9 |      0 |      0 |          0 |
|         u_cN[2]                              |                               finite_serial_adder_68 |         13 |         13 |       0 |    0 |     9 |      0 |      0 |          0 |
|         u_cN[3]                              |                               finite_serial_adder_69 |          9 |          9 |       0 |    0 |     9 |      0 |      0 |          0 |
|         u_cN[4]                              |                               finite_serial_adder_70 |          9 |          9 |       0 |    0 |     9 |      0 |      0 |          0 |
|         u_cN[5]                              |                               finite_serial_adder_71 |          9 |          9 |       0 |    0 |     9 |      0 |      0 |          0 |
|         u_cN[6]                              |                               finite_serial_adder_72 |          9 |          9 |       0 |    0 |     9 |      0 |      0 |          0 |
|         u_cN[7]                              |                               finite_serial_adder_73 |          9 |          9 |       0 |    0 |     9 |      0 |      0 |          0 |
|         u_cN[8]                              |                               finite_serial_adder_74 |         10 |         10 |       0 |    0 |     9 |      0 |      0 |          0 |
|         u_counter                            |                              counter__parameterized0 |          3 |          3 |       0 |    0 |     3 |      0 |      0 |          0 |
|         u_dinv                               |                                       finite_divider |         68 |         68 |       0 |    0 |    23 |      0 |      0 |          0 |
|           (u_dinv)                           |                                       finite_divider |         65 |         65 |       0 |    0 |    19 |      0 |      0 |          0 |
|           u_counter                          |                         lfsr_counter__parameterized0 |          3 |          3 |       0 |    0 |     4 |      0 |      0 |          0 |
|         u_serial_mixed_multiplier            |                          serial_mixed_multiplier_dss |         42 |         42 |       0 |    0 |    22 |      0 |      0 |          0 |
|           (u_serial_mixed_multiplier)        |                          serial_mixed_multiplier_dss |         40 |         40 |       0 |    0 |    19 |      0 |      0 |          0 |
|           u_counter                          |                         lfsr_counter__parameterized1 |          2 |          2 |       0 |    0 |     3 |      0 |      0 |          0 |
|       u_error_tmec                           |                                       bch_error_tmec |       1290 |       1290 |       0 |    0 |   650 |      0 |      0 |          0 |
|         u_chien                              |                                            bch_chien |       1274 |       1274 |       0 |    0 |   650 |      0 |      0 |          0 |
|           BIT[0].REG[0].ORIG.u_chien_reg     |                                        bch_chien_reg |         10 |         10 |       0 |    0 |     9 |      0 |      0 |          0 |
|           BIT[0].REG[1].ORIG.u_chien_reg     |                        bch_chien_reg__parameterized0 |         16 |         16 |       0 |    0 |     9 |      0 |      0 |          0 |
|           BIT[0].REG[2].ORIG.u_chien_reg     |                        bch_chien_reg__parameterized1 |         20 |         20 |       0 |    0 |     9 |      0 |      0 |          0 |
|           BIT[0].REG[3].ORIG.u_chien_reg     |                        bch_chien_reg__parameterized2 |         15 |         15 |       0 |    0 |     9 |      0 |      0 |          0 |
|           BIT[0].REG[4].ORIG.u_chien_reg     |                        bch_chien_reg__parameterized3 |         19 |         19 |       0 |    0 |     9 |      0 |      0 |          0 |
|           BIT[0].REG[5].ORIG.u_chien_reg     |                        bch_chien_reg__parameterized4 |         10 |         10 |       0 |    0 |     9 |      0 |      0 |          0 |
|           BIT[0].REG[6].ORIG.u_chien_reg     |                        bch_chien_reg__parameterized5 |         13 |         13 |       0 |    0 |     9 |      0 |      0 |          0 |
|           BIT[0].REG[7].ORIG.u_chien_reg     |                        bch_chien_reg__parameterized6 |         22 |         22 |       0 |    0 |     9 |      0 |      0 |          0 |
|             (BIT[0].REG[7].ORIG.u_chien_reg) |                        bch_chien_reg__parameterized6 |         13 |         13 |       0 |    0 |     9 |      0 |      0 |          0 |
|             u_mult_start                     |  parallel_standard_multiplier_const2__parameterized6 |          9 |          9 |       0 |    0 |     0 |      0 |      0 |          0 |
|           BIT[0].REG[8].ORIG.u_chien_reg     |                        bch_chien_reg__parameterized7 |         27 |         27 |       0 |    0 |     9 |      0 |      0 |          0 |
|           BIT[1].REG[0].ORIG.u_chien_reg     |                        bch_chien_reg__parameterized8 |         15 |         15 |       0 |    0 |     9 |      0 |      0 |          0 |
|           BIT[1].REG[1].ORIG.u_chien_reg     |                        bch_chien_reg__parameterized9 |         13 |         13 |       0 |    0 |     9 |      0 |      0 |          0 |
|           BIT[1].REG[2].ORIG.u_chien_reg     |                       bch_chien_reg__parameterized10 |         21 |         21 |       0 |    0 |     9 |      0 |      0 |          0 |
|           BIT[1].REG[3].ORIG.u_chien_reg     |                       bch_chien_reg__parameterized11 |         17 |         17 |       0 |    0 |     9 |      0 |      0 |          0 |
|             (BIT[1].REG[3].ORIG.u_chien_reg) |                       bch_chien_reg__parameterized11 |         10 |         10 |       0 |    0 |     9 |      0 |      0 |          0 |
|             u_mult_start                     | parallel_standard_multiplier_const2__parameterized11 |          7 |          7 |       0 |    0 |     0 |      0 |      0 |          0 |
|           BIT[1].REG[4].ORIG.u_chien_reg     |                       bch_chien_reg__parameterized12 |         18 |         18 |       0 |    0 |     9 |      0 |      0 |          0 |
|           BIT[1].REG[5].ORIG.u_chien_reg     |                       bch_chien_reg__parameterized13 |         14 |         14 |       0 |    0 |     9 |      0 |      0 |          0 |
|           BIT[1].REG[6].ORIG.u_chien_reg     |                       bch_chien_reg__parameterized14 |         16 |         16 |       0 |    0 |     9 |      0 |      0 |          0 |
|           BIT[1].REG[7].ORIG.u_chien_reg     |                       bch_chien_reg__parameterized15 |         15 |         15 |       0 |    0 |     9 |      0 |      0 |          0 |
|           BIT[1].REG[8].ORIG.u_chien_reg     |                       bch_chien_reg__parameterized16 |         26 |         26 |       0 |    0 |     9 |      0 |      0 |          0 |
|           BIT[2].REG[0].ORIG.u_chien_reg     |                       bch_chien_reg__parameterized17 |         11 |         11 |       0 |    0 |     9 |      0 |      0 |          0 |
|           BIT[2].REG[1].ORIG.u_chien_reg     |                       bch_chien_reg__parameterized18 |         17 |         17 |       0 |    0 |     9 |      0 |      0 |          0 |
|           BIT[2].REG[2].ORIG.u_chien_reg     |                       bch_chien_reg__parameterized19 |         23 |         23 |       0 |    0 |     9 |      0 |      0 |          0 |
|           BIT[2].REG[3].ORIG.u_chien_reg     |                       bch_chien_reg__parameterized20 |         12 |         12 |       0 |    0 |     9 |      0 |      0 |          0 |
|             (BIT[2].REG[3].ORIG.u_chien_reg) |                       bch_chien_reg__parameterized20 |          9 |          9 |       0 |    0 |     9 |      0 |      0 |          0 |
|             u_mult_start                     | parallel_standard_multiplier_const2__parameterized20 |          3 |          3 |       0 |    0 |     0 |      0 |      0 |          0 |
|           BIT[2].REG[4].ORIG.u_chien_reg     |                       bch_chien_reg__parameterized21 |         20 |         20 |       0 |    0 |     9 |      0 |      0 |          0 |
|           BIT[2].REG[5].ORIG.u_chien_reg     |                       bch_chien_reg__parameterized22 |         17 |         17 |       0 |    0 |     9 |      0 |      0 |          0 |
|           BIT[2].REG[6].ORIG.u_chien_reg     |                       bch_chien_reg__parameterized23 |         20 |         20 |       0 |    0 |     9 |      0 |      0 |          0 |
|           BIT[2].REG[7].ORIG.u_chien_reg     |                       bch_chien_reg__parameterized24 |         18 |         18 |       0 |    0 |     9 |      0 |      0 |          0 |
|           BIT[2].REG[8].ORIG.u_chien_reg     |                       bch_chien_reg__parameterized25 |         23 |         23 |       0 |    0 |     9 |      0 |      0 |          0 |
|           BIT[3].REG[0].ORIG.u_chien_reg     |                       bch_chien_reg__parameterized26 |         13 |         13 |       0 |    0 |     9 |      0 |      0 |          0 |
|           BIT[3].REG[1].ORIG.u_chien_reg     |                       bch_chien_reg__parameterized27 |         16 |         16 |       0 |    0 |     9 |      0 |      0 |          0 |
|             (BIT[3].REG[1].ORIG.u_chien_reg) |                       bch_chien_reg__parameterized27 |          9 |          9 |       0 |    0 |     9 |      0 |      0 |          0 |
|             u_mult_start                     | parallel_standard_multiplier_const2__parameterized27 |          7 |          7 |       0 |    0 |     0 |      0 |      0 |          0 |
|           BIT[3].REG[2].ORIG.u_chien_reg     |                       bch_chien_reg__parameterized28 |         22 |         22 |       0 |    0 |     9 |      0 |      0 |          0 |
|           BIT[3].REG[3].ORIG.u_chien_reg     |                       bch_chien_reg__parameterized29 |         15 |         15 |       0 |    0 |     9 |      0 |      0 |          0 |
|           BIT[3].REG[4].ORIG.u_chien_reg     |                       bch_chien_reg__parameterized30 |         18 |         18 |       0 |    0 |     9 |      0 |      0 |          0 |
|           BIT[3].REG[5].ORIG.u_chien_reg     |                       bch_chien_reg__parameterized31 |         16 |         16 |       0 |    0 |     9 |      0 |      0 |          0 |
|           BIT[3].REG[6].ORIG.u_chien_reg     |                       bch_chien_reg__parameterized32 |         17 |         17 |       0 |    0 |     9 |      0 |      0 |          0 |
|           BIT[3].REG[7].ORIG.u_chien_reg     |                       bch_chien_reg__parameterized33 |         15 |         15 |       0 |    0 |     9 |      0 |      0 |          0 |
|           BIT[3].REG[8].ORIG.u_chien_reg     |                       bch_chien_reg__parameterized34 |         20 |         20 |       0 |    0 |     9 |      0 |      0 |          0 |
|           BIT[4].REG[0].ORIG.u_chien_reg     |                       bch_chien_reg__parameterized35 |         14 |         14 |       0 |    0 |     9 |      0 |      0 |          0 |
|             (BIT[4].REG[0].ORIG.u_chien_reg) |                       bch_chien_reg__parameterized35 |          8 |          8 |       0 |    0 |     9 |      0 |      0 |          0 |
|             u_mult_start                     | parallel_standard_multiplier_const2__parameterized35 |          6 |          6 |       0 |    0 |     0 |      0 |      0 |          0 |
|           BIT[4].REG[1].ORIG.u_chien_reg     |                       bch_chien_reg__parameterized36 |         16 |         16 |       0 |    0 |     9 |      0 |      0 |          0 |
|           BIT[4].REG[2].ORIG.u_chien_reg     |                       bch_chien_reg__parameterized37 |         28 |         28 |       0 |    0 |     9 |      0 |      0 |          0 |
|           BIT[4].REG[3].ORIG.u_chien_reg     |                       bch_chien_reg__parameterized38 |         13 |         13 |       0 |    0 |     9 |      0 |      0 |          0 |
|           BIT[4].REG[4].ORIG.u_chien_reg     |                       bch_chien_reg__parameterized39 |         18 |         18 |       0 |    0 |     9 |      0 |      0 |          0 |
|           BIT[4].REG[5].ORIG.u_chien_reg     |                       bch_chien_reg__parameterized40 |         16 |         16 |       0 |    0 |     9 |      0 |      0 |          0 |
|           BIT[4].REG[6].ORIG.u_chien_reg     |                       bch_chien_reg__parameterized41 |         17 |         17 |       0 |    0 |     9 |      0 |      0 |          0 |
|           BIT[4].REG[7].ORIG.u_chien_reg     |                       bch_chien_reg__parameterized42 |         11 |         11 |       0 |    0 |     9 |      0 |      0 |          0 |
|           BIT[4].REG[8].ORIG.u_chien_reg     |                       bch_chien_reg__parameterized43 |         25 |         25 |       0 |    0 |     9 |      0 |      0 |          0 |
|           BIT[5].REG[0].ORIG.u_chien_reg     |                       bch_chien_reg__parameterized44 |         14 |         14 |       0 |    0 |     9 |      0 |      0 |          0 |
|             (BIT[5].REG[0].ORIG.u_chien_reg) |                       bch_chien_reg__parameterized44 |          9 |          9 |       0 |    0 |     9 |      0 |      0 |          0 |
|             u_mult_start                     | parallel_standard_multiplier_const2__parameterized44 |          5 |          5 |       0 |    0 |     0 |      0 |      0 |          0 |
|           BIT[5].REG[1].ORIG.u_chien_reg     |                       bch_chien_reg__parameterized45 |         17 |         17 |       0 |    0 |     9 |      0 |      0 |          0 |
|             (BIT[5].REG[1].ORIG.u_chien_reg) |                       bch_chien_reg__parameterized45 |         10 |         10 |       0 |    0 |     9 |      0 |      0 |          0 |
|             u_mult_start                     | parallel_standard_multiplier_const2__parameterized45 |          7 |          7 |       0 |    0 |     0 |      0 |      0 |          0 |
|           BIT[5].REG[2].ORIG.u_chien_reg     |                       bch_chien_reg__parameterized46 |         25 |         25 |       0 |    0 |     9 |      0 |      0 |          0 |
|           BIT[5].REG[3].ORIG.u_chien_reg     |                       bch_chien_reg__parameterized47 |         12 |         12 |       0 |    0 |     9 |      0 |      0 |          0 |
|           BIT[5].REG[4].ORIG.u_chien_reg     |                       bch_chien_reg__parameterized48 |         20 |         20 |       0 |    0 |     9 |      0 |      0 |          0 |
|           BIT[5].REG[5].ORIG.u_chien_reg     |                       bch_chien_reg__parameterized49 |         15 |         15 |       0 |    0 |     9 |      0 |      0 |          0 |
|           BIT[5].REG[6].ORIG.u_chien_reg     |                       bch_chien_reg__parameterized50 |         17 |         17 |       0 |    0 |     9 |      0 |      0 |          0 |
|           BIT[5].REG[7].ORIG.u_chien_reg     |                       bch_chien_reg__parameterized51 |         11 |         11 |       0 |    0 |     9 |      0 |      0 |          0 |
|           BIT[5].REG[8].ORIG.u_chien_reg     |                       bch_chien_reg__parameterized52 |         29 |         29 |       0 |    0 |     9 |      0 |      0 |          0 |
|           BIT[6].REG[0].ORIG.u_chien_reg     |                       bch_chien_reg__parameterized53 |         17 |         17 |       0 |    0 |     9 |      0 |      0 |          0 |
|             (BIT[6].REG[0].ORIG.u_chien_reg) |                       bch_chien_reg__parameterized53 |          8 |          8 |       0 |    0 |     9 |      0 |      0 |          0 |
|             u_mult_start                     | parallel_standard_multiplier_const2__parameterized52 |          9 |          9 |       0 |    0 |     0 |      0 |      0 |          0 |
|           BIT[6].REG[1].ORIG.u_chien_reg     |                       bch_chien_reg__parameterized54 |         15 |         15 |       0 |    0 |     9 |      0 |      0 |          0 |
|           BIT[6].REG[2].ORIG.u_chien_reg     |                       bch_chien_reg__parameterized55 |         29 |         29 |       0 |    0 |     9 |      0 |      0 |          0 |
|           BIT[6].REG[3].ORIG.u_chien_reg     |                       bch_chien_reg__parameterized56 |         12 |         12 |       0 |    0 |     9 |      0 |      0 |          0 |
|           BIT[6].REG[4].ORIG.u_chien_reg     |                       bch_chien_reg__parameterized57 |         19 |         19 |       0 |    0 |     9 |      0 |      0 |          0 |
|           BIT[6].REG[5].ORIG.u_chien_reg     |                       bch_chien_reg__parameterized58 |         20 |         20 |       0 |    0 |     9 |      0 |      0 |          0 |
|           BIT[6].REG[6].ORIG.u_chien_reg     |                       bch_chien_reg__parameterized59 |         19 |         19 |       0 |    0 |     9 |      0 |      0 |          0 |
|           BIT[6].REG[7].ORIG.u_chien_reg     |                       bch_chien_reg__parameterized60 |         16 |         16 |       0 |    0 |     9 |      0 |      0 |          0 |
|           BIT[6].REG[8].ORIG.u_chien_reg     |                       bch_chien_reg__parameterized61 |         24 |         24 |       0 |    0 |     9 |      0 |      0 |          0 |
|           BIT[7].REG[0].ORIG.u_chien_reg     |                       bch_chien_reg__parameterized62 |         17 |         17 |       0 |    0 |     9 |      0 |      0 |          0 |
|             (BIT[7].REG[0].ORIG.u_chien_reg) |                       bch_chien_reg__parameterized62 |          9 |          9 |       0 |    0 |     9 |      0 |      0 |          0 |
|             u_mult_start                     | parallel_standard_multiplier_const2__parameterized61 |          8 |          8 |       0 |    0 |     0 |      0 |      0 |          0 |
|           BIT[7].REG[1].ORIG.u_chien_reg     |                       bch_chien_reg__parameterized63 |         14 |         14 |       0 |    0 |     9 |      0 |      0 |          0 |
|           BIT[7].REG[2].ORIG.u_chien_reg     |                       bch_chien_reg__parameterized64 |         29 |         29 |       0 |    0 |     9 |      0 |      0 |          0 |
|           BIT[7].REG[3].ORIG.u_chien_reg     |                       bch_chien_reg__parameterized65 |         16 |         16 |       0 |    0 |     9 |      0 |      0 |          0 |
|           BIT[7].REG[4].ORIG.u_chien_reg     |                       bch_chien_reg__parameterized66 |         13 |         13 |       0 |    0 |     9 |      0 |      0 |          0 |
|           BIT[7].REG[5].ORIG.u_chien_reg     |                       bch_chien_reg__parameterized67 |         17 |         17 |       0 |    0 |     9 |      0 |      0 |          0 |
|           BIT[7].REG[6].ORIG.u_chien_reg     |                       bch_chien_reg__parameterized68 |         19 |         19 |       0 |    0 |     9 |      0 |      0 |          0 |
|           BIT[7].REG[7].ORIG.u_chien_reg     |                       bch_chien_reg__parameterized69 |         13 |         13 |       0 |    0 |     9 |      0 |      0 |          0 |
|           BIT[7].REG[8].ORIG.u_chien_reg     |                       bch_chien_reg__parameterized70 |         27 |         27 |       0 |    0 |     9 |      0 |      0 |          0 |
|           u_first_pipeline                   |                                 pipeline_ce_reset_66 |          0 |          0 |       0 |    0 |     2 |      0 |      0 |          0 |
|         u_zero[0]                            |                                             zero_cla |          2 |          2 |       0 |    0 |     0 |      0 |      0 |          0 |
|           u_cla                              |                                            eq_cla_63 |          2 |          2 |       0 |    0 |     0 |      0 |      0 |          0 |
|             u_cla                            |                                       compare_cla_64 |          2 |          2 |       0 |    0 |     0 |      0 |      0 |          0 |
|               u_xilinx                       |                                compare_cla_xilinx_65 |          2 |          2 |       0 |    0 |     0 |      0 |      0 |          0 |
|         u_zero[1]                            |                                          zero_cla_38 |          2 |          2 |       0 |    0 |     0 |      0 |      0 |          0 |
|           u_cla                              |                                            eq_cla_60 |          2 |          2 |       0 |    0 |     0 |      0 |      0 |          0 |
|             u_cla                            |                                       compare_cla_61 |          2 |          2 |       0 |    0 |     0 |      0 |      0 |          0 |
|               u_xilinx                       |                                compare_cla_xilinx_62 |          2 |          2 |       0 |    0 |     0 |      0 |      0 |          0 |
|         u_zero[2]                            |                                          zero_cla_39 |          2 |          2 |       0 |    0 |     0 |      0 |      0 |          0 |
|           u_cla                              |                                            eq_cla_57 |          2 |          2 |       0 |    0 |     0 |      0 |      0 |          0 |
|             u_cla                            |                                       compare_cla_58 |          2 |          2 |       0 |    0 |     0 |      0 |      0 |          0 |
|               u_xilinx                       |                                compare_cla_xilinx_59 |          2 |          2 |       0 |    0 |     0 |      0 |      0 |          0 |
|         u_zero[3]                            |                                          zero_cla_40 |          2 |          2 |       0 |    0 |     0 |      0 |      0 |          0 |
|           u_cla                              |                                            eq_cla_54 |          2 |          2 |       0 |    0 |     0 |      0 |      0 |          0 |
|             u_cla                            |                                       compare_cla_55 |          2 |          2 |       0 |    0 |     0 |      0 |      0 |          0 |
|               u_xilinx                       |                                compare_cla_xilinx_56 |          2 |          2 |       0 |    0 |     0 |      0 |      0 |          0 |
|         u_zero[4]                            |                                          zero_cla_41 |          2 |          2 |       0 |    0 |     0 |      0 |      0 |          0 |
|           u_cla                              |                                            eq_cla_51 |          2 |          2 |       0 |    0 |     0 |      0 |      0 |          0 |
|             u_cla                            |                                       compare_cla_52 |          2 |          2 |       0 |    0 |     0 |      0 |      0 |          0 |
|               u_xilinx                       |                                compare_cla_xilinx_53 |          2 |          2 |       0 |    0 |     0 |      0 |      0 |          0 |
|         u_zero[5]                            |                                          zero_cla_42 |          2 |          2 |       0 |    0 |     0 |      0 |      0 |          0 |
|           u_cla                              |                                            eq_cla_48 |          2 |          2 |       0 |    0 |     0 |      0 |      0 |          0 |
|             u_cla                            |                                       compare_cla_49 |          2 |          2 |       0 |    0 |     0 |      0 |      0 |          0 |
|               u_xilinx                       |                                compare_cla_xilinx_50 |          2 |          2 |       0 |    0 |     0 |      0 |      0 |          0 |
|         u_zero[6]                            |                                          zero_cla_43 |          2 |          2 |       0 |    0 |     0 |      0 |      0 |          0 |
|           u_cla                              |                                            eq_cla_45 |          2 |          2 |       0 |    0 |     0 |      0 |      0 |          0 |
|             u_cla                            |                                       compare_cla_46 |          2 |          2 |       0 |    0 |     0 |      0 |      0 |          0 |
|               u_xilinx                       |                                compare_cla_xilinx_47 |          2 |          2 |       0 |    0 |     0 |      0 |      0 |          0 |
|         u_zero[7]                            |                                          zero_cla_44 |          2 |          2 |       0 |    0 |     0 |      0 |      0 |          0 |
|           u_cla                              |                                               eq_cla |          2 |          2 |       0 |    0 |     0 |      0 |      0 |          0 |
|             u_cla                            |                                          compare_cla |          2 |          2 |       0 |    0 |     0 |      0 |      0 |          0 |
|               u_xilinx                       |                                   compare_cla_xilinx |          2 |          2 |       0 |    0 |     0 |      0 |      0 |          0 |
|       u_pipeline[0]                          |                    pipeline_ce_reset__parameterized2 |          1 |          1 |       0 |    0 |     1 |      0 |      0 |          0 |
|       u_pipeline[10]                         |                 pipeline_ce_reset__parameterized2_21 |         46 |         46 |       0 |    0 |     1 |      0 |      0 |          0 |
|       u_pipeline[11]                         |                 pipeline_ce_reset__parameterized2_22 |         28 |         28 |       0 |    0 |     1 |      0 |      0 |          0 |
|       u_pipeline[12]                         |                 pipeline_ce_reset__parameterized2_23 |         28 |         28 |       0 |    0 |     1 |      0 |      0 |          0 |
|       u_pipeline[13]                         |                 pipeline_ce_reset__parameterized2_24 |         28 |         28 |       0 |    0 |     1 |      0 |      0 |          0 |
|       u_pipeline[14]                         |                 pipeline_ce_reset__parameterized2_25 |         28 |         28 |       0 |    0 |     1 |      0 |      0 |          0 |
|       u_pipeline[15]                         |                 pipeline_ce_reset__parameterized2_26 |         46 |         46 |       0 |    0 |     1 |      0 |      0 |          0 |
|       u_pipeline[16]                         |                 pipeline_ce_reset__parameterized2_27 |         28 |         28 |       0 |    0 |     1 |      0 |      0 |          0 |
|       u_pipeline[17]                         |                 pipeline_ce_reset__parameterized2_28 |         29 |         29 |       0 |    0 |     1 |      0 |      0 |          0 |
|       u_pipeline[1]                          |                 pipeline_ce_reset__parameterized2_29 |          1 |          1 |       0 |    0 |     1 |      0 |      0 |          0 |
|       u_pipeline[2]                          |                 pipeline_ce_reset__parameterized2_30 |          1 |          1 |       0 |    0 |     1 |      0 |      0 |          0 |
|       u_pipeline[3]                          |                 pipeline_ce_reset__parameterized2_31 |          1 |          1 |       0 |    0 |     1 |      0 |      0 |          0 |
|       u_pipeline[4]                          |                 pipeline_ce_reset__parameterized2_32 |          1 |          1 |       0 |    0 |     1 |      0 |      0 |          0 |
|       u_pipeline[5]                          |                 pipeline_ce_reset__parameterized2_33 |          1 |          1 |       0 |    0 |     1 |      0 |      0 |          0 |
|       u_pipeline[6]                          |                 pipeline_ce_reset__parameterized2_34 |          1 |          1 |       0 |    0 |     1 |      0 |      0 |          0 |
|       u_pipeline[7]                          |                 pipeline_ce_reset__parameterized2_35 |          1 |          1 |       0 |    0 |     1 |      0 |      0 |          0 |
|       u_pipeline[8]                          |                 pipeline_ce_reset__parameterized2_36 |          3 |          3 |       0 |    0 |     1 |      0 |      0 |          0 |
|       u_pipeline[9]                          |                 pipeline_ce_reset__parameterized2_37 |         11 |         11 |       0 |    0 |     7 |      0 |      0 |          0 |
|     u_encode                                 |                                        xilinx_encode |        213 |        213 |       0 |    0 |   124 |      0 |      0 |          0 |
|       u_encode                               |                                           bch_encode |        140 |        140 |       0 |    0 |    84 |      0 |      0 |          0 |
|         (u_encode)                           |                                           bch_encode |         73 |         73 |       0 |    0 |    75 |      0 |      0 |          0 |
|         u_counter                            |                                         lfsr_counter |          8 |          8 |       0 |    0 |     9 |      0 |      0 |          0 |
|         u_in_terms                           |                                            lfsr_term |         28 |         28 |       0 |    0 |     0 |      0 |      0 |          0 |
|         u_lfsr_terms                         |                                         lfsr_term_20 |         31 |         31 |       0 |    0 |     0 |      0 |      0 |          0 |
|       u_input[0]                             |                                    pipeline_ce_reset |          2 |          2 |       0 |    0 |     2 |      0 |      0 |          0 |
|       u_input[1]                             |                                  pipeline_ce_reset_1 |          2 |          2 |       0 |    0 |     2 |      0 |      0 |          0 |
|       u_input[2]                             |                                  pipeline_ce_reset_2 |          7 |          7 |       0 |    0 |     2 |      0 |      0 |          0 |
|       u_input[3]                             |                                  pipeline_ce_reset_3 |          7 |          7 |       0 |    0 |     2 |      0 |      0 |          0 |
|       u_input[4]                             |                                  pipeline_ce_reset_4 |          7 |          7 |       0 |    0 |     2 |      0 |      0 |          0 |
|       u_input[5]                             |                                  pipeline_ce_reset_5 |          7 |          7 |       0 |    0 |     2 |      0 |      0 |          0 |
|       u_input[6]                             |                                  pipeline_ce_reset_6 |          7 |          7 |       0 |    0 |     2 |      0 |      0 |          0 |
|       u_input[7]                             |                                  pipeline_ce_reset_7 |          7 |          7 |       0 |    0 |     2 |      0 |      0 |          0 |
|       u_input[8]                             |                                  pipeline_ce_reset_8 |          7 |          7 |       0 |    0 |     2 |      0 |      0 |          0 |
|       u_input[9]                             |                                  pipeline_ce_reset_9 |          9 |          9 |       0 |    0 |     2 |      0 |      0 |          0 |
|       u_output[10]                           |                                 pipeline_ce_reset_10 |          1 |          1 |       0 |    0 |     2 |      0 |      0 |          0 |
|       u_output[11]                           |                                 pipeline_ce_reset_11 |          1 |          1 |       0 |    0 |     2 |      0 |      0 |          0 |
|       u_output[2]                            |                                 pipeline_ce_reset_12 |          0 |          0 |       0 |    0 |     2 |      0 |      0 |          0 |
|       u_output[3]                            |                                 pipeline_ce_reset_13 |          3 |          3 |       0 |    0 |     2 |      0 |      0 |          0 |
|       u_output[4]                            |                                 pipeline_ce_reset_14 |          1 |          1 |       0 |    0 |     2 |      0 |      0 |          0 |
|       u_output[5]                            |                                 pipeline_ce_reset_15 |          1 |          1 |       0 |    0 |     2 |      0 |      0 |          0 |
|       u_output[6]                            |                                 pipeline_ce_reset_16 |          1 |          1 |       0 |    0 |     2 |      0 |      0 |          0 |
|       u_output[7]                            |                                 pipeline_ce_reset_17 |          1 |          1 |       0 |    0 |     2 |      0 |      0 |          0 |
|       u_output[8]                            |                                 pipeline_ce_reset_18 |          1 |          1 |       0 |    0 |     2 |      0 |      0 |          0 |
|       u_output[9]                            |                                 pipeline_ce_reset_19 |          1 |          1 |       0 |    0 |     2 |      0 |      0 |          0 |
|   u_puf                                      |                                           kp_puf_top |        462 |        462 |       0 |    0 |   382 |      0 |      0 |          0 |
|     (u_puf)                                  |                                           kp_puf_top |          0 |          0 |       0 |    0 |     2 |      0 |      0 |          0 |
|     comp_inst                                |                                        kp_comparator |          0 |          0 |       0 |    0 |     0 |      0 |      0 |          0 |
|     counter0                                 |                                       kp_counter_puf |         18 |         18 |       0 |    0 |    36 |      0 |      0 |          0 |
|     counter1                                 |                                     kp_counter_puf_0 |         18 |         18 |       0 |    0 |    36 |      0 |      0 |          0 |
|     ctrl_inst                                |                                       kp_puf_control |         37 |         37 |       0 |    0 |    36 |      0 |      0 |          0 |
|     lfsr_inst                                |                                              kp_lfsr |         11 |         11 |       0 |    0 |     8 |      0 |      0 |          0 |
|     ring0[0].ro0                             |                                           kp_ro_cell |          4 |          4 |       0 |    0 |     0 |      0 |      0 |          0 |
|       u_backend                              |                                    kp_ro_cell_xilinx |          4 |          4 |       0 |    0 |     0 |      0 |      0 |          0 |
|     ring0[10].ro0                            |                           kp_ro_cell__parameterized9 |          4 |          4 |       0 |    0 |     0 |      0 |      0 |          0 |
|       u_backend                              |                    kp_ro_cell_xilinx__parameterized9 |          4 |          4 |       0 |    0 |     0 |      0 |      0 |          0 |
|     ring0[11].ro0                            |                          kp_ro_cell__parameterized10 |          4 |          4 |       0 |    0 |     0 |      0 |      0 |          0 |
|       u_backend                              |                   kp_ro_cell_xilinx__parameterized10 |          4 |          4 |       0 |    0 |     0 |      0 |      0 |          0 |
|     ring0[12].ro0                            |                          kp_ro_cell__parameterized11 |          4 |          4 |       0 |    0 |     0 |      0 |      0 |          0 |
|       u_backend                              |                   kp_ro_cell_xilinx__parameterized11 |          4 |          4 |       0 |    0 |     0 |      0 |      0 |          0 |
|     ring0[13].ro0                            |                          kp_ro_cell__parameterized12 |          4 |          4 |       0 |    0 |     0 |      0 |      0 |          0 |
|       u_backend                              |                   kp_ro_cell_xilinx__parameterized12 |          4 |          4 |       0 |    0 |     0 |      0 |      0 |          0 |
|     ring0[14].ro0                            |                          kp_ro_cell__parameterized13 |          4 |          4 |       0 |    0 |     0 |      0 |      0 |          0 |
|       u_backend                              |                   kp_ro_cell_xilinx__parameterized13 |          4 |          4 |       0 |    0 |     0 |      0 |      0 |          0 |
|     ring0[15].ro0                            |                          kp_ro_cell__parameterized14 |          4 |          4 |       0 |    0 |     0 |      0 |      0 |          0 |
|       u_backend                              |                   kp_ro_cell_xilinx__parameterized14 |          4 |          4 |       0 |    0 |     0 |      0 |      0 |          0 |
|     ring0[1].ro0                             |                           kp_ro_cell__parameterized0 |          4 |          4 |       0 |    0 |     0 |      0 |      0 |          0 |
|       u_backend                              |                    kp_ro_cell_xilinx__parameterized0 |          4 |          4 |       0 |    0 |     0 |      0 |      0 |          0 |
|     ring0[2].ro0                             |                           kp_ro_cell__parameterized1 |          4 |          4 |       0 |    0 |     0 |      0 |      0 |          0 |
|       u_backend                              |                    kp_ro_cell_xilinx__parameterized1 |          4 |          4 |       0 |    0 |     0 |      0 |      0 |          0 |
|     ring0[3].ro0                             |                           kp_ro_cell__parameterized2 |          4 |          4 |       0 |    0 |     0 |      0 |      0 |          0 |
|       u_backend                              |                    kp_ro_cell_xilinx__parameterized2 |          4 |          4 |       0 |    0 |     0 |      0 |      0 |          0 |
|     ring0[4].ro0                             |                           kp_ro_cell__parameterized3 |          4 |          4 |       0 |    0 |     0 |      0 |      0 |          0 |
|       u_backend                              |                    kp_ro_cell_xilinx__parameterized3 |          4 |          4 |       0 |    0 |     0 |      0 |      0 |          0 |
|     ring0[5].ro0                             |                           kp_ro_cell__parameterized4 |          4 |          4 |       0 |    0 |     0 |      0 |      0 |          0 |
|       u_backend                              |                    kp_ro_cell_xilinx__parameterized4 |          4 |          4 |       0 |    0 |     0 |      0 |      0 |          0 |
|     ring0[6].ro0                             |                           kp_ro_cell__parameterized5 |          4 |          4 |       0 |    0 |     0 |      0 |      0 |          0 |
|       u_backend                              |                    kp_ro_cell_xilinx__parameterized5 |          4 |          4 |       0 |    0 |     0 |      0 |      0 |          0 |
|     ring0[7].ro0                             |                           kp_ro_cell__parameterized6 |          4 |          4 |       0 |    0 |     0 |      0 |      0 |          0 |
|       u_backend                              |                    kp_ro_cell_xilinx__parameterized6 |          4 |          4 |       0 |    0 |     0 |      0 |      0 |          0 |
|     ring0[8].ro0                             |                           kp_ro_cell__parameterized7 |          4 |          4 |       0 |    0 |     0 |      0 |      0 |          0 |
|       u_backend                              |                    kp_ro_cell_xilinx__parameterized7 |          4 |          4 |       0 |    0 |     0 |      0 |      0 |          0 |
|     ring0[9].ro0                             |                           kp_ro_cell__parameterized8 |          4 |          4 |       0 |    0 |     0 |      0 |      0 |          0 |
|       u_backend                              |                    kp_ro_cell_xilinx__parameterized8 |          4 |          4 |       0 |    0 |     0 |      0 |      0 |          0 |
|     ring1[0].ro1                             |                          kp_ro_cell__parameterized15 |          4 |          4 |       0 |    0 |     0 |      0 |      0 |          0 |
|       u_backend                              |                   kp_ro_cell_xilinx__parameterized15 |          4 |          4 |       0 |    0 |     0 |      0 |      0 |          0 |
|     ring1[10].ro1                            |                          kp_ro_cell__parameterized25 |          4 |          4 |       0 |    0 |     0 |      0 |      0 |          0 |
|       u_backend                              |                   kp_ro_cell_xilinx__parameterized25 |          4 |          4 |       0 |    0 |     0 |      0 |      0 |          0 |
|     ring1[11].ro1                            |                          kp_ro_cell__parameterized26 |          4 |          4 |       0 |    0 |     0 |      0 |      0 |          0 |
|       u_backend                              |                   kp_ro_cell_xilinx__parameterized26 |          4 |          4 |       0 |    0 |     0 |      0 |      0 |          0 |
|     ring1[12].ro1                            |                          kp_ro_cell__parameterized27 |          4 |          4 |       0 |    0 |     0 |      0 |      0 |          0 |
|       u_backend                              |                   kp_ro_cell_xilinx__parameterized27 |          4 |          4 |       0 |    0 |     0 |      0 |      0 |          0 |
|     ring1[13].ro1                            |                          kp_ro_cell__parameterized28 |          4 |          4 |       0 |    0 |     0 |      0 |      0 |          0 |
|       u_backend                              |                   kp_ro_cell_xilinx__parameterized28 |          4 |          4 |       0 |    0 |     0 |      0 |      0 |          0 |
|     ring1[14].ro1                            |                          kp_ro_cell__parameterized29 |          4 |          4 |       0 |    0 |     0 |      0 |      0 |          0 |
|       u_backend                              |                   kp_ro_cell_xilinx__parameterized29 |          4 |          4 |       0 |    0 |     0 |      0 |      0 |          0 |
|     ring1[15].ro1                            |                          kp_ro_cell__parameterized30 |          5 |          5 |       0 |    0 |     0 |      0 |      0 |          0 |
|       (ring1[15].ro1)                        |                          kp_ro_cell__parameterized30 |          1 |          1 |       0 |    0 |     0 |      0 |      0 |          0 |
|       u_backend                              |                   kp_ro_cell_xilinx__parameterized30 |          4 |          4 |       0 |    0 |     0 |      0 |      0 |          0 |
|     ring1[1].ro1                             |                          kp_ro_cell__parameterized16 |          4 |          4 |       0 |    0 |     0 |      0 |      0 |          0 |
|       u_backend                              |                   kp_ro_cell_xilinx__parameterized16 |          4 |          4 |       0 |    0 |     0 |      0 |      0 |          0 |
|     ring1[2].ro1                             |                          kp_ro_cell__parameterized17 |          4 |          4 |       0 |    0 |     0 |      0 |      0 |          0 |
|       u_backend                              |                   kp_ro_cell_xilinx__parameterized17 |          4 |          4 |       0 |    0 |     0 |      0 |      0 |          0 |
|     ring1[3].ro1                             |                          kp_ro_cell__parameterized18 |          4 |          4 |       0 |    0 |     0 |      0 |      0 |          0 |
|       u_backend                              |                   kp_ro_cell_xilinx__parameterized18 |          4 |          4 |       0 |    0 |     0 |      0 |      0 |          0 |
|     ring1[4].ro1                             |                          kp_ro_cell__parameterized19 |          4 |          4 |       0 |    0 |     0 |      0 |      0 |          0 |
|       u_backend                              |                   kp_ro_cell_xilinx__parameterized19 |          4 |          4 |       0 |    0 |     0 |      0 |      0 |          0 |
|     ring1[5].ro1                             |                          kp_ro_cell__parameterized20 |          4 |          4 |       0 |    0 |     0 |      0 |      0 |          0 |
|       u_backend                              |                   kp_ro_cell_xilinx__parameterized20 |          4 |          4 |       0 |    0 |     0 |      0 |      0 |          0 |
|     ring1[6].ro1                             |                          kp_ro_cell__parameterized21 |          4 |          4 |       0 |    0 |     0 |      0 |      0 |          0 |
|       u_backend                              |                   kp_ro_cell_xilinx__parameterized21 |          4 |          4 |       0 |    0 |     0 |      0 |      0 |          0 |
|     ring1[7].ro1                             |                          kp_ro_cell__parameterized22 |          4 |          4 |       0 |    0 |     0 |      0 |      0 |          0 |
|       u_backend                              |                   kp_ro_cell_xilinx__parameterized22 |          4 |          4 |       0 |    0 |     0 |      0 |      0 |          0 |
|     ring1[8].ro1                             |                          kp_ro_cell__parameterized23 |          4 |          4 |       0 |    0 |     0 |      0 |      0 |          0 |
|       u_backend                              |                   kp_ro_cell_xilinx__parameterized23 |          4 |          4 |       0 |    0 |     0 |      0 |      0 |          0 |
|     ring1[9].ro1                             |                          kp_ro_cell__parameterized24 |          4 |          4 |       0 |    0 |     0 |      0 |      0 |          0 |
|       u_backend                              |                   kp_ro_cell_xilinx__parameterized24 |          4 |          4 |       0 |    0 |     0 |      0 |      0 |          0 |
|     shiftreg_inst                            |                                          kp_shiftReg |        265 |        265 |       0 |    0 |   264 |      0 |      0 |          0 |
+----------------------------------------------+------------------------------------------------------+------------+------------+---------+------+-------+--------+--------+------------+


