Copyright 1986-2020 Xilinx, Inc. All Rights Reserved.
--------------------------------------------------------------------------------------------------------------------------------------------------------------------------------------------------------------------------------------------------------------------------------
| Tool Version : Vivado v.2020.1 (lin64) Build 2902540 Wed May 27 19:54:35 MDT 2020
| Date         : Thu Sep 10 13:51:38 2026
| Host         : donglong-P7xxTM-1 running 64-bit Ubuntu 22.04.5 LTS
| Command      : report_timing_summary -delay_type min_max -report_unconstrained -file /home/donglong/Documents/Duy_prj/KECCAK_OPTIMIZE_POWER/OPTIMIZE_POWER/kyber_puf_fpga_delivery/build/fpga_split/arty35t_edgefull_compact_handoff_20260910/edgefull/timing_preliminary.rpt
| Design       : edge_puf_mlkem_core
| Device       : 7a35ti-csg324
| Speed File   : -1L  PRODUCTION 1.23 2018-06-13
--------------------------------------------------------------------------------------------------------------------------------------------------------------------------------------------------------------------------------------------------------------------------------

Timing Summary Report

------------------------------------------------------------------------------------------------
| Timer Settings
| --------------
------------------------------------------------------------------------------------------------

  Enable Multi Corner Analysis               :  Yes
  Enable Pessimism Removal                   :  Yes
  Pessimism Removal Resolution               :  Nearest Common Node
  Enable Input Delay Default Clock           :  No
  Enable Preset / Clear Arcs                 :  No
  Disable Flight Delays                      :  No
  Ignore I/O Paths                           :  No
  Timing Early Launch at Borrowing Latches   :  No
  Borrow Time for Max Delay Exceptions       :  Yes
  Merge Timing Exceptions                    :  Yes

  Corner  Analyze    Analyze    
  Name    Max Paths  Min Paths  
  ------  ---------  ---------  
  Slow    Yes        Yes        
  Fast    Yes        Yes        



check_timing report

Table of Contents
-----------------
1. checking no_clock (360)
2. checking constant_clock (0)
3. checking pulse_width_clock (0)
4. checking unconstrained_internal_endpoints (206)
5. checking no_input_delay (311)
6. checking no_output_delay (561)
7. checking multiple_clock (0)
8. checking generated_clocks (0)
9. checking loops (32)
10. checking partial_input_delay (0)
11. checking partial_output_delay (0)
12. checking latch_loops (0)

1. checking no_clock (360)
--------------------------
 There are 72 register/latch pins with no clock driven by root clock pin: u_puf/ctrl_inst/FSM_onehot_state_reg[3]/Q (HIGH)

 There are 36 register/latch pins with no clock driven by root clock pin: u_puf/lfsr_inst/r_lfsr_reg[1]/Q (HIGH)

 There are 36 register/latch pins with no clock driven by root clock pin: u_puf/lfsr_inst/r_lfsr_reg[2]/Q (HIGH)

 There are 36 register/latch pins with no clock driven by root clock pin: u_puf/lfsr_inst/r_lfsr_reg[3]/Q (HIGH)

 There are 36 register/latch pins with no clock driven by root clock pin: u_puf/lfsr_inst/r_lfsr_reg[4]/Q (HIGH)

 There are 36 register/latch pins with no clock driven by root clock pin: u_puf/lfsr_inst/r_lfsr_reg[5]/Q (HIGH)

 There are 36 register/latch pins with no clock driven by root clock pin: u_puf/lfsr_inst/r_lfsr_reg[6]/Q (HIGH)

 There are 36 register/latch pins with no clock driven by root clock pin: u_puf/lfsr_inst/r_lfsr_reg[7]/Q (HIGH)

 There are 36 register/latch pins with no clock driven by root clock pin: u_puf/lfsr_inst/r_lfsr_reg[8]/Q (HIGH)


2. checking constant_clock (0)
------------------------------
 There are 0 register/latch pins with constant_clock.


3. checking pulse_width_clock (0)
---------------------------------
 There are 0 register/latch pins which need pulse_width check


4. checking unconstrained_internal_endpoints (206)
--------------------------------------------------
 There are 206 pins that are not constrained for maximum delay. (HIGH)

 There are 0 pins that are not constrained for maximum delay due to constant clock.


5. checking no_input_delay (311)
--------------------------------
 There are 311 input ports with no input delay specified. (HIGH)

 There are 0 input ports with no input delay but user has a false path constraint.


6. checking no_output_delay (561)
---------------------------------
 There are 561 ports with no output delay specified. (HIGH)

 There are 0 ports with no output delay but user has a false path constraint

 There are 0 ports with no output delay but with a timing clock defined on it or propagating through it


7. checking multiple_clock (0)
------------------------------
 There are 0 register/latch pins with multiple clocks.


8. checking generated_clocks (0)
--------------------------------
 There are 0 generated clocks that are not connected to a clock source.


9. checking loops (32)
----------------------
 There are 32 combinational loops in the design. (HIGH)


10. checking partial_input_delay (0)
------------------------------------
 There are 0 input ports with partial input delay specified.


11. checking partial_output_delay (0)
-------------------------------------
 There are 0 ports with partial output delay specified.


12. checking latch_loops (0)
----------------------------
 There are 0 combinational latch loops in the design through latch input



------------------------------------------------------------------------------------------------
| Design Timing Summary
| ---------------------
------------------------------------------------------------------------------------------------

    WNS(ns)      TNS(ns)  TNS Failing Endpoints  TNS Total Endpoints      WHS(ns)      THS(ns)  THS Failing Endpoints  THS Total Endpoints     WPWS(ns)     TPWS(ns)  TPWS Failing Endpoints  TPWS Total Endpoints  
    -------      -------  ---------------------  -------------------      -------      -------  ---------------------  -------------------     --------     --------  ----------------------  --------------------  
      9.905        0.000                      0                53747        0.130        0.000                      0                53747        9.020        0.000                       0                 19607  


All user specified timing constraints are met.


------------------------------------------------------------------------------------------------
| Clock Summary
| -------------
------------------------------------------------------------------------------------------------

Clock    Waveform(ns)       Period(ns)      Frequency(MHz)
-----    ------------       ----------      --------------
sys_clk  {0.000 10.000}     20.000          50.000          


------------------------------------------------------------------------------------------------
| Intra Clock Table
| -----------------
------------------------------------------------------------------------------------------------

Clock             WNS(ns)      TNS(ns)  TNS Failing Endpoints  TNS Total Endpoints      WHS(ns)      THS(ns)  THS Failing Endpoints  THS Total Endpoints     WPWS(ns)     TPWS(ns)  TPWS Failing Endpoints  TPWS Total Endpoints  
-----             -------      -------  ---------------------  -------------------      -------      -------  ---------------------  -------------------     --------     --------  ----------------------  --------------------  
sys_clk             9.905        0.000                      0                47762        0.130        0.000                      0                47762        9.020        0.000                       0                 19607  


------------------------------------------------------------------------------------------------
| Inter Clock Table
| -----------------
------------------------------------------------------------------------------------------------

From Clock    To Clock          WNS(ns)      TNS(ns)  TNS Failing Endpoints  TNS Total Endpoints      WHS(ns)      THS(ns)  THS Failing Endpoints  THS Total Endpoints  
----------    --------          -------      -------  ---------------------  -------------------      -------      -------  ---------------------  -------------------  


------------------------------------------------------------------------------------------------
| Other Path Groups Table
| -----------------------
------------------------------------------------------------------------------------------------

Path Group         From Clock         To Clock               WNS(ns)      TNS(ns)  TNS Failing Endpoints  TNS Total Endpoints      WHS(ns)      THS(ns)  THS Failing Endpoints  THS Total Endpoints  
----------         ----------         --------               -------      -------  ---------------------  -------------------      -------      -------  ---------------------  -------------------  
**async_default**  sys_clk            sys_clk                 16.831        0.000                      0                 5985        0.917        0.000                      0                 5985  


------------------------------------------------------------------------------------------------
| User Ignored Path Table
| -----------------------
------------------------------------------------------------------------------------------------

Path Group    From Clock    To Clock    
----------    ----------    --------    


------------------------------------------------------------------------------------------------
| Unconstrained Path Table
| ------------------------
------------------------------------------------------------------------------------------------

Path Group    From Clock    To Clock    
----------    ----------    --------    
(none)                                    
(none)        sys_clk                     
(none)                      sys_clk       


------------------------------------------------------------------------------------------------
| Timing Details
| --------------
------------------------------------------------------------------------------------------------


---------------------------------------------------------------------------------------------------
From Clock:  sys_clk
  To Clock:  sys_clk

Setup :            0  Failing Endpoints,  Worst Slack        9.905ns,  Total Violation        0.000ns
Hold  :            0  Failing Endpoints,  Worst Slack        0.130ns,  Total Violation        0.000ns
PW    :            0  Failing Endpoints,  Worst Slack        9.020ns,  Total Violation        0.000ns
---------------------------------------------------------------------------------------------------


Max Delay Paths
--------------------------------------------------------------------------------------
Slack (MET) :             9.905ns  (required time - arrival time)
  Source:                 u_edge/u_server/data_rnd_ctr_reg[3]/C
                            (rising edge-triggered cell FDRE clocked by sys_clk  {rise@0.000ns fall@10.000ns period=20.000ns})
  Destination:            u_edge/u_server/hash/sponge/block_reg_reg[0]/CE
                            (rising edge-triggered cell FDRE clocked by sys_clk  {rise@0.000ns fall@10.000ns period=20.000ns})
  Path Group:             sys_clk
  Path Type:              Setup (Max at Slow Process Corner)
  Requirement:            20.000ns  (sys_clk rise@20.000ns - sys_clk rise@0.000ns)
  Data Path Delay:        9.809ns  (logic 1.991ns (20.298%)  route 7.818ns (79.702%))
  Logic Levels:           11  (LUT3=2 LUT4=1 LUT6=8)
  Clock Path Skew:        -0.049ns (DCD - SCD + CPR)
    Destination Clock Delay (DCD):    0.924ns = ( 20.924 - 20.000 ) 
    Source Clock Delay      (SCD):    0.973ns
    Clock Pessimism Removal (CPR):    0.000ns
  Clock Uncertainty:      0.035ns  ((TSJ^2 + TIJ^2)^1/2 + DJ) / 2 + PE
    Total System Jitter     (TSJ):    0.071ns
    Total Input Jitter      (TIJ):    0.000ns
    Discrete Jitter          (DJ):    0.000ns
    Phase Error              (PE):    0.000ns

    Location             Delay type                Incr(ns)  Path(ns)    Netlist Resource(s)
  -------------------------------------------------------------------    -------------------
                         (clock sys_clk rise edge)    0.000     0.000 r  
                                                      0.000     0.000 r  clk (IN)
                         net (fo=19638, unset)        0.973     0.973    u_edge/u_server/clk
                         FDRE                                         r  u_edge/u_server/data_rnd_ctr_reg[3]/C
  -------------------------------------------------------------------    -------------------
                         FDRE (Prop_fdre_C_Q)         0.456     1.429 r  u_edge/u_server/data_rnd_ctr_reg[3]/Q
                         net (fo=4, unplaced)         0.989     2.418    u_edge/u_server/hash/sponge/state[2]_i_16__0_0[3]
                         LUT6 (Prop_lut6_I0_O)        0.295     2.713 r  u_edge/u_server/hash/sponge/state[2]_i_15/O
                         net (fo=1, unplaced)         0.449     3.162    u_edge/u_server/hash/sponge/state[2]_i_15_n_0
                         LUT6 (Prop_lut6_I0_O)        0.124     3.286 f  u_edge/u_server/hash/sponge/state[2]_i_7__0/O
                         net (fo=3, unplaced)         0.467     3.753    u_edge/u_server/hash/sponge/state[2]_i_7__0_n_0
                         LUT6 (Prop_lut6_I0_O)        0.124     3.877 f  u_edge/u_server/hash/sponge/state[0]_i_8__0/O
                         net (fo=1, unplaced)         0.902     4.779    u_edge/u_server/hash/sponge/state[0]_i_8__0_n_0
                         LUT6 (Prop_lut6_I0_O)        0.124     4.903 f  u_edge/u_server/hash/sponge/state[0]_i_2__1/O
                         net (fo=1, unplaced)         0.902     5.805    u_edge/u_server/hash/ififo_inst/inst/state_reg[0]_6
                         LUT6 (Prop_lut6_I0_O)        0.124     5.929 r  u_edge/u_server/hash/ififo_inst/inst/state[0]_i_1__2/O
                         net (fo=7, unplaced)         0.999     6.928    u_edge/u_server/hash/ofifo0_inst/inst/ififo_mode_reg[1]_1
                         LUT6 (Prop_lut6_I0_O)        0.124     7.052 r  u_edge/u_server/hash/ofifo0_inst/inst/squeeze_ctr[5]_i_7/O
                         net (fo=1, unplaced)         0.449     7.501    u_edge/u_server/hash/ofifo0_inst/inst/squeeze_ctr[5]_i_7_n_0
                         LUT6 (Prop_lut6_I5_O)        0.124     7.625 f  u_edge/u_server/hash/ofifo0_inst/inst/squeeze_ctr[5]_i_4/O
                         net (fo=4, unplaced)         0.473     8.098    u_edge/u_server/hash/sponge/squeeze_init_early
                         LUT6 (Prop_lut6_I2_O)        0.124     8.222 r  u_edge/u_server/hash/sponge/squeeze_reg[1599]_i_6/O
                         net (fo=814, unplaced)       0.589     8.811    u_edge/u_server/hash/sponge/tag_capture_pending_reg_0
                         LUT3 (Prop_lut3_I2_O)        0.124     8.935 r  u_edge/u_server/hash/sponge/block_reg[127]_i_5/O
                         net (fo=122, unplaced)       0.524     9.459    u_edge/u_server/hash/sponge/block_reg[127]_i_5_n_0
                         LUT3 (Prop_lut3_I0_O)        0.124     9.583 r  u_edge/u_server/hash/sponge/block_reg[1599]_i_3/O
                         net (fo=50, unplaced)        0.531    10.114    u_edge/u_server/hash/sponge/block_reg[1599]_i_3_n_0
                         LUT4 (Prop_lut4_I1_O)        0.124    10.238 r  u_edge/u_server/hash/sponge/block_reg[31]_i_1/O
                         net (fo=32, unplaced)        0.544    10.782    u_edge/u_server/hash/sponge/block_reg[31]_i_1_n_0
                         FDRE                                         r  u_edge/u_server/hash/sponge/block_reg_reg[0]/CE
  -------------------------------------------------------------------    -------------------

                         (clock sys_clk rise edge)   20.000    20.000 r  
                                                      0.000    20.000 r  clk (IN)
                         net (fo=19638, unset)        0.924    20.924    u_edge/u_server/hash/sponge/clk
                         FDRE                                         r  u_edge/u_server/hash/sponge/block_reg_reg[0]/C
                         clock pessimism              0.000    20.924    
                         clock uncertainty           -0.035    20.889    
                         FDRE (Setup_fdre_C_CE)      -0.202    20.687    u_edge/u_server/hash/sponge/block_reg_reg[0]
  -------------------------------------------------------------------
                         required time                         20.687    
                         arrival time                         -10.782    
  -------------------------------------------------------------------
                         slack                                  9.905    





Min Delay Paths
--------------------------------------------------------------------------------------
Slack (MET) :             0.130ns  (arrival time - required time)
  Source:                 u_puf/winner_meta_reg/C
                            (rising edge-triggered cell FDCE clocked by sys_clk  {rise@0.000ns fall@10.000ns period=20.000ns})
  Destination:            u_puf/winner_sync_reg/D
                            (rising edge-triggered cell FDCE clocked by sys_clk  {rise@0.000ns fall@10.000ns period=20.000ns})
  Path Group:             sys_clk
  Path Type:              Hold (Min at Fast Process Corner)
  Requirement:            0.000ns  (sys_clk rise@0.000ns - sys_clk rise@0.000ns)
  Data Path Delay:        0.222ns  (logic 0.141ns (63.533%)  route 0.081ns (36.467%))
  Logic Levels:           0  
  Clock Path Skew:        0.022ns (DCD - SCD - CPR)
    Destination Clock Delay (DCD):    0.432ns
    Source Clock Delay      (SCD):    0.410ns
    Clock Pessimism Removal (CPR):    -0.000ns

    Location             Delay type                Incr(ns)  Path(ns)    Netlist Resource(s)
  -------------------------------------------------------------------    -------------------
                         (clock sys_clk rise edge)    0.000     0.000 r  
                                                      0.000     0.000 r  clk (IN)
                         net (fo=19638, unset)        0.410     0.410    u_puf/clk
                         FDCE                                         r  u_puf/winner_meta_reg/C
  -------------------------------------------------------------------    -------------------
                         FDCE (Prop_fdce_C_Q)         0.141     0.551 r  u_puf/winner_meta_reg/Q
                         net (fo=1, unplaced)         0.081     0.632    u_puf/winner_meta
                         FDCE                                         r  u_puf/winner_sync_reg/D
  -------------------------------------------------------------------    -------------------

                         (clock sys_clk rise edge)    0.000     0.000 r  
                                                      0.000     0.000 r  clk (IN)
                         net (fo=19638, unset)        0.432     0.432    u_puf/clk
                         FDCE                                         r  u_puf/winner_sync_reg/C
                         clock pessimism              0.000     0.432    
                         FDCE (Hold_fdce_C_D)         0.070     0.502    u_puf/winner_sync_reg
  -------------------------------------------------------------------
                         required time                         -0.502    
                         arrival time                           0.632    
  -------------------------------------------------------------------
                         slack                                  0.130    





Pulse Width Checks
--------------------------------------------------------------------------------------
Clock Name:         sys_clk
Waveform(ns):       { 0.000 10.000 }
Period(ns):         20.000
Sources:            { clk }

Check Type        Corner  Lib Pin      Reference Pin  Required(ns)  Actual(ns)  Slack(ns)  Location  Pin
Min Period        n/a     DSP48E1/CLK  n/a            3.884         20.000      16.116               u_edge/u_server/ntt/BU/M1/u_mult/product_reg_reg/CLK
Low Pulse Width   Slow    SRL16E/CLK   n/a            0.980         10.000      9.020                u_edge/u_server/ntt/S5/inst/gen_depth_gt1.shift_reg_reg[10][0]_srl11/CLK
High Pulse Width  Slow    SRL16E/CLK   n/a            0.980         10.000      9.020                u_edge/u_server/ntt/S5/inst/gen_depth_gt1.shift_reg_reg[10][0]_srl11/CLK



---------------------------------------------------------------------------------------------------
Path Group:  **async_default**
From Clock:  sys_clk
  To Clock:  sys_clk

Setup :            0  Failing Endpoints,  Worst Slack       16.831ns,  Total Violation        0.000ns
Hold  :            0  Failing Endpoints,  Worst Slack        0.917ns,  Total Violation        0.000ns
---------------------------------------------------------------------------------------------------


Max Delay Paths
--------------------------------------------------------------------------------------
Slack (MET) :             16.831ns  (required time - arrival time)
  Source:                 FSM_sequential_state_reg[1]/C
                            (rising edge-triggered cell FDCE clocked by sys_clk  {rise@0.000ns fall@10.000ns period=20.000ns})
  Destination:            u_puf/ctrl_inst/FSM_onehot_state_reg[1]/CLR
                            (recovery check against rising-edge clock sys_clk  {rise@0.000ns fall@10.000ns period=20.000ns})
  Path Group:             **async_default**
  Path Type:              Recovery (Max at Slow Process Corner)
  Requirement:            20.000ns  (sys_clk rise@20.000ns - sys_clk rise@0.000ns)
  Data Path Delay:        2.676ns  (logic 0.751ns (28.064%)  route 1.925ns (71.936%))
  Logic Levels:           1  (LUT6=1)
  Clock Path Skew:        -0.049ns (DCD - SCD + CPR)
    Destination Clock Delay (DCD):    0.924ns = ( 20.924 - 20.000 ) 
    Source Clock Delay      (SCD):    0.973ns
    Clock Pessimism Removal (CPR):    0.000ns
  Clock Uncertainty:      0.035ns  ((TSJ^2 + TIJ^2)^1/2 + DJ) / 2 + PE
    Total System Jitter     (TSJ):    0.071ns
    Total Input Jitter      (TIJ):    0.000ns
    Discrete Jitter          (DJ):    0.000ns
    Phase Error              (PE):    0.000ns

    Location             Delay type                Incr(ns)  Path(ns)    Netlist Resource(s)
  -------------------------------------------------------------------    -------------------
                         (clock sys_clk rise edge)    0.000     0.000 r  
                                                      0.000     0.000 r  clk (IN)
                         net (fo=19638, unset)        0.973     0.973    clk
                         FDCE                                         r  FSM_sequential_state_reg[1]/C
  -------------------------------------------------------------------    -------------------
                         FDCE (Prop_fdce_C_Q)         0.456     1.429 r  FSM_sequential_state_reg[1]/Q
                         net (fo=17, unplaced)        1.021     2.450    u_puf/shiftreg_inst/p_out_reg[0]_0[1]
                         LUT6 (Prop_lut6_I0_O)        0.295     2.745 f  u_puf/shiftreg_inst/FSM_onehot_state[6]_i_3/O
                         net (fo=310, unplaced)       0.904     3.649    u_puf/ctrl_inst/FSM_onehot_state_reg[6]_0
                         FDCE                                         f  u_puf/ctrl_inst/FSM_onehot_state_reg[1]/CLR
  -------------------------------------------------------------------    -------------------

                         (clock sys_clk rise edge)   20.000    20.000 r  
                                                      0.000    20.000 r  clk (IN)
                         net (fo=19638, unset)        0.924    20.924    u_puf/ctrl_inst/clk
                         FDCE                                         r  u_puf/ctrl_inst/FSM_onehot_state_reg[1]/C
                         clock pessimism              0.000    20.924    
                         clock uncertainty           -0.035    20.889    
                         FDCE (Recov_fdce_C_CLR)     -0.409    20.480    u_puf/ctrl_inst/FSM_onehot_state_reg[1]
  -------------------------------------------------------------------
                         required time                         20.480    
                         arrival time                          -3.649    
  -------------------------------------------------------------------
                         slack                                 16.831    





Min Delay Paths
--------------------------------------------------------------------------------------
Slack (MET) :             0.917ns  (arrival time - required time)
  Source:                 u_edge/u_control/u_seed/FSM_sequential_state_reg[1]/C
                            (rising edge-triggered cell FDCE clocked by sys_clk  {rise@0.000ns fall@10.000ns period=20.000ns})
  Destination:            u_edge/u_control/u_seed/u_kdf/FSM_sequential_state_reg[0]/CLR
                            (removal check against rising-edge clock sys_clk  {rise@0.000ns fall@10.000ns period=20.000ns})
  Path Group:             **async_default**
  Path Type:              Removal (Min at Fast Process Corner)
  Requirement:            0.000ns  (sys_clk rise@0.000ns - sys_clk rise@0.000ns)
  Data Path Delay:        0.844ns  (logic 0.239ns (28.307%)  route 0.605ns (71.693%))
  Logic Levels:           1  (LUT5=1)
  Clock Path Skew:        0.022ns (DCD - SCD - CPR)
    Destination Clock Delay (DCD):    0.432ns
    Source Clock Delay      (SCD):    0.410ns
    Clock Pessimism Removal (CPR):    -0.000ns

    Location             Delay type                Incr(ns)  Path(ns)    Netlist Resource(s)
  -------------------------------------------------------------------    -------------------
                         (clock sys_clk rise edge)    0.000     0.000 r  
                                                      0.000     0.000 r  clk (IN)
                         net (fo=19638, unset)        0.410     0.410    u_edge/u_control/u_seed/clk
                         FDCE                                         r  u_edge/u_control/u_seed/FSM_sequential_state_reg[1]/C
  -------------------------------------------------------------------    -------------------
                         FDCE (Prop_fdce_C_Q)         0.141     0.551 f  u_edge/u_control/u_seed/FSM_sequential_state_reg[1]/Q
                         net (fo=13, unplaced)        0.219     0.770    u_edge/u_control/u_seed/state__0[1]
                         LUT5 (Prop_lut5_I3_O)        0.098     0.868 f  u_edge/u_control/u_seed/FSM_sequential_state[2]_i_2/O
                         net (fo=4075, unplaced)      0.386     1.254    u_edge/u_control/u_seed/u_kdf/done_reg_0
                         FDCE                                         f  u_edge/u_control/u_seed/u_kdf/FSM_sequential_state_reg[0]/CLR
  -------------------------------------------------------------------    -------------------

                         (clock sys_clk rise edge)    0.000     0.000 r  
                                                      0.000     0.000 r  clk (IN)
                         net (fo=19638, unset)        0.432     0.432    u_edge/u_control/u_seed/u_kdf/clk
                         FDCE                                         r  u_edge/u_control/u_seed/u_kdf/FSM_sequential_state_reg[0]/C
                         clock pessimism              0.000     0.432    
                         FDCE (Remov_fdce_C_CLR)     -0.094     0.338    u_edge/u_control/u_seed/u_kdf/FSM_sequential_state_reg[0]
  -------------------------------------------------------------------
                         required time                         -0.338    
                         arrival time                           1.254    
  -------------------------------------------------------------------
                         slack                                  0.917    





--------------------------------------------------------------------------------------
Path Group:  (none)
From Clock:  
  To Clock:  

Max Delay           204 Endpoints
Min Delay           204 Endpoints
--------------------------------------------------------------------------------------


Max Delay Paths
--------------------------------------------------------------------------------------
Slack:                    inf
  Source:                 u_puf/counter0/q_reg[1]/C
                            (rising edge-triggered cell FDCE)
  Destination:            u_puf/counter0/q_reg[29]/D
  Path Group:             (none)
  Path Type:              Max at Slow Process Corner
  Data Path Delay:        3.068ns  (logic 2.202ns (71.773%)  route 0.866ns (28.227%))
  Logic Levels:           9  (CARRY4=8 FDCE=1)

    Location             Delay type                Incr(ns)  Path(ns)    Netlist Resource(s)
  -------------------------------------------------------------------    -------------------
                         FDCE                         0.000     0.000 r  u_puf/counter0/q_reg[1]/C
                         FDCE (Prop_fdce_C_Q)         0.496     0.496 r  u_puf/counter0/q_reg[1]/Q
                         net (fo=3, unplaced)         0.857     1.353    u_puf/counter0/q_reg[1]
                         CARRY4 (Prop_carry4_S[1]_CO[3])
                                                      0.674     2.027 r  u_puf/counter0/q_reg[0]_i_1__0/CO[3]
                         net (fo=1, unplaced)         0.009     2.036    u_puf/counter0/q_reg[0]_i_1__0_n_0
                         CARRY4 (Prop_carry4_CI_CO[3])
                                                      0.114     2.150 r  u_puf/counter0/q_reg[4]_i_1__0/CO[3]
                         net (fo=1, unplaced)         0.000     2.150    u_puf/counter0/q_reg[4]_i_1__0_n_0
                         CARRY4 (Prop_carry4_CI_CO[3])
                                                      0.114     2.264 r  u_puf/counter0/q_reg[8]_i_1__0/CO[3]
                         net (fo=1, unplaced)         0.000     2.264    u_puf/counter0/q_reg[8]_i_1__0_n_0
                         CARRY4 (Prop_carry4_CI_CO[3])
                                                      0.114     2.378 r  u_puf/counter0/q_reg[12]_i_1__0/CO[3]
                         net (fo=1, unplaced)         0.000     2.378    u_puf/counter0/q_reg[12]_i_1__0_n_0
                         CARRY4 (Prop_carry4_CI_CO[3])
                                                      0.114     2.492 r  u_puf/counter0/q_reg[16]_i_1__0/CO[3]
                         net (fo=1, unplaced)         0.000     2.492    u_puf/counter0/q_reg[16]_i_1__0_n_0
                         CARRY4 (Prop_carry4_CI_CO[3])
                                                      0.114     2.606 r  u_puf/counter0/q_reg[20]_i_1__0/CO[3]
                         net (fo=1, unplaced)         0.000     2.606    u_puf/counter0/q_reg[20]_i_1__0_n_0
                         CARRY4 (Prop_carry4_CI_CO[3])
                                                      0.114     2.720 r  u_puf/counter0/q_reg[24]_i_1__0/CO[3]
                         net (fo=1, unplaced)         0.000     2.720    u_puf/counter0/q_reg[24]_i_1__0_n_0
                         CARRY4 (Prop_carry4_CI_O[1])
                                                      0.348     3.068 r  u_puf/counter0/q_reg[28]_i_1__0/O[1]
                         net (fo=1, unplaced)         0.000     3.068    u_puf/counter0/q_reg[28]_i_1__0_n_6
                         FDCE                                         r  u_puf/counter0/q_reg[29]/D
  -------------------------------------------------------------------    -------------------





Min Delay Paths
--------------------------------------------------------------------------------------
Slack:                    inf
  Source:                 u_puf/counter0/en_meta_reg/C
                            (rising edge-triggered cell FDCE)
  Destination:            u_puf/counter0/en_sync_reg/D
  Path Group:             (none)
  Path Type:              Min at Fast Process Corner
  Data Path Delay:        0.239ns  (logic 0.158ns (66.128%)  route 0.081ns (33.872%))
  Logic Levels:           1  (FDCE=1)

    Location             Delay type                Incr(ns)  Path(ns)    Netlist Resource(s)
  -------------------------------------------------------------------    -------------------
                         FDCE                         0.000     0.000 r  u_puf/counter0/en_meta_reg/C
                         FDCE (Prop_fdce_C_Q)         0.158     0.158 r  u_puf/counter0/en_meta_reg/Q
                         net (fo=1, unplaced)         0.081     0.239    u_puf/counter0/en_meta
                         FDCE                                         r  u_puf/counter0/en_sync_reg/D
  -------------------------------------------------------------------    -------------------





--------------------------------------------------------------------------------------
Path Group:  (none)
From Clock:  sys_clk
  To Clock:  

Max Delay           567 Endpoints
Min Delay           567 Endpoints
--------------------------------------------------------------------------------------


Max Delay Paths
--------------------------------------------------------------------------------------
Slack:                    inf
  Source:                 u_puf/ctrl_inst/FSM_onehot_state_reg[6]/C
                            (rising edge-triggered cell FDCE clocked by sys_clk  {rise@0.000ns fall@10.000ns period=20.000ns})
  Destination:            u_puf/counter0/reset_release_reg[0]/CLR
  Path Group:             (none)
  Path Type:              Max at Slow Process Corner
  Data Path Delay:        2.903ns  (logic 0.875ns (30.141%)  route 2.028ns (69.859%))
  Logic Levels:           2  (LUT5=1 LUT6=1)
  Clock Uncertainty:      0.025ns  ((TSJ^2 + TIJ^2)^1/2 + DJ) / 2 + PE
    Total System Jitter     (TSJ):    0.050ns
    Total Input Jitter      (TIJ):    0.000ns
    Discrete Jitter          (DJ):    0.000ns
    Phase Error              (PE):    0.000ns

    Location             Delay type                Incr(ns)  Path(ns)    Netlist Resource(s)
  -------------------------------------------------------------------    -------------------
                         (clock sys_clk rise edge)    0.000     0.000 r  
                                                      0.000     0.000 r  clk (IN)
                         net (fo=19638, unset)        0.973     0.973    u_puf/ctrl_inst/clk
                         FDCE                                         r  u_puf/ctrl_inst/FSM_onehot_state_reg[6]/C
  -------------------------------------------------------------------    -------------------
                         FDCE (Prop_fdce_C_Q)         0.456     1.429 f  u_puf/ctrl_inst/FSM_onehot_state_reg[6]/Q
                         net (fo=8, unplaced)         0.779     2.208    u_puf/ctrl_inst/puf_done
                         LUT6 (Prop_lut6_I3_O)        0.295     2.503 r  u_puf/ctrl_inst/reset_release[1]_i_7/O
                         net (fo=1, unplaced)         0.449     2.952    u_puf/ctrl_inst/reset_release[1]_i_7_n_0
                         LUT5 (Prop_lut5_I0_O)        0.124     3.076 f  u_puf/ctrl_inst/reset_release[1]_i_2__0/O
                         net (fo=4, unplaced)         0.800     3.876    u_puf/counter0/reset_release_reg[0]_0
                         FDCE                                         f  u_puf/counter0/reset_release_reg[0]/CLR
  -------------------------------------------------------------------    -------------------





Min Delay Paths
--------------------------------------------------------------------------------------
Slack:                    inf
  Source:                 u_puf/ctrl_inst/FSM_onehot_state_reg[3]/C
                            (rising edge-triggered cell FDCE clocked by sys_clk  {rise@0.000ns fall@10.000ns period=20.000ns})
  Destination:            u_puf/counter0/en_meta_reg/D
  Path Group:             (none)
  Path Type:              Min at Fast Process Corner
  Data Path Delay:        0.317ns  (logic 0.141ns (44.452%)  route 0.176ns (55.548%))
  Logic Levels:           0  
  Clock Uncertainty:      0.025ns  ((TSJ^2 + TIJ^2)^1/2 + DJ) / 2 + PE
    Total System Jitter     (TSJ):    0.050ns
    Total Input Jitter      (TIJ):    0.000ns
    Discrete Jitter          (DJ):    0.000ns
    Phase Error              (PE):    0.000ns

    Location             Delay type                Incr(ns)  Path(ns)    Netlist Resource(s)
  -------------------------------------------------------------------    -------------------
                         (clock sys_clk rise edge)    0.000     0.000 r  
                                                      0.000     0.000 r  clk (IN)
                         net (fo=19638, unset)        0.410     0.410    u_puf/ctrl_inst/clk
                         FDCE                                         r  u_puf/ctrl_inst/FSM_onehot_state_reg[3]/C
  -------------------------------------------------------------------    -------------------
                         FDCE (Prop_fdce_C_Q)         0.141     0.551 r  u_puf/ctrl_inst/FSM_onehot_state_reg[3]/Q
                         net (fo=54, unplaced)        0.176     0.727    u_puf/counter0/Q[0]
                         FDCE                                         r  u_puf/counter0/en_meta_reg/D
  -------------------------------------------------------------------    -------------------





--------------------------------------------------------------------------------------
Path Group:  (none)
From Clock:  
  To Clock:  sys_clk

Max Delay         34478 Endpoints
Min Delay         34478 Endpoints
--------------------------------------------------------------------------------------


Max Delay Paths
--------------------------------------------------------------------------------------
Slack:                    inf
  Source:                 peer_ready_c
                            (input port)
  Destination:            u_edge/u_server/hash/sponge/block_reg_reg[0]/CE
                            (rising edge-triggered cell FDRE clocked by sys_clk  {rise@0.000ns fall@10.000ns period=20.000ns})
  Path Group:             (none)
  Path Type:              Setup (Max at Slow Process Corner)
  Data Path Delay:        7.519ns  (logic 1.116ns (14.842%)  route 6.403ns (85.158%))
  Logic Levels:           9  (LUT3=2 LUT4=1 LUT6=6)
  Clock Path Skew:        0.924ns (DCD - SCD + CPR)
    Destination Clock Delay (DCD):    0.924ns
    Source Clock Delay      (SCD):    0.000ns
    Clock Pessimism Removal (CPR):    0.000ns

    Location             Delay type                Incr(ns)  Path(ns)    Netlist Resource(s)
  -------------------------------------------------------------------    -------------------
                                                      0.000     0.000 r  peer_ready_c (IN)
                         net (fo=1, unset)            0.973     0.973    u_edge/u_server/hash/sponge/peer_ready_c
                         LUT6 (Prop_lut6_I1_O)        0.124     1.097 f  u_edge/u_server/hash/sponge/state[0]_i_9/O
                         net (fo=1, unplaced)         0.419     1.516    u_edge/u_server/hash/sponge/state[0]_i_9_n_0
                         LUT6 (Prop_lut6_I1_O)        0.124     1.640 f  u_edge/u_server/hash/sponge/state[0]_i_2__1/O
                         net (fo=1, unplaced)         0.902     2.542    u_edge/u_server/hash/ififo_inst/inst/state_reg[0]_6
                         LUT6 (Prop_lut6_I0_O)        0.124     2.666 r  u_edge/u_server/hash/ififo_inst/inst/state[0]_i_1__2/O
                         net (fo=7, unplaced)         0.999     3.665    u_edge/u_server/hash/ofifo0_inst/inst/ififo_mode_reg[1]_1
                         LUT6 (Prop_lut6_I0_O)        0.124     3.789 r  u_edge/u_server/hash/ofifo0_inst/inst/squeeze_ctr[5]_i_7/O
                         net (fo=1, unplaced)         0.449     4.238    u_edge/u_server/hash/ofifo0_inst/inst/squeeze_ctr[5]_i_7_n_0
                         LUT6 (Prop_lut6_I5_O)        0.124     4.362 f  u_edge/u_server/hash/ofifo0_inst/inst/squeeze_ctr[5]_i_4/O
                         net (fo=4, unplaced)         0.473     4.835    u_edge/u_server/hash/sponge/squeeze_init_early
                         LUT6 (Prop_lut6_I2_O)        0.124     4.959 r  u_edge/u_server/hash/sponge/squeeze_reg[1599]_i_6/O
                         net (fo=814, unplaced)       0.589     5.548    u_edge/u_server/hash/sponge/tag_capture_pending_reg_0
                         LUT3 (Prop_lut3_I2_O)        0.124     5.672 r  u_edge/u_server/hash/sponge/block_reg[127]_i_5/O
                         net (fo=122, unplaced)       0.524     6.196    u_edge/u_server/hash/sponge/block_reg[127]_i_5_n_0
                         LUT3 (Prop_lut3_I0_O)        0.124     6.320 r  u_edge/u_server/hash/sponge/block_reg[1599]_i_3/O
                         net (fo=50, unplaced)        0.531     6.851    u_edge/u_server/hash/sponge/block_reg[1599]_i_3_n_0
                         LUT4 (Prop_lut4_I1_O)        0.124     6.975 r  u_edge/u_server/hash/sponge/block_reg[31]_i_1/O
                         net (fo=32, unplaced)        0.544     7.519    u_edge/u_server/hash/sponge/block_reg[31]_i_1_n_0
                         FDRE                                         r  u_edge/u_server/hash/sponge/block_reg_reg[0]/CE
  -------------------------------------------------------------------    -------------------

                         (clock sys_clk rise edge)    0.000     0.000 r  
                                                      0.000     0.000 r  clk (IN)
                         net (fo=19638, unset)        0.924     0.924    u_edge/u_server/hash/sponge/clk
                         FDRE                                         r  u_edge/u_server/hash/sponge/block_reg_reg[0]/C





Min Delay Paths
--------------------------------------------------------------------------------------
Slack:                    inf
  Source:                 peer_req_pk
                            (input port)
  Destination:            u_edge/u_server/req_pk_r1_reg/D
                            (rising edge-triggered cell FDRE clocked by sys_clk  {rise@0.000ns fall@10.000ns period=20.000ns})
  Path Group:             (none)
  Path Type:              Hold (Min at Fast Process Corner)
  Data Path Delay:        0.410ns  (logic 0.000ns (0.000%)  route 0.410ns (100.000%))
  Logic Levels:           0  
  Clock Path Skew:        0.432ns (DCD - SCD - CPR)
    Destination Clock Delay (DCD):    0.432ns
    Source Clock Delay      (SCD):    0.000ns
    Clock Pessimism Removal (CPR):    -0.000ns

    Location             Delay type                Incr(ns)  Path(ns)    Netlist Resource(s)
  -------------------------------------------------------------------    -------------------
                                                      0.000     0.000 r  peer_req_pk (IN)
                         net (fo=1, unset)            0.410     0.410    u_edge/u_server/peer_req_pk
                         FDRE                                         r  u_edge/u_server/req_pk_r1_reg/D
  -------------------------------------------------------------------    -------------------

                         (clock sys_clk rise edge)    0.000     0.000 r  
                                                      0.000     0.000 r  clk (IN)
                         net (fo=19638, unset)        0.432     0.432    u_edge/u_server/clk
                         FDRE                                         r  u_edge/u_server/req_pk_r1_reg/C





