Copyright 1986-2020 Xilinx, Inc. All Rights Reserved.
----------------------------------------------------------------------------------------------------------------------------------------------------------------------------------------------------------------------
| Tool Version : Vivado v.2020.1 (lin64) Build 2902540 Wed May 27 19:54:35 MDT 2020
| Date         : Thu Sep 10 06:16:41 2026
| Host         : donglong-P7xxTM-1 running 64-bit Ubuntu 22.04.5 LTS
| Command      : check_timing -verbose -file /home/donglong/Documents/Duy_prj/KECCAK_OPTIMIZE_POWER/OPTIMIZE_POWER/kyber_puf_fpga_delivery/build/fpga_split/arty35t_edgecore_clean_20260910/edgecore/check_timing.rpt
| Design       : edge_mlkem_core
| Device       : 7a35ti-csg324
| Speed File   : -1L  PRODUCTION 1.23 2018-06-13
----------------------------------------------------------------------------------------------------------------------------------------------------------------------------------------------------------------------


check_timing report

Table of Contents
-----------------
1. checking no_clock (0)
2. checking constant_clock (0)
3. checking pulse_width_clock (0)
4. checking unconstrained_internal_endpoints (0)
5. checking no_input_delay (230)
6. checking no_output_delay (296)
7. checking multiple_clock (0)
8. checking generated_clocks (0)
9. checking loops (0)
10. checking partial_input_delay (0)
11. checking partial_output_delay (0)
12. checking latch_loops (0)

1. checking no_clock (0)
------------------------
 There are 0 register/latch pins with no clock.


2. checking constant_clock (0)
------------------------------
 There are 0 register/latch pins with constant_clock.


3. checking pulse_width_clock (0)
---------------------------------
 There are 0 register/latch pins which need pulse_width check


4. checking unconstrained_internal_endpoints (0)
------------------------------------------------
 There are 0 pins that are not constrained for maximum delay.

 There are 0 pins that are not constrained for maximum delay due to constant clock.


5. checking no_input_delay (230)
--------------------------------
 There are 230 input ports with no input delay specified. (HIGH)

fe_key[0]
fe_key[100]
fe_key[101]
fe_key[102]
fe_key[103]
fe_key[104]
fe_key[105]
fe_key[106]
fe_key[107]
fe_key[108]
fe_key[109]
fe_key[10]
fe_key[110]
fe_key[111]
fe_key[112]
fe_key[113]
fe_key[114]
fe_key[115]
fe_key[116]
fe_key[117]
fe_key[118]
fe_key[119]
fe_key[11]
fe_key[120]
fe_key[121]
fe_key[122]
fe_key[123]
fe_key[124]
fe_key[125]
fe_key[126]
fe_key[127]
fe_key[128]
fe_key[129]
fe_key[12]
fe_key[130]
fe_key[131]
fe_key[132]
fe_key[133]
fe_key[134]
fe_key[135]
fe_key[136]
fe_key[137]
fe_key[138]
fe_key[139]
fe_key[13]
fe_key[140]
fe_key[141]
fe_key[142]
fe_key[143]
fe_key[144]
fe_key[145]
fe_key[146]
fe_key[147]
fe_key[148]
fe_key[149]
fe_key[14]
fe_key[150]
fe_key[151]
fe_key[152]
fe_key[153]
fe_key[154]
fe_key[155]
fe_key[156]
fe_key[157]
fe_key[158]
fe_key[159]
fe_key[15]
fe_key[160]
fe_key[161]
fe_key[162]
fe_key[163]
fe_key[164]
fe_key[165]
fe_key[166]
fe_key[167]
fe_key[168]
fe_key[169]
fe_key[16]
fe_key[170]
fe_key[171]
fe_key[172]
fe_key[173]
fe_key[174]
fe_key[175]
fe_key[176]
fe_key[177]
fe_key[178]
fe_key[179]
fe_key[17]
fe_key[180]
fe_key[181]
fe_key[182]
fe_key[183]
fe_key[184]
fe_key[185]
fe_key[186]
fe_key[187]
fe_key[188]
fe_key[189]
fe_key[18]
fe_key[190]
fe_key[191]
fe_key[19]
fe_key[1]
fe_key[20]
fe_key[21]
fe_key[22]
fe_key[23]
fe_key[24]
fe_key[25]
fe_key[26]
fe_key[27]
fe_key[28]
fe_key[29]
fe_key[2]
fe_key[30]
fe_key[31]
fe_key[32]
fe_key[33]
fe_key[34]
fe_key[35]
fe_key[36]
fe_key[37]
fe_key[38]
fe_key[39]
fe_key[3]
fe_key[40]
fe_key[41]
fe_key[42]
fe_key[43]
fe_key[44]
fe_key[45]
fe_key[46]
fe_key[47]
fe_key[48]
fe_key[49]
fe_key[4]
fe_key[50]
fe_key[51]
fe_key[52]
fe_key[53]
fe_key[54]
fe_key[55]
fe_key[56]
fe_key[57]
fe_key[58]
fe_key[59]
fe_key[5]
fe_key[60]
fe_key[61]
fe_key[62]
fe_key[63]
fe_key[64]
fe_key[65]
fe_key[66]
fe_key[67]
fe_key[68]
fe_key[69]
fe_key[6]
fe_key[70]
fe_key[71]
fe_key[72]
fe_key[73]
fe_key[74]
fe_key[75]
fe_key[76]
fe_key[77]
fe_key[78]
fe_key[79]
fe_key[7]
fe_key[80]
fe_key[81]
fe_key[82]
fe_key[83]
fe_key[84]
fe_key[85]
fe_key[86]
fe_key[87]
fe_key[88]
fe_key[89]
fe_key[8]
fe_key[90]
fe_key[91]
fe_key[92]
fe_key[93]
fe_key[94]
fe_key[95]
fe_key[96]
fe_key[97]
fe_key[98]
fe_key[99]
fe_key[9]
peer_ready_c
peer_req_pk
rst_n
start
stream_in_data[0]
stream_in_data[10]
stream_in_data[11]
stream_in_data[12]
stream_in_data[13]
stream_in_data[14]
stream_in_data[15]
stream_in_data[16]
stream_in_data[17]
stream_in_data[18]
stream_in_data[19]
stream_in_data[1]
stream_in_data[20]
stream_in_data[21]
stream_in_data[22]
stream_in_data[23]
stream_in_data[24]
stream_in_data[25]
stream_in_data[26]
stream_in_data[27]
stream_in_data[28]
stream_in_data[29]
stream_in_data[2]
stream_in_data[30]
stream_in_data[31]
stream_in_data[3]
stream_in_data[4]
stream_in_data[5]
stream_in_data[6]
stream_in_data[7]
stream_in_data[8]
stream_in_data[9]
stream_in_valid
zeroize

 There are 0 input ports with no input delay but user has a false path constraint.


6. checking no_output_delay (296)
---------------------------------
 There are 296 ports with no output delay specified. (HIGH)

busy
done
protocol_start
ready_pk
req_c
scrub_done
secret_valid
shared_secret[0]
shared_secret[100]
shared_secret[101]
shared_secret[102]
shared_secret[103]
shared_secret[104]
shared_secret[105]
shared_secret[106]
shared_secret[107]
shared_secret[108]
shared_secret[109]
shared_secret[10]
shared_secret[110]
shared_secret[111]
shared_secret[112]
shared_secret[113]
shared_secret[114]
shared_secret[115]
shared_secret[116]
shared_secret[117]
shared_secret[118]
shared_secret[119]
shared_secret[11]
shared_secret[120]
shared_secret[121]
shared_secret[122]
shared_secret[123]
shared_secret[124]
shared_secret[125]
shared_secret[126]
shared_secret[127]
shared_secret[128]
shared_secret[129]
shared_secret[12]
shared_secret[130]
shared_secret[131]
shared_secret[132]
shared_secret[133]
shared_secret[134]
shared_secret[135]
shared_secret[136]
shared_secret[137]
shared_secret[138]
shared_secret[139]
shared_secret[13]
shared_secret[140]
shared_secret[141]
shared_secret[142]
shared_secret[143]
shared_secret[144]
shared_secret[145]
shared_secret[146]
shared_secret[147]
shared_secret[148]
shared_secret[149]
shared_secret[14]
shared_secret[150]
shared_secret[151]
shared_secret[152]
shared_secret[153]
shared_secret[154]
shared_secret[155]
shared_secret[156]
shared_secret[157]
shared_secret[158]
shared_secret[159]
shared_secret[15]
shared_secret[160]
shared_secret[161]
shared_secret[162]
shared_secret[163]
shared_secret[164]
shared_secret[165]
shared_secret[166]
shared_secret[167]
shared_secret[168]
shared_secret[169]
shared_secret[16]
shared_secret[170]
shared_secret[171]
shared_secret[172]
shared_secret[173]
shared_secret[174]
shared_secret[175]
shared_secret[176]
shared_secret[177]
shared_secret[178]
shared_secret[179]
shared_secret[17]
shared_secret[180]
shared_secret[181]
shared_secret[182]
shared_secret[183]
shared_secret[184]
shared_secret[185]
shared_secret[186]
shared_secret[187]
shared_secret[188]
shared_secret[189]
shared_secret[18]
shared_secret[190]
shared_secret[191]
shared_secret[192]
shared_secret[193]
shared_secret[194]
shared_secret[195]
shared_secret[196]
shared_secret[197]
shared_secret[198]
shared_secret[199]
shared_secret[19]
shared_secret[1]
shared_secret[200]
shared_secret[201]
shared_secret[202]
shared_secret[203]
shared_secret[204]
shared_secret[205]
shared_secret[206]
shared_secret[207]
shared_secret[208]
shared_secret[209]
shared_secret[20]
shared_secret[210]
shared_secret[211]
shared_secret[212]
shared_secret[213]
shared_secret[214]
shared_secret[215]
shared_secret[216]
shared_secret[217]
shared_secret[218]
shared_secret[219]
shared_secret[21]
shared_secret[220]
shared_secret[221]
shared_secret[222]
shared_secret[223]
shared_secret[224]
shared_secret[225]
shared_secret[226]
shared_secret[227]
shared_secret[228]
shared_secret[229]
shared_secret[22]
shared_secret[230]
shared_secret[231]
shared_secret[232]
shared_secret[233]
shared_secret[234]
shared_secret[235]
shared_secret[236]
shared_secret[237]
shared_secret[238]
shared_secret[239]
shared_secret[23]
shared_secret[240]
shared_secret[241]
shared_secret[242]
shared_secret[243]
shared_secret[244]
shared_secret[245]
shared_secret[246]
shared_secret[247]
shared_secret[248]
shared_secret[249]
shared_secret[24]
shared_secret[250]
shared_secret[251]
shared_secret[252]
shared_secret[253]
shared_secret[254]
shared_secret[255]
shared_secret[25]
shared_secret[26]
shared_secret[27]
shared_secret[28]
shared_secret[29]
shared_secret[2]
shared_secret[30]
shared_secret[31]
shared_secret[32]
shared_secret[33]
shared_secret[34]
shared_secret[35]
shared_secret[36]
shared_secret[37]
shared_secret[38]
shared_secret[39]
shared_secret[3]
shared_secret[40]
shared_secret[41]
shared_secret[42]
shared_secret[43]
shared_secret[44]
shared_secret[45]
shared_secret[46]
shared_secret[47]
shared_secret[48]
shared_secret[49]
shared_secret[4]
shared_secret[50]
shared_secret[51]
shared_secret[52]
shared_secret[53]
shared_secret[54]
shared_secret[55]
shared_secret[56]
shared_secret[57]
shared_secret[58]
shared_secret[59]
shared_secret[5]
shared_secret[60]
shared_secret[61]
shared_secret[62]
shared_secret[63]
shared_secret[64]
shared_secret[65]
shared_secret[66]
shared_secret[67]
shared_secret[68]
shared_secret[69]
shared_secret[6]
shared_secret[70]
shared_secret[71]
shared_secret[72]
shared_secret[73]
shared_secret[74]
shared_secret[75]
shared_secret[76]
shared_secret[77]
shared_secret[78]
shared_secret[79]
shared_secret[7]
shared_secret[80]
shared_secret[81]
shared_secret[82]
shared_secret[83]
shared_secret[84]
shared_secret[85]
shared_secret[86]
shared_secret[87]
shared_secret[88]
shared_secret[89]
shared_secret[8]
shared_secret[90]
shared_secret[91]
shared_secret[92]
shared_secret[93]
shared_secret[94]
shared_secret[95]
shared_secret[96]
shared_secret[97]
shared_secret[98]
shared_secret[99]
shared_secret[9]
stream_out_data[0]
stream_out_data[10]
stream_out_data[11]
stream_out_data[12]
stream_out_data[13]
stream_out_data[14]
stream_out_data[15]
stream_out_data[16]
stream_out_data[17]
stream_out_data[18]
stream_out_data[19]
stream_out_data[1]
stream_out_data[20]
stream_out_data[21]
stream_out_data[22]
stream_out_data[23]
stream_out_data[24]
stream_out_data[25]
stream_out_data[26]
stream_out_data[27]
stream_out_data[28]
stream_out_data[29]
stream_out_data[2]
stream_out_data[30]
stream_out_data[31]
stream_out_data[3]
stream_out_data[4]
stream_out_data[5]
stream_out_data[6]
stream_out_data[7]
stream_out_data[8]
stream_out_data[9]
stream_out_valid

 There are 0 ports with no output delay but user has a false path constraint

 There are 0 ports with no output delay but with a timing clock defined on it or propagating through it


7. checking multiple_clock (0)
------------------------------
 There are 0 register/latch pins with multiple clocks.


8. checking generated_clocks (0)
--------------------------------
 There are 0 generated clocks that are not connected to a clock source.


9. checking loops (0)
---------------------
 There are 0 combinational loops in the design.


10. checking partial_input_delay (0)
------------------------------------
 There are 0 input ports with partial input delay specified.


11. checking partial_output_delay (0)
-------------------------------------
 There are 0 ports with partial output delay specified.


12. checking latch_loops (0)
----------------------------
 There are 0 combinational latch loops in the design through latch input


