Copyright 1986-2020 Xilinx, Inc. All Rights Reserved.
----------------------------------------------------------------------------------------------------------------------------------------------------------------------------------------------------------------------------------------------------
| Tool Version : Vivado v.2020.1 (lin64) Build 2902540 Wed May 27 19:54:35 MDT 2020
| Date         : Thu Sep 10 06:16:30 2026
| Host         : donglong-P7xxTM-1 running 64-bit Ubuntu 22.04.5 LTS
| Command      : report_utilization -hierarchical -hierarchical_depth 8 -file /home/donglong/Documents/Duy_prj/KECCAK_OPTIMIZE_POWER/OPTIMIZE_POWER/kyber_puf_fpga_delivery/build/fpga_split/arty35t_edgecore_clean_20260910/edgecore/hierarchy.rpt
| Design       : edge_mlkem_core
| Device       : 7a35ticsg324-1L
| Design State : Synthesized
----------------------------------------------------------------------------------------------------------------------------------------------------------------------------------------------------------------------------------------------------

Utilization Design Information

Table of Contents
-----------------
1. Utilization by Hierarchy

1. Utilization by Hierarchy
---------------------------

+--------------------------------+------------------------------------+------------+------------+---------+------+-------+--------+--------+------------+
|            Instance            |               Module               | Total LUTs | Logic LUTs | LUTRAMs | SRLs |  FFs  | RAMB36 | RAMB18 | DSP Blocks |
+--------------------------------+------------------------------------+------------+------------+---------+------+-------+--------+--------+------------+
| edge_mlkem_core                |                              (top) |      25540 |      25303 |       0 |  237 | 15436 |      8 |     12 |          2 |
|   (edge_mlkem_core)            |                              (top) |          8 |          8 |       0 |    0 |     0 |      0 |      0 |          0 |
|   u_control                    |                 edge_control_plane |       9584 |       9584 |       0 |    0 |  4537 |      0 |      0 |          0 |
|     u_scrub                    |          edge_kem_scrub_controller |        203 |        203 |       0 |    0 |    16 |      0 |      0 |          0 |
|     u_seed                     |               edge_seed_controller |       9381 |       9381 |       0 |    0 |  4521 |      0 |      0 |          0 |
|       (u_seed)                 |               edge_seed_controller |          4 |          4 |       0 |    0 |   518 |      0 |      0 |          0 |
|       u_kdf                    |                         kdf_keccak |       9377 |       9377 |       0 |    0 |  4003 |      0 |      0 |          0 |
|         (u_kdf)                |                         kdf_keccak |        708 |        708 |       0 |    0 |   721 |      0 |      0 |          0 |
|         keccak_inst            |                keccak_f1600_server |       8669 |       8669 |       0 |    0 |  3282 |      0 |      0 |          0 |
|           (keccak_inst)        |                keccak_f1600_server |        170 |        170 |       0 |    0 |  1682 |      0 |      0 |          0 |
|           algo_inst            |                       ALGORITHM_16 |       8499 |       8499 |       0 |    0 |  1600 |      0 |      0 |          0 |
|             (algo_inst)        |                       ALGORITHM_16 |       4307 |       4307 |       0 |    0 |     0 |      0 |      0 |          0 |
|             STEP_MAPPING_5     |                            IOTA_17 |       4192 |       4192 |       0 |    0 |  1600 |      0 |      0 |          0 |
|               (STEP_MAPPING_5) |                            IOTA_17 |       4184 |       4184 |       0 |    0 |  1600 |      0 |      0 |          0 |
|               IOTA_RC          |                              RC_18 |          8 |          8 |       0 |    0 |     0 |      0 |      0 |          0 |
|   u_server                     |                       Kyber_Server |      15948 |      15711 |       0 |  237 | 10899 |      8 |     12 |          2 |
|     (u_server)                 |                       Kyber_Server |        482 |        380 |       0 |  102 |  1407 |      0 |      0 |          0 |
|     DFIFO0                     | fifo_wrapper_24_16__parameterized0 |         58 |         58 |       0 |    0 |    20 |      0 |      1 |          0 |
|       inst                     |  generic_fifo_sync__parameterized5 |         58 |         58 |       0 |    0 |    20 |      0 |      1 |          0 |
|     DFIFO1                     |                 fifo_wrapper_10_16 |         49 |         49 |       0 |    0 |    16 |      0 |      1 |          0 |
|       inst                     |  generic_fifo_sync__parameterized6 |         49 |         49 |       0 |    0 |    16 |      0 |      1 |          0 |
|     IFIFO                      |                 fifo_wrapper_32_16 |         40 |         40 |       0 |    0 |    16 |      0 |      1 |          0 |
|       inst                     |  generic_fifo_sync__parameterized3 |         40 |         40 |       0 |    0 |    16 |      0 |      1 |          0 |
|     OFIFO                      |                 fifo_wrapper_34_16 |        168 |        168 |       0 |    0 |    20 |      0 |      1 |          0 |
|       inst                     |  generic_fifo_sync__parameterized4 |        168 |        168 |       0 |    0 |    20 |      0 |      1 |          0 |
|     ciphertext_store           |                       generic_bram |         82 |         82 |       0 |    0 |     0 |      1 |      0 |          0 |
|     decode                     |                      decode_Server |        214 |        214 |       0 |    0 |    99 |      0 |      0 |          0 |
|     encode                     |                      encode_Server |         37 |         37 |       0 |    0 |    53 |      0 |      0 |          0 |
|     hash                       |                   hash_core_Server |      13135 |      13135 |       0 |    0 |  8352 |      2 |      4 |          0 |
|       (hash)                   |                   hash_core_Server |         16 |         16 |       0 |    0 |    43 |      0 |      0 |          0 |
|       decode                   |                      decode_keccak |        138 |        138 |       0 |    0 |   106 |      0 |      0 |          0 |
|       ififo_inst               |                 fifo_wrapper_36_32 |         72 |         72 |       0 |    0 |    18 |      0 |      1 |          0 |
|         inst                   |                  generic_fifo_sync |         72 |         72 |       0 |    0 |    18 |      0 |      1 |          0 |
|       ofifo0_inst              |                 fifo_wrapper_24_16 |         88 |         88 |       0 |    0 |    35 |      1 |      1 |          0 |
|         inst                   |  generic_fifo_sync__parameterized0 |         88 |         88 |       0 |    0 |    35 |      1 |      1 |          0 |
|       ofifo1_inst              |                 fifo_wrapper_25_16 |         37 |         37 |       0 |    0 |    18 |      0 |      1 |          0 |
|         (ofifo1_inst)          |                 fifo_wrapper_25_16 |          0 |          0 |       0 |    0 |     0 |      0 |      0 |          0 |
|         inst                   |  generic_fifo_sync__parameterized1 |         37 |         37 |       0 |    0 |    18 |      0 |      1 |          0 |
|       ofifo_inst               |                 fifo_wrapper_40_32 |         30 |         30 |       0 |    0 |    22 |      1 |      1 |          0 |
|         inst                   |  generic_fifo_sync__parameterized2 |         30 |         30 |       0 |    0 |    22 |      1 |      1 |          0 |
|       sponge                   |                    sha3_shake_core |      12754 |      12754 |       0 |    0 |  8110 |      0 |      0 |          0 |
|         (sponge)               |                    sha3_shake_core |       4154 |       4154 |       0 |    0 |  6510 |      0 |      0 |          0 |
|         algo_inst              |                          ALGORITHM |       8600 |       8600 |       0 |    0 |  1600 |      0 |      0 |          0 |
|           (algo_inst)          |                          ALGORITHM |       4307 |       4307 |       0 |    0 |     0 |      0 |      0 |          0 |
|           STEP_MAPPING_5       |                               IOTA |       4293 |       4293 |       0 |    0 |  1600 |      0 |      0 |          0 |
|             (STEP_MAPPING_5)   |                               IOTA |       4292 |       4292 |       0 |    0 |  1600 |      0 |      0 |          0 |
|             IOTA_RC            |                                 RC |          1 |          1 |       0 |    0 |     0 |      0 |      0 |          0 |
|     ntt                        |                    NTT_core_Server |       1683 |       1548 |       0 |  135 |   916 |      5 |      4 |          2 |
|       (ntt)                    |                    NTT_core_Server |        417 |        417 |       0 |    0 |   440 |      0 |      3 |          0 |
|       BU                       |                      butterfly_Ser |        659 |        580 |       0 |   79 |   420 |      0 |      0 |          2 |
|         (BU)                   |                      butterfly_Ser |        323 |        322 |       0 |    1 |   198 |      0 |      0 |          0 |
|         M0                     |                     ntt_mult_12x12 |         34 |         34 |       0 |    0 |     0 |      0 |      0 |          1 |
|           u_mult               |                    generic_mult_15 |         34 |         34 |       0 |    0 |     0 |      0 |      0 |          1 |
|         M1                     |                   ntt_mult_12x12_6 |         34 |         34 |       0 |    0 |     0 |      0 |      0 |          1 |
|           u_mult               |                       generic_mult |         34 |         34 |       0 |    0 |     0 |      0 |      0 |          1 |
|         R0                     |                              reduc |        102 |         91 |       0 |   11 |    96 |      0 |      0 |          0 |
|         R1                     |                            reduc_7 |        102 |         91 |       0 |   11 |    96 |      0 |      0 |          0 |
|         S0                     |                      c_shift_ram_0 |         14 |          2 |       0 |   12 |    12 |      0 |      0 |          0 |
|           inst                 |                     generic_srl_14 |         14 |          2 |       0 |   12 |    12 |      0 |      0 |          0 |
|         S1                     |                    c_shift_ram_0_8 |         13 |          1 |       0 |   12 |    12 |      0 |      0 |          0 |
|           inst                 |                     generic_srl_13 |         13 |          1 |       0 |   12 |    12 |      0 |      0 |          0 |
|         S12                    |                      c_shift_ram_9 |         12 |          0 |       0 |   12 |     0 |      0 |      0 |          0 |
|           inst                 |                     generic_srl_12 |         12 |          0 |       0 |   12 |     0 |      0 |      0 |          0 |
|         S13                    |                    c_shift_ram_9_9 |         12 |          0 |       0 |   12 |     0 |      0 |      0 |          0 |
|           inst                 |                        generic_srl |         12 |          0 |       0 |   12 |     0 |      0 |      0 |          0 |
|         S2                     |                      c_shift_ram_1 |         11 |          7 |       0 |    4 |     2 |      0 |      0 |          0 |
|           inst                 |     generic_srl__parameterized0_11 |         11 |          7 |       0 |    4 |     2 |      0 |      0 |          0 |
|         S3                     |                   c_shift_ram_1_10 |          4 |          0 |       0 |    4 |     4 |      0 |      0 |          0 |
|           inst                 |        generic_srl__parameterized0 |          4 |          0 |       0 |    4 |     4 |      0 |      0 |          0 |
|       RAM0                     |                      blk_mem_gen_0 |          0 |          0 |       0 |    0 |     0 |      1 |      0 |          0 |
|         inst                   |     generic_bram__parameterized0_5 |          0 |          0 |       0 |    0 |     0 |      1 |      0 |          0 |
|       RAM1                     |                    blk_mem_gen_0_0 |         80 |         80 |       0 |    0 |     0 |      1 |      0 |          0 |
|         inst                   |       generic_bram__parameterized0 |         80 |         80 |       0 |    0 |     0 |      1 |      0 |          0 |
|       RAM2                     |                      blk_mem_gen_2 |         12 |         12 |       0 |    0 |     0 |      1 |      0 |          0 |
|         inst                   |     generic_bram__parameterized1_4 |         12 |         12 |       0 |    0 |     0 |      1 |      0 |          0 |
|       RAM3                     |                    blk_mem_gen_2_1 |         54 |         54 |       0 |    0 |     0 |      1 |      0 |          0 |
|         inst                   |       generic_bram__parameterized1 |         54 |         54 |       0 |    0 |     0 |      1 |      0 |          0 |
|       RAM4                     |                      blk_mem_gen_1 |         31 |         31 |       0 |    0 |     0 |      1 |      1 |          0 |
|         inst                   |       generic_bram__parameterized2 |         31 |         31 |       0 |    0 |     0 |      1 |      1 |          0 |
|       S10                      |                      c_shift_ram_8 |          4 |          3 |       0 |    1 |     1 |      0 |      0 |          0 |
|         inst                   |      generic_srl__parameterized7_3 |          4 |          3 |       0 |    1 |     1 |      0 |      0 |          0 |
|       S10N                     |                    c_shift_ram_8_2 |          3 |          2 |       0 |    1 |     1 |      0 |      0 |          0 |
|         inst                   |        generic_srl__parameterized7 |          3 |          2 |       0 |    1 |     1 |      0 |      0 |          0 |
|       S11                      |                     c_shift_ram_11 |          1 |          0 |       0 |    1 |     1 |      0 |      0 |          0 |
|         inst                   |        generic_srl__parameterized8 |          1 |          0 |       0 |    1 |     1 |      0 |      0 |          0 |
|       S3                       |                      c_shift_ram_2 |          3 |          1 |       0 |    2 |     2 |      0 |      0 |          0 |
|         inst                   |        generic_srl__parameterized1 |          3 |          1 |       0 |    2 |     2 |      0 |      0 |          0 |
|       S4                       |                      c_shift_ram_3 |        371 |        365 |       0 |    6 |     6 |      0 |      0 |          0 |
|         inst                   |        generic_srl__parameterized2 |        371 |        365 |       0 |    6 |     6 |      0 |      0 |          0 |
|       S5                       |                      c_shift_ram_4 |          8 |          0 |       0 |    8 |     8 |      0 |      0 |          0 |
|         inst                   |        generic_srl__parameterized3 |          8 |          0 |       0 |    8 |     8 |      0 |      0 |          0 |
|       S6                       |                    c_shift_ram_4_6 |          6 |          0 |       0 |    6 |     6 |      0 |      0 |          0 |
|         inst                   |        generic_srl__parameterized4 |          6 |          0 |       0 |    6 |     6 |      0 |      0 |          0 |
|       S7                       |                      c_shift_ram_5 |          7 |          0 |       0 |    7 |     7 |      0 |      0 |          0 |
|         inst                   |        generic_srl__parameterized5 |          7 |          0 |       0 |    7 |     7 |      0 |      0 |          0 |
|       S9                       |                      c_shift_ram_6 |         27 |          3 |       0 |   24 |    24 |      0 |      0 |          0 |
|         inst                   |        generic_srl__parameterized6 |         27 |          3 |       0 |   24 |    24 |      0 |      0 |          0 |
+--------------------------------+------------------------------------+------------+------------+---------+------+-------+--------+--------+------------+


