Copyright 1986-2020 Xilinx, Inc. All Rights Reserved.
----------------------------------------------------------------------------------------------------------------------------------------------------------------------------------------------------------------------------------------------------------------------
| Tool Version : Vivado v.2020.1 (lin64) Build 2902540 Wed May 27 19:54:35 MDT 2020
| Date         : Thu Sep 10 06:16:40 2026
| Host         : donglong-P7xxTM-1 running 64-bit Ubuntu 22.04.5 LTS
| Command      : report_timing_summary -delay_type min_max -report_unconstrained -file /home/donglong/Documents/Duy_prj/KECCAK_OPTIMIZE_POWER/OPTIMIZE_POWER/kyber_puf_fpga_delivery/build/fpga_split/arty35t_edgecore_clean_20260910/edgecore/timing_preliminary.rpt
| Design       : edge_mlkem_core
| Device       : 7a35ti-csg324
| Speed File   : -1L  PRODUCTION 1.23 2018-06-13
----------------------------------------------------------------------------------------------------------------------------------------------------------------------------------------------------------------------------------------------------------------------

Timing Summary Report

------------------------------------------------------------------------------------------------
| Timer Settings
| --------------
------------------------------------------------------------------------------------------------

  Enable Multi Corner Analysis               :  Yes
  Enable Pessimism Removal                   :  Yes
  Pessimism Removal Resolution               :  Nearest Common Node
  Enable Input Delay Default Clock           :  No
  Enable Preset / Clear Arcs                 :  No
  Disable Flight Delays                      :  No
  Ignore I/O Paths                           :  No
  Timing Early Launch at Borrowing Latches   :  No
  Borrow Time for Max Delay Exceptions       :  Yes
  Merge Timing Exceptions                    :  Yes

  Corner  Analyze    Analyze    
  Name    Max Paths  Min Paths  
  ------  ---------  ---------  
  Slow    Yes        Yes        
  Fast    Yes        Yes        



check_timing report

Table of Contents
-----------------
1. checking no_clock (0)
2. checking constant_clock (0)
3. checking pulse_width_clock (0)
4. checking unconstrained_internal_endpoints (0)
5. checking no_input_delay (230)
6. checking no_output_delay (296)
7. checking multiple_clock (0)
8. checking generated_clocks (0)
9. checking loops (0)
10. checking partial_input_delay (0)
11. checking partial_output_delay (0)
12. checking latch_loops (0)

1. checking no_clock (0)
------------------------
 There are 0 register/latch pins with no clock.


2. checking constant_clock (0)
------------------------------
 There are 0 register/latch pins with constant_clock.


3. checking pulse_width_clock (0)
---------------------------------
 There are 0 register/latch pins which need pulse_width check


4. checking unconstrained_internal_endpoints (0)
------------------------------------------------
 There are 0 pins that are not constrained for maximum delay.

 There are 0 pins that are not constrained for maximum delay due to constant clock.


5. checking no_input_delay (230)
--------------------------------
 There are 230 input ports with no input delay specified. (HIGH)

 There are 0 input ports with no input delay but user has a false path constraint.


6. checking no_output_delay (296)
---------------------------------
 There are 296 ports with no output delay specified. (HIGH)

 There are 0 ports with no output delay but user has a false path constraint

 There are 0 ports with no output delay but with a timing clock defined on it or propagating through it


7. checking multiple_clock (0)
------------------------------
 There are 0 register/latch pins with multiple clocks.


8. checking generated_clocks (0)
--------------------------------
 There are 0 generated clocks that are not connected to a clock source.


9. checking loops (0)
---------------------
 There are 0 combinational loops in the design.


10. checking partial_input_delay (0)
------------------------------------
 There are 0 input ports with partial input delay specified.


11. checking partial_output_delay (0)
-------------------------------------
 There are 0 ports with partial output delay specified.


12. checking latch_loops (0)
----------------------------
 There are 0 combinational latch loops in the design through latch input



------------------------------------------------------------------------------------------------
| Design Timing Summary
| ---------------------
------------------------------------------------------------------------------------------------

    WNS(ns)      TNS(ns)  TNS Failing Endpoints  TNS Total Endpoints      WHS(ns)      THS(ns)  THS Failing Endpoints  THS Total Endpoints     WPWS(ns)     TPWS(ns)  TPWS Failing Endpoints  TPWS Total Endpoints  
    -------      -------  ---------------------  -------------------      -------      -------  ---------------------  -------------------     --------     --------  ----------------------  --------------------  
      9.850        0.000                      0                43955        0.196        0.000                      0                43955        9.020        0.000                       0                 15712  


All user specified timing constraints are met.


------------------------------------------------------------------------------------------------
| Clock Summary
| -------------
------------------------------------------------------------------------------------------------

Clock    Waveform(ns)       Period(ns)      Frequency(MHz)
-----    ------------       ----------      --------------
sys_clk  {0.000 10.000}     20.000          50.000          


------------------------------------------------------------------------------------------------
| Intra Clock Table
| -----------------
------------------------------------------------------------------------------------------------

Clock             WNS(ns)      TNS(ns)  TNS Failing Endpoints  TNS Total Endpoints      WHS(ns)      THS(ns)  THS Failing Endpoints  THS Total Endpoints     WPWS(ns)     TPWS(ns)  TPWS Failing Endpoints  TPWS Total Endpoints  
-----             -------      -------  ---------------------  -------------------      -------      -------  ---------------------  -------------------     --------     --------  ----------------------  --------------------  
sys_clk             9.850        0.000                      0                39073        0.196        0.000                      0                39073        9.020        0.000                       0                 15712  


------------------------------------------------------------------------------------------------
| Inter Clock Table
| -----------------
------------------------------------------------------------------------------------------------

From Clock    To Clock          WNS(ns)      TNS(ns)  TNS Failing Endpoints  TNS Total Endpoints      WHS(ns)      THS(ns)  THS Failing Endpoints  THS Total Endpoints  
----------    --------          -------      -------  ---------------------  -------------------      -------      -------  ---------------------  -------------------  


------------------------------------------------------------------------------------------------
| Other Path Groups Table
| -----------------------
------------------------------------------------------------------------------------------------

Path Group         From Clock         To Clock               WNS(ns)      TNS(ns)  TNS Failing Endpoints  TNS Total Endpoints      WHS(ns)      THS(ns)  THS Failing Endpoints  THS Total Endpoints  
----------         ----------         --------               -------      -------  ---------------------  -------------------      -------      -------  ---------------------  -------------------  
**async_default**  sys_clk            sys_clk                 16.363        0.000                      0                 4882        1.002        0.000                      0                 4882  


------------------------------------------------------------------------------------------------
| User Ignored Path Table
| -----------------------
------------------------------------------------------------------------------------------------

Path Group    From Clock    To Clock    
----------    ----------    --------    


------------------------------------------------------------------------------------------------
| Unconstrained Path Table
| ------------------------
------------------------------------------------------------------------------------------------

Path Group    From Clock    To Clock    
----------    ----------    --------    
(none)        sys_clk                     
(none)                      sys_clk       


------------------------------------------------------------------------------------------------
| Timing Details
| --------------
------------------------------------------------------------------------------------------------


---------------------------------------------------------------------------------------------------
From Clock:  sys_clk
  To Clock:  sys_clk

Setup :            0  Failing Endpoints,  Worst Slack        9.850ns,  Total Violation        0.000ns
Hold  :            0  Failing Endpoints,  Worst Slack        0.196ns,  Total Violation        0.000ns
PW    :            0  Failing Endpoints,  Worst Slack        9.020ns,  Total Violation        0.000ns
---------------------------------------------------------------------------------------------------


Max Delay Paths
--------------------------------------------------------------------------------------
Slack (MET) :             9.850ns  (required time - arrival time)
  Source:                 u_server/data_rnd_ctr_reg[3]/C
                            (rising edge-triggered cell FDRE clocked by sys_clk  {rise@0.000ns fall@10.000ns period=20.000ns})
  Destination:            u_server/hash/sponge/block_reg_reg[0]/D
                            (rising edge-triggered cell FDRE clocked by sys_clk  {rise@0.000ns fall@10.000ns period=20.000ns})
  Path Group:             sys_clk
  Path Type:              Setup (Max at Slow Process Corner)
  Requirement:            20.000ns  (sys_clk rise@20.000ns - sys_clk rise@0.000ns)
  Data Path Delay:        10.095ns  (logic 1.991ns (19.723%)  route 8.104ns (80.277%))
  Logic Levels:           11  (LUT3=1 LUT4=1 LUT5=1 LUT6=8)
  Clock Path Skew:        -0.049ns (DCD - SCD + CPR)
    Destination Clock Delay (DCD):    0.924ns = ( 20.924 - 20.000 ) 
    Source Clock Delay      (SCD):    0.973ns
    Clock Pessimism Removal (CPR):    0.000ns
  Clock Uncertainty:      0.035ns  ((TSJ^2 + TIJ^2)^1/2 + DJ) / 2 + PE
    Total System Jitter     (TSJ):    0.071ns
    Total Input Jitter      (TIJ):    0.000ns
    Discrete Jitter          (DJ):    0.000ns
    Phase Error              (PE):    0.000ns

    Location             Delay type                Incr(ns)  Path(ns)    Netlist Resource(s)
  -------------------------------------------------------------------    -------------------
                         (clock sys_clk rise edge)    0.000     0.000 r  
                                                      0.000     0.000 r  clk (IN)
                         net (fo=15711, unset)        0.973     0.973    u_server/clk
                         FDRE                                         r  u_server/data_rnd_ctr_reg[3]/C
  -------------------------------------------------------------------    -------------------
                         FDRE (Prop_fdre_C_Q)         0.456     1.429 r  u_server/data_rnd_ctr_reg[3]/Q
                         net (fo=4, unplaced)         0.989     2.418    u_server/hash/sponge/state[2]_i_16__0_0[3]
                         LUT6 (Prop_lut6_I0_O)        0.295     2.713 r  u_server/hash/sponge/state[2]_i_15/O
                         net (fo=1, unplaced)         0.449     3.162    u_server/hash/sponge/state[2]_i_15_n_0
                         LUT6 (Prop_lut6_I0_O)        0.124     3.286 f  u_server/hash/sponge/state[2]_i_7__0/O
                         net (fo=3, unplaced)         0.467     3.753    u_server/hash/sponge/state[2]_i_7__0_n_0
                         LUT6 (Prop_lut6_I0_O)        0.124     3.877 f  u_server/hash/sponge/state[0]_i_8__0/O
                         net (fo=1, unplaced)         0.902     4.779    u_server/hash/sponge/state[0]_i_8__0_n_0
                         LUT6 (Prop_lut6_I0_O)        0.124     4.903 f  u_server/hash/sponge/state[0]_i_2__1/O
                         net (fo=1, unplaced)         0.902     5.805    u_server/hash/ififo_inst/inst/state_reg[0]_4
                         LUT6 (Prop_lut6_I0_O)        0.124     5.929 r  u_server/hash/ififo_inst/inst/state[0]_i_1__2/O
                         net (fo=7, unplaced)         0.999     6.928    u_server/hash/ofifo0_inst/inst/ififo_mode_reg[1]_1
                         LUT6 (Prop_lut6_I0_O)        0.124     7.052 r  u_server/hash/ofifo0_inst/inst/squeeze_ctr[5]_i_7/O
                         net (fo=1, unplaced)         0.449     7.501    u_server/hash/ofifo0_inst/inst/squeeze_ctr[5]_i_7_n_0
                         LUT6 (Prop_lut6_I5_O)        0.124     7.625 f  u_server/hash/ofifo0_inst/inst/squeeze_ctr[5]_i_4/O
                         net (fo=16, unplaced)        0.503     8.128    u_server/hash/sponge/squeeze_init_early
                         LUT6 (Prop_lut6_I3_O)        0.124     8.252 r  u_server/hash/sponge/squeeze_reg[1599]_i_4/O
                         net (fo=14, unplaced)        0.500     8.752    u_server/hash/sponge/squeeze_reg[1599]_i_4_n_0
                         LUT3 (Prop_lut3_I1_O)        0.124     8.876 r  u_server/hash/sponge/block_reg[1598]_i_9/O
                         net (fo=800, unplaced)       1.042     9.918    u_server/hash/sponge/algo_inst/STEP_MAPPING_5/block_reg_reg[1577]
                         LUT4 (Prop_lut4_I1_O)        0.124    10.042 r  u_server/hash/sponge/algo_inst/STEP_MAPPING_5/block_reg[0]_i_2/O
                         net (fo=1, unplaced)         0.902    10.944    u_server/hash/sponge/algo_inst/STEP_MAPPING_5/p_1_in[0]
                         LUT5 (Prop_lut5_I0_O)        0.124    11.068 r  u_server/hash/sponge/algo_inst/STEP_MAPPING_5/block_reg[0]_i_1/O
                         net (fo=1, unplaced)         0.000    11.068    u_server/hash/sponge/algo_inst_n_4802
                         FDRE                                         r  u_server/hash/sponge/block_reg_reg[0]/D
  -------------------------------------------------------------------    -------------------

                         (clock sys_clk rise edge)   20.000    20.000 r  
                                                      0.000    20.000 r  clk (IN)
                         net (fo=15711, unset)        0.924    20.924    u_server/hash/sponge/clk
                         FDRE                                         r  u_server/hash/sponge/block_reg_reg[0]/C
                         clock pessimism              0.000    20.924    
                         clock uncertainty           -0.035    20.889    
                         FDRE (Setup_fdre_C_D)        0.029    20.918    u_server/hash/sponge/block_reg_reg[0]
  -------------------------------------------------------------------
                         required time                         20.918    
                         arrival time                         -11.068    
  -------------------------------------------------------------------
                         slack                                  9.850    





Min Delay Paths
--------------------------------------------------------------------------------------
Slack (MET) :             0.196ns  (arrival time - required time)
  Source:                 u_server/eta3_r_reg[54]/C
                            (rising edge-triggered cell FDRE clocked by sys_clk  {rise@0.000ns fall@10.000ns period=20.000ns})
  Destination:            u_server/eta3_r_reg[56]_srl2___u_server_endp_r_reg_r_0/D
                            (rising edge-triggered cell SRL16E clocked by sys_clk  {rise@0.000ns fall@10.000ns period=20.000ns})
  Path Group:             sys_clk
  Path Type:              Hold (Min at Fast Process Corner)
  Requirement:            0.000ns  (sys_clk rise@0.000ns - sys_clk rise@0.000ns)
  Data Path Delay:        0.282ns  (logic 0.141ns (50.038%)  route 0.141ns (49.962%))
  Logic Levels:           0  
  Clock Path Skew:        0.022ns (DCD - SCD - CPR)
    Destination Clock Delay (DCD):    0.432ns
    Source Clock Delay      (SCD):    0.410ns
    Clock Pessimism Removal (CPR):    -0.000ns

    Location             Delay type                Incr(ns)  Path(ns)    Netlist Resource(s)
  -------------------------------------------------------------------    -------------------
                         (clock sys_clk rise edge)    0.000     0.000 r  
                                                      0.000     0.000 r  clk (IN)
                         net (fo=15711, unset)        0.410     0.410    u_server/clk
                         FDRE                                         r  u_server/eta3_r_reg[54]/C
  -------------------------------------------------------------------    -------------------
                         FDRE (Prop_fdre_C_Q)         0.141     0.551 r  u_server/eta3_r_reg[54]/Q
                         net (fo=1, unplaced)         0.141     0.692    u_server/eta3_r_reg_n_0_[54]
                         SRL16E                                       r  u_server/eta3_r_reg[56]_srl2___u_server_endp_r_reg_r_0/D
  -------------------------------------------------------------------    -------------------

                         (clock sys_clk rise edge)    0.000     0.000 r  
                                                      0.000     0.000 r  clk (IN)
                         net (fo=15711, unset)        0.432     0.432    u_server/clk
                         SRL16E                                       r  u_server/eta3_r_reg[56]_srl2___u_server_endp_r_reg_r_0/CLK
                         clock pessimism              0.000     0.432    
                         SRL16E (Hold_srl16e_CLK_D)
                                                      0.064     0.496    u_server/eta3_r_reg[56]_srl2___u_server_endp_r_reg_r_0
  -------------------------------------------------------------------
                         required time                         -0.496    
                         arrival time                           0.692    
  -------------------------------------------------------------------
                         slack                                  0.196    





Pulse Width Checks
--------------------------------------------------------------------------------------
Clock Name:         sys_clk
Waveform(ns):       { 0.000 10.000 }
Period(ns):         20.000
Sources:            { clk }

Check Type        Corner  Lib Pin      Reference Pin  Required(ns)  Actual(ns)  Slack(ns)  Location  Pin
Min Period        n/a     DSP48E1/CLK  n/a            3.884         20.000      16.116               u_server/ntt/BU/M1/u_mult/product_reg_reg/CLK
Low Pulse Width   Slow    SRL16E/CLK   n/a            0.980         10.000      9.020                u_server/ntt/S5/inst/gen_depth_gt1.shift_reg_reg[10][0]_srl11/CLK
High Pulse Width  Slow    SRL16E/CLK   n/a            0.980         10.000      9.020                u_server/ntt/S5/inst/gen_depth_gt1.shift_reg_reg[10][0]_srl11/CLK



---------------------------------------------------------------------------------------------------
Path Group:  **async_default**
From Clock:  sys_clk
  To Clock:  sys_clk

Setup :            0  Failing Endpoints,  Worst Slack       16.363ns,  Total Violation        0.000ns
Hold  :            0  Failing Endpoints,  Worst Slack        1.002ns,  Total Violation        0.000ns
---------------------------------------------------------------------------------------------------


Max Delay Paths
--------------------------------------------------------------------------------------
Slack (MET) :             16.363ns  (required time - arrival time)
  Source:                 u_control/u_seed/FSM_sequential_state_reg[2]_rep/C
                            (rising edge-triggered cell FDCE clocked by sys_clk  {rise@0.000ns fall@10.000ns period=20.000ns})
  Destination:            u_control/u_seed/u_kdf/keccak_inst/FSM_onehot_perm_state_reg[1]/CLR
                            (recovery check against rising-edge clock sys_clk  {rise@0.000ns fall@10.000ns period=20.000ns})
  Path Group:             **async_default**
  Path Type:              Recovery (Max at Slow Process Corner)
  Requirement:            20.000ns  (sys_clk rise@20.000ns - sys_clk rise@0.000ns)
  Data Path Delay:        3.144ns  (logic 0.875ns (27.831%)  route 2.269ns (72.169%))
  Logic Levels:           2  (LUT2=1 LUT4=1)
  Clock Path Skew:        -0.049ns (DCD - SCD + CPR)
    Destination Clock Delay (DCD):    0.924ns = ( 20.924 - 20.000 ) 
    Source Clock Delay      (SCD):    0.973ns
    Clock Pessimism Removal (CPR):    0.000ns
  Clock Uncertainty:      0.035ns  ((TSJ^2 + TIJ^2)^1/2 + DJ) / 2 + PE
    Total System Jitter     (TSJ):    0.071ns
    Total Input Jitter      (TIJ):    0.000ns
    Discrete Jitter          (DJ):    0.000ns
    Phase Error              (PE):    0.000ns

    Location             Delay type                Incr(ns)  Path(ns)    Netlist Resource(s)
  -------------------------------------------------------------------    -------------------
                         (clock sys_clk rise edge)    0.000     0.000 r  
                                                      0.000     0.000 r  clk (IN)
                         net (fo=15711, unset)        0.973     0.973    u_control/u_seed/clk
                         FDCE                                         r  u_control/u_seed/FSM_sequential_state_reg[2]_rep/C
  -------------------------------------------------------------------    -------------------
                         FDCE (Prop_fdce_C_Q)         0.456     1.429 r  u_control/u_seed/FSM_sequential_state_reg[2]_rep/Q
                         net (fo=18, unplaced)        0.798     2.227    u_control/u_seed/u_kdf/keccak_inst/algo_inst/STEP_MAPPING_5/Str_out_reg[1599]_0
                         LUT4 (Prop_lut4_I1_O)        0.295     2.522 f  u_control/u_seed/u_kdf/keccak_inst/algo_inst/STEP_MAPPING_5/Str_out[1599]_i_2/O
                         net (fo=131, unplaced)       0.555     3.077    u_control/u_seed/u_kdf/keccak_inst/algo_inst/STEP_MAPPING_5/zeroize_0
                         LUT2 (Prop_lut2_I0_O)        0.124     3.201 f  u_control/u_seed/u_kdf/keccak_inst/algo_inst/STEP_MAPPING_5/Str_out[1599]_i_1/O
                         net (fo=3282, unplaced)      0.916     4.117    u_control/u_seed/u_kdf/keccak_inst/keccak_reset
                         FDCE                                         f  u_control/u_seed/u_kdf/keccak_inst/FSM_onehot_perm_state_reg[1]/CLR
  -------------------------------------------------------------------    -------------------

                         (clock sys_clk rise edge)   20.000    20.000 r  
                                                      0.000    20.000 r  clk (IN)
                         net (fo=15711, unset)        0.924    20.924    u_control/u_seed/u_kdf/keccak_inst/clk
                         FDCE                                         r  u_control/u_seed/u_kdf/keccak_inst/FSM_onehot_perm_state_reg[1]/C
                         clock pessimism              0.000    20.924    
                         clock uncertainty           -0.035    20.889    
                         FDCE (Recov_fdce_C_CLR)     -0.409    20.480    u_control/u_seed/u_kdf/keccak_inst/FSM_onehot_perm_state_reg[1]
  -------------------------------------------------------------------
                         required time                         20.480    
                         arrival time                          -4.117    
  -------------------------------------------------------------------
                         slack                                 16.363    





Min Delay Paths
--------------------------------------------------------------------------------------
Slack (MET) :             1.002ns  (arrival time - required time)
  Source:                 u_control/u_scrub/FSM_sequential_state_reg[0]/C
                            (rising edge-triggered cell FDCE clocked by sys_clk  {rise@0.000ns fall@10.000ns period=20.000ns})
  Destination:            u_server/hash/sponge/algo_inst/STEP_MAPPING_5/Str_out_reg[0]/CLR
                            (removal check against rising-edge clock sys_clk  {rise@0.000ns fall@10.000ns period=20.000ns})
  Path Group:             **async_default**
  Path Type:              Removal (Min at Fast Process Corner)
  Requirement:            0.000ns  (sys_clk rise@0.000ns - sys_clk rise@0.000ns)
  Data Path Delay:        0.930ns  (logic 0.238ns (25.599%)  route 0.692ns (74.401%))
  Logic Levels:           1  (LUT5=1)
  Clock Path Skew:        0.022ns (DCD - SCD - CPR)
    Destination Clock Delay (DCD):    0.432ns
    Source Clock Delay      (SCD):    0.410ns
    Clock Pessimism Removal (CPR):    -0.000ns

    Location             Delay type                Incr(ns)  Path(ns)    Netlist Resource(s)
  -------------------------------------------------------------------    -------------------
                         (clock sys_clk rise edge)    0.000     0.000 r  
                                                      0.000     0.000 r  clk (IN)
                         net (fo=15711, unset)        0.410     0.410    u_control/u_scrub/clk
                         FDCE                                         r  u_control/u_scrub/FSM_sequential_state_reg[0]/C
  -------------------------------------------------------------------    -------------------
                         FDCE (Prop_fdce_C_Q)         0.141     0.551 r  u_control/u_scrub/FSM_sequential_state_reg[0]/Q
                         net (fo=19, unplaced)        0.306     0.857    u_control/u_scrub/state__0[0]
                         LUT5 (Prop_lut5_I1_O)        0.097     0.954 f  u_control/u_scrub/valid_out_reg_i_1/O
                         net (fo=2550, unplaced)      0.386     1.340    u_server/hash/sponge/algo_inst/STEP_MAPPING_5/core_reset
                         FDCE                                         f  u_server/hash/sponge/algo_inst/STEP_MAPPING_5/Str_out_reg[0]/CLR
  -------------------------------------------------------------------    -------------------

                         (clock sys_clk rise edge)    0.000     0.000 r  
                                                      0.000     0.000 r  clk (IN)
                         net (fo=15711, unset)        0.432     0.432    u_server/hash/sponge/algo_inst/STEP_MAPPING_5/clk
                         FDCE                                         r  u_server/hash/sponge/algo_inst/STEP_MAPPING_5/Str_out_reg[0]/C
                         clock pessimism              0.000     0.432    
                         FDCE (Remov_fdce_C_CLR)     -0.094     0.338    u_server/hash/sponge/algo_inst/STEP_MAPPING_5/Str_out_reg[0]
  -------------------------------------------------------------------
                         required time                         -0.338    
                         arrival time                           1.340    
  -------------------------------------------------------------------
                         slack                                  1.002    





--------------------------------------------------------------------------------------
Path Group:  (none)
From Clock:  sys_clk
  To Clock:  

Max Delay           296 Endpoints
Min Delay           296 Endpoints
--------------------------------------------------------------------------------------


Max Delay Paths
--------------------------------------------------------------------------------------
Slack:                    inf
  Source:                 u_server/state_reg[1]_rep/C
                            (rising edge-triggered cell FDRE clocked by sys_clk  {rise@0.000ns fall@10.000ns period=20.000ns})
  Destination:            req_c
                            (output port)
  Path Group:             (none)
  Path Type:              Max at Slow Process Corner
  Data Path Delay:        2.788ns  (logic 0.751ns (26.937%)  route 2.037ns (73.063%))
  Logic Levels:           1  (LUT6=1)
  Clock Uncertainty:      0.025ns  ((TSJ^2 + TIJ^2)^1/2 + DJ) / 2 + PE
    Total System Jitter     (TSJ):    0.050ns
    Total Input Jitter      (TIJ):    0.000ns
    Discrete Jitter          (DJ):    0.000ns
    Phase Error              (PE):    0.000ns

    Location             Delay type                Incr(ns)  Path(ns)    Netlist Resource(s)
  -------------------------------------------------------------------    -------------------
                         (clock sys_clk rise edge)    0.000     0.000 r  
                                                      0.000     0.000 r  clk (IN)
                         net (fo=15711, unset)        0.973     0.973    u_server/clk
                         FDRE                                         r  u_server/state_reg[1]_rep/C
  -------------------------------------------------------------------    -------------------
                         FDRE (Prop_fdre_C_Q)         0.456     1.429 r  u_server/state_reg[1]_rep/Q
                         net (fo=96, unplaced)        1.064     2.493    u_server/ciphertext_store/req_c
                         LUT6 (Prop_lut6_I0_O)        0.295     2.788 r  u_server/ciphertext_store/req_c_INST_0/O
                         net (fo=3, unset)            0.973     3.761    req_c
                                                                      r  req_c (OUT)
  -------------------------------------------------------------------    -------------------





Min Delay Paths
--------------------------------------------------------------------------------------
Slack:                    inf
  Source:                 u_server/ready_pk_reg/C
                            (rising edge-triggered cell FDRE clocked by sys_clk  {rise@0.000ns fall@10.000ns period=20.000ns})
  Destination:            ready_pk
                            (output port)
  Path Group:             (none)
  Path Type:              Min at Fast Process Corner
  Data Path Delay:        0.551ns  (logic 0.141ns (25.583%)  route 0.410ns (74.417%))
  Logic Levels:           0  
  Clock Uncertainty:      0.025ns  ((TSJ^2 + TIJ^2)^1/2 + DJ) / 2 + PE
    Total System Jitter     (TSJ):    0.050ns
    Total Input Jitter      (TIJ):    0.000ns
    Discrete Jitter          (DJ):    0.000ns
    Phase Error              (PE):    0.000ns

    Location             Delay type                Incr(ns)  Path(ns)    Netlist Resource(s)
  -------------------------------------------------------------------    -------------------
                         (clock sys_clk rise edge)    0.000     0.000 r  
                                                      0.000     0.000 r  clk (IN)
                         net (fo=15711, unset)        0.410     0.410    u_server/clk
                         FDRE                                         r  u_server/ready_pk_reg/C
  -------------------------------------------------------------------    -------------------
                         FDRE (Prop_fdre_C_Q)         0.141     0.551 r  u_server/ready_pk_reg/Q
                         net (fo=35, unset)           0.410     0.961    ready_pk
                                                                      r  ready_pk (OUT)
  -------------------------------------------------------------------    -------------------





--------------------------------------------------------------------------------------
Path Group:  (none)
From Clock:  
  To Clock:  sys_clk

Max Delay         33090 Endpoints
Min Delay         33090 Endpoints
--------------------------------------------------------------------------------------


Max Delay Paths
--------------------------------------------------------------------------------------
Slack:                    inf
  Source:                 peer_ready_c
                            (input port)
  Destination:            u_server/hash/sponge/block_reg_reg[0]/D
                            (rising edge-triggered cell FDRE clocked by sys_clk  {rise@0.000ns fall@10.000ns period=20.000ns})
  Path Group:             (none)
  Path Type:              Setup (Max at Slow Process Corner)
  Data Path Delay:        7.805ns  (logic 1.116ns (14.299%)  route 6.689ns (85.701%))
  Logic Levels:           9  (LUT3=1 LUT4=1 LUT5=1 LUT6=6)
  Clock Path Skew:        0.924ns (DCD - SCD + CPR)
    Destination Clock Delay (DCD):    0.924ns
    Source Clock Delay      (SCD):    0.000ns
    Clock Pessimism Removal (CPR):    0.000ns

    Location             Delay type                Incr(ns)  Path(ns)    Netlist Resource(s)
  -------------------------------------------------------------------    -------------------
                                                      0.000     0.000 r  peer_ready_c (IN)
                         net (fo=1, unset)            0.973     0.973    u_server/hash/sponge/peer_ready_c
                         LUT6 (Prop_lut6_I1_O)        0.124     1.097 f  u_server/hash/sponge/state[0]_i_9/O
                         net (fo=1, unplaced)         0.419     1.516    u_server/hash/sponge/state[0]_i_9_n_0
                         LUT6 (Prop_lut6_I1_O)        0.124     1.640 f  u_server/hash/sponge/state[0]_i_2__1/O
                         net (fo=1, unplaced)         0.902     2.542    u_server/hash/ififo_inst/inst/state_reg[0]_4
                         LUT6 (Prop_lut6_I0_O)        0.124     2.666 r  u_server/hash/ififo_inst/inst/state[0]_i_1__2/O
                         net (fo=7, unplaced)         0.999     3.665    u_server/hash/ofifo0_inst/inst/ififo_mode_reg[1]_1
                         LUT6 (Prop_lut6_I0_O)        0.124     3.789 r  u_server/hash/ofifo0_inst/inst/squeeze_ctr[5]_i_7/O
                         net (fo=1, unplaced)         0.449     4.238    u_server/hash/ofifo0_inst/inst/squeeze_ctr[5]_i_7_n_0
                         LUT6 (Prop_lut6_I5_O)        0.124     4.362 f  u_server/hash/ofifo0_inst/inst/squeeze_ctr[5]_i_4/O
                         net (fo=16, unplaced)        0.503     4.865    u_server/hash/sponge/squeeze_init_early
                         LUT6 (Prop_lut6_I3_O)        0.124     4.989 r  u_server/hash/sponge/squeeze_reg[1599]_i_4/O
                         net (fo=14, unplaced)        0.500     5.489    u_server/hash/sponge/squeeze_reg[1599]_i_4_n_0
                         LUT3 (Prop_lut3_I1_O)        0.124     5.613 r  u_server/hash/sponge/block_reg[1598]_i_9/O
                         net (fo=800, unplaced)       1.042     6.655    u_server/hash/sponge/algo_inst/STEP_MAPPING_5/block_reg_reg[1577]
                         LUT4 (Prop_lut4_I1_O)        0.124     6.779 r  u_server/hash/sponge/algo_inst/STEP_MAPPING_5/block_reg[0]_i_2/O
                         net (fo=1, unplaced)         0.902     7.681    u_server/hash/sponge/algo_inst/STEP_MAPPING_5/p_1_in[0]
                         LUT5 (Prop_lut5_I0_O)        0.124     7.805 r  u_server/hash/sponge/algo_inst/STEP_MAPPING_5/block_reg[0]_i_1/O
                         net (fo=1, unplaced)         0.000     7.805    u_server/hash/sponge/algo_inst_n_4802
                         FDRE                                         r  u_server/hash/sponge/block_reg_reg[0]/D
  -------------------------------------------------------------------    -------------------

                         (clock sys_clk rise edge)    0.000     0.000 r  
                                                      0.000     0.000 r  clk (IN)
                         net (fo=15711, unset)        0.924     0.924    u_server/hash/sponge/clk
                         FDRE                                         r  u_server/hash/sponge/block_reg_reg[0]/C





Min Delay Paths
--------------------------------------------------------------------------------------
Slack:                    inf
  Source:                 peer_req_pk
                            (input port)
  Destination:            u_server/req_pk_r1_reg/D
                            (rising edge-triggered cell FDRE clocked by sys_clk  {rise@0.000ns fall@10.000ns period=20.000ns})
  Path Group:             (none)
  Path Type:              Hold (Min at Fast Process Corner)
  Data Path Delay:        0.410ns  (logic 0.000ns (0.000%)  route 0.410ns (100.000%))
  Logic Levels:           0  
  Clock Path Skew:        0.432ns (DCD - SCD - CPR)
    Destination Clock Delay (DCD):    0.432ns
    Source Clock Delay      (SCD):    0.000ns
    Clock Pessimism Removal (CPR):    -0.000ns

    Location             Delay type                Incr(ns)  Path(ns)    Netlist Resource(s)
  -------------------------------------------------------------------    -------------------
                                                      0.000     0.000 r  peer_req_pk (IN)
                         net (fo=1, unset)            0.410     0.410    u_server/peer_req_pk
                         FDRE                                         r  u_server/req_pk_r1_reg/D
  -------------------------------------------------------------------    -------------------

                         (clock sys_clk rise edge)    0.000     0.000 r  
                                                      0.000     0.000 r  clk (IN)
                         net (fo=15711, unset)        0.432     0.432    u_server/clk
                         FDRE                                         r  u_server/req_pk_r1_reg/C





