Copyright 1986-2020 Xilinx, Inc. All Rights Reserved.
--------------------------------------------------------------------------------------------------------------------------------------------------------------------------------------------------------------
| Tool Version : Vivado v.2020.1 (lin64) Build 2902540 Wed May 27 19:54:35 MDT 2020
| Date         : Wed Sep  9 15:16:03 2026
| Host         : donglong-P7xxTM-1 running 64-bit Ubuntu 22.04.5 LTS
| Command      : check_timing -verbose -file /home/donglong/Documents/Duy_prj/KECCAK_OPTIMIZE_POWER/OPTIMIZE_POWER/kyber_puf_fpga_delivery/build/fpga_split/arty35t_seedctl_20260909/seedctl/check_timing.rpt
| Design       : edge_seed_controller
| Device       : 7a35ti-csg324
| Speed File   : -1L  PRODUCTION 1.23 2018-06-13
--------------------------------------------------------------------------------------------------------------------------------------------------------------------------------------------------------------


check_timing report

Table of Contents
-----------------
1. checking no_clock (0)
2. checking constant_clock (0)
3. checking pulse_width_clock (0)
4. checking unconstrained_internal_endpoints (0)
5. checking no_input_delay (196)
6. checking no_output_delay (515)
7. checking multiple_clock (0)
8. checking generated_clocks (0)
9. checking loops (0)
10. checking partial_input_delay (0)
11. checking partial_output_delay (0)
12. checking latch_loops (0)

1. checking no_clock (0)
------------------------
 There are 0 register/latch pins with no clock.


2. checking constant_clock (0)
------------------------------
 There are 0 register/latch pins with constant_clock.


3. checking pulse_width_clock (0)
---------------------------------
 There are 0 register/latch pins which need pulse_width check


4. checking unconstrained_internal_endpoints (0)
------------------------------------------------
 There are 0 pins that are not constrained for maximum delay.

 There are 0 pins that are not constrained for maximum delay due to constant clock.


5. checking no_input_delay (196)
--------------------------------
 There are 196 input ports with no input delay specified. (HIGH)

fe_key[0]
fe_key[100]
fe_key[101]
fe_key[102]
fe_key[103]
fe_key[104]
fe_key[105]
fe_key[106]
fe_key[107]
fe_key[108]
fe_key[109]
fe_key[10]
fe_key[110]
fe_key[111]
fe_key[112]
fe_key[113]
fe_key[114]
fe_key[115]
fe_key[116]
fe_key[117]
fe_key[118]
fe_key[119]
fe_key[11]
fe_key[120]
fe_key[121]
fe_key[122]
fe_key[123]
fe_key[124]
fe_key[125]
fe_key[126]
fe_key[127]
fe_key[128]
fe_key[129]
fe_key[12]
fe_key[130]
fe_key[131]
fe_key[132]
fe_key[133]
fe_key[134]
fe_key[135]
fe_key[136]
fe_key[137]
fe_key[138]
fe_key[139]
fe_key[13]
fe_key[140]
fe_key[141]
fe_key[142]
fe_key[143]
fe_key[144]
fe_key[145]
fe_key[146]
fe_key[147]
fe_key[148]
fe_key[149]
fe_key[14]
fe_key[150]
fe_key[151]
fe_key[152]
fe_key[153]
fe_key[154]
fe_key[155]
fe_key[156]
fe_key[157]
fe_key[158]
fe_key[159]
fe_key[15]
fe_key[160]
fe_key[161]
fe_key[162]
fe_key[163]
fe_key[164]
fe_key[165]
fe_key[166]
fe_key[167]
fe_key[168]
fe_key[169]
fe_key[16]
fe_key[170]
fe_key[171]
fe_key[172]
fe_key[173]
fe_key[174]
fe_key[175]
fe_key[176]
fe_key[177]
fe_key[178]
fe_key[179]
fe_key[17]
fe_key[180]
fe_key[181]
fe_key[182]
fe_key[183]
fe_key[184]
fe_key[185]
fe_key[186]
fe_key[187]
fe_key[188]
fe_key[189]
fe_key[18]
fe_key[190]
fe_key[191]
fe_key[19]
fe_key[1]
fe_key[20]
fe_key[21]
fe_key[22]
fe_key[23]
fe_key[24]
fe_key[25]
fe_key[26]
fe_key[27]
fe_key[28]
fe_key[29]
fe_key[2]
fe_key[30]
fe_key[31]
fe_key[32]
fe_key[33]
fe_key[34]
fe_key[35]
fe_key[36]
fe_key[37]
fe_key[38]
fe_key[39]
fe_key[3]
fe_key[40]
fe_key[41]
fe_key[42]
fe_key[43]
fe_key[44]
fe_key[45]
fe_key[46]
fe_key[47]
fe_key[48]
fe_key[49]
fe_key[4]
fe_key[50]
fe_key[51]
fe_key[52]
fe_key[53]
fe_key[54]
fe_key[55]
fe_key[56]
fe_key[57]
fe_key[58]
fe_key[59]
fe_key[5]
fe_key[60]
fe_key[61]
fe_key[62]
fe_key[63]
fe_key[64]
fe_key[65]
fe_key[66]
fe_key[67]
fe_key[68]
fe_key[69]
fe_key[6]
fe_key[70]
fe_key[71]
fe_key[72]
fe_key[73]
fe_key[74]
fe_key[75]
fe_key[76]
fe_key[77]
fe_key[78]
fe_key[79]
fe_key[7]
fe_key[80]
fe_key[81]
fe_key[82]
fe_key[83]
fe_key[84]
fe_key[85]
fe_key[86]
fe_key[87]
fe_key[88]
fe_key[89]
fe_key[8]
fe_key[90]
fe_key[91]
fe_key[92]
fe_key[93]
fe_key[94]
fe_key[95]
fe_key[96]
fe_key[97]
fe_key[98]
fe_key[99]
fe_key[9]
kem_done
rst_n
start
zeroize

 There are 0 input ports with no input delay but user has a false path constraint.


6. checking no_output_delay (515)
---------------------------------
 There are 515 ports with no output delay specified. (HIGH)

busy
done
kem_start
seed_d[0]
seed_d[100]
seed_d[101]
seed_d[102]
seed_d[103]
seed_d[104]
seed_d[105]
seed_d[106]
seed_d[107]
seed_d[108]
seed_d[109]
seed_d[10]
seed_d[110]
seed_d[111]
seed_d[112]
seed_d[113]
seed_d[114]
seed_d[115]
seed_d[116]
seed_d[117]
seed_d[118]
seed_d[119]
seed_d[11]
seed_d[120]
seed_d[121]
seed_d[122]
seed_d[123]
seed_d[124]
seed_d[125]
seed_d[126]
seed_d[127]
seed_d[128]
seed_d[129]
seed_d[12]
seed_d[130]
seed_d[131]
seed_d[132]
seed_d[133]
seed_d[134]
seed_d[135]
seed_d[136]
seed_d[137]
seed_d[138]
seed_d[139]
seed_d[13]
seed_d[140]
seed_d[141]
seed_d[142]
seed_d[143]
seed_d[144]
seed_d[145]
seed_d[146]
seed_d[147]
seed_d[148]
seed_d[149]
seed_d[14]
seed_d[150]
seed_d[151]
seed_d[152]
seed_d[153]
seed_d[154]
seed_d[155]
seed_d[156]
seed_d[157]
seed_d[158]
seed_d[159]
seed_d[15]
seed_d[160]
seed_d[161]
seed_d[162]
seed_d[163]
seed_d[164]
seed_d[165]
seed_d[166]
seed_d[167]
seed_d[168]
seed_d[169]
seed_d[16]
seed_d[170]
seed_d[171]
seed_d[172]
seed_d[173]
seed_d[174]
seed_d[175]
seed_d[176]
seed_d[177]
seed_d[178]
seed_d[179]
seed_d[17]
seed_d[180]
seed_d[181]
seed_d[182]
seed_d[183]
seed_d[184]
seed_d[185]
seed_d[186]
seed_d[187]
seed_d[188]
seed_d[189]
seed_d[18]
seed_d[190]
seed_d[191]
seed_d[192]
seed_d[193]
seed_d[194]
seed_d[195]
seed_d[196]
seed_d[197]
seed_d[198]
seed_d[199]
seed_d[19]
seed_d[1]
seed_d[200]
seed_d[201]
seed_d[202]
seed_d[203]
seed_d[204]
seed_d[205]
seed_d[206]
seed_d[207]
seed_d[208]
seed_d[209]
seed_d[20]
seed_d[210]
seed_d[211]
seed_d[212]
seed_d[213]
seed_d[214]
seed_d[215]
seed_d[216]
seed_d[217]
seed_d[218]
seed_d[219]
seed_d[21]
seed_d[220]
seed_d[221]
seed_d[222]
seed_d[223]
seed_d[224]
seed_d[225]
seed_d[226]
seed_d[227]
seed_d[228]
seed_d[229]
seed_d[22]
seed_d[230]
seed_d[231]
seed_d[232]
seed_d[233]
seed_d[234]
seed_d[235]
seed_d[236]
seed_d[237]
seed_d[238]
seed_d[239]
seed_d[23]
seed_d[240]
seed_d[241]
seed_d[242]
seed_d[243]
seed_d[244]
seed_d[245]
seed_d[246]
seed_d[247]
seed_d[248]
seed_d[249]
seed_d[24]
seed_d[250]
seed_d[251]
seed_d[252]
seed_d[253]
seed_d[254]
seed_d[255]
seed_d[25]
seed_d[26]
seed_d[27]
seed_d[28]
seed_d[29]
seed_d[2]
seed_d[30]
seed_d[31]
seed_d[32]
seed_d[33]
seed_d[34]
seed_d[35]
seed_d[36]
seed_d[37]
seed_d[38]
seed_d[39]
seed_d[3]
seed_d[40]
seed_d[41]
seed_d[42]
seed_d[43]
seed_d[44]
seed_d[45]
seed_d[46]
seed_d[47]
seed_d[48]
seed_d[49]
seed_d[4]
seed_d[50]
seed_d[51]
seed_d[52]
seed_d[53]
seed_d[54]
seed_d[55]
seed_d[56]
seed_d[57]
seed_d[58]
seed_d[59]
seed_d[5]
seed_d[60]
seed_d[61]
seed_d[62]
seed_d[63]
seed_d[64]
seed_d[65]
seed_d[66]
seed_d[67]
seed_d[68]
seed_d[69]
seed_d[6]
seed_d[70]
seed_d[71]
seed_d[72]
seed_d[73]
seed_d[74]
seed_d[75]
seed_d[76]
seed_d[77]
seed_d[78]
seed_d[79]
seed_d[7]
seed_d[80]
seed_d[81]
seed_d[82]
seed_d[83]
seed_d[84]
seed_d[85]
seed_d[86]
seed_d[87]
seed_d[88]
seed_d[89]
seed_d[8]
seed_d[90]
seed_d[91]
seed_d[92]
seed_d[93]
seed_d[94]
seed_d[95]
seed_d[96]
seed_d[97]
seed_d[98]
seed_d[99]
seed_d[9]
seed_z[0]
seed_z[100]
seed_z[101]
seed_z[102]
seed_z[103]
seed_z[104]
seed_z[105]
seed_z[106]
seed_z[107]
seed_z[108]
seed_z[109]
seed_z[10]
seed_z[110]
seed_z[111]
seed_z[112]
seed_z[113]
seed_z[114]
seed_z[115]
seed_z[116]
seed_z[117]
seed_z[118]
seed_z[119]
seed_z[11]
seed_z[120]
seed_z[121]
seed_z[122]
seed_z[123]
seed_z[124]
seed_z[125]
seed_z[126]
seed_z[127]
seed_z[128]
seed_z[129]
seed_z[12]
seed_z[130]
seed_z[131]
seed_z[132]
seed_z[133]
seed_z[134]
seed_z[135]
seed_z[136]
seed_z[137]
seed_z[138]
seed_z[139]
seed_z[13]
seed_z[140]
seed_z[141]
seed_z[142]
seed_z[143]
seed_z[144]
seed_z[145]
seed_z[146]
seed_z[147]
seed_z[148]
seed_z[149]
seed_z[14]
seed_z[150]
seed_z[151]
seed_z[152]
seed_z[153]
seed_z[154]
seed_z[155]
seed_z[156]
seed_z[157]
seed_z[158]
seed_z[159]
seed_z[15]
seed_z[160]
seed_z[161]
seed_z[162]
seed_z[163]
seed_z[164]
seed_z[165]
seed_z[166]
seed_z[167]
seed_z[168]
seed_z[169]
seed_z[16]
seed_z[170]
seed_z[171]
seed_z[172]
seed_z[173]
seed_z[174]
seed_z[175]
seed_z[176]
seed_z[177]
seed_z[178]
seed_z[179]
seed_z[17]
seed_z[180]
seed_z[181]
seed_z[182]
seed_z[183]
seed_z[184]
seed_z[185]
seed_z[186]
seed_z[187]
seed_z[188]
seed_z[189]
seed_z[18]
seed_z[190]
seed_z[191]
seed_z[192]
seed_z[193]
seed_z[194]
seed_z[195]
seed_z[196]
seed_z[197]
seed_z[198]
seed_z[199]
seed_z[19]
seed_z[1]
seed_z[200]
seed_z[201]
seed_z[202]
seed_z[203]
seed_z[204]
seed_z[205]
seed_z[206]
seed_z[207]
seed_z[208]
seed_z[209]
seed_z[20]
seed_z[210]
seed_z[211]
seed_z[212]
seed_z[213]
seed_z[214]
seed_z[215]
seed_z[216]
seed_z[217]
seed_z[218]
seed_z[219]
seed_z[21]
seed_z[220]
seed_z[221]
seed_z[222]
seed_z[223]
seed_z[224]
seed_z[225]
seed_z[226]
seed_z[227]
seed_z[228]
seed_z[229]
seed_z[22]
seed_z[230]
seed_z[231]
seed_z[232]
seed_z[233]
seed_z[234]
seed_z[235]
seed_z[236]
seed_z[237]
seed_z[238]
seed_z[239]
seed_z[23]
seed_z[240]
seed_z[241]
seed_z[242]
seed_z[243]
seed_z[244]
seed_z[245]
seed_z[246]
seed_z[247]
seed_z[248]
seed_z[249]
seed_z[24]
seed_z[250]
seed_z[251]
seed_z[252]
seed_z[253]
seed_z[254]
seed_z[255]
seed_z[25]
seed_z[26]
seed_z[27]
seed_z[28]
seed_z[29]
seed_z[2]
seed_z[30]
seed_z[31]
seed_z[32]
seed_z[33]
seed_z[34]
seed_z[35]
seed_z[36]
seed_z[37]
seed_z[38]
seed_z[39]
seed_z[3]
seed_z[40]
seed_z[41]
seed_z[42]
seed_z[43]
seed_z[44]
seed_z[45]
seed_z[46]
seed_z[47]
seed_z[48]
seed_z[49]
seed_z[4]
seed_z[50]
seed_z[51]
seed_z[52]
seed_z[53]
seed_z[54]
seed_z[55]
seed_z[56]
seed_z[57]
seed_z[58]
seed_z[59]
seed_z[5]
seed_z[60]
seed_z[61]
seed_z[62]
seed_z[63]
seed_z[64]
seed_z[65]
seed_z[66]
seed_z[67]
seed_z[68]
seed_z[69]
seed_z[6]
seed_z[70]
seed_z[71]
seed_z[72]
seed_z[73]
seed_z[74]
seed_z[75]
seed_z[76]
seed_z[77]
seed_z[78]
seed_z[79]
seed_z[7]
seed_z[80]
seed_z[81]
seed_z[82]
seed_z[83]
seed_z[84]
seed_z[85]
seed_z[86]
seed_z[87]
seed_z[88]
seed_z[89]
seed_z[8]
seed_z[90]
seed_z[91]
seed_z[92]
seed_z[93]
seed_z[94]
seed_z[95]
seed_z[96]
seed_z[97]
seed_z[98]
seed_z[99]
seed_z[9]

 There are 0 ports with no output delay but user has a false path constraint

 There are 0 ports with no output delay but with a timing clock defined on it or propagating through it


7. checking multiple_clock (0)
------------------------------
 There are 0 register/latch pins with multiple clocks.


8. checking generated_clocks (0)
--------------------------------
 There are 0 generated clocks that are not connected to a clock source.


9. checking loops (0)
---------------------
 There are 0 combinational loops in the design.


10. checking partial_input_delay (0)
------------------------------------
 There are 0 input ports with partial input delay specified.


11. checking partial_output_delay (0)
-------------------------------------
 There are 0 ports with partial output delay specified.


12. checking latch_loops (0)
----------------------------
 There are 0 combinational latch loops in the design through latch input


