Copyright 1986-2020 Xilinx, Inc. All Rights Reserved.
--------------------------------------------------------------------------------------------------------------------------------------------------------------------------------------------------------------------------------------------------------------
| Tool Version : Vivado v.2020.1 (lin64) Build 2902540 Wed May 27 19:54:35 MDT 2020
| Date         : Wed Sep  9 15:16:03 2026
| Host         : donglong-P7xxTM-1 running 64-bit Ubuntu 22.04.5 LTS
| Command      : report_timing_summary -delay_type min_max -report_unconstrained -file /home/donglong/Documents/Duy_prj/KECCAK_OPTIMIZE_POWER/OPTIMIZE_POWER/kyber_puf_fpga_delivery/build/fpga_split/arty35t_seedctl_20260909/seedctl/timing_preliminary.rpt
| Design       : edge_seed_controller
| Device       : 7a35ti-csg324
| Speed File   : -1L  PRODUCTION 1.23 2018-06-13
--------------------------------------------------------------------------------------------------------------------------------------------------------------------------------------------------------------------------------------------------------------

Timing Summary Report

------------------------------------------------------------------------------------------------
| Timer Settings
| --------------
------------------------------------------------------------------------------------------------

  Enable Multi Corner Analysis               :  Yes
  Enable Pessimism Removal                   :  Yes
  Pessimism Removal Resolution               :  Nearest Common Node
  Enable Input Delay Default Clock           :  No
  Enable Preset / Clear Arcs                 :  No
  Disable Flight Delays                      :  No
  Ignore I/O Paths                           :  No
  Timing Early Launch at Borrowing Latches   :  No
  Borrow Time for Max Delay Exceptions       :  Yes
  Merge Timing Exceptions                    :  Yes

  Corner  Analyze    Analyze    
  Name    Max Paths  Min Paths  
  ------  ---------  ---------  
  Slow    Yes        Yes        
  Fast    Yes        Yes        



check_timing report

Table of Contents
-----------------
1. checking no_clock (0)
2. checking constant_clock (0)
3. checking pulse_width_clock (0)
4. checking unconstrained_internal_endpoints (0)
5. checking no_input_delay (196)
6. checking no_output_delay (515)
7. checking multiple_clock (0)
8. checking generated_clocks (0)
9. checking loops (0)
10. checking partial_input_delay (0)
11. checking partial_output_delay (0)
12. checking latch_loops (0)

1. checking no_clock (0)
------------------------
 There are 0 register/latch pins with no clock.


2. checking constant_clock (0)
------------------------------
 There are 0 register/latch pins with constant_clock.


3. checking pulse_width_clock (0)
---------------------------------
 There are 0 register/latch pins which need pulse_width check


4. checking unconstrained_internal_endpoints (0)
------------------------------------------------
 There are 0 pins that are not constrained for maximum delay.

 There are 0 pins that are not constrained for maximum delay due to constant clock.


5. checking no_input_delay (196)
--------------------------------
 There are 196 input ports with no input delay specified. (HIGH)

 There are 0 input ports with no input delay but user has a false path constraint.


6. checking no_output_delay (515)
---------------------------------
 There are 515 ports with no output delay specified. (HIGH)

 There are 0 ports with no output delay but user has a false path constraint

 There are 0 ports with no output delay but with a timing clock defined on it or propagating through it


7. checking multiple_clock (0)
------------------------------
 There are 0 register/latch pins with multiple clocks.


8. checking generated_clocks (0)
--------------------------------
 There are 0 generated clocks that are not connected to a clock source.


9. checking loops (0)
---------------------
 There are 0 combinational loops in the design.


10. checking partial_input_delay (0)
------------------------------------
 There are 0 input ports with partial input delay specified.


11. checking partial_output_delay (0)
-------------------------------------
 There are 0 ports with partial output delay specified.


12. checking latch_loops (0)
----------------------------
 There are 0 combinational latch loops in the design through latch input



------------------------------------------------------------------------------------------------
| Design Timing Summary
| ---------------------
------------------------------------------------------------------------------------------------

    WNS(ns)      TNS(ns)  TNS Failing Endpoints  TNS Total Endpoints      WHS(ns)      THS(ns)  THS Failing Endpoints  THS Total Endpoints     WPWS(ns)     TPWS(ns)  TPWS Failing Endpoints  TPWS Total Endpoints  
    -------      -------  ---------------------  -------------------      -------      -------  ---------------------  -------------------     --------     --------  ----------------------  --------------------  
     14.021        0.000                      0                12245        0.262        0.000                      0                12245        9.500        0.000                       0                  4517  


All user specified timing constraints are met.


------------------------------------------------------------------------------------------------
| Clock Summary
| -------------
------------------------------------------------------------------------------------------------

Clock    Waveform(ns)       Period(ns)      Frequency(MHz)
-----    ------------       ----------      --------------
sys_clk  {0.000 10.000}     20.000          50.000          


------------------------------------------------------------------------------------------------
| Intra Clock Table
| -----------------
------------------------------------------------------------------------------------------------

Clock             WNS(ns)      TNS(ns)  TNS Failing Endpoints  TNS Total Endpoints      WHS(ns)      THS(ns)  THS Failing Endpoints  THS Total Endpoints     WPWS(ns)     TPWS(ns)  TPWS Failing Endpoints  TPWS Total Endpoints  
-----             -------      -------  ---------------------  -------------------      -------      -------  ---------------------  -------------------     --------     --------  ----------------------  --------------------  
sys_clk            14.021        0.000                      0                 8965        0.262        0.000                      0                 8965        9.500        0.000                       0                  4517  


------------------------------------------------------------------------------------------------
| Inter Clock Table
| -----------------
------------------------------------------------------------------------------------------------

From Clock    To Clock          WNS(ns)      TNS(ns)  TNS Failing Endpoints  TNS Total Endpoints      WHS(ns)      THS(ns)  THS Failing Endpoints  THS Total Endpoints  
----------    --------          -------      -------  ---------------------  -------------------      -------      -------  ---------------------  -------------------  


------------------------------------------------------------------------------------------------
| Other Path Groups Table
| -----------------------
------------------------------------------------------------------------------------------------

Path Group         From Clock         To Clock               WNS(ns)      TNS(ns)  TNS Failing Endpoints  TNS Total Endpoints      WHS(ns)      THS(ns)  THS Failing Endpoints  THS Total Endpoints  
----------         ----------         --------               -------      -------  ---------------------  -------------------      -------      -------  ---------------------  -------------------  
**async_default**  sys_clk            sys_clk                 16.363        0.000                      0                 3280        1.132        0.000                      0                 3280  


------------------------------------------------------------------------------------------------
| User Ignored Path Table
| -----------------------
------------------------------------------------------------------------------------------------

Path Group    From Clock    To Clock    
----------    ----------    --------    


------------------------------------------------------------------------------------------------
| Unconstrained Path Table
| ------------------------
------------------------------------------------------------------------------------------------

Path Group    From Clock    To Clock    
----------    ----------    --------    
(none)        sys_clk                     
(none)                      sys_clk       


------------------------------------------------------------------------------------------------
| Timing Details
| --------------
------------------------------------------------------------------------------------------------


---------------------------------------------------------------------------------------------------
From Clock:  sys_clk
  To Clock:  sys_clk

Setup :            0  Failing Endpoints,  Worst Slack       14.021ns,  Total Violation        0.000ns
Hold  :            0  Failing Endpoints,  Worst Slack        0.262ns,  Total Violation        0.000ns
PW    :            0  Failing Endpoints,  Worst Slack        9.500ns,  Total Violation        0.000ns
---------------------------------------------------------------------------------------------------


Max Delay Paths
--------------------------------------------------------------------------------------
Slack (MET) :             14.021ns  (required time - arrival time)
  Source:                 FSM_sequential_state_reg[2]_rep/C
                            (rising edge-triggered cell FDCE clocked by sys_clk  {rise@0.000ns fall@10.000ns period=20.000ns})
  Destination:            u_kdf/keccak_inst/algo_inst/STEP_MAPPING_5/Str_out_reg[0]/CE
                            (rising edge-triggered cell FDCE clocked by sys_clk  {rise@0.000ns fall@10.000ns period=20.000ns})
  Path Group:             sys_clk
  Path Type:              Setup (Max at Slow Process Corner)
  Requirement:            20.000ns  (sys_clk rise@20.000ns - sys_clk rise@0.000ns)
  Data Path Delay:        5.693ns  (logic 1.371ns (24.082%)  route 4.322ns (75.918%))
  Logic Levels:           6  (LUT2=4 LUT3=1 LUT4=1)
  Clock Path Skew:        -0.049ns (DCD - SCD + CPR)
    Destination Clock Delay (DCD):    0.924ns = ( 20.924 - 20.000 ) 
    Source Clock Delay      (SCD):    0.973ns
    Clock Pessimism Removal (CPR):    0.000ns
  Clock Uncertainty:      0.035ns  ((TSJ^2 + TIJ^2)^1/2 + DJ) / 2 + PE
    Total System Jitter     (TSJ):    0.071ns
    Total Input Jitter      (TIJ):    0.000ns
    Discrete Jitter          (DJ):    0.000ns
    Phase Error              (PE):    0.000ns

    Location             Delay type                Incr(ns)  Path(ns)    Netlist Resource(s)
  -------------------------------------------------------------------    -------------------
                         (clock sys_clk rise edge)    0.000     0.000 r  
                                                      0.000     0.000 r  clk (IN)
                         net (fo=4516, unset)         0.973     0.973    clk
                         FDCE                                         r  FSM_sequential_state_reg[2]_rep/C
  -------------------------------------------------------------------    -------------------
                         FDCE (Prop_fdce_C_Q)         0.456     1.429 r  FSM_sequential_state_reg[2]_rep/Q
                         net (fo=20, unplaced)        0.801     2.230    u_kdf/keccak_inst/algo_inst/STEP_MAPPING_5/Str_out_reg[888]_0
                         LUT4 (Prop_lut4_I1_O)        0.295     2.525 f  u_kdf/keccak_inst/algo_inst/STEP_MAPPING_5/Str_out[1599]_i_11/O
                         net (fo=117, unplaced)       0.552     3.077    u_kdf/keccak_inst/algo_inst/STEP_MAPPING_5/zeroize_0
                         LUT2 (Prop_lut2_I0_O)        0.124     3.201 f  u_kdf/keccak_inst/algo_inst/STEP_MAPPING_5/Str_out[1599]_i_22/O
                         net (fo=1047, unplaced)      0.589     3.790    u_kdf/keccak_inst/algo_inst/STEP_MAPPING_5/Str_out[1599]_i_22_n_0
                         LUT2 (Prop_lut2_I0_O)        0.124     3.914 f  u_kdf/keccak_inst/algo_inst/STEP_MAPPING_5/Str_out[639]_i_7/O
                         net (fo=763, unplaced)       0.589     4.503    u_kdf/keccak_inst/algo_inst/STEP_MAPPING_5/perm_active_reg_0
                         LUT2 (Prop_lut2_I1_O)        0.124     4.627 r  u_kdf/keccak_inst/algo_inst/STEP_MAPPING_5/Str_out[575]_i_3/O
                         net (fo=865, unplaced)       0.589     5.216    u_kdf/keccak_inst/algo_inst/STEP_MAPPING_3/Str_out_reg[926]
                         LUT2 (Prop_lut2_I0_O)        0.124     5.340 r  u_kdf/keccak_inst/algo_inst/STEP_MAPPING_3/i_/Str_out[1599]_i_4/O
                         net (fo=801, unplaced)       0.589     5.929    u_kdf/keccak_inst/algo_inst/STEP_MAPPING_5/en3
                         LUT3 (Prop_lut3_I0_O)        0.124     6.053 r  u_kdf/keccak_inst/algo_inst/STEP_MAPPING_5/Str_out[1599]_i_1/O
                         net (fo=1600, unplaced)      0.613     6.666    u_kdf/keccak_inst/algo_inst/STEP_MAPPING_5/Str_out[1599]_i_1_n_0
                         FDCE                                         r  u_kdf/keccak_inst/algo_inst/STEP_MAPPING_5/Str_out_reg[0]/CE
  -------------------------------------------------------------------    -------------------

                         (clock sys_clk rise edge)   20.000    20.000 r  
                                                      0.000    20.000 r  clk (IN)
                         net (fo=4516, unset)         0.924    20.924    u_kdf/keccak_inst/algo_inst/STEP_MAPPING_5/clk
                         FDCE                                         r  u_kdf/keccak_inst/algo_inst/STEP_MAPPING_5/Str_out_reg[0]/C
                         clock pessimism              0.000    20.924    
                         clock uncertainty           -0.035    20.889    
                         FDCE (Setup_fdce_C_CE)      -0.202    20.687    u_kdf/keccak_inst/algo_inst/STEP_MAPPING_5/Str_out_reg[0]
  -------------------------------------------------------------------
                         required time                         20.687    
                         arrival time                          -6.666    
  -------------------------------------------------------------------
                         slack                                 14.021    





Min Delay Paths
--------------------------------------------------------------------------------------
Slack (MET) :             0.262ns  (arrival time - required time)
  Source:                 u_kdf/keccak_inst/state_reg_reg[32]/C
                            (rising edge-triggered cell FDCE clocked by sys_clk  {rise@0.000ns fall@10.000ns period=20.000ns})
  Destination:            u_kdf/keccak_inst/state_reg_reg[0]/D
                            (rising edge-triggered cell FDCE clocked by sys_clk  {rise@0.000ns fall@10.000ns period=20.000ns})
  Path Group:             sys_clk
  Path Type:              Hold (Min at Fast Process Corner)
  Requirement:            0.000ns  (sys_clk rise@0.000ns - sys_clk rise@0.000ns)
  Data Path Delay:        0.375ns  (logic 0.239ns (63.779%)  route 0.136ns (36.221%))
  Logic Levels:           1  (LUT5=1)
  Clock Path Skew:        0.022ns (DCD - SCD - CPR)
    Destination Clock Delay (DCD):    0.432ns
    Source Clock Delay      (SCD):    0.410ns
    Clock Pessimism Removal (CPR):    -0.000ns

    Location             Delay type                Incr(ns)  Path(ns)    Netlist Resource(s)
  -------------------------------------------------------------------    -------------------
                         (clock sys_clk rise edge)    0.000     0.000 r  
                                                      0.000     0.000 r  clk (IN)
                         net (fo=4516, unset)         0.410     0.410    u_kdf/keccak_inst/clk
                         FDCE                                         r  u_kdf/keccak_inst/state_reg_reg[32]/C
  -------------------------------------------------------------------    -------------------
                         FDCE (Prop_fdce_C_Q)         0.141     0.551 r  u_kdf/keccak_inst/state_reg_reg[32]/Q
                         net (fo=2, unplaced)         0.136     0.687    u_kdf/keccak_inst/algo_inst/STEP_MAPPING_5/state_reg_reg[1567]_0[32]
                         LUT5 (Prop_lut5_I4_O)        0.098     0.785 r  u_kdf/keccak_inst/algo_inst/STEP_MAPPING_5/state_reg[0]_i_1/O
                         net (fo=1, unplaced)         0.000     0.785    u_kdf/keccak_inst/algo_inst_n_1601
                         FDCE                                         r  u_kdf/keccak_inst/state_reg_reg[0]/D
  -------------------------------------------------------------------    -------------------

                         (clock sys_clk rise edge)    0.000     0.000 r  
                                                      0.000     0.000 r  clk (IN)
                         net (fo=4516, unset)         0.432     0.432    u_kdf/keccak_inst/clk
                         FDCE                                         r  u_kdf/keccak_inst/state_reg_reg[0]/C
                         clock pessimism              0.000     0.432    
                         FDCE (Hold_fdce_C_D)         0.091     0.523    u_kdf/keccak_inst/state_reg_reg[0]
  -------------------------------------------------------------------
                         required time                         -0.523    
                         arrival time                           0.785    
  -------------------------------------------------------------------
                         slack                                  0.262    





Pulse Width Checks
--------------------------------------------------------------------------------------
Clock Name:         sys_clk
Waveform(ns):       { 0.000 10.000 }
Period(ns):         20.000
Sources:            { clk }

Check Type        Corner  Lib Pin  Reference Pin  Required(ns)  Actual(ns)  Slack(ns)  Location  Pin
Min Period        n/a     FDCE/C   n/a            1.000         20.000      19.000               FSM_sequential_state_reg[0]/C
Low Pulse Width   Slow    FDCE/C   n/a            0.500         10.000      9.500                FSM_sequential_state_reg[0]/C
High Pulse Width  Slow    FDCE/C   n/a            0.500         10.000      9.500                FSM_sequential_state_reg[0]/C



---------------------------------------------------------------------------------------------------
Path Group:  **async_default**
From Clock:  sys_clk
  To Clock:  sys_clk

Setup :            0  Failing Endpoints,  Worst Slack       16.363ns,  Total Violation        0.000ns
Hold  :            0  Failing Endpoints,  Worst Slack        1.132ns,  Total Violation        0.000ns
---------------------------------------------------------------------------------------------------


Max Delay Paths
--------------------------------------------------------------------------------------
Slack (MET) :             16.363ns  (required time - arrival time)
  Source:                 FSM_sequential_state_reg[2]_rep/C
                            (rising edge-triggered cell FDCE clocked by sys_clk  {rise@0.000ns fall@10.000ns period=20.000ns})
  Destination:            u_kdf/keccak_inst/FSM_onehot_perm_state_reg[1]/CLR
                            (recovery check against rising-edge clock sys_clk  {rise@0.000ns fall@10.000ns period=20.000ns})
  Path Group:             **async_default**
  Path Type:              Recovery (Max at Slow Process Corner)
  Requirement:            20.000ns  (sys_clk rise@20.000ns - sys_clk rise@0.000ns)
  Data Path Delay:        3.144ns  (logic 0.875ns (27.831%)  route 2.269ns (72.169%))
  Logic Levels:           2  (LUT2=1 LUT4=1)
  Clock Path Skew:        -0.049ns (DCD - SCD + CPR)
    Destination Clock Delay (DCD):    0.924ns = ( 20.924 - 20.000 ) 
    Source Clock Delay      (SCD):    0.973ns
    Clock Pessimism Removal (CPR):    0.000ns
  Clock Uncertainty:      0.035ns  ((TSJ^2 + TIJ^2)^1/2 + DJ) / 2 + PE
    Total System Jitter     (TSJ):    0.071ns
    Total Input Jitter      (TIJ):    0.000ns
    Discrete Jitter          (DJ):    0.000ns
    Phase Error              (PE):    0.000ns

    Location             Delay type                Incr(ns)  Path(ns)    Netlist Resource(s)
  -------------------------------------------------------------------    -------------------
                         (clock sys_clk rise edge)    0.000     0.000 r  
                                                      0.000     0.000 r  clk (IN)
                         net (fo=4516, unset)         0.973     0.973    clk
                         FDCE                                         r  FSM_sequential_state_reg[2]_rep/C
  -------------------------------------------------------------------    -------------------
                         FDCE (Prop_fdce_C_Q)         0.456     1.429 r  FSM_sequential_state_reg[2]_rep/Q
                         net (fo=20, unplaced)        0.801     2.230    u_kdf/keccak_inst/algo_inst/STEP_MAPPING_5/Str_out_reg[888]_0
                         LUT4 (Prop_lut4_I1_O)        0.295     2.525 f  u_kdf/keccak_inst/algo_inst/STEP_MAPPING_5/Str_out[1599]_i_11/O
                         net (fo=117, unplaced)       0.552     3.077    u_kdf/keccak_inst/algo_inst/STEP_MAPPING_5/zeroize_0
                         LUT2 (Prop_lut2_I0_O)        0.124     3.201 f  u_kdf/keccak_inst/algo_inst/STEP_MAPPING_5/Str_out[1599]_i_3/O
                         net (fo=3280, unplaced)      0.916     4.117    u_kdf/keccak_inst/algo_inst_n_0
                         FDCE                                         f  u_kdf/keccak_inst/FSM_onehot_perm_state_reg[1]/CLR
  -------------------------------------------------------------------    -------------------

                         (clock sys_clk rise edge)   20.000    20.000 r  
                                                      0.000    20.000 r  clk (IN)
                         net (fo=4516, unset)         0.924    20.924    u_kdf/keccak_inst/clk
                         FDCE                                         r  u_kdf/keccak_inst/FSM_onehot_perm_state_reg[1]/C
                         clock pessimism              0.000    20.924    
                         clock uncertainty           -0.035    20.889    
                         FDCE (Recov_fdce_C_CLR)     -0.409    20.480    u_kdf/keccak_inst/FSM_onehot_perm_state_reg[1]
  -------------------------------------------------------------------
                         required time                         20.480    
                         arrival time                          -4.117    
  -------------------------------------------------------------------
                         slack                                 16.363    





Min Delay Paths
--------------------------------------------------------------------------------------
Slack (MET) :             1.132ns  (arrival time - required time)
  Source:                 FSM_sequential_state_reg[1]/C
                            (rising edge-triggered cell FDCE clocked by sys_clk  {rise@0.000ns fall@10.000ns period=20.000ns})
  Destination:            u_kdf/keccak_inst/FSM_onehot_perm_state_reg[1]/CLR
                            (removal check against rising-edge clock sys_clk  {rise@0.000ns fall@10.000ns period=20.000ns})
  Path Group:             **async_default**
  Path Type:              Removal (Min at Fast Process Corner)
  Requirement:            0.000ns  (sys_clk rise@0.000ns - sys_clk rise@0.000ns)
  Data Path Delay:        1.059ns  (logic 0.284ns (26.813%)  route 0.775ns (73.187%))
  Logic Levels:           2  (LUT2=1 LUT4=1)
  Clock Path Skew:        0.022ns (DCD - SCD - CPR)
    Destination Clock Delay (DCD):    0.432ns
    Source Clock Delay      (SCD):    0.410ns
    Clock Pessimism Removal (CPR):    -0.000ns

    Location             Delay type                Incr(ns)  Path(ns)    Netlist Resource(s)
  -------------------------------------------------------------------    -------------------
                         (clock sys_clk rise edge)    0.000     0.000 r  
                                                      0.000     0.000 r  clk (IN)
                         net (fo=4516, unset)         0.410     0.410    clk
                         FDCE                                         r  FSM_sequential_state_reg[1]/C
  -------------------------------------------------------------------    -------------------
                         FDCE (Prop_fdce_C_Q)         0.141     0.551 f  FSM_sequential_state_reg[1]/Q
                         net (fo=20, unplaced)        0.156     0.708    u_kdf/keccak_inst/algo_inst/STEP_MAPPING_5/state__0[0]
                         LUT4 (Prop_lut4_I3_O)        0.098     0.806 f  u_kdf/keccak_inst/algo_inst/STEP_MAPPING_5/Str_out[1599]_i_11/O
                         net (fo=117, unplaced)       0.233     1.038    u_kdf/keccak_inst/algo_inst/STEP_MAPPING_5/zeroize_0
                         LUT2 (Prop_lut2_I0_O)        0.045     1.083 f  u_kdf/keccak_inst/algo_inst/STEP_MAPPING_5/Str_out[1599]_i_3/O
                         net (fo=3280, unplaced)      0.386     1.469    u_kdf/keccak_inst/algo_inst_n_0
                         FDCE                                         f  u_kdf/keccak_inst/FSM_onehot_perm_state_reg[1]/CLR
  -------------------------------------------------------------------    -------------------

                         (clock sys_clk rise edge)    0.000     0.000 r  
                                                      0.000     0.000 r  clk (IN)
                         net (fo=4516, unset)         0.432     0.432    u_kdf/keccak_inst/clk
                         FDCE                                         r  u_kdf/keccak_inst/FSM_onehot_perm_state_reg[1]/C
                         clock pessimism              0.000     0.432    
                         FDCE (Remov_fdce_C_CLR)     -0.094     0.338    u_kdf/keccak_inst/FSM_onehot_perm_state_reg[1]
  -------------------------------------------------------------------
                         required time                         -0.338    
                         arrival time                           1.469    
  -------------------------------------------------------------------
                         slack                                  1.132    





--------------------------------------------------------------------------------------
Path Group:  (none)
From Clock:  sys_clk
  To Clock:  

Max Delay           515 Endpoints
Min Delay           515 Endpoints
--------------------------------------------------------------------------------------


Max Delay Paths
--------------------------------------------------------------------------------------
Slack:                    inf
  Source:                 FSM_sequential_state_reg[0]_rep/C
                            (rising edge-triggered cell FDCE clocked by sys_clk  {rise@0.000ns fall@10.000ns period=20.000ns})
  Destination:            busy
                            (output port)
  Path Group:             (none)
  Path Type:              Max at Slow Process Corner
  Data Path Delay:        2.525ns  (logic 0.751ns (29.743%)  route 1.774ns (70.257%))
  Logic Levels:           1  (LUT3=1)
  Clock Uncertainty:      0.025ns  ((TSJ^2 + TIJ^2)^1/2 + DJ) / 2 + PE
    Total System Jitter     (TSJ):    0.050ns
    Total Input Jitter      (TIJ):    0.000ns
    Discrete Jitter          (DJ):    0.000ns
    Phase Error              (PE):    0.000ns

    Location             Delay type                Incr(ns)  Path(ns)    Netlist Resource(s)
  -------------------------------------------------------------------    -------------------
                         (clock sys_clk rise edge)    0.000     0.000 r  
                                                      0.000     0.000 r  clk (IN)
                         net (fo=4516, unset)         0.973     0.973    clk
                         FDCE                                         r  FSM_sequential_state_reg[0]_rep/C
  -------------------------------------------------------------------    -------------------
                         FDCE (Prop_fdce_C_Q)         0.456     1.429 r  FSM_sequential_state_reg[0]_rep/Q
                         net (fo=20, unplaced)        0.801     2.230    FSM_sequential_state_reg[0]_rep_n_0
                         LUT3 (Prop_lut3_I0_O)        0.295     2.525 r  busy_INST_0/O
                         net (fo=0)                   0.973     3.498    busy
                                                                      r  busy (OUT)
  -------------------------------------------------------------------    -------------------





Min Delay Paths
--------------------------------------------------------------------------------------
Slack:                    inf
  Source:                 seed_d_reg[0]/C
                            (rising edge-triggered cell FDCE clocked by sys_clk  {rise@0.000ns fall@10.000ns period=20.000ns})
  Destination:            seed_d[0]
                            (output port)
  Path Group:             (none)
  Path Type:              Min at Fast Process Corner
  Data Path Delay:        0.551ns  (logic 0.141ns (25.583%)  route 0.410ns (74.417%))
  Logic Levels:           0  
  Clock Uncertainty:      0.025ns  ((TSJ^2 + TIJ^2)^1/2 + DJ) / 2 + PE
    Total System Jitter     (TSJ):    0.050ns
    Total Input Jitter      (TIJ):    0.000ns
    Discrete Jitter          (DJ):    0.000ns
    Phase Error              (PE):    0.000ns

    Location             Delay type                Incr(ns)  Path(ns)    Netlist Resource(s)
  -------------------------------------------------------------------    -------------------
                         (clock sys_clk rise edge)    0.000     0.000 r  
                                                      0.000     0.000 r  clk (IN)
                         net (fo=4516, unset)         0.410     0.410    clk
                         FDCE                                         r  seed_d_reg[0]/C
  -------------------------------------------------------------------    -------------------
                         FDCE (Prop_fdce_C_Q)         0.141     0.551 r  seed_d_reg[0]/Q
                         net (fo=0)                   0.410     0.961    seed_d[0]
                                                                      r  seed_d[0] (OUT)
  -------------------------------------------------------------------    -------------------





--------------------------------------------------------------------------------------
Path Group:  (none)
From Clock:  
  To Clock:  sys_clk

Max Delay         11896 Endpoints
Min Delay         11896 Endpoints
--------------------------------------------------------------------------------------


Max Delay Paths
--------------------------------------------------------------------------------------
Slack:                    inf
  Source:                 zeroize
                            (input port)
  Destination:            u_kdf/keccak_inst/algo_inst/STEP_MAPPING_5/Str_out_reg[0]/CE
                            (rising edge-triggered cell FDCE clocked by sys_clk  {rise@0.000ns fall@10.000ns period=20.000ns})
  Path Group:             (none)
  Path Type:              Setup (Max at Slow Process Corner)
  Data Path Delay:        5.238ns  (logic 0.744ns (14.204%)  route 4.494ns (85.796%))
  Logic Levels:           6  (LUT2=4 LUT3=1 LUT4=1)
  Clock Path Skew:        0.924ns (DCD - SCD + CPR)
    Destination Clock Delay (DCD):    0.924ns
    Source Clock Delay      (SCD):    0.000ns
    Clock Pessimism Removal (CPR):    0.000ns

    Location             Delay type                Incr(ns)  Path(ns)    Netlist Resource(s)
  -------------------------------------------------------------------    -------------------
                                                      0.000     0.000 f  zeroize (IN)
                         net (fo=526, unset)          0.973     0.973    u_kdf/keccak_inst/algo_inst/STEP_MAPPING_5/zeroize
                         LUT4 (Prop_lut4_I0_O)        0.124     1.097 f  u_kdf/keccak_inst/algo_inst/STEP_MAPPING_5/Str_out[1599]_i_11/O
                         net (fo=117, unplaced)       0.552     1.649    u_kdf/keccak_inst/algo_inst/STEP_MAPPING_5/zeroize_0
                         LUT2 (Prop_lut2_I0_O)        0.124     1.773 f  u_kdf/keccak_inst/algo_inst/STEP_MAPPING_5/Str_out[1599]_i_22/O
                         net (fo=1047, unplaced)      0.589     2.362    u_kdf/keccak_inst/algo_inst/STEP_MAPPING_5/Str_out[1599]_i_22_n_0
                         LUT2 (Prop_lut2_I0_O)        0.124     2.486 f  u_kdf/keccak_inst/algo_inst/STEP_MAPPING_5/Str_out[639]_i_7/O
                         net (fo=763, unplaced)       0.589     3.075    u_kdf/keccak_inst/algo_inst/STEP_MAPPING_5/perm_active_reg_0
                         LUT2 (Prop_lut2_I1_O)        0.124     3.199 r  u_kdf/keccak_inst/algo_inst/STEP_MAPPING_5/Str_out[575]_i_3/O
                         net (fo=865, unplaced)       0.589     3.788    u_kdf/keccak_inst/algo_inst/STEP_MAPPING_3/Str_out_reg[926]
                         LUT2 (Prop_lut2_I0_O)        0.124     3.912 r  u_kdf/keccak_inst/algo_inst/STEP_MAPPING_3/i_/Str_out[1599]_i_4/O
                         net (fo=801, unplaced)       0.589     4.501    u_kdf/keccak_inst/algo_inst/STEP_MAPPING_5/en3
                         LUT3 (Prop_lut3_I0_O)        0.124     4.625 r  u_kdf/keccak_inst/algo_inst/STEP_MAPPING_5/Str_out[1599]_i_1/O
                         net (fo=1600, unplaced)      0.613     5.238    u_kdf/keccak_inst/algo_inst/STEP_MAPPING_5/Str_out[1599]_i_1_n_0
                         FDCE                                         r  u_kdf/keccak_inst/algo_inst/STEP_MAPPING_5/Str_out_reg[0]/CE
  -------------------------------------------------------------------    -------------------

                         (clock sys_clk rise edge)    0.000     0.000 r  
                                                      0.000     0.000 r  clk (IN)
                         net (fo=4516, unset)         0.924     0.924    u_kdf/keccak_inst/algo_inst/STEP_MAPPING_5/clk
                         FDCE                                         r  u_kdf/keccak_inst/algo_inst/STEP_MAPPING_5/Str_out_reg[0]/C





Min Delay Paths
--------------------------------------------------------------------------------------
Slack:                    inf
  Source:                 zeroize
                            (input port)
  Destination:            FSM_sequential_state_reg[0]/D
                            (rising edge-triggered cell FDCE clocked by sys_clk  {rise@0.000ns fall@10.000ns period=20.000ns})
  Path Group:             (none)
  Path Type:              Hold (Min at Fast Process Corner)
  Data Path Delay:        0.455ns  (logic 0.045ns (9.887%)  route 0.410ns (90.113%))
  Logic Levels:           1  (LUT6=1)
  Clock Path Skew:        0.432ns (DCD - SCD - CPR)
    Destination Clock Delay (DCD):    0.432ns
    Source Clock Delay      (SCD):    0.000ns
    Clock Pessimism Removal (CPR):    -0.000ns

    Location             Delay type                Incr(ns)  Path(ns)    Netlist Resource(s)
  -------------------------------------------------------------------    -------------------
                                                      0.000     0.000 f  zeroize (IN)
                         net (fo=526, unset)          0.410     0.410    u_kdf/zeroize
                         LUT6 (Prop_lut6_I4_O)        0.045     0.455 r  u_kdf/FSM_sequential_state[0]_i_1__0/O
                         net (fo=1, unplaced)         0.000     0.455    u_kdf_n_2
                         FDCE                                         r  FSM_sequential_state_reg[0]/D
  -------------------------------------------------------------------    -------------------

                         (clock sys_clk rise edge)    0.000     0.000 r  
                                                      0.000     0.000 r  clk (IN)
                         net (fo=4516, unset)         0.432     0.432    clk
                         FDCE                                         r  FSM_sequential_state_reg[0]/C





